
[anchor x = 10^6]  N=30  x_max=1,778,279  H_max=198
  sieve [1, 1,778,477] in 0.01s
  li_2 evaluations: 0.40s
  pair-count over 8 h-values: 0.17s

[anchor x = 10^7]  N=30  x_max=17,782,794  H_max=198
  sieve [1, 17,782,992] in 0.07s
  li_2 evaluations: 0.01s
  pair-count over 8 h-values: 1.69s

[anchor x = 10^8]  N=30  x_max=177,827,941  H_max=198
  sieve [1, 177,828,139] in 1.89s
  li_2 evaluations: 0.01s
  pair-count over 8 h-values: 16.52s

Total elapsed: 20.8s, rows: 720
Raw rows -> /apps/aplikacijos/prime-research/experiments/analytic/batched_pi_h/slot2_data.csv
Summary -> /apps/aplikacijos/prime-research/experiments/analytic/batched_pi_h/slot2_summary.csv

==================================================================================================================================
  anc    h    S_h    sig_eff   sig_pois  eff/pois  eff/sqrt_x  med/sig_eff  mean/sig_eff   KSp_eff  KSp_pois
----------------------------------------------------------------------------------------------------------------------------------
    6    2  1.320     35.557    102.927    0.3455      0.0306       0.7777        0.8440    0.4897    0.0000
    6    6  2.641    100.910    145.561    0.6932      0.0870       0.9882        0.9814    0.0000    0.0007
    6   14  1.584     34.235    112.751    0.3036      0.0295       0.9280        0.9347    0.0167    0.0000
    6   22  1.467     37.582    108.495    0.3464      0.0324       0.6188        0.7901    0.8660    0.0000
    6   30  3.521     20.431    168.080    0.1216      0.0176       0.5650        0.8233    0.8745    0.0000
    6   42  3.169     75.411    159.455    0.4729      0.0650       0.9440        0.9384    0.0036    0.0000
    6   90  3.521    130.998    168.080    0.7794      0.1129       0.9971        0.9549    0.0002    0.0057
    6  198  2.934     95.757    153.435    0.6241      0.0825       0.8694        0.8970    0.0784    0.0019
    7    2  1.320    199.865    275.762    0.7248      0.0545       1.0033        0.9846    0.0000    0.0003
    7    6  2.641    639.070    389.986    1.6387      0.1741       1.0525        0.9810    0.0000    0.0000
    7   14  1.584     47.770    302.082    0.1581      0.0130       0.7691        0.8157    0.9650    0.0000
    7   22  1.467     86.723    290.679    0.2983      0.0236       0.6428        0.7920    0.7470    0.0000
    7   30  3.521    247.562    450.317    0.5498      0.0675       0.9396        0.9719    0.0000    0.0000
    7   42  3.169    132.156    427.209    0.3093      0.0360       0.9641        0.9450    0.0018    0.0000
    7   90  3.521    169.652    450.317    0.3767      0.0462       0.9996        0.9035    0.0329    0.0000
    7  198  2.934    124.358    411.082    0.3025      0.0339       0.8811        0.9035    0.0413    0.0000
    8    2  1.320    174.515    757.012    0.2305      0.0150       0.4487        0.6620    0.0514    0.0000
    8    6  2.641    775.551   1070.576    0.7244      0.0668       0.8882        0.9691    0.0000    0.0012
    8   14  1.584    230.418    829.265    0.2779      0.0199       0.8569        0.8568    0.3068    0.0000
    8   22  1.467    218.047    797.960    0.2733      0.0188       0.9392        0.9348    0.0008    0.0000
    8   30  3.521    541.468   1236.195    0.4380      0.0467       0.7451        0.8103    0.6780    0.0000
    8   42  3.169    579.936   1172.757    0.4945      0.0500       1.0675        0.9523    0.0030    0.0000
    8   90  3.521    185.905   1236.195    0.1504      0.0160       0.9253        0.8606    0.2365    0.0000
    8  198  2.934    533.330   1128.486    0.4726      0.0460       0.8828        0.9233    0.0155    0.0000
==================================================================================================================================

  Theoretical half-Gaussian moments: median/sigma=0.6745, mean/sigma=0.7979
  median KS p-value across 24 (anchor, h) cells: eff=0.0329, poisson=0.0000
  cells with KS p_eff > 0.1:    8/24
  cells with KS p_eff < 0.05:   14/24

  Within-window range diagnostic: (max|r|-min|r|)/sigma_eff
    anc=10^6, h=  2: abs_range/sigma_eff = 2.209, signed_range = 123.9
    anc=10^6, h=  6: abs_range/sigma_eff = 0.734, signed_range = 74.1
    anc=10^6, h= 14: abs_range/sigma_eff = 1.254, signed_range = 42.9
    anc=10^6, h= 22: abs_range/sigma_eff = 2.113, signed_range = 86.3
    anc=10^6, h= 30: abs_range/sigma_eff = 1.836, signed_range = 77.4
    anc=10^6, h= 42: abs_range/sigma_eff = 1.328, signed_range = 100.2
    anc=10^6, h= 90: abs_range/sigma_eff = 0.982, signed_range = 128.6
    anc=10^6, h=198: abs_range/sigma_eff = 1.509, signed_range = 144.5
    anc=10^7, h=  2: abs_range/sigma_eff = 0.608, signed_range = 121.4
    anc=10^7, h=  6: abs_range/sigma_eff = 0.752, signed_range = 480.9
    anc=10^7, h= 14: abs_range/sigma_eff = 2.398, signed_range = 165.4
    anc=10^7, h= 22: abs_range/sigma_eff = 2.158, signed_range = 252.3
    anc=10^7, h= 30: abs_range/sigma_eff = 0.806, signed_range = 199.5
    anc=10^7, h= 42: abs_range/sigma_eff = 1.387, signed_range = 183.3
    anc=10^7, h= 90: abs_range/sigma_eff = 1.553, signed_range = 263.5
    anc=10^7, h=198: abs_range/sigma_eff = 1.757, signed_range = 350.9
    anc=10^8, h=  2: abs_range/sigma_eff = 2.475, signed_range = 543.9
    anc=10^8, h=  6: abs_range/sigma_eff = 0.973, signed_range = 754.4
    anc=10^8, h= 14: abs_range/sigma_eff = 1.895, signed_range = 813.4
    anc=10^8, h= 22: abs_range/sigma_eff = 1.470, signed_range = 320.5
    anc=10^8, h= 30: abs_range/sigma_eff = 1.806, signed_range = 1249.6
    anc=10^8, h= 42: abs_range/sigma_eff = 1.356, signed_range = 786.4
    anc=10^8, h= 90: abs_range/sigma_eff = 2.146, signed_range = 472.1
    anc=10^8, h=198: abs_range/sigma_eff = 1.443, signed_range = 769.6

Cross-h aggregate -> /apps/aplikacijos/prime-research/experiments/analytic/batched_pi_h/slot2_cross_h.csv

  Cross-h KS summary (N_h=8 per cell, 30 cells per anchor):
    anc   N_cells  med KSp_eff med KSp_pois   cells p_eff>0.1  med sigma_norm
      6        30       0.8397       0.0835                30          0.5025
      7        30       0.6983       0.1351                30          0.6962
      8        30       0.8041       0.0197                30          0.3829

Pooled per-anchor -> /apps/aplikacijos/prime-research/experiments/analytic/batched_pi_h/slot2_pooled.csv

  Pooled per-anchor KS summary (N=240 per anchor):
    anc     N   sig_norm  mean_norm   med_norm   KSp_eff  KSp_pois
      6   240     0.4995     0.4202     0.3895    0.0820    0.0000
      7   240     0.6960     0.5144     0.3845    0.0001    0.0000
      8   240     0.4108     0.3386     0.3092    0.2173    0.0000
