Truncation table -> /apps/aplikacijos/prime-research/experiments/analytic/batched_pi_h/slot3_truncation.csv

[anchor x = 10^7]  N_x=5  x_max=17,782,794  h_max=4006
  sieve [1, 17,786,800] in 0.08s
  li_2 evaluations: 0.42s
  pair-count over 26 h-values: 0.22s

[anchor x = 10^8]  N_x=5  x_max=177,827,941  h_max=4006
  sieve [1, 177,831,947] in 1.55s
  li_2 evaluations: 0.00s
  pair-count over 26 h-values: 4.84s

Raw rows (260) -> /apps/aplikacijos/prime-research/experiments/analytic/batched_pi_h/slot3_data.csv
Cross-h aggregates (90) -> /apps/aplikacijos/prime-research/experiments/analytic/batched_pi_h/slot3_cross_h.csv

==================================================================================================================================
Cross-h sigma_HL_Q vs Q  (knee = smallest Q with sigma_HL_Q within 5% of sigma_HL_inf)
==================================================================================================================================
  anc             x | Q=30    Q=50    Q=100   Q=200   Q=500   Q=1000  Q=2000  Q=5000   Q=inf       knee_Q  knee_max_p
    7      10000000 |     638     446     357     174     168     171     172     173      173        200    199
    7      11547820 |     745     526     428     199     190     194     196     197      197        200    199
    7      13335214 |     836     586     471     228     212     217     218     219      219        200    199
    7      15399265 |     953     661     535     266     251     258     260     262      262        200    199
    7      17782794 |    1088     762     624     276     254     263     262     264      264        200    199
    8     100000000 |    5163    3615    2996     528     441     419     405     409      409       1000    599
    8     115478198 |    5874    4122    3446     622     450     395     367     368      368       2000    1009
    8     133352143 |    6673    4664    3897     777     583     537     509     511      511       2000    1009
    8     153992653 |    7538    5290    4405     789     616     590     557     562      562       1000    599
    8     177827941 |    8603    6045    5014     885     663     628     593     596      596       2000    1009

Knee summary -> /apps/aplikacijos/prime-research/experiments/analytic/batched_pi_h/slot3_knee.csv

================================================================================
Per-h cost at h_max = 4006 (max in ensemble), trial-division steps:
         Q     cost(h_max, Q)      cost(h, Q) avg over h
        30                 15                        7.0
        50                 25                        8.2
       100                 31                        8.5
       200                 31                        8.5
       500                 31                        8.5
      1000                 31                        8.5
      2000                 31                        8.5
      5000                 31                        8.5
       inf                 31                        8.5

================================================================================
Cross-h KS (vs half-Gaussian) per Q across all (anchor, x_j) cells:
         Q    cells    med p_eff   cells p_eff>0.1    min p_eff
        30       10       0.0004                 0       0.0000
        50       10       0.0020                 0       0.0000
       100       10       0.0015                 0       0.0000
       200       10       0.9616                10       0.6077
       500       10       0.8958                10       0.3205
      1000       10       0.8846                10       0.5130
      2000       10       0.9186                10       0.5090
      5000       10       0.8348                10       0.3342
       inf       10       0.8348                10       0.3342
