=== prover op-count scaling  (field=big, FULL succinct config) ===
  n            x     K  nb        mul_ops       sum_ops    scat_ops    mul/x    wall_s  mulW%  pi(x)?
 16        65535    54   8      105029523      27057082       27392  1602.65     9.481    off      OK
 18       262143    97   9      465458097     119807096       98816  1775.59    23.163    off      OK
 20      1048575   172  10     2040403997     525295418      351232  1945.88    63.941    off      OK
 22      4194303   309  11     8882635340    2287149794     1263616  2117.79   238.886    off      OK
 24     16777215   564  12    38448499833    9899262702     4616192  2291.71  1496.176    off      OK

Fitted leading exponent alpha  (op_count ~ x^alpha = 2^(alpha*n); per-Delta-n=2 ratio = 2^(2*alpha)):
  multiply element-ops : alpha = 1.0643  (per-Dn=2 ratio 4.373x,  max|resid|=0.012 log2)
  mult + add ops       : alpha = 1.0643  (per-Dn=2 ratio 4.373x,  max|resid|=0.012 log2)
  wall-clock (2ndary)  : alpha = 0.8985  (per-Dn=2 ratio 3.475x,  max|resid|=0.508 log2)

Per-step multiply-op ratios mul_ops(n+2)/mul_ops(n)  (IDEAL Theta(x) = 4.000x):
  n=16 -> 18 : 4.4317x
  n=18 -> 20 : 4.3836x
  n=20 -> 22 : 4.3534x
  n=22 -> 24 : 4.3285x
  geo-mean per-Delta-n=2 op ratio = 4.3741x  (IDEAL 4.000x; mem_hierarchy_wall's assumed leg)

READING:
  alpha_op = 1.064 > 1.05  =>  prover op-count is SUPER-Theta(x);
  IDEAL=4.0 UNDERESTIMATES the op-count leg.  Predicted reach ratio
  per Delta-n=2 from op-count alone = 4.37x -- reopens the
  S524 super-Theta(x) concern independently of the wall.
  fmul share of wall: --wall-timing OFF (S530 measured ~78%); the
  op-count above is exact and timing-independent.
