
=== N = 1024  (do_u3=True, n_rand=10, max_h_u3=None) ===
  chi_P                               N=  1024  p=0.167969  ||.||_{U^2}^4=1.674064e-03  ||.||_{U^2}=2.022754e-01  (0.00s)
  chi_P                               N=  1024            ||.||_{U^3}^8=2.256619e-05  ||.||_{U^3}=2.625320e-01  (0.06s)
  Bernoulli@p_chi seed=0              N=  1024  p=0.179688  ||.||_{U^2}^4=1.087228e-03  ||.||_{U^2}=1.815851e-01  (0.00s)
  Bernoulli@p_chi seed=0              N=  1024            ||.||_{U^3}^8=4.294787e-06  ||.||_{U^3}=2.133623e-01  (0.06s)
  Bernoulli@p_chi seed=1              N=  1024  p=0.172852  ||.||_{U^2}^4=9.340337e-04  ||.||_{U^2}=1.748198e-01  (0.00s)
  Bernoulli@p_chi seed=1              N=  1024            ||.||_{U^3}^8=3.538037e-06  ||.||_{U^3}=2.082549e-01  (0.06s)
  Bernoulli@p_chi seed=2              N=  1024  p=0.149414  ||.||_{U^2}^4=5.279807e-04  ||.||_{U^2}=1.515844e-01  (0.00s)
  Bernoulli@p_chi seed=2              N=  1024            ||.||_{U^3}^8=1.750633e-06  ||.||_{U^3}=1.907214e-01  (0.06s)
  Bernoulli@p_chi seed=3              N=  1024  p=0.167969  ||.||_{U^2}^4=8.318666e-04  ||.||_{U^2}=1.698296e-01  (0.00s)
  Bernoulli@p_chi seed=3              N=  1024            ||.||_{U^3}^8=3.026678e-06  ||.||_{U^3}=2.042306e-01  (0.06s)
  Bernoulli@p_chi seed=4              N=  1024  p=0.180664  ||.||_{U^2}^4=1.109536e-03  ||.||_{U^2}=1.825094e-01  (0.00s)
  Bernoulli@p_chi seed=4              N=  1024            ||.||_{U^3}^8=4.407230e-06  ||.||_{U^3}=2.140527e-01  (0.06s)
  Bernoulli@p_chi seed=5              N=  1024  p=0.174805  ||.||_{U^2}^4=9.786030e-04  ||.||_{U^2}=1.768690e-01  (0.00s)
  Bernoulli@p_chi seed=5              N=  1024            ||.||_{U^3}^8=3.768467e-06  ||.||_{U^3}=2.099039e-01  (0.06s)
  Bernoulli@p_chi seed=6              N=  1024  p=0.150391  ||.||_{U^2}^4=5.419720e-04  ||.||_{U^2}=1.525788e-01  (0.00s)
  Bernoulli@p_chi seed=6              N=  1024            ||.||_{U^3}^8=1.800247e-06  ||.||_{U^3}=1.913888e-01  (0.06s)
  Bernoulli@p_chi seed=7              N=  1024  p=0.160156  ||.||_{U^2}^4=6.927960e-04  ||.||_{U^2}=1.622375e-01  (0.00s)
  Bernoulli@p_chi seed=7              N=  1024            ||.||_{U^3}^8=2.420813e-06  ||.||_{U^3}=1.986073e-01  (0.06s)
  Bernoulli@p_chi seed=8              N=  1024  p=0.158203  ||.||_{U^2}^4=6.591119e-04  ||.||_{U^2}=1.602285e-01  (0.00s)
  Bernoulli@p_chi seed=8              N=  1024            ||.||_{U^3}^8=2.280503e-06  ||.||_{U^3}=1.971305e-01  (0.06s)
  Bernoulli@p_chi seed=9              N=  1024  p=0.174805  ||.||_{U^2}^4=9.744978e-04  ||.||_{U^2}=1.766832e-01  (0.00s)
  Bernoulli@p_chi seed=9              N=  1024            ||.||_{U^3}^8=3.696082e-06  ||.||_{U^3}=2.093957e-01  (0.06s)

  -- Liouville indicator (1 if Omega(n) odd) --
  Liouville                           N=  1024  p=0.509766  ||.||_{U^2}^4=6.764295e-02  ||.||_{U^2}=5.099829e-01  (0.00s)
  Liouville                           N=  1024            ||.||_{U^3}^8=4.712795e-03  ||.||_{U^3}=5.118702e-01  (0.06s)
  Bernoulli@p_L seed=0                N=  1024  p=0.500000  ||.||_{U^2}^4=6.261523e-02  ||.||_{U^2}=5.002303e-01  (0.00s)
  Bernoulli@p_L seed=0                N=  1024            ||.||_{U^3}^8=4.050031e-03  ||.||_{U^3}=5.022643e-01  (0.06s)
  Bernoulli@p_L seed=1                N=  1024  p=0.511719  ||.||_{U^2}^4=6.869070e-02  ||.||_{U^2}=5.119464e-01  (0.00s)
  Bernoulli@p_L seed=1                N=  1024            ||.||_{U^3}^8=4.861180e-03  ||.||_{U^3}=5.138575e-01  (0.06s)
  Bernoulli@p_L seed=2                N=  1024  p=0.522461  ||.||_{U^2}^4=7.463555e-02  ||.||_{U^2}=5.226807e-01  (0.00s)
  Bernoulli@p_L seed=2                N=  1024            ||.||_{U^3}^8=5.724731e-03  ||.||_{U^3}=5.244685e-01  (0.06s)
  Bernoulli@p_L seed=3                N=  1024  p=0.524414  ||.||_{U^2}^4=7.575876e-02  ||.||_{U^2}=5.246361e-01  (0.00s)
  Bernoulli@p_L seed=3                N=  1024            ||.||_{U^3}^8=5.897794e-03  ||.||_{U^3}=5.264246e-01  (0.06s)
  Bernoulli@p_L seed=4                N=  1024  p=0.520508  ||.||_{U^2}^4=7.352493e-02  ||.||_{U^2}=5.207253e-01  (0.00s)
  Bernoulli@p_L seed=4                N=  1024            ||.||_{U^3}^8=5.556858e-03  ||.||_{U^3}=5.225209e-01  (0.06s)

  -- W-trick chi_P with W=6, b=1 --
  chi_P_W6_b1                         N=  1024  p=0.383789  ||.||_{U^2}^4=2.206271e-02  ||.||_{U^2}=3.854027e-01  (0.00s)
  chi_P_W6_b1                         N=  1024            ||.||_{U^3}^8=6.057526e-04  ||.||_{U^3}=3.960836e-01  (0.06s)
  Bernoulli@p_w seed=0                N=  1024  p=0.387695  ||.||_{U^2}^4=2.270549e-02  ||.||_{U^2}=3.881796e-01  (0.00s)
  Bernoulli@p_w seed=0                N=  1024            ||.||_{U^3}^8=5.738419e-04  ||.||_{U^3}=3.934133e-01  (0.07s)
  Bernoulli@p_w seed=1                N=  1024  p=0.352539  ||.||_{U^2}^4=1.554646e-02  ||.||_{U^2}=3.531083e-01  (0.00s)
  Bernoulli@p_w seed=1                N=  1024            ||.||_{U^3}^8=2.821780e-04  ||.||_{U^3}=3.600107e-01  (0.07s)
  Bernoulli@p_w seed=2                N=  1024  p=0.391602  ||.||_{U^2}^4=2.362663e-02  ||.||_{U^2}=3.920581e-01  (0.00s)
  Bernoulli@p_w seed=2                N=  1024            ||.||_{U^3}^8=6.179127e-04  ||.||_{U^3}=3.970689e-01  (0.06s)
  Bernoulli@p_w seed=3                N=  1024  p=0.370117  ||.||_{U^2}^4=1.886486e-02  ||.||_{U^2}=3.706068e-01  (0.00s)
  Bernoulli@p_w seed=3                N=  1024            ||.||_{U^3}^8=4.033953e-04  ||.||_{U^3}=3.764578e-01  (0.06s)
  Bernoulli@p_w seed=4                N=  1024  p=0.407227  ||.||_{U^2}^4=2.761674e-02  ||.||_{U^2}=4.076553e-01  (0.00s)
  Bernoulli@p_w seed=4                N=  1024            ||.||_{U^3}^8=8.319056e-04  ||.||_{U^3}=4.121063e-01  (0.06s)

  -- W-trick chi_P with W=30, b=1 --
  chi_P_W30_b1                        N=  1024  p=0.400391  ||.||_{U^2}^4=2.587583e-02  ||.||_{U^2}=4.010732e-01  (0.00s)
  chi_P_W30_b1                        N=  1024            ||.||_{U^3}^8=7.513445e-04  ||.||_{U^3}=4.068927e-01  (0.07s)
  Bernoulli@p_w seed=0                N=  1024  p=0.395508  ||.||_{U^2}^4=2.457244e-02  ||.||_{U^2}=3.959242e-01  (0.00s)
  Bernoulli@p_w seed=0                N=  1024            ||.||_{U^3}^8=6.635597e-04  ||.||_{U^3}=4.006222e-01  (0.07s)
  Bernoulli@p_w seed=1                N=  1024  p=0.379883  ||.||_{U^2}^4=2.092512e-02  ||.||_{U^2}=3.803356e-01  (0.00s)
  Bernoulli@p_w seed=1                N=  1024            ||.||_{U^3}^8=4.895342e-04  ||.||_{U^3}=3.856762e-01  (0.06s)
  Bernoulli@p_w seed=2                N=  1024  p=0.406250  ||.||_{U^2}^4=2.735012e-02  ||.||_{U^2}=4.066678e-01  (0.00s)
  Bernoulli@p_w seed=2                N=  1024            ||.||_{U^3}^8=8.153734e-04  ||.||_{U^3}=4.110736e-01  (0.06s)
  Bernoulli@p_w seed=3                N=  1024  p=0.395508  ||.||_{U^2}^4=2.457466e-02  ||.||_{U^2}=3.959332e-01  (0.00s)
  Bernoulli@p_w seed=3                N=  1024            ||.||_{U^3}^8=6.641285e-04  ||.||_{U^3}=4.006651e-01  (0.06s)
  Bernoulli@p_w seed=4                N=  1024  p=0.389648  ||.||_{U^2}^4=2.315803e-02  ||.||_{U^2}=3.900995e-01  (0.00s)
  Bernoulli@p_w seed=4                N=  1024            ||.||_{U^3}^8=5.943921e-04  ||.||_{U^3}=3.951474e-01  (0.06s)

  -- W-trick chi_P with W=210, b=1 --
  chi_P_W210_b1                       N=  1024  p=0.378906  ||.||_{U^2}^4=2.072280e-02  ||.||_{U^2}=3.794129e-01  (0.00s)
  chi_P_W210_b1                       N=  1024            ||.||_{U^3}^8=4.830671e-04  ||.||_{U^3}=3.850356e-01  (0.05s)
  Bernoulli@p_w seed=0                N=  1024  p=0.349609  ||.||_{U^2}^4=1.504277e-02  ||.||_{U^2}=3.502128e-01  (0.00s)
  Bernoulli@p_w seed=0                N=  1024            ||.||_{U^3}^8=2.662918e-04  ||.||_{U^3}=3.574125e-01  (0.05s)
  Bernoulli@p_w seed=1                N=  1024  p=0.384766  ||.||_{U^2}^4=2.203063e-02  ||.||_{U^2}=3.852625e-01  (0.00s)
  Bernoulli@p_w seed=1                N=  1024            ||.||_{U^3}^8=5.423046e-04  ||.||_{U^3}=3.906433e-01  (0.05s)
  Bernoulli@p_w seed=2                N=  1024  p=0.375977  ||.||_{U^2}^4=2.008704e-02  ||.||_{U^2}=3.764688e-01  (0.00s)
  Bernoulli@p_w seed=2                N=  1024            ||.||_{U^3}^8=4.545864e-04  ||.||_{U^3}=3.821220e-01  (0.05s)
  Bernoulli@p_w seed=3                N=  1024  p=0.395508  ||.||_{U^2}^4=2.458162e-02  ||.||_{U^2}=3.959612e-01  (0.00s)
  Bernoulli@p_w seed=3                N=  1024            ||.||_{U^3}^8=6.662381e-04  ||.||_{U^3}=4.008240e-01  (0.05s)
  Bernoulli@p_w seed=4                N=  1024  p=0.420898  ||.||_{U^2}^4=3.149148e-02  ||.||_{U^2}=4.212581e-01  (0.00s)
  Bernoulli@p_w seed=4                N=  1024            ||.||_{U^3}^8=1.065615e-03  ||.||_{U^3}=4.250598e-01  (0.05s)

=== N = 4096  (do_u3=True, n_rand=10, max_h_u3=None) ===
  chi_P                               N=  4096  p=0.137695  ||.||_{U^2}^4=7.662805e-04  ||.||_{U^2}=1.663784e-01  (0.00s)
  chi_P                               N=  4096            ||.||_{U^3}^8=4.579754e-06  ||.||_{U^3}=2.150826e-01  (0.48s)
  Bernoulli@p_chi seed=0              N=  4096  p=0.138184  ||.||_{U^2}^4=3.715028e-04  ||.||_{U^2}=1.388323e-01  (0.00s)
  Bernoulli@p_chi seed=0              N=  4096            ||.||_{U^3}^8=4.066553e-07  ||.||_{U^3}=1.589108e-01  (0.51s)
  Bernoulli@p_chi seed=1              N=  4096  p=0.134766  ||.||_{U^2}^4=3.365523e-04  ||.||_{U^2}=1.354450e-01  (0.00s)
  Bernoulli@p_chi seed=1              N=  4096            ||.||_{U^3}^8=3.569363e-07  ||.||_{U^3}=1.563413e-01  (0.50s)
  Bernoulli@p_chi seed=2              N=  4096  p=0.133057  ||.||_{U^2}^4=3.198285e-04  ||.||_{U^2}=1.337301e-01  (0.00s)
  Bernoulli@p_chi seed=2              N=  4096            ||.||_{U^3}^8=3.330121e-07  ||.||_{U^3}=1.549914e-01  (0.50s)
  Bernoulli@p_chi seed=3              N=  4096  p=0.129395  ||.||_{U^2}^4=2.864275e-04  ||.||_{U^2}=1.300929e-01  (0.00s)
  Bernoulli@p_chi seed=3              N=  4096            ||.||_{U^3}^8=2.884892e-07  ||.||_{U^3}=1.522356e-01  (0.63s)
  Bernoulli@p_chi seed=4              N=  4096  p=0.139648  ||.||_{U^2}^4=3.873502e-04  ||.||_{U^2}=1.402898e-01  (0.00s)
  Bernoulli@p_chi seed=4              N=  4096            ||.||_{U^3}^8=4.301478e-07  ||.||_{U^3}=1.600303e-01  (0.62s)
  Bernoulli@p_chi seed=5              N=  4096  p=0.139893  ||.||_{U^2}^4=3.901501e-04  ||.||_{U^2}=1.405426e-01  (0.00s)
  Bernoulli@p_chi seed=5              N=  4096            ||.||_{U^3}^8=4.350023e-07  ||.||_{U^3}=1.602549e-01  (0.62s)
  Bernoulli@p_chi seed=6              N=  4096  p=0.131348  ||.||_{U^2}^4=3.041875e-04  ||.||_{U^2}=1.320643e-01  (0.00s)
  Bernoulli@p_chi seed=6              N=  4096            ||.||_{U^3}^8=3.126864e-07  ||.||_{U^3}=1.537760e-01  (0.58s)
  Bernoulli@p_chi seed=7              N=  4096  p=0.141846  ||.||_{U^2}^4=4.122570e-04  ||.||_{U^2}=1.424925e-01  (0.00s)
  Bernoulli@p_chi seed=7              N=  4096            ||.||_{U^3}^8=4.691953e-07  ||.||_{U^3}=1.617779e-01  (0.49s)
  Bernoulli@p_chi seed=8              N=  4096  p=0.137695  ||.||_{U^2}^4=3.662679e-04  ||.||_{U^2}=1.383406e-01  (0.00s)
  Bernoulli@p_chi seed=8              N=  4096            ||.||_{U^3}^8=3.985743e-07  ||.||_{U^3}=1.585126e-01  (0.55s)
  Bernoulli@p_chi seed=9              N=  4096  p=0.141113  ||.||_{U^2}^4=4.035253e-04  ||.||_{U^2}=1.417319e-01  (0.00s)
  Bernoulli@p_chi seed=9              N=  4096            ||.||_{U^3}^8=4.539881e-07  ||.||_{U^3}=1.611130e-01  (0.64s)

  -- Liouville indicator (1 if Omega(n) odd) --
  Liouville                           N=  4096  p=0.507812  ||.||_{U^2}^4=6.652744e-02  ||.||_{U^2}=5.078673e-01  (0.00s)
  Liouville                           N=  4096            ||.||_{U^3}^8=4.459671e-03  ||.||_{U^3}=5.083500e-01  (0.63s)
  Bernoulli@p_L seed=0                N=  4096  p=0.521973  ||.||_{U^2}^4=7.426155e-02  ||.||_{U^2}=5.220246e-01  (0.00s)
  Bernoulli@p_L seed=0                N=  4096            ||.||_{U^3}^8=5.551970e-03  ||.||_{U^3}=5.224634e-01  (0.57s)
  Bernoulli@p_L seed=1                N=  4096  p=0.518311  ||.||_{U^2}^4=7.220125e-02  ||.||_{U^2}=5.183656e-01  (0.00s)
  Bernoulli@p_L seed=1                N=  4096            ||.||_{U^3}^8=5.250282e-03  ||.||_{U^3}=5.188273e-01  (0.55s)
  Bernoulli@p_L seed=2                N=  4096  p=0.509521  ||.||_{U^2}^4=6.742871e-02  ||.||_{U^2}=5.095786e-01  (0.00s)
  Bernoulli@p_L seed=2                N=  4096            ||.||_{U^3}^8=4.581749e-03  ||.||_{U^3}=5.100690e-01  (0.62s)
  Bernoulli@p_L seed=3                N=  4096  p=0.510986  ||.||_{U^2}^4=6.820756e-02  ||.||_{U^2}=5.110438e-01  (0.00s)
  Bernoulli@p_L seed=3                N=  4096            ||.||_{U^3}^8=4.687947e-03  ||.||_{U^3}=5.115320e-01  (0.62s)
  Bernoulli@p_L seed=4                N=  4096  p=0.511230  ||.||_{U^2}^4=6.833850e-02  ||.||_{U^2}=5.112889e-01  (0.00s)
  Bernoulli@p_L seed=4                N=  4096            ||.||_{U^3}^8=4.706285e-03  ||.||_{U^3}=5.117817e-01  (0.62s)

  -- W-trick chi_P with W=6, b=1 --
  chi_P_W6_b1                         N=  4096  p=0.330078  ||.||_{U^2}^4=1.203589e-02  ||.||_{U^2}=3.312223e-01  (0.00s)
  chi_P_W6_b1                         N=  4096            ||.||_{U^3}^8=1.724517e-04  ||.||_{U^3}=3.385193e-01  (0.52s)
  Bernoulli@p_w seed=0                N=  4096  p=0.321045  ||.||_{U^2}^4=1.064571e-02  ||.||_{U^2}=3.212134e-01  (0.00s)
  Bernoulli@p_w seed=0                N=  4096            ||.||_{U^3}^8=1.204802e-04  ||.||_{U^3}=3.236790e-01  (0.51s)
  Bernoulli@p_w seed=1                N=  4096  p=0.334473  ||.||_{U^2}^4=1.253945e-02  ||.||_{U^2}=3.346336e-01  (0.00s)
  Bernoulli@p_w seed=1                N=  4096            ||.||_{U^3}^8=1.656600e-04  ||.||_{U^3}=3.368234e-01  (0.49s)
  Bernoulli@p_w seed=2                N=  4096  p=0.320801  ||.||_{U^2}^4=1.061385e-02  ||.||_{U^2}=3.209728e-01  (0.00s)
  Bernoulli@p_w seed=2                N=  4096            ||.||_{U^3}^8=1.198308e-04  ||.||_{U^3}=3.234604e-01  (0.51s)
  Bernoulli@p_w seed=3                N=  4096  p=0.331787  ||.||_{U^2}^4=1.214320e-02  ||.||_{U^2}=3.319581e-01  (0.00s)
  Bernoulli@p_w seed=3                N=  4096            ||.||_{U^3}^8=1.557603e-04  ||.||_{U^3}=3.342390e-01  (0.49s)
  Bernoulli@p_w seed=4                N=  4096  p=0.318604  ||.||_{U^2}^4=1.032753e-02  ||.||_{U^2}=3.187859e-01  (0.00s)
  Bernoulli@p_w seed=4                N=  4096            ||.||_{U^3}^8=1.137642e-04  ||.||_{U^3}=3.213666e-01  (0.49s)

  -- W-trick chi_P with W=30, b=1 --
  chi_P_W30_b1                        N=  4096  p=0.349854  ||.||_{U^2}^4=1.505783e-02  ||.||_{U^2}=3.503004e-01  (0.00s)
  chi_P_W30_b1                        N=  4096            ||.||_{U^3}^8=2.452116e-04  ||.||_{U^3}=3.537469e-01  (0.49s)
  Bernoulli@p_w seed=0                N=  4096  p=0.356934  ||.||_{U^2}^4=1.625729e-02  ||.||_{U^2}=3.570771e-01  (0.00s)
  Bernoulli@p_w seed=0                N=  4096            ||.||_{U^3}^8=2.750747e-04  ||.||_{U^3}=3.588652e-01  (0.50s)
  Bernoulli@p_w seed=1                N=  4096  p=0.356445  ||.||_{U^2}^4=1.616873e-02  ||.||_{U^2}=3.565898e-01  (0.00s)
  Bernoulli@p_w seed=1                N=  4096            ||.||_{U^3}^8=2.721868e-04  ||.||_{U^3}=3.583921e-01  (0.49s)
  Bernoulli@p_w seed=2                N=  4096  p=0.341797  ||.||_{U^2}^4=1.367204e-02  ||.||_{U^2}=3.419467e-01  (0.00s)
  Bernoulli@p_w seed=2                N=  4096            ||.||_{U^3}^8=1.959634e-04  ||.||_{U^3}=3.439710e-01  (0.57s)
  Bernoulli@p_w seed=3                N=  4096  p=0.354004  ||.||_{U^2}^4=1.573007e-02  ||.||_{U^2}=3.541462e-01  (0.00s)
  Bernoulli@p_w seed=3                N=  4096            ||.||_{U^3}^8=2.577836e-04  ||.||_{U^3}=3.559647e-01  (0.62s)
  Bernoulli@p_w seed=4                N=  4096  p=0.358398  ||.||_{U^2}^4=1.652474e-02  ||.||_{U^2}=3.585367e-01  (0.00s)
  Bernoulli@p_w seed=4                N=  4096            ||.||_{U^3}^8=2.838900e-04  ||.||_{U^3}=3.602830e-01  (0.69s)

  -- W-trick chi_P with W=210, b=1 --
  chi_P_W210_b1                       N=  4096  p=0.342041  ||.||_{U^2}^4=1.372652e-02  ||.||_{U^2}=3.422868e-01  (0.00s)
  chi_P_W210_b1                       N=  4096            ||.||_{U^3}^8=1.996904e-04  ||.||_{U^3}=3.447821e-01  (0.62s)
  Bernoulli@p_w seed=0                N=  4096  p=0.348877  ||.||_{U^2}^4=1.483976e-02  ||.||_{U^2}=3.490252e-01  (0.00s)
  Bernoulli@p_w seed=0                N=  4096            ||.||_{U^3}^8=2.300827e-04  ||.||_{U^3}=3.509421e-01  (0.62s)
  Bernoulli@p_w seed=1                N=  4096  p=0.328125  ||.||_{U^2}^4=1.161594e-02  ||.||_{U^2}=3.282945e-01  (0.00s)
  Bernoulli@p_w seed=1                N=  4096            ||.||_{U^3}^8=1.428197e-04  ||.||_{U^3}=3.306347e-01  (0.62s)
  Bernoulli@p_w seed=2                N=  4096  p=0.347900  ||.||_{U^2}^4=1.467389e-02  ||.||_{U^2}=3.480457e-01  (0.00s)
  Bernoulli@p_w seed=2                N=  4096            ||.||_{U^3}^8=2.249885e-04  ||.||_{U^3}=3.499613e-01  (0.61s)
  Bernoulli@p_w seed=3                N=  4096  p=0.342285  ||.||_{U^2}^4=1.375113e-02  ||.||_{U^2}=3.424401e-01  (0.00s)
  Bernoulli@p_w seed=3                N=  4096            ||.||_{U^3}^8=1.983031e-04  ||.||_{U^3}=3.444817e-01  (0.64s)
  Bernoulli@p_w seed=4                N=  4096  p=0.343994  ||.||_{U^2}^4=1.402728e-02  ||.||_{U^2}=3.441465e-01  (0.00s)
  Bernoulli@p_w seed=4                N=  4096            ||.||_{U^3}^8=2.061184e-04  ||.||_{U^3}=3.461502e-01  (0.63s)

=== N = 16384  (do_u3=False, n_rand=10, max_h_u3=None) ===
  chi_P                               N= 16384  p=0.115967  ||.||_{U^2}^4=3.881236e-04  ||.||_{U^2}=1.403597e-01  (0.00s)
  Bernoulli@p_chi seed=0              N= 16384  p=0.114746  ||.||_{U^2}^4=1.746192e-04  ||.||_{U^2}=1.149537e-01  (0.00s)
  Bernoulli@p_chi seed=1              N= 16384  p=0.116638  ||.||_{U^2}^4=1.863569e-04  ||.||_{U^2}=1.168386e-01  (0.00s)
  Bernoulli@p_chi seed=2              N= 16384  p=0.116455  ||.||_{U^2}^4=1.852030e-04  ||.||_{U^2}=1.166573e-01  (0.00s)
  Bernoulli@p_chi seed=3              N= 16384  p=0.118042  ||.||_{U^2}^4=1.954808e-04  ||.||_{U^2}=1.182432e-01  (0.00s)
  Bernoulli@p_chi seed=4              N= 16384  p=0.117615  ||.||_{U^2}^4=1.926739e-04  ||.||_{U^2}=1.178164e-01  (0.00s)
  Bernoulli@p_chi seed=5              N= 16384  p=0.116638  ||.||_{U^2}^4=1.863773e-04  ||.||_{U^2}=1.168418e-01  (0.00s)
  Bernoulli@p_chi seed=6              N= 16384  p=0.117004  ||.||_{U^2}^4=1.887441e-04  ||.||_{U^2}=1.172110e-01  (0.00s)
  Bernoulli@p_chi seed=7              N= 16384  p=0.117798  ||.||_{U^2}^4=1.938956e-04  ||.||_{U^2}=1.180027e-01  (0.00s)
  Bernoulli@p_chi seed=8              N= 16384  p=0.114563  ||.||_{U^2}^4=1.735143e-04  ||.||_{U^2}=1.147714e-01  (0.00s)
  Bernoulli@p_chi seed=9              N= 16384  p=0.113464  ||.||_{U^2}^4=1.669725e-04  ||.||_{U^2}=1.136740e-01  (0.00s)

=== N = 65536  (do_u3=False, n_rand=10, max_h_u3=None) ===
  chi_P                               N= 65536  p=0.099823  ||.||_{U^2}^4=2.133699e-04  ||.||_{U^2}=1.208602e-01  (0.00s)
  Bernoulli@p_chi seed=0              N= 65536  p=0.100510  ||.||_{U^2}^4=1.023023e-04  ||.||_{U^2}=1.005707e-01  (0.00s)
  Bernoulli@p_chi seed=1              N= 65536  p=0.101303  ||.||_{U^2}^4=1.055666e-04  ||.||_{U^2}=1.013635e-01  (0.00s)
  Bernoulli@p_chi seed=2              N= 65536  p=0.098999  ||.||_{U^2}^4=9.629599e-05  ||.||_{U^2}=9.906085e-02  (0.00s)
  Bernoulli@p_chi seed=3              N= 65536  p=0.097916  ||.||_{U^2}^4=9.215961e-05  ||.||_{U^2}=9.797949e-02  (0.00s)
  Bernoulli@p_chi seed=4              N= 65536  p=0.099487  ||.||_{U^2}^4=9.821216e-05  ||.||_{U^2}=9.955001e-02  (0.00s)
  Bernoulli@p_chi seed=5              N= 65536  p=0.100647  ||.||_{U^2}^4=1.028632e-04  ||.||_{U^2}=1.007082e-01  (0.00s)
  Bernoulli@p_chi seed=6              N= 65536  p=0.101028  ||.||_{U^2}^4=1.044292e-04  ||.||_{U^2}=1.010894e-01  (0.00s)
  Bernoulli@p_chi seed=7              N= 65536  p=0.102234  ||.||_{U^2}^4=1.094944e-04  ||.||_{U^2}=1.022935e-01  (0.00s)
  Bernoulli@p_chi seed=8              N= 65536  p=0.098495  ||.||_{U^2}^4=9.435710e-05  ||.||_{U^2}=9.855840e-02  (0.00s)
  Bernoulli@p_chi seed=9              N= 65536  p=0.100037  ||.||_{U^2}^4=1.003938e-04  ||.||_{U^2}=1.000983e-01  (0.00s)

Wrote experiments/information_theory/gowers_uk_chi_p_data/main_run.json
