Computing truth tables on {0,...,2^14-1}...
  done in 0.06s

Densities (at largest N):
  f_pi                  density = 0.1160
  f_sqfree              density = 0.6080
  f_mu_pos              density = 0.3030
  f_lam_pos             density = 0.4955
  f_sqfree3             density = 0.2280
  f_prf_matched         density = 0.1160

========================================================================
M1: Communication-matrix rank (balanced split)
========================================================================
Ns: [6, 8, 10, 12, 14]
  f_pi                  N= 6  rank=     5  full=     8  rank - 2^(N/2-1) =      1
  f_pi                  N= 8  rank=     9  full=    16  rank - 2^(N/2-1) =      1
  f_pi                  N=10  rank=    17  full=    32  rank - 2^(N/2-1) =      1
  f_pi                  N=12  rank=    33  full=    64  rank - 2^(N/2-1) =      1
  f_pi                  N=14  rank=    65  full=   128  rank - 2^(N/2-1) =      1

  f_sqfree              N= 6  rank=     6  full=     8  rank - 2^(N/2-1) =      2
  f_sqfree              N= 8  rank=    12  full=    16  rank - 2^(N/2-1) =      4
  f_sqfree              N=10  rank=    24  full=    32  rank - 2^(N/2-1) =      8
  f_sqfree              N=12  rank=    48  full=    64  rank - 2^(N/2-1) =     16
  f_sqfree              N=14  rank=    96  full=   128  rank - 2^(N/2-1) =     32

  f_mu_pos              N= 6  rank=     6  full=     8  rank - 2^(N/2-1) =      2
  f_mu_pos              N= 8  rank=    12  full=    16  rank - 2^(N/2-1) =      4
  f_mu_pos              N=10  rank=    24  full=    32  rank - 2^(N/2-1) =      8
  f_mu_pos              N=12  rank=    48  full=    64  rank - 2^(N/2-1) =     16
  f_mu_pos              N=14  rank=    96  full=   128  rank - 2^(N/2-1) =     32

  f_lam_pos             N= 6  rank=     7  full=     8  rank - 2^(N/2-1) =      3
  f_lam_pos             N= 8  rank=    16  full=    16  rank - 2^(N/2-1) =      8
  f_lam_pos             N=10  rank=    32  full=    32  rank - 2^(N/2-1) =     16
  f_lam_pos             N=12  rank=    64  full=    64  rank - 2^(N/2-1) =     32
  f_lam_pos             N=14  rank=   128  full=   128  rank - 2^(N/2-1) =     64

  f_sqfree3             N= 6  rank=     4  full=     8  rank - 2^(N/2-1) =      0
  f_sqfree3             N= 8  rank=     7  full=    16  rank - 2^(N/2-1) =     -1
  f_sqfree3             N=10  rank=    17  full=    32  rank - 2^(N/2-1) =      1
  f_sqfree3             N=12  rank=    45  full=    64  rank - 2^(N/2-1) =     13
  f_sqfree3             N=14  rank=    96  full=   128  rank - 2^(N/2-1) =     32

  f_prf_matched         N= 6  rank=     6  full=     8  rank - 2^(N/2-1) =      2
  f_prf_matched         N= 8  rank=    14  full=    16  rank - 2^(N/2-1) =      6
  f_prf_matched         N=10  rank=    31  full=    32  rank - 2^(N/2-1) =     15
  f_prf_matched         N=12  rank=    64  full=    64  rank - 2^(N/2-1) =     32
  f_prf_matched         N=14  rank=   128  full=   128  rank - 2^(N/2-1) =     64

========================================================================
M2: GF(2) Berlekamp-Massey linear complexity (length 2^N)
========================================================================
Ns: [10, 12, 14]
  f_pi                  N=10  L=    515  M=2^N=   1024  L/M=0.5029  (0.0s)
  f_pi                  N=12  L=   2049  M=2^N=   4096  L/M=0.5002  (0.5s)
  f_pi                  N=14  L=   8191  M=2^N=  16384  L/M=0.4999  (7.2s)

  f_sqfree              N=10  L=    512  M=2^N=   1024  L/M=0.5000  (0.0s)
  f_sqfree              N=12  L=   2048  M=2^N=   4096  L/M=0.5000  (0.4s)
  f_sqfree              N=14  L=   8191  M=2^N=  16384  L/M=0.4999  (7.3s)

  f_mu_pos              N=10  L=    517  M=2^N=   1024  L/M=0.5049  (0.0s)
  f_mu_pos              N=12  L=   2049  M=2^N=   4096  L/M=0.5002  (0.4s)
  f_mu_pos              N=14  L=   8192  M=2^N=  16384  L/M=0.5000  (7.4s)

  f_lam_pos             N=10  L=    512  M=2^N=   1024  L/M=0.5000  (0.0s)
  f_lam_pos             N=12  L=   2048  M=2^N=   4096  L/M=0.5000  (0.5s)
  f_lam_pos             N=14  L=   8192  M=2^N=  16384  L/M=0.5000  (8.6s)

  f_sqfree3             N=10  L=    512  M=2^N=   1024  L/M=0.5000  (0.0s)
  f_sqfree3             N=12  L=   2051  M=2^N=   4096  L/M=0.5007  (0.3s)
  f_sqfree3             N=14  L=   8192  M=2^N=  16384  L/M=0.5000  (4.3s)

  f_prf_matched         N=10  L=    510  M=2^N=   1024  L/M=0.4980  (0.0s)
  f_prf_matched         N=12  L=   2048  M=2^N=   4096  L/M=0.5000  (0.4s)
  f_prf_matched         N=14  L=   8190  M=2^N=  16384  L/M=0.4999  (6.4s)

========================================================================
M3: Approximate degree at eps = 0.49
========================================================================
Ns: [4, 6, 8, 10]
  f_pi                  N= 4  adeg(0.49)=2  (0.0s)
  f_pi                  N= 6  adeg(0.49)=3  (0.0s)
  f_pi                  N= 8  adeg(0.49)=4  (0.1s)
  f_pi                  N=10  adeg(0.49)=5  (2.9s)

  f_sqfree              N= 4  adeg(0.49)=1  (0.0s)
  f_sqfree              N= 6  adeg(0.49)=2  (0.0s)
  f_sqfree              N= 8  adeg(0.49)=4  (0.0s)
  f_sqfree              N=10  adeg(0.49)=4  (0.8s)

  f_mu_pos              N= 4  adeg(0.49)=2  (0.0s)
  f_mu_pos              N= 6  adeg(0.49)=3  (0.0s)
  f_mu_pos              N= 8  adeg(0.49)=4  (0.0s)
  f_mu_pos              N=10  adeg(0.49)=5  (1.6s)

  f_lam_pos             N= 4  adeg(0.49)=2  (0.0s)
  f_lam_pos             N= 6  adeg(0.49)=3  (0.0s)
  f_lam_pos             N= 8  adeg(0.49)=4  (0.0s)
  f_lam_pos             N=10  adeg(0.49)=5  (1.4s)

  f_sqfree3             N= 4  adeg(0.49)=2  (0.0s)
  f_sqfree3             N= 6  adeg(0.49)=4  (0.0s)
  f_sqfree3             N= 8  adeg(0.49)=4  (0.0s)
  f_sqfree3             N=10  adeg(0.49)=6  (3.1s)

  f_prf_matched         N= 4  adeg(0.49)=2  (0.0s)
  f_prf_matched         N= 6  adeg(0.49)=2  (0.0s)
  f_prf_matched         N= 8  adeg(0.49)=3  (0.0s)
  f_prf_matched         N=10  adeg(0.49)=4  (0.7s)

========================================================================
M4: PTF degree (sign-representation)
========================================================================
Ns: [4, 6, 8]
  f_pi                  N= 4  ptf=2  (0.0s)
  f_pi                  N= 6  ptf=3  (0.0s)
  f_pi                  N= 8  ptf=4  (0.0s)

  f_sqfree              N= 4  ptf=1  (0.0s)
  f_sqfree              N= 6  ptf=2  (0.0s)
  f_sqfree              N= 8  ptf=3  (0.0s)

  f_mu_pos              N= 4  ptf=2  (0.0s)
  f_mu_pos              N= 6  ptf=3  (0.0s)
  f_mu_pos              N= 8  ptf=3  (0.0s)

  f_lam_pos             N= 4  ptf=2  (0.0s)
  f_lam_pos             N= 6  ptf=3  (0.0s)
  f_lam_pos             N= 8  ptf=4  (0.0s)

  f_sqfree3             N= 4  ptf=2  (0.0s)
  f_sqfree3             N= 6  ptf=4  (0.0s)
  f_sqfree3             N= 8  ptf=4  (0.0s)

  f_prf_matched         N= 4  ptf=2  (0.0s)
  f_prf_matched         N= 6  ptf=2  (0.0s)
  f_prf_matched         N= 8  ptf=3  (0.0s)

========================================================================
FINAL VERDICTS
========================================================================
  PR1: FAIL
  PR2: PASS
  PR3: FAIL
  PR4: FAIL

Data written to n_over_2_universality_class_data.json
