# E2.13 closure adversarial probe — S237
# T_Q (true Ramanujan-Fourier sum) vs W_Q (wheel sieve)
# N = 30000
# AUC(T_Q) vs AUC(W_Q): is T_Q a better primality discriminator?
pi(N) = 3245, density = 0.108167

--- Q = 6 ---
{
  "Q": 6,
  "compute_time_T_sec": 0.023188114166259766,
  "compute_time_W_sec": 0.0009315013885498047,
  "n_test_window_(Q+1,N)": 29994,
  "n_primes_in_window": 3242,
  "auc_T_Q_window": 0.911090759569378,
  "auc_W_Q_window": 0.911090759569378,
  "auc_diff_window": 0.0,
  "auc_T_Q_all_n_ge_2": 0.9107733785872838,
  "auc_W_Q_all_n_ge_2": 0.9106351563805732,
  "auc_diff_all": 0.00013822220671055874,
  "T_unique_levels": 4,
  "T_min": -0.10816666666666666,
  "T_max": 0.35154166666666664,
  "T_mean_on_primes": 0.35154166666666664,
  "T_mean_on_composites": 0.07867172080592104,
  "prec_topK_T": 0.44818013571869214,
  "prec_topK_W": 0.44818013571869214,
  "n_uniq_levels_sample": [
    -1.0,
    0.25,
    2.0,
    3.25,
    -1.0,
    0.25,
    2.0,
    3.25
  ]
}

--- Q = 30 ---
{
  "Q": 30,
  "compute_time_T_sec": 0.09776973724365234,
  "compute_time_W_sec": 0.0013587474822998047,
  "n_test_window_(Q+1,N)": 29970,
  "n_primes_in_window": 3235,
  "auc_T_Q_window": 0.9718533757247054,
  "auc_W_Q_window": 0.9718533757247054,
  "auc_diff_window": 0.0,
  "auc_T_Q_all_n_ge_2": 0.9714515911852474,
  "auc_W_Q_all_n_ge_2": 0.970332532681201,
  "auc_diff_all": 0.0011190585040463663,
  "T_unique_levels": 235,
  "T_min": -0.6815338955026454,
  "T_max": 0.5119049933862433,
  "T_mean_on_primes": 0.5119049933862433,
  "T_mean_on_composites": 0.05930486249521314,
  "prec_topK_T": 0.7112828438948995,
  "prec_topK_W": 0.7112828438948995,
  "n_uniq_levels_sample": [
    -6.30077561,
    -5.19660895,
    -5.1896645,
    -5.17956349,
    -5.16982323,
    "...",
    3.67005772,
    3.67700216,
    3.68710317,
    3.69684343,
    4.73255772
  ]
}

--- Q = 210 ---
{
  "Q": 210,
  "compute_time_T_sec": 0.7141516208648682,
  "compute_time_W_sec": 0.0016748905181884766,
  "n_test_window_(Q+1,N)": 29790,
  "n_primes_in_window": 3199,
  "auc_T_Q_window": 0.9999623932909631,
  "auc_W_Q_window": 1.0,
  "auc_diff_window": -3.760670903685259e-05,
  "auc_T_Q_all_n_ge_2": 0.9994300637676632,
  "auc_W_Q_all_n_ge_2": 0.9929121725731895,
  "auc_diff_all": 0.006517891194473657,
  "T_unique_levels": 4418,
  "T_min": -0.6192281477252656,
  "T_max": 0.7315297342979328,
  "T_mean_on_primes": 0.7232176084475744,
  "T_mean_on_composites": 0.03417545275466998,
  "prec_topK_T": 0.9996874023132228,
  "prec_topK_W": 1.0,
  "n_uniq_levels_sample": [
    -5.72475946,
    -5.68839582,
    -5.28443959,
    -5.25828218,
    -5.25116037,
    "...",
    5.68032726,
    6.65187565,
    6.67965342,
    6.68614122,
    6.76298676
  ]
}

--- Q = 2310 ---
{
  "Q": 2310,
  "compute_time_T_sec": 7.854788780212402,
  "compute_time_W_sec": 0.0021772384643554688,
  "n_test_window_(Q+1,N)": 27690,
  "n_primes_in_window": 2902,
  "auc_T_Q_window": 1.0,
  "auc_W_Q_window": 1.0,
  "auc_diff_window": 0.0,
  "auc_T_Q_all_n_ge_2": 0.9997964102080324,
  "auc_W_Q_all_n_ge_2": 0.9471494607087827,
  "auc_diff_all": 0.05264694949924975,
  "T_unique_levels": 11134,
  "T_min": -0.5351512384291355,
  "T_max": 0.9819100804357609,
  "T_mean_on_primes": 0.9819100804357609,
  "T_mean_on_composites": 0.005762803894664156,
  "prec_topK_T": 1.0,
  "prec_topK_W": 1.0,
  "n_uniq_levels_sample": [
    -4.94746908,
    -3.89424814,
    -3.86439302,
    -3.85054814,
    -3.81814266,
    "...",
    5.03629022,
    5.20455836,
    5.20536741,
    5.26535351,
    9.07775113
  ]
}

Wrote results.json

=== Verdict ===
max |AUC(T_Q) - AUC(W_Q)| over Q in [6, 2310] = 0.052647
  -> F-A holds: A-grade reopen needed.
