d=24, N=16777216, M=4096
Sieving primes...
Reshaping and SVD (sigmas only)...
Total sigmas: 4096
Frobenius_sq: 1077871.0
sigma_0: 373.61
sigma_99: 31.4042
sigma_500: 23.9616
sigma_1000: 17.9173
sigma_-1: 0.0000

pi(N) = 1077871, MP edge = 31.3844
#sigmas above MP edge: 100
spike_block (MP edge, exc k=0): 254164.5
spike_block / pi(N): 0.2358

Sigma values in MP transition zone:
  sigma_50 = 37.3072
  sigma_75 = 32.5424
  sigma_100 = 31.3820
  sigma_150 = 29.9336
  sigma_200 = 28.8112
  sigma_300 = 26.9768
  sigma_500 = 23.9616
  sigma_700 = 21.3915
  sigma_1000 = 17.9173
  sigma_1500 = 12.5634
  sigma_2000 = 6.7443
  sigma_3000 = 0.0000
  sigma_4000 = 0.0000

spike_block / pi(N) at various k_*:
  k_* = 50: spike_block = 200905.2, frac = 0.1864
  k_* = 75: spike_block = 229714.2, frac = 0.2131
  k_* = 78: spike_block = 232871.5, frac = 0.2160
  k_* = 100: spike_block = 255149.3, frac = 0.2367
  k_* = 150: spike_block = 301933.7, frac = 0.2801
  k_* = 200: spike_block = 344949.0, frac = 0.3200
  k_* = 300: spike_block = 422506.9, frac = 0.3920
  k_* = 500: spike_block = 551755.3, frac = 0.5119
  k_* = 1000: spike_block = 770256.2, frac = 0.7146

Wrote d24_full_sigmas.json
