/apps/aplikacijos/prime-research/experiments/constructions/s185_cluster_boundary_kstar/cluster_boundary_kstar.py:143: RuntimeWarning: invalid value encountered in divide
  rel = (s[k_min:-1] - s[k_min + 1 :]) / s[k_min:-1]
Loading S82 saved sigmas (d=14, 18, 20)...
Loading S183 saved sigmas (d=24)...

Recomputing full SVD at d=14...

=== d=14, N=16384, M=128, pi(N)~1900 ===
  saved Frobenius_sq = 1900.0
  R0 canonical k_* = 5: spike_block = 424.8, frac = 0.2236
  R1 MP edge 7.24 -> k_* = 4: spike_block = 374.8, frac = 0.1972
  R2 bulk-transition elbow gap nan at k = 126: spike_block = 1438.9, frac = 0.7573
  R3 first plateau onset k = 127: spike_block = 1438.9, frac = 0.7573
  R4 sector completion (cumulative phi):
    up to q=3: k_* = 2, spike_block = 259.5, frac = 0.1366
    up to q=5: k_* = 6, spike_block = 469.7, frac = 0.2472
    up to q=7: k_* = 12, spike_block = 702.0, frac = 0.3695
    up to q=11: k_* = 22, spike_block = 994.7, frac = 0.5236
    up to q=13: k_* = 34, spike_block = 1219.0, frac = 0.6416

Recomputing full SVD at d=18...

=== d=18, N=262144, M=512, pi(N)~23000 ===
  saved Frobenius_sq = 23000.0
  R0 canonical k_* = 15: spike_block = 5087.3, frac = 0.2212
  R1 MP edge 12.80 -> k_* = 14: spike_block = 4924.6, frac = 0.2141
  R2 bulk-transition elbow gap 1.0000 at k = 507: spike_block = 18872.7, frac = 0.8206
  R3 first plateau onset k = 511: spike_block = 18872.7, frac = 0.8206
  R4 sector completion (cumulative phi):
    up to q=3: k_* = 2, spike_block = 2151.4, frac = 0.0935
    up to q=5: k_* = 6, spike_block = 3428.8, frac = 0.1491
    up to q=7: k_* = 12, spike_block = 4586.2, frac = 0.1994
    up to q=11: k_* = 22, spike_block = 6160.4, frac = 0.2678
    up to q=13: k_* = 34, spike_block = 7763.2, frac = 0.3375

Recomputing full SVD at d=20...

=== d=20, N=1048576, M=1024, pi(N)~82025 ===
  saved Frobenius_sq = 82025.0
  R0 canonical k_* = 26: spike_block = 18027.7, frac = 0.2198
  R1 MP edge 17.19 -> k_* = 28: spike_block = 18622.8, frac = 0.2270
  R2 bulk-transition elbow gap nan at k = 1022: spike_block = 68992.5, frac = 0.8411
  R3 first plateau onset k = 35: spike_block = 20628.0, frac = 0.2515
  R4 sector completion (cumulative phi):
    up to q=3: k_* = 2, spike_block = 6669.5, frac = 0.0813
    up to q=5: k_* = 6, spike_block = 10361.6, frac = 0.1263
    up to q=7: k_* = 12, spike_block = 13304.9, frac = 0.1622
    up to q=11: k_* = 22, spike_block = 16807.0, frac = 0.2049
    up to q=13: k_* = 34, spike_block = 20349.7, frac = 0.2481

=== d=24, N=16777216, M=4096, pi(N)~1077871 ===
  saved Frobenius_sq = 1077871.0
  R0 canonical k_* = 78: spike_block = 232871.5, frac = 0.2160
  R1 MP edge 31.38 -> k_* = 99: spike_block = 254164.5, frac = 0.2358
  R2 bulk-transition elbow gap 0.2046 at k = 12: spike_block = 132178.6, frac = 0.1226
  R3 first plateau onset k = 35: spike_block = 179215.8, frac = 0.1663
  R4 sector completion (cumulative phi):
    up to q=3: k_* = 2, spike_block = 70310.5, frac = 0.0652
    up to q=5: k_* = 6, spike_block = 106588.2, frac = 0.0989
    up to q=7: k_* = 12, spike_block = 132178.6, frac = 0.1226
    up to q=11: k_* = 22, spike_block = 156862.4, frac = 0.1455
    up to q=13: k_* = 34, spike_block = 177699.2, frac = 0.1649


=== SUMMARY: spike_block / pi(N) by rule and d ===
d    R0_canon   R1_MP      R2_elbow   R3_plateau  R4_q11    
14   0.2236     0.1972     0.7573     0.7573     0.5236    
18   0.2212     0.2141     0.8206     0.8206     0.2678    
20   0.2198     0.2270     0.8411     0.2515     0.2049    
24   0.2160     0.2358     0.1226     0.1663     0.1455    

=== SPREAD across rules (max - min frac) ===
d=14: rule fracs = [0.1366, 0.7573], spread = 0.6207
d=18: rule fracs = [0.0935, 0.8206], spread = 0.7270
d=20: rule fracs = [0.0813, 0.8411], spread = 0.7598
d=24: rule fracs = [0.0652, 0.2358], spread = 0.1706

Wrote results to /apps/aplikacijos/prime-research/experiments/constructions/s185_cluster_boundary_kstar/cluster_boundary_kstar_results.json
