# D34 de Branges H(E_xi) projection-error experiment, N up to 8000, n_x_samples = 30
# loading Riemann zeros...
#   loaded 8000 zeros, gamma_max = 8148.188
# generating GUE control ordinates (sine-kernel)...
#   GUE control gamma_max = 8192.568 (prime gamma_max = 8148.188)

# x = 10^4, computing exact psi(x) by sieve...
#   psi(10000) = 10013.3967   (elapsed 0.00s)
#   power-law fit (log err ~ slope * log N + b):
#     prime: slope = -0.7949, intercept = +6.1784
#     gue:   slope = -0.0337, intercept = +2.4286
#   power-law R^2: prime=0.4596, gue=0.0968
#   polylog   R^2: prime=0.4387, gue=0.1401

# x = 10^5, computing exact psi(x) by sieve...
#   psi(100000) = 100051.5640   (elapsed 0.00s)
#   power-law fit (log err ~ slope * log N + b):
#     prime: slope = -0.1684, intercept = +1.9667
#     gue:   slope = +0.2447, intercept = +0.5326
#   power-law R^2: prime=0.0255, gue=0.1797
#   polylog   R^2: prime=0.0435, gue=0.1300

# x = 10^6, computing exact psi(x) by sieve...
#   psi(1000000) = 999586.5975   (elapsed 0.01s)
#   power-law fit (log err ~ slope * log N + b):
#     prime: slope = -1.2641, intercept = +12.3245
#     gue:   slope = -0.0558, intercept = +6.3004
#   power-law R^2: prime=0.5780, gue=0.6081
#   polylog   R^2: prime=0.5045, gue=0.6777

# x = 10^7, computing exact psi(x) by sieve...
#   psi(10000000) = 9998539.4033   (elapsed 0.12s)
#   power-law fit (log err ~ slope * log N + b):
#     prime: slope = -0.4965, intercept = +6.8737
#     gue:   slope = -0.0305, intercept = +7.6170
#   power-law R^2: prime=0.1820, gue=0.5990
#   polylog   R^2: prime=0.2091, gue=0.6174

# === Averaged decay analysis (n_x_samples = 30) ===
# averaging over x in [1.00e+04, 2.00e+04] (30 samples)
# x_anchor=10^4:
#   prime power-law slope = -0.3869, polylog slope = -2.6502, R^2(pow)=0.9615, R^2(polylog)=0.9174
#   gue   power-law slope = -0.0031, polylog slope = -0.0214, R^2(pow)=0.1568, R^2(polylog)=0.1488
#   joint prime fit:  log rms = -0.8655 log N + +3.3786 log log N + +0.9544
#   joint gue fit:    log rms = -0.0076 log N + +0.0315 log log N + +3.2988
# averaging over x in [1.00e+05, 2.00e+05] (30 samples)
# x_anchor=10^5:
#   prime power-law slope = -0.3144, polylog slope = -2.2168, R^2(pow)=0.9668, R^2(polylog)=0.9772
#   gue   power-law slope = +0.0153, polylog slope = +0.1129, R^2(pow)=0.6197, R^2(polylog)=0.6848
#   joint prime fit:  log rms = -0.0318 log N + -1.9951 log log N + +6.6360
#   joint gue fit:    log rms = -0.0510 log N + +0.4679 log log N + +4.1218
# averaging over x in [1.00e+06, 2.00e+06] (30 samples)
# x_anchor=10^6:
#   prime power-law slope = -0.3604, polylog slope = -2.5147, R^2(pow)=0.9790, R^2(polylog)=0.9695
#   gue   power-law slope = -0.0104, polylog slope = -0.0737, R^2(pow)=0.5703, R^2(polylog)=0.5828
#   joint prime fit:  log rms = -0.3122 log N + -0.3400 log log N + +6.5805
#   joint gue fit:    log rms = +0.0033 log N + -0.0967 log log N + +6.1506
# averaging over x in [1.00e+07, 2.00e+07] (30 samples)
# x_anchor=10^7:
#   prime power-law slope = -0.3269, polylog slope = -2.2879, R^2(pow)=0.9614, R^2(polylog)=0.9577
#   gue   power-law slope = +0.0174, polylog slope = +0.1226, R^2(pow)=0.8711, R^2(polylog)=0.8767
#   joint prime fit:  log rms = -0.2112 log N + -0.8165 log log N + +7.9915
#   joint gue fit:    log rms = +0.0045 log N + +0.0909 log log N + +6.8973

# wrote /apps/aplikacijos/prime-research/experiments/analytic/zeta_structure/de_branges_H_E_xi/de_branges_results.json
# total elapsed: 5.6s
# wrote /apps/aplikacijos/prime-research/experiments/analytic/zeta_structure/de_branges_H_E_xi/de_branges_decay.png

# === Summary table ===
#          x      N      err_prime        err_gue  ratio p/g
#      10000     10     7.9255e+00     8.3312e+00      0.951
#      10000     30     7.5030e+00     2.2679e+01      0.331
#      10000    100     5.7002e+00     1.5048e+01      0.379
#      10000    300     5.2845e+00     7.1956e+00      0.734
#      10000   1000     4.6766e+00     8.5530e+00      0.547
#      10000   3000     1.1262e+00     7.9214e+00      0.142
#      10000   8000     8.9989e-01     9.2245e+00      0.098
#     100000     10     8.5878e-01     4.4686e+01      0.019
#     100000     30     1.6226e+01     1.5301e+01      1.060
#     100000    100     2.9186e+01     3.5915e+01      0.813
#     100000    300     1.6221e+01     1.4160e+01      1.146
#     100000   1000     1.5373e+00     1.0380e+01      0.148
#     100000   3000     4.6770e-01     1.1134e+01      0.042
#     100000   8000     1.4316e+00     1.7408e+01      0.082
#    1000000     10     2.6090e+02     4.7173e+02      0.553
#    1000000     30     1.4772e+02     5.0087e+02      0.295
#    1000000    100     5.1138e+01     4.8417e+02      0.106
#    1000000    300     7.6636e+01     4.2382e+02      0.181
#    1000000   1000     3.6199e+01     3.4376e+02      0.105
#    1000000   3000     2.5108e+01     3.4139e+02      0.074
#    1000000   8000     1.0905e+00     3.5176e+02      0.003
#   10000000     10     6.8984e+02     1.4516e+03      0.475
#   10000000     30     7.3878e+02     1.9007e+03      0.389
#   10000000    100     3.7953e+02     1.8568e+03      0.204
#   10000000    300     1.9896e+02     1.9026e+03      0.105
#   10000000   1000     2.9278e+01     1.6474e+03      0.018
#   10000000   3000     1.4277e+01     1.5946e+03      0.009
#   10000000   8000     1.0372e+01     1.5471e+03      0.007

# === Decay fits ===
# x=10^4:
#    prime power-law slope = -0.7949, R^2_pow=0.4596, R^2_polylog=0.4387
#    gue   power-law slope = -0.0337, R^2_pow=0.0968, R^2_polylog=0.1401
# x=10^5:
#    prime power-law slope = -0.1684, R^2_pow=0.0255, R^2_polylog=0.0435
#    gue   power-law slope = +0.2447, R^2_pow=0.1797, R^2_polylog=0.1300
# x=10^6:
#    prime power-law slope = -1.2641, R^2_pow=0.5780, R^2_polylog=0.5045
#    gue   power-law slope = -0.0558, R^2_pow=0.6081, R^2_polylog=0.6777
# x=10^7:
#    prime power-law slope = -0.4965, R^2_pow=0.1820, R^2_polylog=0.2091
#    gue   power-law slope = -0.0305, R^2_pow=0.5990, R^2_polylog=0.6174
