==============================================================================
C6 — Three-Pillars × HKM Tradeoff Diagram
==============================================================================

Catalog size: 14 algorithms across 3 pillars.
Lower bound (E7.6): T*S >= Omega(N^{5/6}) for floor pillar.

------------------------------------------------------------------------------
PER-PILLAR PARETO FRONTIERS
------------------------------------------------------------------------------

Pillar: floor_values
    alpha = 8/15 = 0.5333           beta = 1/3 = 0.3333            T*S = 13/15 = 0.8667          : HKM (Helfgott-Kessler-Mendlovic)  <-- HKM

Pillar: prime_positions
    alpha = 1/2 = 0.5000            beta = 1/2 = 0.5000            T*S = 1/1 = 1.0000            : Aggarwal binary search on pi (E6.6)

Pillar: zeta_zeros
    alpha = 1/2 = 0.5000            beta = 1/2 = 0.5000            T*S = 1/1 = 1.0000            : Direct explicit-formula evaluation
    alpha = 1/2 = 0.5000            beta = 1/2 = 0.5000            T*S = 1/1 = 1.0000            : Galway 2004 zero-driven pi(x)
    alpha = 1/2 = 0.5000            beta = 1/2 = 0.5000            T*S = 1/1 = 1.0000            : Odlyzko-Schoenhage zeta evaluation
    alpha = 1/2 = 0.5000            beta = 1/2 = 0.5000            T*S = 1/1 = 1.0000            : Connes operator one-shot fit (S53)

------------------------------------------------------------------------------
PER-PILLAR BEST
------------------------------------------------------------------------------

Pillar: floor_values
    best time:   alpha=0.5333  beta=0.3333  : HKM (Helfgott-Kessler-Mendlovic)
    best space:  alpha=0.5333  beta=0.3333  : HKM (Helfgott-Kessler-Mendlovic)
    best T*S:    alpha=0.5333  beta=0.3333  T*S = 0.8667  : HKM (Helfgott-Kessler-Mendlovic)

Pillar: prime_positions
    best time:   alpha=0.5000  beta=0.5000  : Aggarwal binary search on pi (E6.6)
    best space:  alpha=0.5000  beta=0.5000  : Aggarwal binary search on pi (E6.6)
    best T*S:    alpha=0.5000  beta=0.5000  T*S = 1.0000  : Aggarwal binary search on pi (E6.6)

Pillar: zeta_zeros
    best time:   alpha=0.5000  beta=0.5000  : Direct explicit-formula evaluation
    best space:  alpha=0.5000  beta=0.5000  : Direct explicit-formula evaluation
    best T*S:    alpha=0.5000  beta=0.5000  T*S = 1.0000  : Direct explicit-formula evaluation

------------------------------------------------------------------------------
FLOOR PILLAR T*S SATURATION (vs E7.6 lower bound 5/6 = 0.8333)
------------------------------------------------------------------------------

algorithm                                           T*S exp   gap to 5/6
  HKM (Helfgott-Kessler-Mendlovic)                   0.8667      +0.0333
  Meissel-Lehmer (classical)                         1.0000      +0.1667
  Lucy + Fenwick tree update                         1.1667      +0.3333
  Gourdon variant                                    1.1667      +0.3333
  primecount (Walisch / Kim production)              1.1667      +0.3333
  Lucy DP basic                                      1.2500      +0.4167

------------------------------------------------------------------------------
HKM PLACEMENT
------------------------------------------------------------------------------

HKM: alpha = 8/15 = 0.5333  beta = 1/3 = 0.3333  T*S = 13/15 = 0.8667
Pillar by definition: floor_values
On floor_values Pareto frontier? YES
Cross-pillar dominators of HKM: NONE
  -> HKM's (alpha, beta) point is unique to the floor pillar.
     No zero-pillar or prime-pillar algorithm achieves both
     T <= N^{8/15} AND S <= N^{1/3} simultaneously.

------------------------------------------------------------------------------
PILLAR DOMINANCE (where each pillar leads)
------------------------------------------------------------------------------

pillar                    min alpha     min beta      min T*S
  floor_values               0.5333       0.3333       0.8667
  prime_positions            0.5000       0.5000       1.0000
  zeta_zeros                 0.5000       0.5000       1.0000

Time-only minimum (Pareto in alpha):  prime_positions, zeta_zeros at alpha = 0.5000
Space-only minimum (Pareto in beta):  floor_values at beta  = 0.3333
T*S-product minimum:                  floor_values at T*S   = 0.8667

------------------------------------------------------------------------------
TRADEOFF DIAGRAM (alpha = time exponent, beta = space exponent)
------------------------------------------------------------------------------

    space (beta)
    1.0  +---------------------+
    1.00 | ....................P |
         | ..................... |
         | ..................... |
         | ..................... |
    0.80 | ..................... |
         | ..................... |
         | ..................... |
         | ..................... |
    0.60 | ..................... |
         | ..................... |
         | ..........*..F.F....P |
         | ..................... |
    0.40 | ..................... |
         | ...........H.F....... |
         | ..................... |
         | ..................... |
    0.20 | ..................... |
         | ..................... |
         | ..................... |
         | ..................... |
    0.00 | ..................... |
         +---------------------+
           0.0     0.5     1.0
              time (alpha)

Legend: P = prime_positions  Z = zeta_zeros  F = floor_values  H = HKM  * = 2+ pillars at this point

------------------------------------------------------------------------------
FALSIFICATION CHECKS (pre-stated in definition.md)
------------------------------------------------------------------------------
  F1 (HKM dominated by some catalog entry): PASS (no violator)
  F2 (HKM cross-pillar dominated): PASS (no violator)
  F3 (all pillars have identical Pareto frontiers): PASS
  F4 (floor pillar T*S < 5/6, contradicting E7.6): PASS (no violator)

Verdict: CONSTRUCTION PASSES

JSON written to /apps/aplikacijos/prime-research/experiments/constructions/pillar_tradeoff_diagram/pillar_tradeoff_diagram_results.json
