# S166 squarefree extension — empirical verification


=== d=14 N=16384 pi(N)=1900 ===

  squarefree q in [2, 50]:  E_emp / E_pred (main term only)

     q  phi   r  mu      E_emp/N  E_pred_main    ratio    q*Var/N
     2    1   1  -1     219.8733     220.1050  0.99895     0.0000
     3    2   1  -1     109.8612     110.0525  0.99826     0.0404
     5    4   1  -1      54.8364      55.0263  0.99655     0.0417
     6    2   2  +1     109.6224     109.9366  0.99714     0.0732
     7    6   1  -1      36.4799      36.6842  0.99443     0.0271
    10    4   2  +1      54.7129      54.9683  0.99535     0.0751
    11   10   1  -1      21.8739      22.0105  0.99379     0.0946
    13   12   1  -1      18.2144      18.3421  0.99304     0.1033
    14    6   2  +1      36.4086      36.6455  0.99353     0.0592
    15    8   2  +1      27.3538      27.4842  0.99526     0.1241
    17   16   1  -1      13.6849      13.7566  0.99479     0.1592
    19   18   1  -1      12.3481      12.2281  1.00982     0.3508
    21   12   2  +1      18.2178      18.3228  0.99427     0.1149
    22   10   2  +1      21.8219      21.9873  0.99248     0.1821
    23   22   1  -1      10.0927      10.0048  1.00878     0.3183
    26   12   2  +1      18.1606      18.3228  0.99115     0.1899
    29   28   1  -1       8.0770       7.8609  1.02749     0.4462
    30    8   3  -1      27.2898      27.4552  0.99398     0.2250
    31   30   1  -1       7.7772       7.3368  1.06002     0.6704
    33   20   2  +1      10.9642      10.9937  0.99732     0.2413
    34   16   2  +1      13.6630      13.7421  0.99424     0.3232
    35   24   2  +1       9.4009       9.1614  1.02614     0.4013
    37   36   1  -1       6.3649       6.1140  1.04103     0.4805
    38   18   2  +1      12.3108      12.2152  1.00783     0.6876
    39   24   2  +1       9.4478       9.1614  1.03126     0.5614
    41   40   1  -1       6.1340       5.5026  1.11475     0.8608
    42   12   3  -1      18.1711      18.3035  0.99277     0.2177
    43   42   1  -1       5.8855       5.2406  1.12306     0.8741
    46   22   2  +1      10.0958       9.9942  1.01016     0.6580
    47   46   1  -1       5.5752       4.7849  1.16517     1.0193

  squarefree ratios: min=0.9912, max=1.1652, median=0.9972, mean=1.0178

  aggregate: sum E(q, N) for squarefree q <= Q*:

     Q*        sum_emp       sum_pred pi(N)^2/N * log Q*    A_emp
     10       585.3861       586.7730           507.3445   1.1566
     20       715.2698       717.2399           660.0704   1.0866
     50       934.7200       933.7440           861.9631   1.0833
    100      1115.3176      1080.2149          1014.6890   1.0646
    200      1468.4353      1236.2153          1167.4149   1.0589

=== d=16 N=65536 pi(N)=6542 ===

  squarefree q in [2, 50]:  E_emp / E_pred (main term only)

     q  phi   r  mu      E_emp/N  E_pred_main    ratio    q*Var/N
     2    1   1  -1     652.6428     652.8424  0.99969     0.0000
     3    2   1  -1     326.2337     326.4212  0.99943     0.0121
     5    4   1  -1     163.0537     163.2106  0.99904     0.0426
     6    2   2  +1     326.0322     326.3214  0.99911     0.0222
     7    6   1  -1     108.6232     108.8071  0.99831     0.0157
    10    4   2  +1     162.9503     163.1607  0.99871     0.0815
    11   10   1  -1      65.1356      65.2842  0.99772     0.0508
    13   12   1  -1      54.2769      54.4035  0.99767     0.0728
    14    6   2  +1     108.5563     108.7738  0.99800     0.0308
    15    8   2  +1      81.4907      81.5804  0.99890     0.1144
    17   16   1  -1      40.7793      40.8027  0.99943     0.1760
    19   18   1  -1      36.3174      36.2690  1.00133     0.2477
    21   12   2  +1      54.3458      54.3869  0.99924     0.1192
    22   10   2  +1      65.0904      65.2643  0.99734     0.0960
    23   22   1  -1      29.6673      29.6747  0.99975     0.1919
    26   12   2  +1      54.2492      54.3869  0.99747     0.1508
    29   28   1  -1      23.3753      23.3158  1.00255     0.2587
    30    8   3  -1      81.4451      81.5554  0.99865     0.2270
    31   30   1  -1      21.9544      21.7614  1.00887     0.3921
    33   20   2  +1      32.6879      32.6321  1.00171     0.2377
    34   16   2  +1      40.7562      40.7902  0.99917     0.3533
    35   24   2  +1      27.2825      27.1935  1.00328     0.2296
    37   36   1  -1      18.5551      18.1345  1.02320     0.6197
    38   18   2  +1      36.2979      36.2579  1.00110     0.4975
    39   24   2  +1      27.2347      27.1935  1.00152     0.2416
    41   40   1  -1      16.7927      16.3211  1.02890     0.6706
    42   12   3  -1      54.3059      54.3703  0.99882     0.2287
    43   42   1  -1      15.8935      15.5439  1.02249     0.5486
    46   22   2  +1      29.6524      29.6656  0.99955     0.3863
    47   46   1  -1      14.6339      14.1922  1.03112     0.6406

  squarefree ratios: min=0.9973, max=1.0311, median=0.9994, mean=1.0034

  aggregate: sum E(q, N) for squarefree q <= Q*:

     Q*        sum_emp       sum_pred pi(N)^2/N * log Q*    A_emp
     10      1739.5359      1740.7634          1503.6849   1.1577
     20      2126.0921      2127.8770          1956.3392   1.0877
     50      2770.3124      2770.5171          2554.7155   1.0845
    100      3227.4733      3205.2770          3007.3698   1.0658
    200      3837.0744      3668.3857          3460.0241   1.0602

=== d=18 N=262144 pi(N)=23000 ===

  squarefree q in [2, 50]:  E_emp / E_pred (main term only)

     q  phi   r  mu      E_emp/N  E_pred_main    ratio    q*Var/N
     2    1   1  -1    2017.6239    2017.7994  0.99991     0.0000
     3    2   1  -1    1008.7515    1008.8997  0.99985     0.0272
     5    4   1  -1     504.2905     504.4498  0.99968     0.0162
     6    2   2  +1    1008.5745    1008.8120  0.99976     0.0529
     7    6   1  -1     336.1299     336.2999  0.99949     0.0055
    10    4   2  +1     504.2019     504.4060  0.99960     0.0313
    11   10   1  -1     201.6419     201.7799  0.99932     0.0374
    13   12   1  -1     168.0648     168.1499  0.99949     0.0903
    14    6   2  +1     336.0720     336.2707  0.99941     0.0114
    15    8   2  +1     252.1558     252.2030  0.99981     0.1277
    17   16   1  -1     126.0489     126.1125  0.99950     0.1118
    19   18   1  -1     112.1737     112.1000  1.00066     0.2492
    21   12   2  +1     168.0594     168.1353  0.99955     0.0736
    22   10   2  +1     201.6043     201.7624  0.99922     0.0721
    23   22   1  -1      91.6373      91.7182  0.99912     0.0945
    26   12   2  +1     168.0367     168.1353  0.99941     0.1816
    29   28   1  -1      72.1100      72.0643  1.00063     0.2211
    30    8   3  -1     252.1116     252.1811  0.99972     0.2524
    31   30   1  -1      67.4248      67.2600  1.00245     0.3402
    33   20   2  +1     100.8464     100.8812  0.99966     0.1349
    34   16   2  +1     126.0348     126.1015  0.99947     0.2314
    35   24   2  +1      84.2934      84.0677  1.00269     0.3202
    37   36   1  -1      56.3306      56.0500  1.00501     0.4559
    38   18   2  +1     112.1536     112.0902  1.00057     0.4975
    39   24   2  +1      84.1296      84.0677  1.00074     0.2816
    41   40   1  -1      50.7822      50.4450  1.00668     0.5125
    42   12   3  -1     168.0297     168.1207  0.99946     0.1456
    43   42   1  -1      48.3350      48.0428  1.00608     0.4675
    46   22   2  +1      91.6236      91.7102  0.99906     0.1911
    47   46   1  -1      44.3319      43.8652  1.01064     0.6420

  squarefree ratios: min=0.9991, max=1.0106, median=0.9997, mean=1.0009

  non-squarefree q in [2, 50] (main term vanishes):

     q  phi      E_emp    q*Var/N    ratio
     4    2     0.0231     0.0231   1.0003
     8    4     0.0184     0.0415   0.4438
     9    6     0.0144     0.0416   0.3452
    12    4     0.0286     0.1046   0.2738
    16    8     0.0100     0.0514   0.1946
    18    6     0.0155     0.0827   0.1874
    20    8     0.0337     0.0880   0.3827
    24    8     0.1156     0.2385   0.4847
    25   20     0.1250     0.1410   0.8860
    27   18     0.0878     0.1293   0.6791
    28   12     0.0501     0.0845   0.5927
    32   16     0.0897     0.1411   0.6358
    36   12     0.1029     0.2372   0.4339
    40   16     0.0524     0.1587   0.3303
    44   20     0.2933     0.3884   0.7552

  aggregate: sum E(q, N) for squarefree q <= Q*:

     Q*        sum_emp       sum_pred pi(N)^2/N * log Q*    A_emp
     10      5379.5722      5380.6668          4646.5588   1.1580
     20      6575.7292      6577.2827          6045.3124   1.0880
     50      8563.6042      8563.9813          7894.3641   1.0848
    100      9925.4234      9908.0230          9293.1176   1.0662
    200     11467.6572     11339.7609         10691.8712   1.0606

=== d=20 N=1048576 pi(N)=82025 ===

  squarefree q in [2, 50]:  E_emp / E_pred (main term only)

     q  phi   r  mu      E_emp/N  E_pred_main    ratio    q*Var/N
     2    1   1  -1    6416.1039    6416.2603  0.99998     0.0000
     3    2   1  -1    3207.9779    3208.1302  0.99995     0.0042
     5    4   1  -1    1603.9125    1604.0651  0.99990     0.0038
     6    2   2  +1    3207.8211    3208.0519  0.99993     0.0080
     7    6   1  -1    1069.2284    1069.3767  0.99986     0.0082
    10    4   2  +1    1603.8340    1604.0260  0.99988     0.0074
    11   10   1  -1     641.4990     641.6260  0.99980     0.0294
    13   12   1  -1     534.5837     534.6884  0.99980     0.0518
    14    6   2  +1    1069.1768    1069.3506  0.99984     0.0168
    15    8   2  +1     801.8999     802.0130  0.99986     0.0122
    17   16   1  -1     400.9363     401.0163  0.99980     0.0764
    19   18   1  -1     356.4210     356.4589  0.99989     0.1186
    21   12   2  +1     534.6054     534.6753  0.99987     0.0467
    22   10   2  +1     641.4677     641.6104  0.99978     0.0588
    23   22   1  -1     291.6300     291.6482  0.99994     0.1382
    26   12   2  +1     534.5573     534.6753  0.99978     0.1033
    29   28   1  -1     229.1390     229.1522  0.99994     0.1432
    30    8   3  -1     801.8603     801.9934  0.99983     0.0233
    31   30   1  -1     213.8334     213.8753  0.99980     0.1145
    33   20   2  +1     320.8042     320.8052  1.00000     0.1264
    34   16   2  +1     400.9163     401.0065  0.99978     0.1525
    35   24   2  +1     267.3204     267.3377  0.99994     0.0598
    37   36   1  -1     178.4028     178.2295  1.00097     0.3297
    38   18   2  +1     356.4021     356.4502  0.99986     0.2355
    39   24   2  +1     267.3762     267.3377  1.00014     0.1857
    41   40   1  -1     160.5494     160.4065  1.00089     0.2993
    42   12   3  -1     534.5790     534.6623  0.99984     0.0932
    43   42   1  -1     152.8892     152.7681  1.00079     0.2775
    46   22   2  +1     291.6160     291.6411  0.99991     0.2766
    47   46   1  -1     139.7165     139.4839  1.00167     0.3889

  squarefree ratios: min=0.9998, max=1.0017, median=0.9999, mean=1.0000

  aggregate: sum E(q, N) for squarefree q <= Q*:

     Q*        sum_emp       sum_pred pi(N)^2/N * log Q*    A_emp
     10     17108.8778     17109.9102         14774.3456   1.1581
     20     20913.3945     20915.0634         19221.8668   1.0881
     50     27231.0594     27232.8221         25101.1700   1.0849
    100     31518.1523     31506.9106         29548.6912   1.0663
    200     36158.7628     36059.9269         33996.2124   1.0607

=== Wirsing constant: sum_{q sqf <= Q} 1/phi(q) / log(Q) ===

       Q   sum 1/phi(q)      log Q   ratio (-> B)
      10         2.6667     2.3026         1.1581
      50         4.2444     3.9120         1.0850
     100         4.9105     4.6052         1.0663
     200         5.6202     5.2983         1.0607
     500         6.5495     6.2146         1.0539
    1000         7.2400     6.9078         1.0481
    2000         7.9301     7.6009         1.0433
    5000         8.8510     8.5172         1.0392
