N=6; PRIMES weight=18; #prime∩odd=17, #prime∩even=1
P(prime|odd) = 0.5312,  P(prime|even) = 0.0312
PRIMES bit_0 accuracy = 0.7500
K = 1458 candidates (0.1s enumeration)

=== Stratified (k_odd=17, k_even=1) ===

-- stratified sample seed=1000, weight=18, bit0_acc=0.7500 --
  Search over K=1458 candidates, target weight = 18
  M=  3: unsat (0.6s)
  M=  4: unsat (0.9s)
  M=  5: sat (1.2s) gates=5 verified=True

-- stratified sample seed=1001, weight=18, bit0_acc=0.7500 --
  Search over K=1458 candidates, target weight = 18
  M=  3: unsat (0.9s)
  M=  4: unsat (1.0s)
  M=  5: unsat (3.3s)
  M=  6: sat (13.9s) gates=6 verified=True

-- stratified sample seed=1002, weight=18, bit0_acc=0.7500 --
  Search over K=1458 candidates, target weight = 18
  M=  3: unsat (0.4s)
  M=  4: unsat (1.4s)
  M=  5: unsat (7.6s)
  M=  6: sat (6.6s) gates=6 verified=True

-- stratified sample seed=1003, weight=18, bit0_acc=0.7500 --
  Search over K=1458 candidates, target weight = 18
  M=  3: unsat (0.7s)
  M=  4: unsat (1.0s)
  M=  5: unsat (9.6s)
  M=  6: sat (6.7s) gates=6 verified=True

-- stratified sample seed=1004, weight=18, bit0_acc=0.7500 --
  Search over K=1458 candidates, target weight = 18
  M=  3: unsat (0.7s)
  M=  4: unsat (0.6s)
  M=  5: sat (1.1s) gates=5 verified=True

-- stratified sample seed=1005, weight=18, bit0_acc=0.7500 --
  Search over K=1458 candidates, target weight = 18
  M=  3: unsat (0.9s)
  M=  4: unsat (1.0s)
  M=  5: unsat (8.1s)
  M=  6: sat (7.0s) gates=6 verified=True

-- stratified sample seed=1006, weight=18, bit0_acc=0.7500 --
  Search over K=1458 candidates, target weight = 18
  M=  3: unsat (0.4s)
  M=  4: unsat (0.7s)
  M=  5: unsat (4.5s)
  M=  6: sat (29.7s) gates=6 verified=True

-- stratified sample seed=1007, weight=18, bit0_acc=0.7500 --
  Search over K=1458 candidates, target weight = 18
  M=  3: unsat (0.5s)
  M=  4: unsat (0.8s)
  M=  5: sat (1.0s) gates=5 verified=True

-- stratified sample seed=1008, weight=18, bit0_acc=0.7500 --
  Search over K=1458 candidates, target weight = 18
  M=  3: unsat (0.9s)
  M=  4: unsat (6.3s)
  M=  5: sat (1.7s) gates=5 verified=True

-- stratified sample seed=1009, weight=18, bit0_acc=0.7500 --
  Search over K=1458 candidates, target weight = 18
  M=  3: unsat (0.8s)
  M=  4: unsat (1.0s)
  M=  5: unsat (0.7s)
  M=  6: sat (22.7s) gates=6 verified=True

-- stratified sample seed=1010, weight=18, bit0_acc=0.7500 --
  Search over K=1458 candidates, target weight = 18
  M=  3: unsat (1.0s)
  M=  4: unsat (1.5s)
  M=  5: unsat (1.1s)
  M=  6: sat (1.1s) gates=6 verified=True

-- stratified sample seed=1011, weight=18, bit0_acc=0.7500 --
  Search over K=1458 candidates, target weight = 18
  M=  3: unsat (0.5s)
  M=  4: unsat (0.6s)
  M=  5: unsat (8.2s)
  M=  6: sat (3.6s) gates=6 verified=True

-- stratified sample seed=1012, weight=18, bit0_acc=0.7500 --
  Search over K=1458 candidates, target weight = 18
  M=  3: unsat (0.7s)
  M=  4: unsat (0.9s)
  M=  5: unsat (7.3s)
  M=  6: sat (4.2s) gates=6 verified=True

-- stratified sample seed=1013, weight=18, bit0_acc=0.7500 --
  Search over K=1458 candidates, target weight = 18
  M=  3: unsat (0.8s)
  M=  4: unsat (1.0s)
  M=  5: unsat (10.3s)
  M=  6: sat (5.4s) gates=6 verified=True

-- stratified sample seed=1014, weight=18, bit0_acc=0.7500 --
  Search over K=1458 candidates, target weight = 18
  M=  3: unsat (0.8s)
  M=  4: unsat (1.3s)
  M=  5: unsat (1.0s)
  M=  6: sat (1.5s) gates=6 verified=True

-- stratified sample seed=1015, weight=18, bit0_acc=0.7500 --
  Search over K=1458 candidates, target weight = 18
  M=  3: unsat (0.9s)
  M=  4: unsat (0.9s)
  M=  5: unsat (10.5s)
  M=  6: sat (4.4s) gates=6 verified=True

-- stratified sample seed=1016, weight=18, bit0_acc=0.7500 --
  Search over K=1458 candidates, target weight = 18
  M=  3: unsat (0.7s)
  M=  4: unsat (0.7s)
  M=  5: unsat (6.7s)
  M=  6: sat (13.6s) gates=6 verified=True

-- stratified sample seed=1017, weight=18, bit0_acc=0.7500 --
  Search over K=1458 candidates, target weight = 18
  M=  3: unsat (0.5s)
  M=  4: unsat (0.9s)
  M=  5: unsat (3.5s)
  M=  6: sat (4.5s) gates=6 verified=True

-- stratified sample seed=1018, weight=18, bit0_acc=0.7500 --
  Search over K=1458 candidates, target weight = 18
  M=  3: unsat (0.7s)
  M=  4: unsat (0.8s)
  M=  5: unsat (9.8s)
  M=  6: sat (5.1s) gates=6 verified=True

-- stratified sample seed=1019, weight=18, bit0_acc=0.7500 --
  Search over K=1458 candidates, target weight = 18
  M=  3: unsat (0.6s)
  M=  4: unsat (1.0s)
  M=  5: unsat (7.1s)
  M=  6: sat (4.0s) gates=6 verified=True

=== Bernoulli (p_odd=0.5312, p_even=0.0312) ===

-- bernoulli sample seed=11000, weight=17, bit0_acc=0.7031 --
  Search over K=1458 candidates, target weight = 17
  M=  3: unsat (1.0s)
  M=  4: unsat (1.1s)
  M=  5: unsat (9.0s)
  M=  6: sat (3.4s) gates=6 verified=True

-- bernoulli sample seed=11001, weight=22, bit0_acc=0.7812 --
  Search over K=1458 candidates, target weight = 22
  M=  3: unsat (0.6s)
  M=  4: unsat (1.0s)
  M=  5: unsat (5.7s)
  M=  6: sat (3.9s) gates=6 verified=True

-- bernoulli sample seed=11002, weight=19, bit0_acc=0.7969 --
  Search over K=1458 candidates, target weight = 19
  M=  3: unsat (1.0s)
  M=  4: unsat (1.2s)
  M=  5: sat (7.9s) gates=5 verified=True

-- bernoulli sample seed=11003, weight=17, bit0_acc=0.7656 --
  Search over K=1458 candidates, target weight = 17
  M=  3: unsat (0.8s)
  M=  4: unsat (2.9s)
  M=  5: sat (1.2s) gates=5 verified=True

-- bernoulli sample seed=11004, weight=16, bit0_acc=0.7500 --
  Search over K=1458 candidates, target weight = 16
  M=  3: unsat (0.8s)
  M=  4: unsat (2.9s)
  M=  5: sat (1.2s) gates=5 verified=True

-- bernoulli sample seed=11005, weight=19, bit0_acc=0.7656 --
  Search over K=1458 candidates, target weight = 19
  M=  3: unsat (0.5s)
  M=  4: unsat (0.7s)
  M=  5: unsat (4.6s)
  M=  6: sat (5.3s) gates=6 verified=True

-- bernoulli sample seed=11006, weight=18, bit0_acc=0.7500 --
  Search over K=1458 candidates, target weight = 18
  M=  3: unsat (0.7s)
  M=  4: unsat (0.7s)
  M=  5: unsat (10.0s)
  M=  6: sat (4.3s) gates=6 verified=True

-- bernoulli sample seed=11007, weight=20, bit0_acc=0.8125 --
  Search over K=1458 candidates, target weight = 20
  M=  3: unsat (0.6s)
  M=  4: unsat (2.3s)
  M=  5: sat (1.6s) gates=5 verified=True

-- bernoulli sample seed=11008, weight=19, bit0_acc=0.7344 --
  Search over K=1458 candidates, target weight = 19
  M=  3: unsat (1.0s)
  M=  4: unsat (0.7s)
  M=  5: unsat (0.8s)
  M=  6: unsat (17.4s)
  M=  7: sat (8.7s) gates=7 verified=True

-- bernoulli sample seed=11009, weight=20, bit0_acc=0.7812 --
  Search over K=1458 candidates, target weight = 20
  M=  3: unsat (0.9s)
  M=  4: unsat (1.1s)
  M=  5: unsat (9.7s)
  M=  6: sat (5.6s) gates=6 verified=True

-- bernoulli sample seed=11010, weight=18, bit0_acc=0.7812 --
  Search over K=1458 candidates, target weight = 18
  M=  3: unsat (1.1s)
  M=  4: unsat (7.2s)
  M=  5: unsat (8.6s)
  M=  6: sat (4.6s) gates=6 verified=True

-- bernoulli sample seed=11011, weight=18, bit0_acc=0.7500 --
  Search over K=1458 candidates, target weight = 18
  M=  3: unsat (0.9s)
  M=  4: unsat (1.4s)
  M=  5: unsat (13.3s)
  M=  6: sat (5.5s) gates=6 verified=True

-- bernoulli sample seed=11012, weight=22, bit0_acc=0.7812 --
  Search over K=1458 candidates, target weight = 22
  M=  3: unsat (0.7s)
  M=  4: unsat (1.0s)
  M=  5: unsat (7.7s)
  M=  6: sat (4.0s) gates=6 verified=True

-- bernoulli sample seed=11013, weight=16, bit0_acc=0.7188 --
  Search over K=1458 candidates, target weight = 16
  M=  3: unsat (1.1s)
  M=  4: unsat (3.8s)
  M=  5: unsat (12.2s)
  M=  6: sat (5.0s) gates=6 verified=True

-- bernoulli sample seed=11014, weight=16, bit0_acc=0.7188 --
  Search over K=1458 candidates, target weight = 16
  M=  3: unsat (1.1s)
  M=  4: unsat (1.1s)
  M=  5: sat (4.1s) gates=5 verified=True

-- bernoulli sample seed=11015, weight=13, bit0_acc=0.6719 --
  Search over K=1458 candidates, target weight = 13
  M=  3: unsat (0.7s)
  M=  4: unsat (1.3s)
  M=  5: sat (1.7s) gates=5 verified=True

-- bernoulli sample seed=11016, weight=17, bit0_acc=0.7656 --
  Search over K=1458 candidates, target weight = 17
  M=  3: unsat (0.7s)
  M=  4: unsat (9.7s)
  M=  5: unsat (2.8s)
  M=  6: sat (4.5s) gates=6 verified=True

-- bernoulli sample seed=11017, weight=14, bit0_acc=0.7188 --
  Search over K=1458 candidates, target weight = 14
  M=  3: unsat (6.6s)
  M=  4: unsat (5.4s)
  M=  5: unsat (7.8s)
  M=  6: sat (8.5s) gates=6 verified=True

-- bernoulli sample seed=11018, weight=8, bit0_acc=0.6250 --
  Search over K=1458 candidates, target weight = 8
  M=  3: unsat (16.2s)
  M=  4: unsat (5.7s)
  M=  5: sat (1.2s) gates=5 verified=True

-- bernoulli sample seed=11019, weight=20, bit0_acc=0.7188 --
  Search over K=1458 candidates, target weight = 20
  M=  3: unsat (0.7s)
  M=  4: unsat (0.7s)
  M=  5: unsat (1.0s)
  M=  6: unsat (15.7s)
  M=  7: sat (9.3s) gates=7 verified=True


=== Summary ===
PRIMES (S84): min_M = 6
Unbiased random (S84, 10 seeds): min_M ∈ {7, 8}, mean 7.6

Calibrated stratified:
  seed 1000: weight=18, bit0_acc=0.7500, min_M = 5
  seed 1001: weight=18, bit0_acc=0.7500, min_M = 6
  seed 1002: weight=18, bit0_acc=0.7500, min_M = 6
  seed 1003: weight=18, bit0_acc=0.7500, min_M = 6
  seed 1004: weight=18, bit0_acc=0.7500, min_M = 5
  seed 1005: weight=18, bit0_acc=0.7500, min_M = 6
  seed 1006: weight=18, bit0_acc=0.7500, min_M = 6
  seed 1007: weight=18, bit0_acc=0.7500, min_M = 5
  seed 1008: weight=18, bit0_acc=0.7500, min_M = 5
  seed 1009: weight=18, bit0_acc=0.7500, min_M = 6
  seed 1010: weight=18, bit0_acc=0.7500, min_M = 6
  seed 1011: weight=18, bit0_acc=0.7500, min_M = 6
  seed 1012: weight=18, bit0_acc=0.7500, min_M = 6
  seed 1013: weight=18, bit0_acc=0.7500, min_M = 6
  seed 1014: weight=18, bit0_acc=0.7500, min_M = 6
  seed 1015: weight=18, bit0_acc=0.7500, min_M = 6
  seed 1016: weight=18, bit0_acc=0.7500, min_M = 6
  seed 1017: weight=18, bit0_acc=0.7500, min_M = 6
  seed 1018: weight=18, bit0_acc=0.7500, min_M = 6
  seed 1019: weight=18, bit0_acc=0.7500, min_M = 6
  -> N=20/20 resolved, min_M distribution: mean=5.80, min=5, max=6, hist={5: 4, 6: 16}

Calibrated bernoulli:
  seed 11000: weight=17, bit0_acc=0.7031, min_M = 6
  seed 11001: weight=22, bit0_acc=0.7812, min_M = 6
  seed 11002: weight=19, bit0_acc=0.7969, min_M = 5
  seed 11003: weight=17, bit0_acc=0.7656, min_M = 5
  seed 11004: weight=16, bit0_acc=0.7500, min_M = 5
  seed 11005: weight=19, bit0_acc=0.7656, min_M = 6
  seed 11006: weight=18, bit0_acc=0.7500, min_M = 6
  seed 11007: weight=20, bit0_acc=0.8125, min_M = 5
  seed 11008: weight=19, bit0_acc=0.7344, min_M = 7
  seed 11009: weight=20, bit0_acc=0.7812, min_M = 6
  seed 11010: weight=18, bit0_acc=0.7812, min_M = 6
  seed 11011: weight=18, bit0_acc=0.7500, min_M = 6
  seed 11012: weight=22, bit0_acc=0.7812, min_M = 6
  seed 11013: weight=16, bit0_acc=0.7188, min_M = 6
  seed 11014: weight=16, bit0_acc=0.7188, min_M = 5
  seed 11015: weight=13, bit0_acc=0.6719, min_M = 5
  seed 11016: weight=17, bit0_acc=0.7656, min_M = 6
  seed 11017: weight=14, bit0_acc=0.7188, min_M = 6
  seed 11018: weight=8, bit0_acc=0.6250, min_M = 5
  seed 11019: weight=20, bit0_acc=0.7188, min_M = 7
  -> N=20/20 resolved, min_M distribution: mean=5.75, min=5, max=7, hist={5: 7, 6: 11, 7: 2}

Wrote calibrated_d2_n6.json
