[setup] sieve to 10,000,000: 664,579 primes in 0.0s
[window] M=2000, start prime ~ 1,000,003, mean(norm gap) = 0.9826, std = 0.8153
[primes] cloud (1998, 3); running ripser...
[primes] PH in 4.5s; summaries = {'T0': 243.34173155239097, 'L0': 1.7713998556137085, 'T1': 37.23766767978668, 'L1': 0.37310123443603516, 'N1': 0}
[B1] running 20 IID Exp(1) baselines, M=2000, d=3
   B1 5/20
   B1 10/20
   B1 15/20
   B1 20/20
[B2] running 20 gap-permuted baselines
   B2 5/20
   B2 10/20
   B2 15/20
   B2 20/20

[done] wrote main_run_d3.json
PRIMES : {'T0': 243.34173155239097, 'L0': 1.7713998556137085, 'T1': 37.23766767978668, 'L1': 0.37310123443603516, 'N1': 0}
B1 mean: {'T0': 349.3215862430749, 'L0': 2.3870603501796723, 'T1': 45.089033093489704, 'L1': 0.45101395100355146, 'N1': 0.35}
B2 mean: {'T0': 277.4342199688964, 'L0': 1.6753434121608735, 'T1': 56.087071052418466, 'L1': 0.3705157607793808, 'N1': 0.0}
z(P;B1): {'T0': -10.313389773774743, 'L0': -0.9617515988005179, 'T1': -4.203133517475495, 'L1': -0.933307871175545, 'N1': -0.5217491947499509}
z(P;B2): {'T0': -8.695371800540798, 'L0': 0.3546632779124008, 'T1': -11.994607695903865, 'L1': 0.04900224827532509, 'N1': 0.0}
rank in B1: {'T0': 0.0, 'L0': 0.2, 'T1': 0.0, 'L1': 0.15, 'N1': 0.75}
rank in B2: {'T0': 0.0, 'L0': 0.65, 'T1': 0.0, 'L1': 0.55, 'N1': 1.0}
