=== 1. chi_P width profile vs matched random ===
  n    peak_P  argpeak     sumW_P  c=log(sumW)/n  peak_rand  sumW_rand
 16      1093       11       3265         0.7296       1585       4533
 18      4044       12      10092         0.7389       4604      14249
 20     14708       14      33671         0.7520      15488      46131
 22     43746       16     112345         0.7626      55585     151756
 24    130937       17     367549         0.7703     185111     510488
    full profile  W_j(chi_P), n=24:
    2 4 8 16 32 64 128 256 512 1024 2048 4096 8192 16384 32768 65536 130937 102200 3213 107 14 5 3
    full profile  W_j(random), n=24:
    2 4 8 16 32 64 128 256 512 1024 2048 4096 8192 16384 32768 65536 130865 185111 58506 4707 209 16 4
    middle-cut width: chi_P 4096 vs 2^(n/2-1)+2 = 2050 (E2.1 rank bound)

=== 2. division relation [u = floor(v/p)] width (n=8) ===
   p  max_width    max/p  profile(first 10 cuts)
   3          7     2.33  [2, 3, 5, 4, 7, 4, 7, 4, 7, 4]
   5         11     2.20  [2, 3, 5, 5, 9, 6, 11, 6, 11, 6]
   7         15     2.14  [2, 3, 5, 5, 9, 8, 15, 8, 15, 8]
  11         23     2.09  [2, 3, 5, 5, 9, 9, 17, 12, 23, 12]
  13         27     2.08  [2, 3, 5, 5, 9, 9, 17, 14, 27, 14]

=== 3. comparator [v >= M] width (n=12) ===
  M=   37: max width = 3
  M= 1000: max width = 3
  M= 4091: max width = 3
