Loading 8000 zeta zeros (mp dps=25)...
  loaded 8000 zeros in 0.0s (gamma_1=14.1347, gamma_K=8148.1884).

[x = 1e+05]

[x = 1e+06]

[x = 1e+07]

[x = 1e+08]

[x = 1e+10]

============================================================================================
         x   policy       K      sigma      |err|      eps/sx   sgima/sx    r_em
--------------------------------------------------------------------------------------------
     1e+05      K=1       1        inf      2.552   8.070e-03        inf     nan
     1e+05     logx      12      4.435      1.050   3.320e-03  1.402e-02   0.237
     1e+05      x14      18      4.212      1.322   4.181e-03  1.332e-02   0.314
     1e+05    log2x     133      2.622      0.405   1.281e-03  8.290e-03   0.155
     1e+05      x12     316      2.002      1.272   4.022e-03  6.330e-03   0.635
     1e+05    log3x    1526      1.160      0.190   6.022e-04  3.669e-03   0.164
     1e+05    log4x    8000      0.621      0.296   9.350e-04  1.964e-03   0.476
     1e+05    log6x    8000      0.621      0.296   9.350e-04  1.964e-03   0.476
     1e+06      K=1       1        inf     24.182   2.418e-02        inf     nan
     1e+06     logx      14     11.491     19.047   1.905e-02  1.149e-02   1.658
     1e+06      x14      32      9.981     11.305   1.131e-02  9.981e-03   1.133
     1e+06    log2x     191      6.192      3.119   3.119e-03  6.192e-03   0.504
     1e+06      x12    1000      3.559      2.625   2.625e-03  3.559e-03   0.738
     1e+06    log3x    2637      2.499      1.374   1.374e-03  2.499e-03   0.550
     1e+06    log4x    8000      1.637      0.113   1.134e-04  1.637e-03   0.069
     1e+06    log6x    8000      1.637      0.113   1.134e-04  1.637e-03   0.069
     1e+07      K=1       1        inf     61.242   1.937e-02        inf     nan
     1e+07     logx      16     30.609     40.604   1.284e-02  9.679e-03   1.327
     1e+07      x14      56     23.754     31.035   9.814e-03  7.512e-03   1.307
     1e+07    log2x     260     15.229     15.411   4.873e-03  4.816e-03   1.012
     1e+07      x12    3162      6.329      0.005   1.620e-06  2.001e-03   0.001
     1e+07    log3x    4187      5.691      1.144   3.617e-04  1.800e-03   0.201
     1e+07    log4x    8000      4.437      0.782   2.472e-04  1.403e-03   0.176
     1e+07    log6x    8000      4.437      0.782   2.472e-04  1.403e-03   0.176
     1e+08      K=1       1        inf     69.643   6.964e-03        inf     nan
     1e+08     logx      18     83.243     38.329   3.833e-03  8.324e-03   0.460
     1e+08      x14     100     56.270     47.071   4.707e-03  5.627e-03   0.837
     1e+08    log2x     339     38.663     17.299   1.730e-03  3.866e-03   0.447
     1e+08    log3x    6251     13.508      5.932   5.932e-04  1.351e-03   0.439
     1e+08    log4x    8000     12.277      3.844   3.844e-04  1.228e-03   0.313
     1e+08    log6x    8000     12.277      3.844   3.844e-04  1.228e-03   0.313
     1e+08      x12    8000     12.277      3.844   3.844e-04  1.228e-03   0.313
     1e+10      K=1       1        inf   1249.821   1.250e-02        inf     nan
     1e+10     logx      23    639.089    215.756   2.158e-03  6.391e-03   0.338
     1e+10      x14     316    316.503    182.403   1.824e-03  3.165e-03   0.576
     1e+10    log2x     530    266.347    174.271   1.743e-03  2.663e-03   0.654
     1e+10    log3x    8000     98.220     48.126   4.813e-04  9.822e-04   0.490
     1e+10    log4x    8000     98.220     48.126   4.813e-04  9.822e-04   0.490
     1e+10    log6x    8000     98.220     48.126   4.813e-04  9.822e-04   0.490
     1e+10      x12    8000     98.220     48.126   4.813e-04  9.822e-04   0.490

============================================================================================
NAMED-EXPONENT COROLLARY (under Montgomery random-phase heuristic):
  K = log^alpha(x) zeros => sigma(x, K) ~ sqrt(x) * log log x / log^{1 + alpha/2} x

 alpha       K formula      x=1e6      x=1e8     x=1e10     x=1e12     x=1e15
     2         log^2 x       6.19       38.7        266   1.96e+03   4.23e+04
     3         log^3 x        2.5       13.5       83.2        558   1.08e+04
     4         log^4 x      0.897        4.2       23.1        142   2.45e+03
     6         log^6 x     0.0973      0.342       1.51       7.69        106
     8         log^8 x    0.00939     0.0247     0.0873      0.371        4.1

  Concrete sigma / sqrt(x) at K = log^alpha x:
 alpha       x=1e6      x=1e8     x=1e10     x=1e12     x=1e15
     2   6.192e-03  3.866e-03  2.663e-03  1.957e-03  1.337e-03
     3   2.499e-03  1.351e-03  8.325e-04  5.584e-04  3.412e-04
     4   8.965e-04  4.197e-04  2.313e-04  1.416e-04  7.740e-05
     6   9.734e-05  3.417e-05  1.507e-05  7.689e-06  3.361e-06
     8   9.394e-06  2.473e-06  8.726e-07  3.711e-07  1.298e-07

Wrote CSV: /apps/aplikacijos/prime-research/experiments/analytic/polylog_approx_pi/polylog_approx_pi_main.csv
