Loading 8000 zeta zeros (mp dps=25)...
  loaded 8000 zeros in 0.0s (gamma_1=14.1347, gamma_K=8148.1884)

[anchor 10^7]  N=30 samples in [1.04e+07, 3.163e+07]; pi(10^7)=664579
  segmented-sieve pi(x_j): 0.4s (pi range [689699, 1952541])

[anchor 10^8]  N=30 samples in [1.04e+08, 3.163e+08]; pi(10^8)=5761455
  segmented-sieve pi(x_j): 4.0s (pi range [5981207, 17087785])

[anchor 10^9]  N=30 samples in [1.04e+09, 3.163e+09]; pi(10^9)=50847534
  segmented-sieve pi(x_j): 41.3s (pi range [52800244, 151922633])

==================================================================================================================================
 anchor   policy      K    N   sig_pred  med|err|  mean|err|   med/sig  mean/sig  KSp_pred   KSp_eff  sig_eff/sig_pred
----------------------------------------------------------------------------------------------------------------------------------
   10^7     Kmax   8000   30      5.865     3.078      3.895     0.555     0.678     0.250     0.192             0.904
   10^7    log2x    279   30     19.632    10.391     11.602     0.555     0.575     0.215     0.539             0.756
   10^7    log3x   4702   30      7.197     3.563      4.114     0.552     0.571     0.037     0.713             0.746
   10^7     logx     17   30     40.107    25.460     24.746     0.591     0.615     0.140     0.486             0.734
   10^8     Kmax   8000   30     16.305     8.836     10.721     0.591     0.642     0.261     0.210             0.781
   10^8    log2x    362   30     50.202    24.335     26.708     0.428     0.526     0.027     0.690             0.644
   10^8    log3x   6920   30     17.248     9.697     11.301     0.563     0.635     0.311     0.729             0.796
   10^8     logx     19   30    109.613    33.023     47.688     0.304     0.426     0.001     0.140             0.599
   10^9     Kmax   8000   30     46.002    24.699     26.860     0.582     0.558     0.009     0.695             0.754
   10^9    log2x    456   30    131.263    71.245     69.215     0.558     0.531     0.012     0.590             0.620
   10^9    log3x   8000   30     46.002    24.699     26.860     0.582     0.558     0.009     0.695             0.754
   10^9     logx     22   30    304.163   227.493    202.114     0.862     0.689     0.505     0.500             0.816

Wrote per-sample CSV: /apps/aplikacijos/prime-research/experiments/analytic/polylog_approx_pi/multi_sample_data.csv  (450 rows)
Wrote summary CSV: /apps/aplikacijos/prime-research/experiments/analytic/polylog_approx_pi/multi_sample_summary.csv  (12 rows)

==============================================================================================================
EXTRAPOLATION (sigma_pred for K = log^alpha x); rows = alpha, cols = log10 x
- raw sigma below diagonal, sigma / sqrt(x) above

alpha   K_at(1e10)   -- sigma(x, K=log^alpha x) --
                             1e6         1e8        1e10        1e12        1e15        1e18        1e21        1e24
  2.0          530          6.19        38.7         266    1.96e+03    4.23e+04    9.76e+05    2.36e+07    5.91e+08
  3.0        12208           2.5        13.5        83.2         558    1.08e+04    2.27e+05    5.09e+06    1.19e+08
  4.0       281101         0.897         4.2        23.1         142    2.45e+03    4.71e+04    9.77e+05    2.14e+07
  6.0    149037011        0.0973       0.342        1.51        7.69         106     1.7e+03    3.03e+04    5.81e+05
  8.0  79017904734       0.00939      0.0247      0.0873       0.371         4.1        54.8         835     1.4e+04

alpha               -- sigma / sqrt(x) --
                             1e6         1e8        1e10        1e12        1e15        1e18        1e21        1e24
  2.0                  6.192e-03   3.866e-03   2.663e-03   1.957e-03   1.337e-03   9.760e-04   7.467e-04   5.914e-04
  3.0                  2.499e-03   1.351e-03   8.325e-04   5.584e-04   3.412e-04   2.274e-04   1.611e-04   1.193e-04
  4.0                  8.965e-04   4.197e-04   2.313e-04   1.416e-04   7.740e-05   4.710e-05   3.089e-05   2.140e-05
  6.0                  9.734e-05   3.417e-05   1.507e-05   7.689e-06   3.361e-06   1.704e-06   9.581e-07   5.810e-07
  8.0                  9.394e-06   2.473e-06   8.726e-07   3.711e-07   1.298e-07   5.483e-08   2.642e-08   1.402e-08
