Slot 4 / Thread 7: paired-kernel comparison
  anchors = 10^[7, 8, 9]
  N = 20 samples per anchor
  K_targets = [500, 1000, 2000, 4000] (K_max = 4000)
  kernels = ['hard', 'paired_hann', 'paired_triangle', 'paired_riesz', 'antipair_03', 'antipair_05', 'half_int', 'boundary_pair']

Loading 4000 zeta zeros (mp dps=25)...
  loaded 4000 zeros in 0.0s (gamma_1=14.1347, gamma_K=4506.3115)

[anchor 10^7]  N=20 samples in [1.062e+07, 3.163e+07]; pi(10^7)=664579
  segmented-sieve pi(x_j): 0.4s (pi range [703309, 1952541])
  sample 1/20: x=10624678, |err@(hard,Kmax)|=6.966, 2.4s
  sample 2/20: x=11288379, |err@(hard,Kmax)|=1.080, 2.0s
  sample 3/20: x=11993539, |err@(hard,Kmax)|=3.045, 1.8s
  sample 4/20: x=12742750, |err@(hard,Kmax)|=1.595, 1.9s
  sample 5/20: x=13538762, |err@(hard,Kmax)|=1.006, 2.2s
  sample 6/20: x=14384499, |err@(hard,Kmax)|=1.423, 2.0s
  sample 7/20: x=15283067, |err@(hard,Kmax)|=5.868, 1.9s
  sample 8/20: x=16237767, |err@(hard,Kmax)|=6.401, 1.9s
  sample 9/20: x=17252105, |err@(hard,Kmax)|=4.050, 2.2s
  sample 10/20: x=18329807, |err@(hard,Kmax)|=2.150, 2.4s
  sample 11/20: x=19474830, |err@(hard,Kmax)|=6.591, 2.3s
  sample 12/20: x=20691381, |err@(hard,Kmax)|=0.051, 2.1s
  sample 13/20: x=21983926, |err@(hard,Kmax)|=11.265, 2.4s
  sample 14/20: x=23357215, |err@(hard,Kmax)|=0.752, 2.4s
  sample 15/20: x=24816289, |err@(hard,Kmax)|=11.951, 2.4s
  sample 16/20: x=26366509, |err@(hard,Kmax)|=10.364, 2.2s
  sample 17/20: x=28013568, |err@(hard,Kmax)|=1.366, 2.2s
  sample 18/20: x=29763514, |err@(hard,Kmax)|=4.611, 1.9s
  sample 19/20: x=31622777, |err@(hard,Kmax)|=8.061, 1.9s
  sample 20/20: x=31632777, |err@(hard,Kmax)|=8.034, 2.1s

[anchor 10^8]  N=20 samples in [1.062e+08, 3.163e+08]; pi(10^8)=5761455
  segmented-sieve pi(x_j): 4.2s (pi range [6100105, 17087785])
  sample 1/20: x=106246783, |err@(hard,Kmax)|=5.669, 2.1s
  sample 2/20: x=112883789, |err@(hard,Kmax)|=2.450, 2.4s
  sample 3/20: x=119935395, |err@(hard,Kmax)|=8.456, 2.0s
  sample 4/20: x=127427499, |err@(hard,Kmax)|=11.794, 2.1s
  sample 5/20: x=135387618, |err@(hard,Kmax)|=23.770, 2.3s
  sample 6/20: x=143844989, |err@(hard,Kmax)|=1.815, 2.1s
  sample 7/20: x=152830673, |err@(hard,Kmax)|=17.555, 1.8s
  sample 8/20: x=162377674, |err@(hard,Kmax)|=5.169, 1.9s
  sample 9/20: x=172521055, |err@(hard,Kmax)|=7.504, 2.1s
  sample 10/20: x=183298071, |err@(hard,Kmax)|=1.127, 2.3s
  sample 11/20: x=194748304, |err@(hard,Kmax)|=4.863, 2.0s
  sample 12/20: x=206913808, |err@(hard,Kmax)|=28.865, 1.9s
  sample 13/20: x=219839265, |err@(hard,Kmax)|=12.471, 1.9s
  sample 14/20: x=233572147, |err@(hard,Kmax)|=11.855, 2.1s
  sample 15/20: x=248162892, |err@(hard,Kmax)|=32.436, 2.3s
  sample 16/20: x=263665090, |err@(hard,Kmax)|=18.099, 2.2s
  sample 17/20: x=280135676, |err@(hard,Kmax)|=35.535, 2.3s
  sample 18/20: x=297635144, |err@(hard,Kmax)|=17.714, 2.1s
  sample 19/20: x=316227766, |err@(hard,Kmax)|=15.531, 2.3s
  sample 20/20: x=316327766, |err@(hard,Kmax)|=5.065, 2.4s

[anchor 10^9]  N=20 samples in [1.062e+09, 3.163e+09]; pi(10^9)=50847534
  segmented-sieve pi(x_j): 43.2s (pi range [53857247, 151922633])
  sample 1/20: x=1062467831, |err@(hard,Kmax)|=24.375, 2.1s
  sample 2/20: x=1128837892, |err@(hard,Kmax)|=0.494, 1.9s
  sample 3/20: x=1199353946, |err@(hard,Kmax)|=39.143, 2.2s
  sample 4/20: x=1274274986, |err@(hard,Kmax)|=40.023, 2.1s
  sample 5/20: x=1353876180, |err@(hard,Kmax)|=27.510, 2.3s
  sample 6/20: x=1438449888, |err@(hard,Kmax)|=6.775, 2.0s
  sample 7/20: x=1528306733, |err@(hard,Kmax)|=62.633, 2.3s
  sample 8/20: x=1623776739, |err@(hard,Kmax)|=43.343, 2.4s
  sample 9/20: x=1725210550, |err@(hard,Kmax)|=21.772, 2.0s
  sample 10/20: x=1832980711, |err@(hard,Kmax)|=142.495, 2.0s
  sample 11/20: x=1947483040, |err@(hard,Kmax)|=2.905, 2.3s
  sample 12/20: x=2069138081, |err@(hard,Kmax)|=13.619, 2.4s
  sample 13/20: x=2198392649, |err@(hard,Kmax)|=31.645, 1.9s
  sample 14/20: x=2335721469, |err@(hard,Kmax)|=14.311, 1.9s
  sample 15/20: x=2481628923, |err@(hard,Kmax)|=18.822, 1.9s
  sample 16/20: x=2636650899, |err@(hard,Kmax)|=21.647, 1.9s
  sample 17/20: x=2801356761, |err@(hard,Kmax)|=31.785, 1.9s
  sample 18/20: x=2976351442, |err@(hard,Kmax)|=50.994, 2.2s
  sample 19/20: x=3162277660, |err@(hard,Kmax)|=52.846, 1.9s
  sample 20/20: x=3163277660, |err@(hard,Kmax)|=73.969, 1.9s

==============================================================================================================
HEADLINE: sigma_eff(kernel) / sigma_eff(hard) at same (anchor, K_compute)
 -> ratio < 1 means kernel BEATS hard cutoff (would falsify L2-optimality)

 anchor     K           kernel    sig_eff  sig_pred  med|err|    KSp  ratio_obs/hard
------------------------------------------------------------------------------------
   10^7   500      antipair_03    20.6645   16.4471   17.8191  0.478          1.7409
   10^7   500      antipair_05    30.7202   16.4471   24.4383  0.765          2.5881
   10^7   500    boundary_pair    11.7853   16.4471    8.9309  0.255          0.9929
   10^7   500         half_int    11.8294   16.4471    9.0636  0.222          0.9966
   10^7   500             hard    11.8700   16.4471    9.1808  0.211          1.0000
   10^7   500      paired_hann    14.6130   16.4471   10.5604  0.784          1.2311
   10^7   500     paired_riesz    13.1238   16.4471    9.8173  0.984          1.1056
   10^7   500  paired_triangle    14.8718   16.4471   11.9398  0.254          1.2529
   10^7  1000      antipair_03    17.9020   12.9270    8.3848  0.371          2.0148
   10^7  1000      antipair_05    28.3895   12.9270   15.8109  0.810          3.1951
   10^7  1000    boundary_pair     8.8295   12.9270    6.1523  0.248          0.9937
   10^7  1000         half_int     8.8565   12.9270    6.3233  0.255          0.9968
   10^7  1000             hard     8.8853   12.9270    6.4967  0.319          1.0000
   10^7  1000      paired_hann    10.9191   12.9270    6.5655  0.977          1.2289
   10^7  1000     paired_riesz     9.5263   12.9270    5.8666  0.969          1.0721
   10^7  1000  paired_triangle    11.0816   12.9270    8.4478  0.915          1.2472
   10^7  2000      antipair_03    16.8703   10.0580   11.2753  0.613          1.9976
   10^7  2000      antipair_05    27.3893   10.0580   20.7053  0.853          3.2432
   10^7  2000    boundary_pair     8.3932   10.0580    6.6840  0.613          0.9938
   10^7  2000         half_int     8.4053   10.0580    6.7142  0.591          0.9953
   10^7  2000             hard     8.4452   10.0580    6.6823  0.642          1.0000
   10^7  2000      paired_hann     8.6809   10.0580    6.7280  0.998          1.0279
   10^7  2000     paired_riesz     8.4638   10.0580    6.7881  0.084          1.0022
   10^7  2000  paired_triangle     9.0338   10.0580    7.1302  0.983          1.0697
   10^7  4000      antipair_03    17.0470    7.7606   14.9914  0.590          2.8124
   10^7  4000      antipair_05    28.0989    7.7606   24.9517  0.292          4.6357
   10^7  4000    boundary_pair     6.0543    7.7606    4.5463  0.708          0.9988
   10^7  4000         half_int     6.0591    7.7606    4.5482  0.735          0.9996
   10^7  4000             hard     6.0614    7.7606    4.6106  0.780          1.0000
   10^7  4000      paired_hann     7.4434    7.7606    5.3638  0.596          1.2280
   10^7  4000     paired_riesz     6.6609    7.7606    5.1573  0.607          1.0989
   10^7  4000  paired_triangle     7.3244    7.7606    5.5498  0.719          1.2084
   10^8   500      antipair_03    63.7662   45.7360   59.3009  0.326          1.4812
   10^8   500      antipair_05    85.8364   45.7360   72.1431  0.687          1.9938
   10^8   500    boundary_pair    43.2501   45.7360   34.9714  0.745          1.0046
   10^8   500         half_int    43.1554   45.7360   34.5472  0.748          1.0024
   10^8   500             hard    43.0517   45.7360   34.0989  0.803          1.0000
   10^8   500      paired_hann    42.4497   45.7360   28.1553  0.784          0.9860
   10^8   500     paired_riesz    42.3103   45.7360   29.8710  0.801          0.9828
   10^8   500  paired_triangle    41.9371   45.7360   29.4728  0.435          0.9741
   10^8  1000      antipair_03    62.3405   35.9473   47.8064  0.919          1.6080
   10^8  1000      antipair_05    85.5107   35.9473   68.5857  0.599          2.2056
   10^8  1000    boundary_pair    38.7557   35.9473   29.8849  0.782          0.9996
   10^8  1000         half_int    38.7164   35.9473   29.4658  0.821          0.9986
   10^8  1000             hard    38.7698   35.9473   29.1276  0.838          1.0000
   10^8  1000      paired_hann    40.5101   35.9473   32.3507  0.890          1.0449
   10^8  1000     paired_riesz    40.1899   35.9473   34.0553  0.505          1.0366
   10^8  1000  paired_triangle    39.9246   35.9473   30.4484  0.783          1.0298
   10^8  2000      antipair_03    43.3717   27.9692   31.6444  0.644          1.9991
   10^8  2000      antipair_05    66.7120   27.9692   47.4525  0.202          3.0749
   10^8  2000    boundary_pair    21.8130   27.9692   17.2385  0.922          1.0054
   10^8  2000         half_int    21.7606   27.9692   17.0872  0.924          1.0030
   10^8  2000             hard    21.6956   27.9692   17.2109  0.921          1.0000
   10^8  2000      paired_hann    35.0778   27.9692   31.0789  0.798          1.6168
   10^8  2000     paired_riesz    30.1870   27.9692   26.4006  0.850          1.3914
   10^8  2000  paired_triangle    33.4579   27.9692   28.9242  0.314          1.5422
   10^8  4000      antipair_03    37.8984   21.5807   27.1788  0.440          2.2678
   10^8  4000      antipair_05    60.8698   21.5807   53.3252  0.398          3.6424
   10^8  4000    boundary_pair    16.7740   21.5807   12.0455  0.998          1.0037
   10^8  4000         half_int    16.7551   21.5807   12.0289  0.998          1.0026
   10^8  4000             hard    16.7115   21.5807   11.8546  0.998          1.0000
   10^8  4000      paired_hann    24.9311   21.5807   21.1405  0.823          1.4919
   10^8  4000     paired_riesz    21.2958   21.5807   18.3061  0.725          1.2743
   10^8  4000  paired_triangle    25.4179   21.5807   20.6868  0.899          1.5210
   10^9   500      antipair_03   183.3351  129.0607   78.6243  0.117          1.6695
   10^9   500      antipair_05   262.4022  129.0607  114.3519  0.288          2.3896
   10^9   500    boundary_pair   109.0822  129.0607   73.9039  0.975          0.9934
   10^9   500         half_int   109.3810  129.0607   74.4680  0.957          0.9961
   10^9   500             hard   109.8119  129.0607   73.5461  0.940          1.0000
   10^9   500      paired_hann   113.7607  129.0607   75.4533  0.873          1.0360
   10^9   500     paired_riesz   106.4607  129.0607   74.3633  0.553          0.9695
   10^9   500  paired_triangle   114.8952  129.0607   80.6930  0.968          1.0463
   10^9  1000      antipair_03   168.6256  101.4383  104.3051  0.876          1.9892
   10^9  1000      antipair_05   250.2254  101.4383  149.0195  0.656          2.9518
   10^9  1000    boundary_pair    84.6324  101.4383   50.7615  0.725          0.9984
   10^9  1000         half_int    84.6100  101.4383   50.7061  0.732          0.9981
   10^9  1000             hard    84.7716  101.4383   51.8667  0.692          1.0000
   10^9  1000      paired_hann   101.2407  101.4383   77.0723  0.605          1.1943
   10^9  1000     paired_riesz    96.1265  101.4383   58.9039  0.505          1.1339
   10^9  1000  paired_triangle   100.2626  101.4383   67.5818  0.887          1.1827
   10^9  2000      antipair_03   166.6190   78.9251   91.7604  0.804          2.6084
   10^9  2000      antipair_05   250.6654   78.9251  136.6555  0.828          3.9241
   10^9  2000    boundary_pair    64.0168   78.9251   42.5594  0.510          1.0022
   10^9  2000         half_int    64.0244   78.9251   42.7139  0.509          1.0023
   10^9  2000             hard    63.8786   78.9251   42.8316  0.492          1.0000
   10^9  2000      paired_hann    85.1635   78.9251   51.2232  0.567          1.3332
   10^9  2000     paired_riesz    76.8604   78.9251   40.8988  0.712          1.2032
   10^9  2000  paired_triangle    83.3961   78.9251   48.9754  0.775          1.3055
   10^9  4000      antipair_03   156.4308   60.8978  104.1087  0.914          3.2902
   10^9  4000      antipair_05   240.2416   60.8978  154.9538  0.972          5.0530
   10^9  4000    boundary_pair    47.6371   60.8978   30.7043  0.925          1.0020
   10^9  4000         half_int    47.6043   60.8978   31.1707  0.929          1.0013
   10^9  4000             hard    47.5443   60.8978   31.6446  0.935          1.0000
   10^9  4000      paired_hann    65.8007   60.8978   44.3503  0.612          1.3840
   10^9  4000     paired_riesz    56.9887   60.8978   37.8517  0.344          1.1986
   10^9  4000  paired_triangle    65.2636   60.8978   45.1789  0.394          1.3727

==============================================================================================================
Best (min) ratio_obs/hard per (anchor, K) cell:
  10^7 K=500:  best=   boundary_pair  ratio=0.9929  (N=20)
  10^7 K=1000:  best=   boundary_pair  ratio=0.9937  (N=20)
  10^7 K=2000:  best=   boundary_pair  ratio=0.9938  (N=20)
  10^7 K=4000:  best=   boundary_pair  ratio=0.9988  (N=20)
  10^8 K=500:  best= paired_triangle  ratio=0.9741  (N=20)
  10^8 K=1000:  best=        half_int  ratio=0.9986  (N=20)
  10^8 K=2000:  best=        half_int  ratio=1.0030  (N=20)
  10^8 K=4000:  best=        half_int  ratio=1.0026  (N=20)
  10^9 K=500:  best=    paired_riesz  ratio=0.9695  (N=20)
  10^9 K=1000:  best=        half_int  ratio=0.9981  (N=20)
  10^9 K=2000:  best=   boundary_pair  ratio=1.0022  (N=20)
  10^9 K=4000:  best=        half_int  ratio=1.0013  (N=20)

==============================================================================================================
PAIRED SIGN TEST (one-sided): wins_kernel/N + p-values
 anchor     K           kernel    wins/N    p_k>h    p_h>k
------------------------------------------------------------
   10^7   500      paired_hann  7/20       0.9423   0.1316
   10^7   500  paired_triangle  6/20       0.9793   0.0577
   10^7   500     paired_riesz  9/20       0.7483   0.4119
   10^7   500      antipair_03  5/20       0.9941   0.0207
   10^7   500      antipair_05  4/20       0.9987   0.0059
   10^7   500         half_int  11/20       0.4119   0.7483
   10^7   500    boundary_pair  12/20       0.2517   0.8684
   10^7  1000      paired_hann  8/20       0.8684   0.2517
   10^7  1000  paired_triangle  9/20       0.7483   0.4119
   10^7  1000     paired_riesz  10/20       0.5881   0.5881
   10^7  1000      antipair_03  6/20       0.9793   0.0577
   10^7  1000      antipair_05  4/20       0.9987   0.0059
   10^7  1000         half_int  12/20       0.2517   0.8684
   10^7  1000    boundary_pair  12/20       0.2517   0.8684
   10^7  2000      paired_hann  11/20       0.4119   0.7483
   10^7  2000  paired_triangle  10/20       0.5881   0.5881
   10^7  2000     paired_riesz  9/20       0.7483   0.4119
   10^7  2000      antipair_03  6/20       0.9793   0.0577
   10^7  2000      antipair_05  3/20       0.9998   0.0013
   10^7  2000         half_int  10/20       0.5881   0.5881
   10^7  2000    boundary_pair  11/20       0.4119   0.7483
   10^7  4000      paired_hann  7/20       0.9423   0.1316
   10^7  4000  paired_triangle  8/20       0.8684   0.2517
   10^7  4000     paired_riesz  7/20       0.9423   0.1316
   10^7  4000      antipair_03  6/20       0.9793   0.0577
   10^7  4000      antipair_05  4/20       0.9987   0.0059
   10^7  4000         half_int  10/20       0.5881   0.5881
   10^7  4000    boundary_pair  12/20       0.2517   0.8684
   10^8   500      paired_hann  11/20       0.4119   0.7483
   10^8   500  paired_triangle  12/20       0.2517   0.8684
   10^8   500     paired_riesz  10/20       0.5881   0.5881
   10^8   500      antipair_03  7/20       0.9423   0.1316
   10^8   500      antipair_05  6/20       0.9793   0.0577
   10^8   500         half_int  7/20       0.9423   0.1316
   10^8   500    boundary_pair  7/20       0.9423   0.1316
   10^8  1000      paired_hann  9/20       0.7483   0.4119
   10^8  1000  paired_triangle  9/20       0.7483   0.4119
   10^8  1000     paired_riesz  9/20       0.7483   0.4119
   10^8  1000      antipair_03  6/20       0.9793   0.0577
   10^8  1000      antipair_05  4/20       0.9987   0.0059
   10^8  1000         half_int  11/20       0.4119   0.7483
   10^8  1000    boundary_pair  10/20       0.5881   0.5881
   10^8  2000      paired_hann  5/20       0.9941   0.0207
   10^8  2000  paired_triangle  5/20       0.9941   0.0207
   10^8  2000     paired_riesz  7/20       0.9423   0.1316
   10^8  2000      antipair_03  5/20       0.9941   0.0207
   10^8  2000      antipair_05  2/20       1.0000   0.0002
   10^8  2000         half_int  9/20       0.7483   0.4119
   10^8  2000    boundary_pair  8/20       0.8684   0.2517
   10^8  4000      paired_hann  5/20       0.9941   0.0207
   10^8  4000  paired_triangle  5/20       0.9941   0.0207
   10^8  4000     paired_riesz  5/20       0.9941   0.0207
   10^8  4000      antipair_03  4/20       0.9987   0.0059
   10^8  4000      antipair_05  1/20       1.0000   0.0000
   10^8  4000         half_int  5/20       0.9941   0.0207
   10^8  4000    boundary_pair  6/20       0.9793   0.0577
   10^9   500      paired_hann  11/20       0.4119   0.7483
   10^9   500  paired_triangle  9/20       0.7483   0.4119
   10^9   500     paired_riesz  11/20       0.4119   0.7483
   10^9   500      antipair_03  8/20       0.8684   0.2517
   10^9   500      antipair_05  4/20       0.9987   0.0059
   10^9   500         half_int  10/20       0.5881   0.5881
   10^9   500    boundary_pair  11/20       0.4119   0.7483
   10^9  1000      paired_hann  4/20       0.9987   0.0059
   10^9  1000  paired_triangle  6/20       0.9793   0.0577
   10^9  1000     paired_riesz  6/20       0.9793   0.0577
   10^9  1000      antipair_03  3/20       0.9998   0.0013
   10^9  1000      antipair_05  3/20       0.9998   0.0013
   10^9  1000         half_int  11/20       0.4119   0.7483
   10^9  1000    boundary_pair  10/20       0.5881   0.5881
   10^9  2000      paired_hann  7/20       0.9423   0.1316
   10^9  2000  paired_triangle  7/20       0.9423   0.1316
   10^9  2000     paired_riesz  8/20       0.8684   0.2517
   10^9  2000      antipair_03  3/20       0.9998   0.0013
   10^9  2000      antipair_05  3/20       0.9998   0.0013
   10^9  2000         half_int  8/20       0.8684   0.2517
   10^9  2000    boundary_pair  9/20       0.7483   0.4119
   10^9  4000      paired_hann  9/20       0.7483   0.4119
   10^9  4000  paired_triangle  9/20       0.7483   0.4119
   10^9  4000     paired_riesz  8/20       0.8684   0.2517
   10^9  4000      antipair_03  3/20       0.9998   0.0013
   10^9  4000      antipair_05  0/20       1.0000   0.0000
   10^9  4000         half_int  10/20       0.5881   0.5881
   10^9  4000    boundary_pair  11/20       0.4119   0.7483

==============================================================================================================
** B-GRADE NEGATIVE-SHAPE: NO (anchor, K, kernel) cell has kernel-beats-hard at p < 0.05.
   Smallest p_kernel_beats_hard: boundary_pair at 10^7 K=500, wins=12/20, p=0.2517

Wrote per-sample CSV: /apps/aplikacijos/prime-research/experiments/analytic/polylog_approx_pi/paired_kernels_data.csv  (1920 rows)
Wrote summary CSV: /apps/aplikacijos/prime-research/experiments/analytic/polylog_approx_pi/paired_kernels_summary.csv  (96 rows)
Wrote paired sign-test CSV: /apps/aplikacijos/prime-research/experiments/analytic/polylog_approx_pi/paired_kernels_signtest.csv  (84 rows)
