Slot 3 / Thread 7: smoothed-kernel comparison
  anchors = 10^[7, 8, 9]
  N = 20 samples per anchor
  K_targets = [500, 1000, 2000, 4000] (K_max = 4000)
  kernels = ['hard', 'triangle', 'hann', 'hamming', 'riesz', 'riesz4', 'tukey50', 'tukey25', 'cosine']

Loading 4000 zeta zeros (mp dps=25)...
  loaded 4000 zeros in 0.0s (gamma_1=14.1347, gamma_K=4506.3115)

[anchor 10^7]  N=20 samples in [1.062e+07, 3.163e+07]; pi(10^7)=664579
  segmented-sieve pi(x_j): 0.4s (pi range [703309, 1952541])
  sample 1/20: x=10624678, |err@(hard,Kmax)|=6.966, 2.3s
  sample 2/20: x=11288379, |err@(hard,Kmax)|=1.080, 2.3s
  sample 3/20: x=11993539, |err@(hard,Kmax)|=3.045, 2.2s
  sample 4/20: x=12742750, |err@(hard,Kmax)|=1.595, 2.4s
  sample 5/20: x=13538762, |err@(hard,Kmax)|=1.006, 2.2s
  sample 6/20: x=14384499, |err@(hard,Kmax)|=1.423, 2.0s
  sample 7/20: x=15283067, |err@(hard,Kmax)|=5.868, 2.2s
  sample 8/20: x=16237767, |err@(hard,Kmax)|=6.401, 2.3s
  sample 9/20: x=17252105, |err@(hard,Kmax)|=4.050, 1.8s
  sample 10/20: x=18329807, |err@(hard,Kmax)|=2.150, 1.9s
  sample 11/20: x=19474830, |err@(hard,Kmax)|=6.591, 1.9s
  sample 12/20: x=20691381, |err@(hard,Kmax)|=0.051, 1.9s
  sample 13/20: x=21983926, |err@(hard,Kmax)|=11.265, 2.3s
  sample 14/20: x=23357215, |err@(hard,Kmax)|=0.752, 2.0s
  sample 15/20: x=24816289, |err@(hard,Kmax)|=11.951, 1.9s
  sample 16/20: x=26366509, |err@(hard,Kmax)|=10.364, 1.9s
  sample 17/20: x=28013568, |err@(hard,Kmax)|=1.366, 2.2s
  sample 18/20: x=29763514, |err@(hard,Kmax)|=4.611, 2.3s
  sample 19/20: x=31622777, |err@(hard,Kmax)|=8.061, 2.3s
  sample 20/20: x=31632777, |err@(hard,Kmax)|=8.034, 2.3s

[anchor 10^8]  N=20 samples in [1.062e+08, 3.163e+08]; pi(10^8)=5761455
  segmented-sieve pi(x_j): 4.4s (pi range [6100105, 17087785])
  sample 1/20: x=106246783, |err@(hard,Kmax)|=5.669, 2.1s
  sample 2/20: x=112883789, |err@(hard,Kmax)|=2.450, 2.3s
  sample 3/20: x=119935395, |err@(hard,Kmax)|=8.456, 2.4s
  sample 4/20: x=127427499, |err@(hard,Kmax)|=11.794, 2.0s
  sample 5/20: x=135387618, |err@(hard,Kmax)|=23.770, 1.9s
  sample 6/20: x=143844989, |err@(hard,Kmax)|=1.815, 1.9s
  sample 7/20: x=152830673, |err@(hard,Kmax)|=17.555, 1.8s
  sample 8/20: x=162377674, |err@(hard,Kmax)|=5.169, 2.2s
  sample 9/20: x=172521055, |err@(hard,Kmax)|=7.504, 2.3s
  sample 10/20: x=183298071, |err@(hard,Kmax)|=1.127, 2.3s
  sample 11/20: x=194748304, |err@(hard,Kmax)|=4.863, 1.9s
  sample 12/20: x=206913808, |err@(hard,Kmax)|=28.865, 1.9s
  sample 13/20: x=219839265, |err@(hard,Kmax)|=12.471, 2.3s
  sample 14/20: x=233572147, |err@(hard,Kmax)|=11.855, 2.5s
  sample 15/20: x=248162892, |err@(hard,Kmax)|=32.436, 2.3s
  sample 16/20: x=263665090, |err@(hard,Kmax)|=18.099, 1.8s
  sample 17/20: x=280135676, |err@(hard,Kmax)|=35.535, 2.0s
  sample 18/20: x=297635144, |err@(hard,Kmax)|=17.714, 2.2s
  sample 19/20: x=316227766, |err@(hard,Kmax)|=15.531, 1.9s
  sample 20/20: x=316327766, |err@(hard,Kmax)|=5.065, 2.3s

[anchor 10^9]  N=20 samples in [1.062e+09, 3.163e+09]; pi(10^9)=50847534
  segmented-sieve pi(x_j): 43.1s (pi range [53857247, 151922633])
  sample 1/20: x=1062467831, |err@(hard,Kmax)|=24.375, 2.4s
  sample 2/20: x=1128837892, |err@(hard,Kmax)|=0.494, 2.0s
  sample 3/20: x=1199353946, |err@(hard,Kmax)|=39.143, 2.3s
  sample 4/20: x=1274274986, |err@(hard,Kmax)|=40.023, 2.2s
  sample 5/20: x=1353876180, |err@(hard,Kmax)|=27.510, 2.1s
  sample 6/20: x=1438449888, |err@(hard,Kmax)|=6.775, 2.3s
  sample 7/20: x=1528306733, |err@(hard,Kmax)|=62.633, 2.3s
  sample 8/20: x=1623776739, |err@(hard,Kmax)|=43.343, 2.3s
  sample 9/20: x=1725210550, |err@(hard,Kmax)|=21.772, 1.9s
  sample 10/20: x=1832980711, |err@(hard,Kmax)|=142.495, 2.0s
  sample 11/20: x=1947483040, |err@(hard,Kmax)|=2.905, 2.1s
  sample 12/20: x=2069138081, |err@(hard,Kmax)|=13.619, 1.9s
  sample 13/20: x=2198392649, |err@(hard,Kmax)|=31.645, 2.2s
  sample 14/20: x=2335721469, |err@(hard,Kmax)|=14.311, 1.8s
  sample 15/20: x=2481628923, |err@(hard,Kmax)|=18.822, 1.9s
  sample 16/20: x=2636650899, |err@(hard,Kmax)|=21.647, 2.3s
  sample 17/20: x=2801356761, |err@(hard,Kmax)|=31.785, 2.2s
  sample 18/20: x=2976351442, |err@(hard,Kmax)|=50.994, 2.4s
  sample 19/20: x=3162277660, |err@(hard,Kmax)|=52.846, 2.3s
  sample 20/20: x=3163277660, |err@(hard,Kmax)|=73.969, 2.0s

==============================================================================================================
HEADLINE: sigma_eff(kernel) / sigma_eff(hard) at same (anchor, K_compute)
 -> ratio < 1 means kernel BEATS hard cutoff (would falsify L2-optimality)
 -> ratio = 1 means kernel ties hard cutoff
 -> ratio > 1 means kernel WORSE than hard cutoff (expected per random-phase)

 anchor     K    kernel    sig_eff  sig_pred  med|err|    KSp  ratio_obs/hard  pred_unif
----------------------------------------------------------------------------------------
   10^7   500    cosine    13.3348   16.4471    9.9002  0.982          1.1234    10.7077
   10^7   500   hamming    14.2113   16.4471   10.4407  0.820          1.1972    12.6414
   10^7   500      hann    14.6149   16.4471   10.5503  0.763          1.2312    13.7341
   10^7   500      hard    11.8700   16.4471    9.1808  0.211          1.0000     1.0000
   10^7   500     riesz    13.1221   16.4471    9.7930  0.981          1.1055    10.0648
   10^7   500    riesz4    14.2409   16.4471   10.2327  0.911          1.1997    13.0768
   10^7   500  triangle    14.8734   16.4471   11.8998  0.243          1.2530    12.9551
   10^7   500   tukey25    12.2841   16.4471    8.5601  0.766          1.0349     6.9485
   10^7   500   tukey50    13.0838   16.4471    8.2435  0.964          1.1023     9.7500
   10^7  1000    cosine     9.7440   12.9270    5.9900  0.850          1.0966    15.1008
   10^7  1000   hamming    10.6207   12.9270    6.4506  0.965          1.1953    17.8467
   10^7  1000      hann    10.9192   12.9270    6.5781  0.978          1.2289    19.3939
   10^7  1000      hard     8.8853   12.9270    6.4967  0.319          1.0000     1.0000
   10^7  1000     riesz     9.5256   12.9270    5.8733  0.968          1.0721    14.1880
   10^7  1000    riesz4    10.6006   12.9270    6.3781  0.922          1.1931    18.4619
   10^7  1000  triangle    11.0838   12.9270    8.4645  0.911          1.2474    18.2893
   10^7  1000   tukey25     8.3072   12.9270    4.7003  0.871          0.9349     9.7548
   10^7  1000   tukey50     9.2405   12.9270    5.6645  0.776          1.0400    13.7409
   10^7  2000    cosine     8.4661   10.0580    6.4505  0.146          1.0025    21.3259
   10^7  2000   hamming     8.5590   10.0580    6.1724  0.838          1.0135    25.2172
   10^7  2000      hann     8.6799   10.0580    6.7317  0.998          1.0278    27.4067
   10^7  2000      hard     8.4452   10.0580    6.6823  0.642          1.0000     1.0000
   10^7  2000     riesz     8.4628   10.0580    6.7875  0.083          1.0021    20.0325
   10^7  2000    riesz4     8.5811   10.0580    6.7242  0.734          1.0161    26.0869
   10^7  2000  triangle     9.0333   10.0580    7.1434  0.982          1.0696    25.8425
   10^7  2000   tukey25     9.0651   10.0580    7.5596  0.277          1.0734    13.7443
   10^7  2000   tukey50     8.7196   10.0580    7.4801  0.035          1.0325    19.3988
   10^7  4000    cosine     6.7845    7.7606    5.2168  0.636          1.1193    30.1383
   10^7  4000   hamming     7.2400    7.7606    5.3807  0.623          1.1945    35.6470
   10^7  4000      hann     7.4427    7.7606    5.3648  0.595          1.2279    38.7444
   10^7  4000      hard     6.0614    7.7606    4.6106  0.780          1.0000     1.0000
   10^7  4000     riesz     6.6605    7.7606    5.1578  0.608          1.0989    28.3072
   10^7  4000    riesz4     7.2894    7.7606    5.4622  0.638          1.2026    36.8767
   10^7  4000  triangle     7.3233    7.7606    5.5440  0.718          1.2082    36.5308
   10^7  4000   tukey25     5.8700    7.7606    5.1460  0.520          0.9684    19.4012
   10^7  4000   tukey50     6.5635    7.7606    4.6391  0.480          1.0828    27.4101
   10^8   500    cosine    42.2292   45.7360   29.8409  0.820          0.9809    10.7077
   10^8   500   hamming    42.2137   45.7360   30.1442  0.801          0.9805    12.6414
   10^8   500      hann    42.4510   45.7360   28.3115  0.773          0.9860    13.7341
   10^8   500      hard    43.0517   45.7360   34.0989  0.803          1.0000     1.0000
   10^8   500     riesz    42.2961   45.7360   29.8153  0.791          0.9824    10.0648
   10^8   500    riesz4    42.3072   45.7360   29.8913  0.553          0.9827    13.0768
   10^8   500  triangle    41.8947   45.7360   29.7056  0.437          0.9731    12.9551
   10^8   500   tukey25    44.2027   45.7360   35.0616  0.651          1.0267     6.9485
   10^8   500   tukey50    43.0664   45.7360   34.1000  0.783          1.0003     9.7500
   10^8  1000    cosine    40.1946   35.9473   32.6910  0.382          1.0368    15.1008
   10^8  1000   hamming    40.2471   35.9473   32.6819  0.826          1.0381    17.8467
   10^8  1000      hann    40.5040   35.9473   32.3207  0.887          1.0447    19.3939
   10^8  1000      hard    38.7698   35.9473   29.1276  0.838          1.0000     1.0000
   10^8  1000     riesz    40.1867   35.9473   34.1007  0.507          1.0365    14.1880
   10^8  1000    riesz4    40.3611   35.9473   32.7853  0.807          1.0410    18.4619
   10^8  1000  triangle    39.9024   35.9473   30.3710  0.767          1.0292    18.2893
   10^8  1000   tukey25    41.4775   35.9473   37.8489  0.808          1.0698     9.7548
   10^8  1000   tukey50    39.8165   35.9473   31.7290  0.928          1.0270    13.7409
   10^8  2000    cosine    31.0439   27.9692   26.8143  0.873          1.4309    21.3259
   10^8  2000   hamming    33.8211   27.9692   30.9726  0.783          1.5589    25.2172
   10^8  2000      hann    35.0723   27.9692   31.0717  0.795          1.6166    27.4067
   10^8  2000      hard    21.6956   27.9692   17.2109  0.921          1.0000     1.0000
   10^8  2000     riesz    30.1830   27.9692   26.4075  0.849          1.3912    20.0325
   10^8  2000    riesz4    34.1429   27.9692   31.0269  0.795          1.5737    26.0869
   10^8  2000  triangle    33.4426   27.9692   28.8757  0.310          1.5414    25.8425
   10^8  2000   tukey25    24.2012   27.9692   21.8233  0.800          1.1155    13.7443
   10^8  2000   tukey50    27.9956   27.9692   24.0307  0.472          1.2904    19.3988
   10^8  4000    cosine    21.8688   21.5807   18.9213  0.703          1.3086    30.1383
   10^8  4000   hamming    24.0635   21.5807   20.4025  0.820          1.4399    35.6470
   10^8  4000      hann    24.9304   21.5807   21.1458  0.823          1.4918    38.7444
   10^8  4000      hard    16.7115   21.5807   11.8546  0.998          1.0000     1.0000
   10^8  4000     riesz    21.2940   21.5807   18.3049  0.725          1.2742    28.3072
   10^8  4000    riesz4    24.0371   21.5807   20.0492  0.765          1.4384    36.8767
   10^8  4000  triangle    25.4092   21.5807   20.6673  0.900          1.5205    36.5308
   10^8  4000   tukey25    18.5426   21.5807   16.0773  0.773          1.1096    19.4012
   10^8  4000   tukey50    20.1453   21.5807   13.3910  0.853          1.2055    27.4101
   10^9   500    cosine   107.2736  129.0607   71.6039  0.665          0.9769    10.7077
   10^9   500   hamming   112.1194  129.0607   74.7402  0.944          1.0210    12.6414
   10^9   500      hann   113.7199  129.0607   75.5968  0.872          1.0356    13.7341
   10^9   500      hard   109.8119  129.0607   73.5461  0.940          1.0000     1.0000
   10^9   500     riesz   106.4257  129.0607   74.2949  0.565          0.9692    10.0648
   10^9   500    riesz4   111.5598  129.0607   73.3492  0.792          1.0159    13.0768
   10^9   500  triangle   114.7873  129.0607   81.1196  0.968          1.0453    12.9551
   10^9   500   tukey25   107.1421  129.0607   84.0344  0.935          0.9757     6.9485
   10^9   500   tukey50   106.7606  129.0607   84.3070  0.325          0.9722     9.7500
   10^9  1000    cosine    96.8802  101.4383   61.7209  0.421          1.1428    15.1008
   10^9  1000   hamming    99.2165  101.4383   77.6350  0.432          1.1704    17.8467
   10^9  1000      hann   101.2193  101.4383   77.2259  0.615          1.1940    19.3939
   10^9  1000      hard    84.7716  101.4383   51.8667  0.692          1.0000     1.0000
   10^9  1000     riesz    96.1017  101.4383   58.9501  0.507          1.1337    14.1880
   10^9  1000    riesz4   100.3936  101.4383   77.4096  0.395          1.1843    18.4619
   10^9  1000  triangle   100.2170  101.4383   67.8064  0.894          1.1822    18.2893
   10^9  1000   tukey25    92.6310  101.4383   54.6585  0.815          1.0927     9.7548
   10^9  1000   tukey50    98.4701  101.4383   56.0300  0.670          1.1616    13.7409
   10^9  2000    cosine    78.2262   78.9251   42.8613  0.583          1.2246    21.3259
   10^9  2000   hamming    82.9524   78.9251   47.5798  0.659          1.2986    25.2172
   10^9  2000      hann    85.1615   78.9251   51.2742  0.571          1.3332    27.4067
   10^9  2000      hard    63.8786   78.9251   42.8316  0.492          1.0000     1.0000
   10^9  2000     riesz    76.8581   78.9251   40.9172  0.712          1.2032    20.0325
   10^9  2000    riesz4    83.4918   78.9251   49.6620  0.714          1.3070    26.0869
   10^9  2000  triangle    83.3907   78.9251   48.9545  0.775          1.3055    25.8425
   10^9  2000   tukey25    67.6680   78.9251   37.6199  0.465          1.0593    13.7443
   10^9  2000   tukey50    75.5993   78.9251   40.5368  0.627          1.1835    19.3988
   10^9  4000    cosine    58.3826   60.8978   39.8985  0.521          1.2280    30.1383
   10^9  4000   hamming    63.5126   60.8978   44.9990  0.691          1.3359    35.6470
   10^9  4000      hann    65.8016   60.8978   44.3167  0.614          1.3840    38.7444
   10^9  4000      hard    47.5443   60.8978   31.6446  0.935          1.0000     1.0000
   10^9  4000     riesz    56.9854   60.8978   37.8433  0.344          1.1986    28.3072
   10^9  4000    riesz4    63.8906   60.8978   47.1410  0.707          1.3438    36.8767
   10^9  4000  triangle    65.2689   60.8978   45.1650  0.400          1.3728    36.5308
   10^9  4000   tukey25    50.3058   60.8978   31.2240  0.476          1.0581    19.4012
   10^9  4000   tukey50    55.2987   60.8978   32.9372  0.314          1.1631    27.4101

==============================================================================================================
Best (min) ratio_obs/hard per (anchor, K) cell:
  10^7 K=500:  best=     hard  ratio=1.0000  (N=20)  next 2: tukey25=1.0349, tukey50=1.1023
  10^7 K=1000:  best=  tukey25  ratio=0.9349  (N=20)  next 2: hard=1.0000, tukey50=1.0400
  10^7 K=2000:  best=     hard  ratio=1.0000  (N=20)  next 2: riesz=1.0021, cosine=1.0025
  10^7 K=4000:  best=  tukey25  ratio=0.9684  (N=20)  next 2: hard=1.0000, tukey50=1.0828
  10^8 K=500:  best= triangle  ratio=0.9731  (N=20)  next 2: hamming=0.9805, cosine=0.9809
  10^8 K=1000:  best=     hard  ratio=1.0000  (N=20)  next 2: tukey50=1.0270, triangle=1.0292
  10^8 K=2000:  best=     hard  ratio=1.0000  (N=20)  next 2: tukey25=1.1155, tukey50=1.2904
  10^8 K=4000:  best=     hard  ratio=1.0000  (N=20)  next 2: tukey25=1.1096, tukey50=1.2055
  10^9 K=500:  best=    riesz  ratio=0.9692  (N=20)  next 2: tukey50=0.9722, tukey25=0.9757
  10^9 K=1000:  best=     hard  ratio=1.0000  (N=20)  next 2: tukey25=1.0927, riesz=1.1337
  10^9 K=2000:  best=     hard  ratio=1.0000  (N=20)  next 2: tukey25=1.0593, tukey50=1.1835
  10^9 K=4000:  best=     hard  ratio=1.0000  (N=20)  next 2: tukey25=1.0581, tukey50=1.1631

Wrote per-sample CSV: /apps/aplikacijos/prime-research/experiments/analytic/polylog_approx_pi/smoothed_kernels_data.csv  (2160 rows)
Wrote summary CSV: /apps/aplikacijos/prime-research/experiments/analytic/polylog_approx_pi/smoothed_kernels_summary.csv  (108 rows)
