anchor     K    kernel    ratio    wins  p_kernel_beats  p_hard_beats
----------------------------------------------------------------------
     7   500      hard    1.000    0/20             nan           nan
     7   500   tukey25    1.035    9/20          0.7483        0.4119
     7   500   tukey50    1.102   11/20          0.4119        0.7483
     7   500    cosine    1.123    9/20          0.7483        0.4119
     7   500     riesz    1.105    9/20          0.7483        0.4119
     7   500  triangle    1.253    6/20          0.9793        0.0577
     7   500    riesz4    1.200    8/20          0.8684        0.2517
     7   500   hamming    1.197    8/20          0.8684        0.2517
     7   500      hann    1.231    7/20          0.9423        0.1316

     7  1000      hard    1.000    0/20             nan           nan
     7  1000   tukey25    0.935   13/20          0.1316        0.9423
     7  1000   tukey50    1.040   11/20          0.4119        0.7483
     7  1000    cosine    1.097   10/20          0.5881        0.5881
     7  1000     riesz    1.072   10/20          0.5881        0.5881
     7  1000  triangle    1.247    9/20          0.7483        0.4119
     7  1000    riesz4    1.193    9/20          0.7483        0.4119
     7  1000   hamming    1.195    8/20          0.8684        0.2517
     7  1000      hann    1.229    8/20          0.8684        0.2517

     7  2000      hard    1.000    0/20             nan           nan
     7  2000   tukey25    1.073    9/20          0.7483        0.4119
     7  2000   tukey50    1.032    9/20          0.7483        0.4119
     7  2000    cosine    1.002    9/20          0.7483        0.4119
     7  2000     riesz    1.002    9/20          0.7483        0.4119
     7  2000  triangle    1.070   11/20          0.4119        0.7483
     7  2000    riesz4    1.016   10/20          0.5881        0.5881
     7  2000   hamming    1.013   11/20          0.4119        0.7483
     7  2000      hann    1.028   11/20          0.4119        0.7483

     7  4000      hard    1.000    0/20             nan           nan
     7  4000   tukey25    0.968   10/20          0.5881        0.5881
     7  4000   tukey50    1.083    8/20          0.8684        0.2517
     7  4000    cosine    1.119    7/20          0.9423        0.1316
     7  4000     riesz    1.099    7/20          0.9423        0.1316
     7  4000  triangle    1.208    8/20          0.8684        0.2517
     7  4000    riesz4    1.203    7/20          0.9423        0.1316
     7  4000   hamming    1.194    7/20          0.9423        0.1316
     7  4000      hann    1.228    7/20          0.9423        0.1316

     8   500      hard    1.000    0/20             nan           nan
     8   500   tukey25    1.027   10/20          0.5881        0.5881
     8   500   tukey50    1.000    9/20          0.7483        0.4119
     8   500    cosine    0.981   10/20          0.5881        0.5881
     8   500     riesz    0.982   10/20          0.5881        0.5881
     8   500  triangle    0.973   12/20          0.2517        0.8684
     8   500    riesz4    0.983   10/20          0.5881        0.5881
     8   500   hamming    0.981   11/20          0.4119        0.7483
     8   500      hann    0.986   11/20          0.4119        0.7483

     8  1000      hard    1.000    0/20             nan           nan
     8  1000   tukey25    1.070    6/20          0.9793        0.0577
     8  1000   tukey50    1.027    8/20          0.8684        0.2517
     8  1000    cosine    1.037    9/20          0.7483        0.4119
     8  1000     riesz    1.037    9/20          0.7483        0.4119
     8  1000  triangle    1.029    9/20          0.7483        0.4119
     8  1000    riesz4    1.041    9/20          0.7483        0.4119
     8  1000   hamming    1.038   10/20          0.5881        0.5881
     8  1000      hann    1.045    9/20          0.7483        0.4119

     8  2000      hard    1.000    0/20             nan           nan
     8  2000   tukey25    1.115    8/20          0.8684        0.2517
     8  2000   tukey50    1.290    8/20          0.8684        0.2517
     8  2000    cosine    1.431    6/20          0.9793        0.0577
     8  2000     riesz    1.391    7/20          0.9423        0.1316
     8  2000  triangle    1.541    5/20          0.9941        0.0207
     8  2000    riesz4    1.574    5/20          0.9941        0.0207
     8  2000   hamming    1.559    5/20          0.9941        0.0207
     8  2000      hann    1.617    5/20          0.9941        0.0207

     8  4000      hard    1.000    0/20             nan           nan
     8  4000   tukey25    1.110    4/20          0.9987        0.0059
     8  4000   tukey50    1.205    3/20          0.9998        0.0013
     8  4000    cosine    1.309    5/20          0.9941        0.0207
     8  4000     riesz    1.274    5/20          0.9941        0.0207
     8  4000  triangle    1.520    5/20          0.9941        0.0207
     8  4000    riesz4    1.438    5/20          0.9941        0.0207
     8  4000   hamming    1.440    5/20          0.9941        0.0207
     8  4000      hann    1.492    5/20          0.9941        0.0207

     9   500      hard    1.000    0/20             nan           nan
     9   500   tukey25    0.976    8/20          0.8684        0.2517
     9   500   tukey50    0.972   12/20          0.2517        0.8684
     9   500    cosine    0.977   11/20          0.4119        0.7483
     9   500     riesz    0.969   11/20          0.4119        0.7483
     9   500  triangle    1.045    9/20          0.7483        0.4119
     9   500    riesz4    1.016   12/20          0.2517        0.8684
     9   500   hamming    1.021   11/20          0.4119        0.7483
     9   500      hann    1.036   11/20          0.4119        0.7483

     9  1000      hard    1.000    0/20             nan           nan
     9  1000   tukey25    1.093    5/20          0.9941        0.0207
     9  1000   tukey50    1.162    7/20          0.9423        0.1316
     9  1000    cosine    1.143    6/20          0.9793        0.0577
     9  1000     riesz    1.134    6/20          0.9793        0.0577
     9  1000  triangle    1.182    6/20          0.9793        0.0577
     9  1000    riesz4    1.184    4/20          0.9987        0.0059
     9  1000   hamming    1.170    4/20          0.9987        0.0059
     9  1000      hann    1.194    4/20          0.9987        0.0059

     9  2000      hard    1.000    0/20             nan           nan
     9  2000   tukey25    1.059   11/20          0.4119        0.7483
     9  2000   tukey50    1.183    8/20          0.8684        0.2517
     9  2000    cosine    1.225    8/20          0.8684        0.2517
     9  2000     riesz    1.203    8/20          0.8684        0.2517
     9  2000  triangle    1.305    7/20          0.9423        0.1316
     9  2000    riesz4    1.307    7/20          0.9423        0.1316
     9  2000   hamming    1.299    7/20          0.9423        0.1316
     9  2000      hann    1.333    7/20          0.9423        0.1316

     9  4000      hard    1.000    0/20             nan           nan
     9  4000   tukey25    1.058    8/20          0.8684        0.2517
     9  4000   tukey50    1.163    9/20          0.7483        0.4119
     9  4000    cosine    1.228    8/20          0.8684        0.2517
     9  4000     riesz    1.199    8/20          0.8684        0.2517
     9  4000  triangle    1.373    9/20          0.7483        0.4119
     9  4000    riesz4    1.344    9/20          0.7483        0.4119
     9  4000   hamming    1.336    9/20          0.7483        0.4119
     9  4000      hann    1.384    9/20          0.7483        0.4119

======================================================================
Per-kernel summary across all 12 (anchor, K) cells:
   kernel   mean(ratio)   #cells_p<0.05   #cells_ratio>=1.05
  tukey25        1.0433               2                    7
  tukey50        1.1051               1                    7
   cosine        1.1393               1                    8
    riesz        1.1223               1                    8
 triangle        1.2290               2                    9
   riesz4        1.2082               3                    8
  hamming        1.2037               3                    8
     hann        1.2335               3                    8
