Running L^p hierarchy experiment.
  Ns: [16384, 65536, 262144, 1048576]
  ps: [2, 4, 6, 8]
  strip_Qs: []
  with_bern: True
  N =      16384  pi(N) = 1900  elapsed = 0.1s
  N =      65536  pi(N) = 6542  elapsed = 0.3s
  N =     262144  pi(N) = 23000  elapsed = 1.9s
  N =    1048576  pi(N) = 82025  elapsed = 6.3s

Total elapsed: 9.5s
Wrote lp_hierarchy_chi_p_convergence.json

=== L^p hierarchy of f_N — summary ===

  p        G_p    G_p (num)    S_{p-1}    predicted ratio
  2   1.000000     0.999920  24.607383          24.607383
  4   0.666667     0.666667   2.300962           1.533974
  6   0.550000     0.550000   2.064812           1.135647
  8   0.479365     0.479365   2.015755           0.966283

--- Empirical chi_P (raw) ---
         N | p=2  ratio | p=4  ratio | p=6  ratio | p=8  ratio
     16384 |     8.6232 |     1.4979 |     1.1057 |     0.9399
     65536 |    10.0177 |     1.5077 |     1.1144 |     0.9479
    262144 |    11.3976 |     1.5103 |     1.1169 |     0.9503
   1048576 |    12.7836 |     1.5126 |     1.1190 |     0.9521

--- Empirical Bernoulli (matched density) ---
         N | p=2  ratio | p=4  ratio | p=6  ratio | p=8  ratio
     16384 |     8.2964 |     0.5776 |     0.4360 |     0.3517
     65536 |    10.1755 |     0.7133 |     0.6049 |     0.5439
    262144 |    11.5120 |     0.6914 |     0.5811 |     0.5167
   1048576 |    12.7348 |     0.6561 |     0.5369 |     0.4644

--- Closed-form prediction (paradigm-shift conjecture) ---
Ratio should converge to G_p · S_{p-1} as N → ∞.
If empirical raw ratio ≠ predicted ratio at all N, identify the prefactor.
