Running L^p hierarchy experiment.
  Ns: [4096, 16384, 65536]
  ps: [2, 4, 6, 8]
  strip_Qs: [0, 2, 6, 30, 210]
  with_bern: True
  N =       4096  pi(N) = 564  elapsed = 0.6s
  N =      16384  pi(N) = 1900  elapsed = 7.8s
  N =      65536  pi(N) = 6542  elapsed = 38.9s

Total elapsed: 47.8s
Wrote lp_hierarchy_chi_p_full.json

=== L^p hierarchy of f_N — summary ===

  p        G_p    G_p (num)    S_{p-1}    predicted ratio
  2   1.000000     0.999920  24.607383          24.607383
  4   0.666667     0.666667   2.300962           1.533974
  6   0.550000     0.550000   2.064812           1.135647
  8   0.479365     0.479365   2.015755           0.966283

--- Empirical chi_P (raw) ---
         N | p=2  ratio | p=4  ratio | p=6  ratio | p=8  ratio
      4096 |     7.2624 |     1.4835 |     1.0917 |     0.9261
     16384 |     8.6232 |     1.4979 |     1.1057 |     0.9399
     65536 |    10.0177 |     1.5077 |     1.1144 |     0.9479

--- Empirical Bernoulli (matched density) ---
         N | p=2  ratio | p=4  ratio | p=6  ratio | p=8  ratio
      4096 |     6.9405 |     0.5847 |     0.4274 |     0.3401
     16384 |     8.4734 |     0.6222 |     0.4899 |     0.4123
     65536 |    10.1571 |     0.7075 |     0.5979 |     0.5357

--- chi_P stripped V_q^prim (sqfree q ≤ Q) ---
(p=4 only)
         N | Q=  0 | Q=  2 | Q=  6 | Q= 30 | Q=210
      4096 |     1.4835 |     0.8431 |     0.6750 |     0.6541 |     0.6245
     16384 |     1.4979 |     0.8484 |     0.6764 |     0.6548 |     0.6478
     65536 |     1.5077 |     0.8529 |     0.6792 |     0.6576 |     0.6558

--- Closed-form prediction (paradigm-shift conjecture) ---
Ratio should converge to G_p · S_{p-1} as N → ∞.
If empirical raw ratio ≠ predicted ratio at all N, identify the prefactor.
