=== S183 d=24 SVD verification ===
N = 16777216, matrix shape = 4096 x 4096
Step 1: sieve chi_P ...
  pi(N) = 1077871, time = 0.1s
Step 2: reshape and SVD ...
  SVD time = 9.2s
  top 30 sigmas: 373.61 187.62 187.37 95.82 95.34 95.09 94.68 65.76 65.74 65.56 65.02 64.95 64.81 51.55 51.37 51.33 51.18 51.05 50.95 50.56 50.45 43.96 43.55 43.46 43.24 43.10 42.97 42.70 42.59 42.30
  sigma_0^2 = 139580.71
  Frobenius^2 = sum sigma^2 = 1077871.00, pi(N) = 1077871
Step 3: spike-block sweep ...
  k_*=78 (linear extrap): spike/pi = 0.2160, spike/(0.21 pi) = 1.0288
Step 4: compute analytic cum(q) at d=24 for sqf q in [2, 60] ...
  primes array length = 1077871, time to extract = 0.1s
  Fourier sieve over 36 sqf q ...
  Fourier sieve time = 31.8s
  Q_eff (k_*=78) = 22, log Q_eff / log N = 0.1858
  5-point fit: ratio = 0.2117 + 0.1274/d (asymptote a = 0.2117, slope b = 0.1274)
  PR1 (spike/pi in [0.20, 0.24]): PASS (got 0.2160)
  PR2 (Q_eff exp in [0.15, 0.20]): PASS (got 0.1858)
  PR3 (asymptote in [0.18, 0.24]): PASS (got 0.2117)

Saved: /apps/aplikacijos/prime-research/experiments/constructions/s183_d24_svd_verify/d24_svd_results.json
