
=== d=14, N=16384, pi(N)=? -- Q_targets=[2, 6, 8, 30, 128]
d=14 N=   16384 Q=    2  ||T||/pi(N)=0.2319 (no_const=0.1160)  raw=0.481  pear=0.362  prec@pi=0.277  lift=2.39
d=14 N=   16384 Q=    6  ||T||/pi(N)=0.3769 (no_const=0.2609)  raw=0.613  pear=0.542  prec@pi=0.478  lift=4.13
d=14 N=   16384 Q=    8  ||T||/pi(N)=0.3962 (no_const=0.2802)  raw=0.629  pear=0.562  prec@pi=0.547  lift=4.72
d=14 N=   16384 Q=   30  ||T||/pi(N)=0.5487 (no_const=0.4327)  raw=0.739  pear=0.698  prec@pi=0.755  lift=6.51
d=14 N=   16384 Q=  128  ||T||/pi(N)=0.7164 (no_const=0.6004)  raw=0.840  pear=0.817  prec@pi=0.987  lift=8.51

=== d=16, N=65536, pi(N)=? -- Q_targets=[2, 6, 8, 10, 30, 256]
d=16 N=   65536 Q=    2  ||T||/pi(N)=0.1996 (no_const=0.0998)  raw=0.447  pear=0.333  prec@pi=0.238  lift=2.38
d=16 N=   65536 Q=    6  ||T||/pi(N)=0.3244 (no_const=0.2246)  raw=0.569  pear=0.499  prec@pi=0.415  lift=4.16
d=16 N=   65536 Q=    8  ||T||/pi(N)=0.3411 (no_const=0.2412)  raw=0.584  pear=0.517  prec@pi=0.476  lift=4.76
d=16 N=   65536 Q=   10  ||T||/pi(N)=0.3660 (no_const=0.2662)  raw=0.605  pear=0.543  prec@pi=0.476  lift=4.76
d=16 N=   65536 Q=   30  ||T||/pi(N)=0.4724 (no_const=0.3726)  raw=0.687  pear=0.643  prec@pi=0.660  lift=6.61
d=16 N=   65536 Q=  256  ||T||/pi(N)=0.6864 (no_const=0.5866)  raw=0.827  pear=0.805  prec@pi=0.993  lift=9.95

=== d=18, N=262144, pi(N)=? -- Q_targets=[2, 6, 10, 14, 30, 512]
d=18 N=  262144 Q=    2  ||T||/pi(N)=0.1755 (no_const=0.0877)  raw=0.419  pear=0.310  prec@pi=0.207  lift=2.36
d=18 N=  262144 Q=    6  ||T||/pi(N)=0.2851 (no_const=0.1974)  raw=0.534  pear=0.465  prec@pi=0.364  lift=4.15
d=18 N=  262144 Q=   10  ||T||/pi(N)=0.3217 (no_const=0.2340)  raw=0.567  pear=0.506  prec@pi=0.419  lift=4.78
d=18 N=  262144 Q=   14  ||T||/pi(N)=0.3524 (no_const=0.2647)  raw=0.594  pear=0.539  prec@pi=0.491  lift=5.59
d=18 N=  262144 Q=   30  ||T||/pi(N)=0.4152 (no_const=0.3275)  raw=0.644  pear=0.599  prec@pi=0.585  lift=6.67
d=18 N=  262144 Q=  512  ||T||/pi(N)=0.6647 (no_const=0.5770)  raw=0.814  pear=0.794  prec@pi=0.996  lift=11.35

=== d=20, N=1048576, pi(N)=? -- Q_targets=[2, 6, 13, 18, 30, 1024]
d=20 N= 1048576 Q=    2  ||T||/pi(N)=0.1565 (no_const=0.0782)  raw=0.396  pear=0.291  prec@pi=0.183  lift=2.34
d=20 N= 1048576 Q=    6  ||T||/pi(N)=0.2542 (no_const=0.1760)  raw=0.504  pear=0.437  prec@pi=0.324  lift=4.15
d=20 N= 1048576 Q=   13  ||T||/pi(N)=0.3012 (no_const=0.2229)  raw=0.549  pear=0.492  prec@pi=0.439  lift=5.61
d=20 N= 1048576 Q=   18  ||T||/pi(N)=0.3289 (no_const=0.2506)  raw=0.573  pear=0.521  prec@pi=0.464  lift=5.93
d=20 N= 1048576 Q=   30  ||T||/pi(N)=0.3702 (no_const=0.2920)  raw=0.608  pear=0.563  prec@pi=0.524  lift=6.70
d=20 N= 1048576 Q= 1024  ||T||/pi(N)=0.6466 (no_const=0.5683)  raw=0.804  pear=0.785  prec@pi=0.998  lift=12.76
{
  "14": {
    "d": 14,
    "N": 16384,
    "pi_N": 1900,
    "by_Q": {
      "2": {
        "Q": 2,
        "pi_N": 1900,
        "chi_norm2": 1900,
        "T_norm2": 440.673828125,
        "T_norm2_no_const": 220.3369140625,
        "T_over_chi": 0.23193359375,
        "T_over_chi_no_const": 0.115966796875,
        "inner_chi_T": 440.44189453125,
        "residual_norm2": 1459.7900390625,
        "residual_over_chi": 0.768310546875,
        "raw_correlation": 0.4813413730114345,
        "pearson_correlation": 0.36180548752400454,
        "mean_T_prime": 0.2318115234375,
        "mean_T_composite": 0.10077037458359224,
        "predictive_gap": 0.13104114885390777,
        "var_T_prime": 2.82973051071167e-05,
        "var_T_composite": 0.013217366726988715,
        "precision_at_piN": 0.2773684210526316,
        "baseline_precision": 0.115966796875,
        "lift_over_baseline": 2.3917916897506926,
        "n_squarefree_q_leQ": 2,
        "log_Q_over_log_N": 0.07142857142857142
      },
      "6": {
        "Q": 6,
        "pi_N": 1900,
        "chi_norm2": 1900,
        "T_norm2": 716.0647120326757,
        "T_norm2_no_const": 495.72779797017574,
        "T_over_chi": 0.3768761642277241,
        "T_over_chi_no_const": 0.2609093673527241,
        "inner_chi_T": 715.2542114257812,
        "residual_norm2": 1185.5562891811132,
        "residual_over_chi": 0.6239769943058491,
        "raw_correlation": 0.6132075411567068,
        "pearson_correlation": 0.5423753050891549,
        "mean_T_prime": 0.3764495849609375,
        "mean_T_composite": 0.08179686471791071,
        "predictive_gap": 0.2946527202430268,
        "var_T_prime": 0.00013826857320964336,
        "var_T_composite": 0.02413948907191795,
        "precision_at_piN": 0.47842105263157897,
        "baseline_precision": 0.115966796875,
        "lift_over_baseline": 4.12550027700831,
        "n_squarefree_q_leQ": 5,
        "log_Q_over_log_N": 0.18464017862293974
      },
      "8": {
        "Q": 8,
        "pi_N": 1900,
        "chi_norm2": 1900,
        "T_norm2": 752.7979908305583,
        "T_norm2_no_const": 532.4431457038316,
        "T_over_chi": 0.3962094688581886,
        "T_over_chi_no_const": 0.280233234580964,
        "inner_chi_T": 751.8417358398306,
        "residual_norm2": 1149.1145191508972,
        "residual_over_chi": 0.6047971153425775,
        "raw_correlation": 0.6286521486268329,
        "pearson_correlation": 0.5620205218699271,
        "mean_T_prime": 0.39570617675780556,
        "mean_T_composite": 0.07927613748674484,
        "predictive_gap": 0.3164300392710607,
        "var_T_prime": 0.00014783449782648783,
        "var_T_composite": 0.02512986779406448,
        "precision_at_piN": 0.5468421052631579,
        "baseline_precision": 0.115966796875,
        "lift_over_baseline": 4.715505817174515,
        "n_squarefree_q_leQ": 6,
        "log_Q_over_log_N": 0.21428571428571427
      },
      "30": {
        "Q": 30,
        "pi_N": 1900,
        "chi_norm2": 1900,
        "T_norm2": 1042.476650869212,
        "T_norm2_no_const": 822.0659647416401,
        "T_over_chi": 0.5486719215101117,
        "T_over_chi_no_const": 0.43266629723244215,
        "inner_chi_T": 1040.0107732995655,
        "residual_norm2": 862.4551042700812,
        "residual_over_chi": 0.4539237390895164,
        "raw_correlation": 0.7389718065003446,
        "pearson_correlation": 0.6975207307835041,
        "mean_T_prime": 0.5473740912102976,
        "mean_T_composite": 0.059397079590048016,
        "predictive_gap": 0.48797701162024953,
        "var_T_prime": 0.0005097611366929322,
        "var_T_composite": 0.02907576716439726,
        "precision_at_piN": 0.7547368421052632,
        "baseline_precision": 0.115966796875,
        "lift_over_baseline": 6.508214958448753,
        "n_squarefree_q_leQ": 19,
        "log_Q_over_log_N": 0.3504921854006085
      },
      "128": {
        "Q": 128,
        "pi_N": 1900,
        "chi_norm2": 1900,
        "T_norm2": 1361.1188033631363,
        "T_norm2_no_const": 1140.6822899575395,
        "T_over_chi": 0.7163783175595454,
        "T_over_chi_no_const": 0.6003590999776524,
        "inner_chi_T": 1351.5922215652956,
        "residual_norm2": 557.934360232545,
        "residual_over_chi": 0.29364966328028685,
        "raw_correlation": 0.8404673878554929,
        "pearson_correlation": 0.817237101606048,
        "mean_T_prime": 0.7113643271396293,
        "mean_T_composite": 0.03789265457508469,
        "predictive_gap": 0.6734716725645445,
        "var_T_prime": 0.0016178304263538834,
        "var_T_composite": 0.025944044153456053,
        "precision_at_piN": 0.9868421052631579,
        "baseline_precision": 0.115966796875,
        "lift_over_baseline": 8.509695290858726,
        "n_squarefree_q_leQ": 78,
        "log_Q_over_log_N": 0.5
      }
    }
  },
  "16": {
    "d": 16,
    "N": 65536,
    "pi_N": 6542,
    "by_Q": {
      "2": {
        "Q": 2,
        "pi_N": 6542,
        "chi_norm2": 6542,
        "T_norm2": 1306.0841064453125,
        "T_norm2_no_const": 653.0420532226562,
        "T_over_chi": 0.19964599609375,
        "T_over_chi_no_const": 0.099822998046875,
        "inner_chi_T": 1305.8844604492188,
        "residual_norm2": 5236.315185546875,
        "residual_over_chi": 0.8004150390625,
        "raw_correlation": 0.44674933195514666,
        "pearson_correlation": 0.33290364973672415,
        "mean_T_prime": 0.199615478515625,
        "mean_T_composite": 0.0887567471192118,
        "predictive_gap": 0.1108587313964132,
        "var_T_prime": 6.091780960559845e-06,
        "var_T_composite": 0.009842169029472405,
        "precision_at_piN": 0.23769489452766737,
        "baseline_precision": 0.099822998046875,
        "lift_over_baseline": 2.3811636514468373,
        "n_squarefree_q_leQ": 2,
        "log_Q_over_log_N": 0.0625
      },
      "6": {
        "Q": 6,
        "pi_N": 6542,
        "chi_norm2": 6542,
        "T_norm2": 2122.3549107125145,
        "T_norm2_no_const": 1469.327804436267,
        "T_over_chi": 0.3244198885222431,
        "T_over_chi_no_const": 0.2245991752424743,
        "inner_chi_T": 2121.662956237793,
        "residual_norm2": 4421.028998236929,
        "residual_over_chi": 0.6757916536589619,
        "raw_correlation": 0.5693929933058023,
        "pearson_correlation": 0.49926755047527793,
        "mean_T_prime": 0.3243141174316406,
        "mean_T_composite": 0.07492731763422843,
        "predictive_gap": 0.24938679979741218,
        "var_T_prime": 2.9784932848997414e-05,
        "var_T_composite": 0.018694721843169563,
        "precision_at_piN": 0.41546927545093243,
        "baseline_precision": 0.099822998046875,
        "lift_over_baseline": 4.162059681435694,
        "n_squarefree_q_leQ": 5,
        "log_Q_over_log_N": 0.16156015629507225
      },
      "8": {
        "Q": 8,
        "pi_N": 6542,
        "chi_norm2": 6542,
        "T_norm2": 2231.1617606861782,
        "T_norm2_no_const": 1578.1280113200692,
        "T_over_chi": 0.34105193529290406,
        "T_over_chi_no_const": 0.24123020656069538,
        "inner_chi_T": 2230.3868382770797,
        "residual_norm2": 4312.388084132019,
        "residual_over_chi": 0.6591849715885079,
        "raw_correlation": 0.5837936874894177,
        "pearson_correlation": 0.5174131197543265,
        "mean_T_prime": 0.3409334818521981,
        "mean_T_composite": 0.07308491658150014,
        "predictive_gap": 0.26784856527069795,
        "var_T_prime": 3.1853891841973625e-05,
        "var_T_composite": 0.01958553367177036,
        "precision_at_piN": 0.4755426475084072,
        "baseline_precision": 0.099822998046875,
        "lift_over_baseline": 4.763858597846373,
        "n_squarefree_q_leQ": 6,
        "log_Q_over_log_N": 0.1875
      },
      "10": {
        "Q": 10,
        "pi_N": 6542,
        "chi_norm2": 6542,
        "T_norm2": 2394.4349373743007,
        "T_norm2_no_const": 1741.4260995891198,
        "T_over_chi": 0.36600962050967606,
        "T_over_chi_no_const": 0.2661916997231916,
        "inner_chi_T": 2393.4726613362363,
        "residual_norm2": 4149.489614701828,
        "residual_over_chi": 0.6342845635435383,
        "raw_correlation": 0.6047441571192214,
        "pearson_correlation": 0.5434869313496519,
        "mean_T_prime": 0.3658625284830688,
        "mean_T_composite": 0.07031835384959492,
        "predictive_gap": 0.29554417463347393,
        "var_T_prime": 4.393654589476825e-05,
        "var_T_composite": 0.020794650818490266,
        "precision_at_piN": 0.4755426475084072,
        "baseline_precision": 0.099822998046875,
        "lift_over_baseline": 4.763858597846373,
        "n_squarefree_q_leQ": 7,
        "log_Q_over_log_N": 0.20762050593046016
      },
      "30": {
        "Q": 30,
        "pi_N": 6542,
        "chi_norm2": 6542,
        "T_norm2": 3090.2510014395525,
        "T_norm2_no_const": 2437.2316896456414,
        "T_over_chi": 0.4723709876856546,
        "T_over_chi_no_const": 0.37255146585839827,
        "inner_chi_T": 3088.195146588342,
        "residual_norm2": 3455.8607082628682,
        "residual_over_chi": 0.5282575218989404,
        "raw_correlation": 0.6868352693082295,
        "pearson_correlation": 0.6427774951668301,
        "mean_T_prime": 0.4720567328933571,
        "mean_T_composite": 0.058543088189293824,
        "predictive_gap": 0.41351364470406327,
        "var_T_prime": 0.00011001829788992445,
        "var_T_composite": 0.024231925564411644,
        "precision_at_piN": 0.6597370834607154,
        "baseline_precision": 0.099822998046875,
        "lift_over_baseline": 6.6090690158485845,
        "n_squarefree_q_leQ": 19,
        "log_Q_over_log_N": 0.3066806622255324
      },
      "256": {
        "Q": 256,
        "pi_N": 6542,
        "chi_norm2": 6542,
        "T_norm2": 4490.41730293053,
        "T_norm2_no_const": 3837.553837106787,
        "T_over_chi": 0.686398242575746,
        "T_over_chi_no_const": 0.586602543122407,
        "inner_chi_T": 4479.689022517031,
        "residual_norm2": 2073.0392578964684,
        "residual_over_chi": 0.31688157412052403,
        "raw_correlation": 0.8265121559096845,
        "pearson_correlation": 0.8049743932868112,
        "mean_T_prime": 0.684758334227611,
        "mean_T_composite": 0.03494281549260274,
        "predictive_gap": 0.6498155187350083,
        "var_T_prime": 0.0006109704861385068,
        "var_T_composite": 0.022830868328593237,
        "precision_at_piN": 0.9928156527055946,
        "baseline_precision": 0.099822998046875,
        "lift_over_baseline": 9.945760717779555,
        "n_squarefree_q_leQ": 157,
        "log_Q_over_log_N": 0.5
      }
    }
  },
  "18": {
    "d": 18,
    "N": 262144,
    "pi_N": 23000,
    "by_Q": {
      "2": {
        "Q": 2,
        "pi_N": 23000,
        "chi_norm2": 23000,
        "T_norm2": 4035.94970703125,
        "T_norm2_no_const": 2017.974853515625,
        "T_over_chi": 0.17547607421875,
        "T_over_chi_no_const": 0.087738037109375,
        "inner_chi_T": 4035.7742309570312,
        "residual_norm2": 18964.401245117188,
        "residual_over_chi": 0.8245391845703125,
        "raw_correlation": 0.4188804313421675,
        "pearson_correlation": 0.31009617340822454,
        "mean_T_prime": 0.17546844482421875,
        "mean_T_composite": 0.0793004456270823,
        "predictive_gap": 0.09616799919713645,
        "var_T_prime": 1.338717993348837e-06,
        "var_T_composite": 0.007626770205784005,
        "precision_at_piN": 0.20695652173913043,
        "baseline_precision": 0.087738037109375,
        "lift_over_baseline": 2.3588004536862,
        "n_squarefree_q_leQ": 2,
        "log_Q_over_log_N": 0.05555555555555555
      },
      "6": {
        "Q": 6,
        "pi_N": 23000,
        "chi_norm2": 23000,
        "T_norm2": 6558.400953508681,
        "T_norm2_no_const": 4540.426099993056,
        "T_over_chi": 0.2851478675438557,
        "T_over_chi_no_const": 0.19740983043448068,
        "inner_chi_T": 6557.782173156738,
        "residual_norm2": 16442.836607195204,
        "residual_over_chi": 0.7149059394432697,
        "raw_correlation": 0.5339420034938769,
        "pearson_correlation": 0.4651204272995083,
        "mean_T_prime": 0.28512096405029297,
        "mean_T_composite": 0.06875446520440932,
        "predictive_gap": 0.21636649884588366,
        "var_T_prime": 6.546687473019119e-06,
        "var_T_composite": 0.01487812075985813,
        "precision_at_piN": 0.36443478260869566,
        "baseline_precision": 0.087738037109375,
        "lift_over_baseline": 4.153669202268431,
        "n_squarefree_q_leQ": 5,
        "log_Q_over_log_N": 0.14360902781784202
      },
      "10": {
        "Q": 10,
        "pi_N": 23000,
        "chi_norm2": 23000,
        "T_norm2": 7399.231079438197,
        "T_norm2_no_const": 5381.253659941027,
        "T_over_chi": 0.3217056991060086,
        "T_over_chi_no_const": 0.23396755043221856,
        "inner_chi_T": 7398.349126177673,
        "residual_norm2": 15602.532827082852,
        "residual_over_chi": 0.6783709924818632,
        "raw_correlation": 0.567123454010477,
        "pearson_correlation": 0.5063454946974937,
        "mean_T_prime": 0.32166735331207275,
        "mean_T_composite": 0.06523962757531086,
        "predictive_gap": 0.25642772573676187,
        "var_T_prime": 9.658138145351991e-06,
        "var_T_composite": 0.016731988732282196,
        "precision_at_piN": 0.4191739130434783,
        "baseline_precision": 0.087738037109375,
        "lift_over_baseline": 4.777562011342155,
        "n_squarefree_q_leQ": 7,
        "log_Q_over_log_N": 0.18455156082707572
      },
      "14": {
        "Q": 14,
        "pi_N": 23000,
        "chi_norm2": 23000,
        "T_norm2": 8105.497704524059,
        "T_norm2_no_const": 6087.518232275333,
        "T_over_chi": 0.3524129436749591,
        "T_over_chi_no_const": 0.2646747057511014,
        "inner_chi_T": 8104.317156471053,
        "residual_norm2": 14896.863391581954,
        "residual_over_chi": 0.6476897126774762,
        "raw_correlation": 0.5935573222514913,
        "pearson_correlation": 0.5385330609046886,
        "mean_T_prime": 0.35236161549874145,
        "mean_T_composite": 0.06228761401049003,
        "predictive_gap": 0.2900740014882514,
        "var_T_prime": 1.263943975289561e-05,
        "var_T_composite": 0.01807169959853134,
        "precision_at_piN": 0.4907391304347826,
        "baseline_precision": 0.087738037109375,
        "lift_over_baseline": 5.593231243856333,
        "n_squarefree_q_leQ": 10,
        "log_Q_over_log_N": 0.2115197178920891
      },
      "30": {
        "Q": 30,
        "pi_N": 23000,
        "chi_norm2": 23000,
        "T_norm2": 9550.32245739664,
        "T_norm2_no_const": 7532.341536593633,
        "T_over_chi": 0.41523141119115825,
        "T_over_chi_no_const": 0.32749311028667966,
        "inner_chi_T": 9548.104610763028,
        "residual_norm2": 13454.113235870584,
        "residual_over_chi": 0.5849614450378514,
        "raw_correlation": 0.6442348774751331,
        "pearson_correlation": 0.5989817376989978,
        "mean_T_prime": 0.4151349830766534,
        "mean_T_composite": 0.05625033438177183,
        "predictive_gap": 0.35888464869488157,
        "var_T_prime": 2.4195295964896113e-05,
        "var_T_composite": 0.02019426856180609,
        "precision_at_piN": 0.585304347826087,
        "baseline_precision": 0.087738037109375,
        "lift_over_baseline": 6.67104447637051,
        "n_squarefree_q_leQ": 19,
        "log_Q_over_log_N": 0.2726050330893621
      },
      "512": {
        "Q": 512,
        "pi_N": 23000,
        "chi_norm2": 23000,
        "T_norm2": 15289.01258545397,
        "T_norm2_no_const": 13270.8854683511,
        "T_over_chi": 0.6647396776284334,
        "T_over_chi_no_const": 0.5769950203630912,
        "inner_chi_T": 15272.473182781978,
        "residual_norm2": 7744.066219890014,
        "residual_over_chi": 0.3366985312995658,
        "raw_correlation": 0.8144336968813551,
        "pearson_correlation": 0.7943047288478629,
        "mean_T_prime": 0.6640205731644339,
        "mean_T_composite": 0.032316907530121654,
        "predictive_gap": 0.6317036656343122,
        "var_T_prime": 0.00023364999327601943,
        "var_T_composite": 0.020458988841979844,
        "precision_at_piN": 0.9962608695652174,
        "baseline_precision": 0.087738037109375,
        "lift_over_baseline": 11.354948234404537,
        "n_squarefree_q_leQ": 314,
        "log_Q_over_log_N": 0.5
      }
    }
  },
  "20": {
    "d": 20,
    "N": 1048576,
    "pi_N": 82025,
    "by_Q": {
      "2": {
        "Q": 2,
        "pi_N": 82025,
        "chi_norm2": 82025,
        "T_norm2": 12832.833528518677,
        "T_norm2_no_const": 6416.416764259338,
        "T_over_chi": 0.1564502716064453,
        "T_over_chi_no_const": 0.07822513580322266,
        "inner_chi_T": 12832.67707824707,
        "residual_norm2": 69192.47937202454,
        "residual_over_chi": 0.8435535430908203,
        "raw_correlation": 0.39553313000611334,
        "pearson_correlation": 0.29130647824774314,
        "mean_T_prime": 0.1564483642578125,
        "mean_T_composite": 0.07158683082605359,
        "predictive_gap": 0.08486153343175891,
        "var_T_prime": 2.9840157367289066e-07,
        "var_T_composite": 0.006075104778462721,
        "precision_at_piN": 0.1830905211825663,
        "baseline_precision": 0.07822513580322266,
        "lift_over_baseline": 2.340558687467609,
        "n_squarefree_q_leQ": 2,
        "log_Q_over_log_N": 0.049999999999999996
      },
      "6": {
        "Q": 6,
        "pi_N": 82025,
        "chi_norm2": 82025,
        "T_norm2": 20853.33497905177,
        "T_norm2_no_const": 14436.927393589647,
        "T_over_chi": 0.254231453569665,
        "T_over_chi_no_const": 0.17600642966887714,
        "inner_chi_T": 20852.787351608276,
        "residual_norm2": 61172.760275835215,
        "residual_over_chi": 0.7457818991263055,
        "raw_correlation": 0.5042004572082629,
        "pearson_correlation": 0.43695350142103595,
        "mean_T_prime": 0.2542247772216797,
        "mean_T_composite": 0.06328911146906875,
        "predictive_gap": 0.19093566575261095,
        "var_T_prime": 1.4593402349605267e-06,
        "var_T_composite": 0.012084606798687371,
        "precision_at_piN": 0.32448643706187136,
        "baseline_precision": 0.07822513580322266,
        "lift_over_baseline": 4.148109603518304,
        "n_squarefree_q_leQ": 5,
        "log_Q_over_log_N": 0.12924812503605781
      },
      "13": {
        "Q": 13,
        "pi_N": 82025,
        "chi_norm2": 82025,
        "T_norm2": 24703.166231458017,
        "T_norm2_no_const": 18286.75538229134,
        "T_over_chi": 0.3011663057782142,
        "T_over_chi_no_const": 0.22294124208828212,
        "inner_chi_T": 24702.238461971283,
        "residual_norm2": 57323.68930751545,
        "residual_over_chi": 0.698856315849015,
        "raw_correlation": 0.5487656007584494,
        "pearson_correlation": 0.4917684618654937,
        "mean_T_prime": 0.30115499496459963,
        "mean_T_composite": 0.05930646570037388,
        "predictive_gap": 0.24184852926422576,
        "var_T_prime": 2.3307582155823736e-06,
        "var_T_composite": 0.014343955365554549,
        "precision_at_piN": 0.4385126485827492,
        "baseline_precision": 0.07822513580322266,
        "lift_over_baseline": 5.6057767631856725,
        "n_squarefree_q_leQ": 9,
        "log_Q_over_log_N": 0.1850219859070546
      },
      "18": {
        "Q": 18,
        "pi_N": 82025,
        "chi_norm2": 82025,
        "T_norm2": 26975.681308721618,
        "T_norm2_no_const": 20559.25669126697,
        "T_over_chi": 0.32887145758880365,
        "T_over_chi_no_const": 0.250646226044096,
        "inner_chi_T": 26974.440722239866,
        "residual_norm2": 55051.79986424188,
        "residual_over_chi": 0.6711587913958169,
        "raw_correlation": 0.5734467798320472,
        "pearson_correlation": 0.5214252166954672,
        "mean_T_prime": 0.3288563330964933,
        "mean_T_composite": 0.056955721397038694,
        "predictive_gap": 0.2719006116994546,
        "var_T_prime": 3.3424793429992494e-06,
        "var_T_composite": 0.015487278273567167,
        "precision_at_piN": 0.4636513258153002,
        "baseline_precision": 0.07822513580322266,
        "lift_over_baseline": 5.927139928291426,
        "n_squarefree_q_leQ": 12,
        "log_Q_over_log_N": 0.2084962500721156
      },
      "30": {
        "Q": 30,
        "pi_N": 82025,
        "chi_norm2": 82025,
        "T_norm2": 30366.005238736925,
        "T_norm2_no_const": 23949.57950291654,
        "T_over_chi": 0.37020426990230937,
        "T_over_chi_no_const": 0.29197902472315196,
        "inner_chi_T": 30364.21012156366,
        "residual_norm2": 51662.584995609606,
        "residual_over_chi": 0.6298395000988675,
        "raw_correlation": 0.6084081698949205,
        "pearson_correlation": 0.5627699819707972,
        "mean_T_prime": 0.37018238490172095,
        "mean_T_composite": 0.053448651154066426,
        "predictive_gap": 0.3167337337476545,
        "var_T_prime": 5.394295350902301e-06,
        "var_T_composite": 0.016930368342262667,
        "precision_at_piN": 0.5242060347455044,
        "baseline_precision": 0.07822513580322266,
        "lift_over_baseline": 6.7012479986504365,
        "n_squarefree_q_leQ": 19,
        "log_Q_over_log_N": 0.24534452978042592
      },
      "1024": {
        "Q": 1024,
        "pi_N": 82025,
        "chi_norm2": 82025,
        "T_norm2": 53034.60289035926,
        "T_norm2_no_const": 46618.34304142599,
        "T_over_chi": 0.6465663260025512,
        "T_over_chi_no_const": 0.5683431032176287,
        "inner_chi_T": 53007.27942509001,
        "residual_norm2": 29045.044040179237,
        "residual_over_chi": 0.35409989686289833,
        "raw_correlation": 0.8036792113501192,
        "pearson_correlation": 0.7847611886631687,
        "mean_T_prime": 0.6462332145698264,
        "mean_T_composite": 0.03002088622652999,
        "predictive_gap": 0.6162123283432964,
        "var_T_prime": 9.062724096664532e-05,
        "var_T_composite": 0.018520488866755513,
        "precision_at_piN": 0.9979030783297775,
        "baseline_precision": 0.07822513580322266,
        "lift_over_baseline": 12.756808512803715,
        "n_squarefree_q_leQ": 624,
        "log_Q_over_log_N": 0.5
      }
    }
  }
}
