[sieve] generated chi_P on [1, 7005], prime count = 901
[cell] N=500 kind=T p_N=0.168168 ... 
   chi:        {2: 1.1912119582258893, 4: 46.49065704261313, 6: 6033.877487006366, 8: 859379.9516641573}
   chi bulk:   {2: 0.8932251611245072, 4: 4.990667963839767, 6: 71.51943661423105, 8: 1331.0728948650806}
   bern mean:  {2: 0.988921665497679, 4: 2.5941812238912334, 6: 10.366407212041869, 8: 53.7287569039518}
   perm mean:  {2: 1.1009001771531717, 4: 3.1600102061970308, 6: 13.640054022073384, 8: 75.34648011756465}
   m2:zB=+2.06, m4:zB=+72.96, m6:zB=+1469.38, m8:zB=+27671.05
   m2:zP=+2.82, m4:zP=+129.90, m6:zP=+1851.53, m8:zP=+27801.42
   lambda_max = +11.997, lambda_max / sqrt(N/log N) = 1.337
   top-eig contrib to m_4: 89.1%   (2.1s)
[cell] N=500 kind=H p_N=0.168168 ... 
   chi:        {2: 0.960204328261991, 4: 22.294680523178396, 6: 1655.6316839157257, 8: 145016.6317058332}
   chi bulk:   {2: 0.7327905153995985, 4: 4.334793746364178, 6: 77.94944549551826, 8: 1718.1139151757138}
   bern mean:  {2: 1.0069973056472408, 4: 2.038597062291357, 6: 5.674548140401508, 8: 19.567410704768395}
   perm mean:  {2: 1.0033429583806084, 4: 2.034290569472511, 6: 5.732516837330001, 8: 20.375931997525868}
   m2:zB=-0.69, m4:zB=+72.78, m6:zB=+1262.91, m8:zB=+20057.15
   m2:zP=-1.18, m4:zP=+115.35, m6:zP=+1517.25, m8:zP=+18865.01
   lambda_max = +9.587, lambda_max / sqrt(N/log N) = 1.069
   top-eig contrib to m_4: 75.8%   (1.7s)
[cell] N=1000 kind=T p_N=0.151576 ... 
   chi:        {2: 1.176141544021266, 4: 71.75690862001022, 6: 16330.075176883267, 8: 4078667.4845480397}
   chi bulk:   {2: 0.9147154134632876, 4: 7.8516272784293895, 6: 211.43067396202036, 8: 7275.449147910094}
   bern mean:  {2: 0.9789252804613718, 4: 2.5755335147451293, 6: 10.61943026859193, 8: 58.632189723395825}
   perm mean:  {2: 1.0924500208206203, 4: 3.211290511101608, 6: 14.692707702677918, 8: 89.75502121890615}
   m2:zB=+2.73, m4:zB=+177.36, m6:zB=+6189.89, m8:zB=+188490.97
   m2:zP=+2.15, m4:zP=+198.48, m6:zP=+5170.03, m8:zP=+125501.63
   lambda_max = +15.893, lambda_max / sqrt(N/log N) = 1.321
   top-eig contrib to m_4: 88.9%   (9.7s)
[cell] N=1000 kind=H p_N=0.151576 ... 
   chi:        {2: 0.9654731669702339, 4: 35.75637656231651, 6: 4782.010215880721, 8: 752145.4392754579}
   chi bulk:   {2: 0.760636447046521, 4: 6.845796151633826, 6: 223.0595624786168, 8: 8838.515644196612}
   bern mean:  {2: 0.9984058828600785, 4: 1.99954740549324, 6: 5.54921549498767, 8: 19.231774009979528}
   perm mean:  {2: 1.0022840493669831, 4: 2.0096638419800184, 6: 5.532822623013254, 8: 18.811004277830712}
   m2:zB=-0.61, m4:zB=+152.94, m6:zB=+4706.95, m8:zB=+136439.99
   m2:zP=-1.39, m4:zP=+260.51, m6:zP=+6352.67, m8:zP=+159966.83
   lambda_max = +12.843, lambda_max / sqrt(N/log N) = 1.067
   top-eig contrib to m_4: 76.1%   (10.8s)
[cell] N=2000 kind=T p_N=0.137534 ... 
   chi:        {2: 1.1655719137439062, 4: 112.28616397276974, 6: 45152.924572626485, 8: 19922648.230102092}
   chi bulk:   {2: 0.9346422444533921, 4: 12.443486581931225, 6: 625.5754295685109, 8: 39380.123097542346}
   bern mean:  {2: 0.9954049065776641, 4: 2.5915774775088907, 6: 10.183568370605567, 8: 52.081090689593516}
   perm mean:  {2: 1.0817792486908193, 4: 3.122872397749009, 6: 13.965839321392167, 8: 82.77029079218278}
   m2:zB=+3.36, m4:zB=+389.96, m6:zB=+23512.47, m8:zB=+1290341.17
   m2:zP=+3.03, m4:zP=+482.10, m6:zP=+22104.29, m8:zP=+963953.97
   lambda_max = +21.132, lambda_max / sqrt(N/log N) = 1.303
   top-eig contrib to m_4: 88.8%   (42.7s)
[cell] N=2000 kind=H p_N=0.137534 ... 
   chi:        {2: 0.9670829538065052, 4: 57.38770609743555, 6: 13808.697400568777, 8: 3897741.6979606585}
   chi bulk:   {2: 0.7827636426592465, 4: 10.84302029277302, 6: 640.9860769409455, 8: 45634.90664089948}
   bern mean:  {2: 0.9997654717863808, 4: 1.9898186476049473, 6: 5.44396752771325, 8: 18.577706046971723}
   perm mean:  {2: 1.0064112581614038, 4: 2.027418662175231, 6: 5.648383298171772, 8: 19.64331013421524}
   m2:zB=-0.92, m4:zB=+386.99, m6:zB=+21780.12, m8:zB=+1094297.08
   m2:zP=-1.86, m4:zP=+600.47, m6:zP=+28127.72, m8:zP=+1295647.22
   lambda_max = +17.204, lambda_max / sqrt(N/log N) = 1.061
   top-eig contrib to m_4: 76.3%   (40.3s)
[cell] N=3500 kind=T p_N=0.128590 ... 
   chi:        {2: 1.1500227726065488, 4: 160.37998688618995, 6: 101409.558082653, 8: 70512327.3590742}
   chi bulk:   {2: 0.9420628632996758, 4: 18.42797211166703, 6: 1531.3679153411783, 8: 157275.41394059805}
   bern mean:  {2: 1.0020568980949036, 4: 2.682501301184251, 6: 11.146852587361503, 8: 62.47378398347914}
   perm mean:  {2: 1.0698682230343015, 4: 3.0434032298126064, 6: 13.363870099374838, 8: 78.64765429389655}
   m2:zB=+3.67, m4:zB=+697.82, m6:zB=+58275.17, m8:zB=+3832553.99
   m2:zP=+3.02, m4:zP=+812.45, m6:zP=+54032.81, m8:zP=+3022986.56
   lambda_max = +26.541, lambda_max / sqrt(N/log N) = 1.282
   top-eig contrib to m_4: 88.4%   (104.9s)
[cell] N=3500 kind=H p_N=0.128590 ... 
   chi:        {2: 0.9663555337900172, 4: 85.58716822435277, 6: 33362.87820012822, 8: 15230834.587451642}
   chi bulk:   {2: 0.7958153257543281, 4: 16.03951448532855, 6: 1544.5512447745978, 8: 177906.4212908203}
   bern mean:  {2: 1.0042889481344262, 4: 2.0184889525673224, 6: 5.5863227646323805, 8: 19.19815705738587}
   perm mean:  {2: 0.9986508567291037, 4: 1.9925016572219894, 6: 5.457375067228834, 8: 18.510077543883845}
   m2:zB=-1.58, m4:zB=+853.77, m6:zB=+71364.20, m8:zB=+5728763.24
   m2:zP=-2.12, m4:zP=+1180.70, m6:zP=+87930.86, m8:zP=+6552700.34
   lambda_max = +21.878, lambda_max / sqrt(N/log N) = 1.056
   top-eig contrib to m_4: 76.5%   (108.3s)

============================================================
Summary: max |z| per moment across all cells
  m_2: bern max|z| =    3.67 at N=3500 kind=T          | perm max|z| =    3.03 at N=2000 kind=T
  m_4: bern max|z| =  853.77 at N=3500 kind=H          | perm max|z| = 1180.70 at N=3500 kind=H
  m_6: bern max|z| = 71364.20 at N=3500 kind=H          | perm max|z| = 87930.86 at N=3500 kind=H
  m_8: bern max|z| = 5728763.24 at N=3500 kind=H          | perm max|z| = 6552700.34 at N=3500 kind=H
  total cells x moments = 32; Bonferroni-3sigma is ~ 5.63-sigma raw threshold

Wrote /apps/aplikacijos/prime-research/experiments/constructions/bdj_toeplitz_hankel_chi_p/bdj_toeplitz_hankel_chi_p_results.json
