=== N=64, c=0.5 ===
  |S|=8  M_window=8  prime κ̄=+0.0625 σ=0.1083 κ_min=+0.0000  (0.0s)
  random_global  κ̄=+0.0219 ± 0.0397  z=+1.02
  random_window κ̄=+0.1437 ± 0.0960  z=-0.85
=== N=64, c=0.7 ===
  |S|=14  M_window=18  prime κ̄=+0.1837 σ=0.1258 κ_min=+0.0000  (0.0s)
  random_global  κ̄=+0.0898 ± 0.0257  z=+3.65
  random_window κ̄=+0.1255 ± 0.0548  z=+1.06
=== N=64, c=1.0 ===
  |S|=26  M_window=64  prime κ̄=+0.1509 σ=0.1497 κ_min=+0.0769  (0.1s)
  random_global  κ̄=+0.1547 ± 0.0113  z=-0.34
  random_window κ̄=+0.1571 ± 0.0100  z=-0.62
=== N=128, c=0.5 ===
  |S|=10  M_window=11  prime κ̄=+0.1800 σ=0.1327 κ_min=+0.0000  (0.0s)
  random_global  κ̄=+0.0060 ± 0.0128  z=+13.59
  random_window κ̄=+0.1060 ± 0.0465  z=+1.59
=== N=128, c=0.7 ===
  |S|=20  M_window=29  prime κ̄=+0.1200 σ=0.1077 κ_min=-0.0000  (0.0s)
  random_global  κ̄=+0.0605 ± 0.0403  z=+1.47
  random_window κ̄=+0.0865 ± 0.0541  z=+0.62
=== N=128, c=1.0 ===
  |S|=56  M_window=128  prime κ̄=+0.0886 σ=0.1384 κ_min=+0.0357  (0.6s)
  random_global  κ̄=+0.0867 ± 0.0024  z=+0.83
  random_window κ̄=+0.0873 ± 0.0026  z=+0.51
=== N=256, c=0.5 ===
  |S|=12  M_window=16  prime κ̄=+0.1806 σ=0.1553 κ_min=+0.0000  (0.0s)
  random_global  κ̄=-0.0000 ± 0.0000  z=+180553551008.46
  random_window κ̄=+0.1194 ± 0.0470  z=+1.30
=== N=256, c=0.7 ===
  |S|=30  M_window=48  prime κ̄=+0.0667 σ=0.0644 κ_min=+0.0000  (0.1s)
  random_global  κ̄=+0.0356 ± 0.0166  z=+1.88
  random_window κ̄=+0.0484 ± 0.0185  z=+0.98
=== N=256, c=1.0 ===
  |S|=92  M_window=256  prime κ̄=+0.0406 σ=0.0829 κ_min=-0.0000  (3.0s)
  random_global  κ̄=+0.0432 ± 0.0024  z=-1.08
  random_window κ̄=+0.0436 ± 0.0018  z=-1.68

Wrote d39_results.json
