W=15 A-block (rows [1, 3, 7, 13] × cols [1, 3, 7, 13]):
  [1, 1, 1, 1]
  [1, 0, 1, 1]
  [1, 1, 1, 0]
  [1, 1, 0, 0]
  det = 1
  parts-≤3 atomic: True

W=15 B-block (rows [2, 6, 8, 12] × cols [0, 6, 10, 12]):
  [1, 1, 1, 1]
  [0, 1, 1, 1]
  [0, 1, 1, 0]
  [1, 0, 1, 1]
  det = 1
  parts-≤3 atomic: True

W=16 A-block (rows [1, 2, 3, 7] × cols [0, 6, 10, 12]):
  [1, 1, 0, 1]
  [0, 0, 1, 0]
  [0, 0, 1, 1]
  [1, 0, 0, 0]
  det = -1
  parts-≤3 atomic: False (admits (1, 3))

W=16 B-block (rows [5, 11, 13, 14] × cols [2, 4, 8, 14]):
  [1, 0, 1, 0]
  [1, 1, 0, 1]
  [1, 0, 0, 1]
  [1, 1, 1, 1]
  det = -1
  parts-≤3 atomic: True
