Existing chiP_X_eq_one helpers: [2, 3, 5, 7, 11, 13, 17, 19, 23, 29, 31, 37, 41, 43, 47, 53, 59, 61, 67, 89, 97, 109, 113, 127, 149, 173, 179, 181, 199, 211, 241, 293, 337]

=== W=15 BlockTriangular pre-search ===
R = phi(15) + 1 = 9
Live cols (k+1 coprime to 15): [0, 1, 3, 6, 7, 10, 12, 13]  (count = 8)
Dead-col candidates (k+1 prime, gcd != 1): [2, 4]

Inner-block shapes (ordered partitions of 8, parts ≤ 4): 108 shapes

--- Dead col k=2 (chiP(3) = 1) ---
  Invertible inner 8x8 subsets: 308
  shape (4, 4): HIT, det=+1, max_row=13, new helpers=7: [101, 103, 107, 131, 191, 193, 197]
  shape (1, 3, 4): NO HIT
  shape (1, 4, 3): NO HIT
  shape (2, 2, 4): NO HIT
  shape (2, 4, 2): NO HIT
  shape (3, 1, 4): NO HIT
  shape (3, 4, 1): NO HIT
  shape (4, 1, 3): NO HIT
  shape (4, 2, 2): NO HIT
  shape (4, 3, 1): NO HIT
  shape (2, 3, 3): NO HIT
  shape (3, 2, 3): NO HIT
  shape (3, 3, 2): NO HIT
  shape (1, 1, 2, 4): NO HIT
  shape (1, 1, 4, 2): NO HIT
  shape (1, 2, 1, 4): NO HIT
  shape (1, 2, 4, 1): NO HIT
  shape (1, 4, 1, 2): NO HIT
  shape (1, 4, 2, 1): NO HIT
  shape (2, 1, 1, 4): NO HIT
  shape (2, 1, 4, 1): NO HIT
  shape (2, 4, 1, 1): NO HIT
  shape (4, 1, 1, 2): NO HIT
  shape (4, 1, 2, 1): NO HIT
  shape (4, 2, 1, 1): NO HIT
  shape (1, 1, 3, 3): NO HIT
  shape (1, 2, 2, 3): NO HIT
  shape (1, 2, 3, 2): NO HIT
  shape (1, 3, 1, 3): NO HIT
  shape (1, 3, 2, 2): NO HIT
  shape (1, 3, 3, 1): NO HIT
  shape (2, 1, 2, 3): NO HIT
  shape (2, 1, 3, 2): NO HIT
  shape (2, 2, 1, 3): NO HIT
  shape (2, 2, 3, 1): NO HIT
  shape (2, 3, 1, 2): NO HIT
  shape (2, 3, 2, 1): NO HIT
  shape (3, 1, 1, 3): NO HIT
  shape (3, 1, 2, 2): NO HIT
  shape (3, 1, 3, 1): NO HIT
  shape (3, 2, 1, 2): NO HIT
  shape (3, 2, 2, 1): NO HIT
  shape (3, 3, 1, 1): NO HIT
  shape (2, 2, 2, 2): NO HIT
  shape (1, 1, 1, 1, 4): NO HIT
  shape (1, 1, 1, 4, 1): NO HIT
  shape (1, 1, 4, 1, 1): NO HIT
  shape (1, 4, 1, 1, 1): NO HIT
  shape (4, 1, 1, 1, 1): NO HIT
  shape (1, 1, 1, 2, 3): NO HIT
  shape (1, 1, 1, 3, 2): NO HIT
  shape (1, 1, 2, 1, 3): NO HIT
  shape (1, 1, 2, 3, 1): NO HIT
  shape (1, 1, 3, 1, 2): NO HIT
  shape (1, 1, 3, 2, 1): NO HIT
  shape (1, 2, 1, 1, 3): NO HIT
  shape (1, 2, 1, 3, 1): NO HIT
  shape (1, 2, 3, 1, 1): NO HIT
  shape (1, 3, 1, 1, 2): NO HIT
  shape (1, 3, 1, 2, 1): NO HIT
  shape (1, 3, 2, 1, 1): NO HIT
  shape (2, 1, 1, 1, 3): NO HIT
  shape (2, 1, 1, 3, 1): NO HIT
  shape (2, 1, 3, 1, 1): NO HIT
  shape (2, 3, 1, 1, 1): NO HIT
  shape (3, 1, 1, 1, 2): NO HIT
  shape (3, 1, 1, 2, 1): NO HIT
  shape (3, 1, 2, 1, 1): NO HIT
  shape (3, 2, 1, 1, 1): NO HIT
  shape (1, 1, 2, 2, 2): NO HIT
  shape (1, 2, 1, 2, 2): NO HIT
  shape (1, 2, 2, 1, 2): NO HIT
  shape (1, 2, 2, 2, 1): NO HIT
  shape (2, 1, 1, 2, 2): NO HIT
  shape (2, 1, 2, 1, 2): NO HIT
  shape (2, 1, 2, 2, 1): NO HIT
  shape (2, 2, 1, 1, 2): NO HIT
  shape (2, 2, 1, 2, 1): NO HIT
  shape (2, 2, 2, 1, 1): NO HIT
  shape (1, 1, 1, 1, 1, 3): NO HIT
  shape (1, 1, 1, 1, 3, 1): NO HIT
  shape (1, 1, 1, 3, 1, 1): NO HIT
  shape (1, 1, 3, 1, 1, 1): NO HIT
  shape (1, 3, 1, 1, 1, 1): NO HIT
  shape (3, 1, 1, 1, 1, 1): NO HIT
  shape (1, 1, 1, 1, 2, 2): NO HIT
  shape (1, 1, 1, 2, 1, 2): NO HIT
  shape (1, 1, 1, 2, 2, 1): NO HIT
  shape (1, 1, 2, 1, 1, 2): NO HIT
  shape (1, 1, 2, 1, 2, 1): NO HIT
  shape (1, 1, 2, 2, 1, 1): NO HIT
  shape (1, 2, 1, 1, 1, 2): NO HIT
  shape (1, 2, 1, 1, 2, 1): NO HIT
  shape (1, 2, 1, 2, 1, 1): NO HIT
  shape (1, 2, 2, 1, 1, 1): NO HIT
  shape (2, 1, 1, 1, 1, 2): NO HIT
  shape (2, 1, 1, 1, 2, 1): NO HIT
  shape (2, 1, 1, 2, 1, 1): NO HIT
  shape (2, 1, 2, 1, 1, 1): NO HIT
  shape (2, 2, 1, 1, 1, 1): NO HIT
  shape (1, 1, 1, 1, 1, 1, 2): NO HIT
  shape (1, 1, 1, 1, 1, 2, 1): NO HIT
  shape (1, 1, 1, 1, 2, 1, 1): NO HIT
  shape (1, 1, 1, 2, 1, 1, 1): NO HIT
  shape (1, 1, 2, 1, 1, 1, 1): NO HIT
  shape (1, 2, 1, 1, 1, 1, 1): NO HIT
  shape (2, 1, 1, 1, 1, 1, 1): NO HIT
  shape (1, 1, 1, 1, 1, 1, 1, 1): NO HIT

--- Dead col k=4 (chiP(5) = 1) ---
  Invertible inner 8x8 subsets: 308
  shape (4, 4): HIT, det=+1, max_row=13, new helpers=7: [101, 103, 107, 131, 191, 193, 197]
  shape (1, 3, 4): NO HIT
  shape (1, 4, 3): NO HIT
  shape (2, 2, 4): NO HIT
  shape (2, 4, 2): NO HIT
  shape (3, 1, 4): NO HIT
  shape (3, 4, 1): NO HIT
  shape (4, 1, 3): NO HIT
  shape (4, 2, 2): NO HIT
  shape (4, 3, 1): NO HIT
  shape (2, 3, 3): NO HIT
  shape (3, 2, 3): NO HIT
  shape (3, 3, 2): NO HIT
  shape (1, 1, 2, 4): NO HIT
  shape (1, 1, 4, 2): NO HIT
  shape (1, 2, 1, 4): NO HIT
  shape (1, 2, 4, 1): NO HIT
  shape (1, 4, 1, 2): NO HIT
  shape (1, 4, 2, 1): NO HIT
  shape (2, 1, 1, 4): NO HIT
  shape (2, 1, 4, 1): NO HIT
  shape (2, 4, 1, 1): NO HIT
  shape (4, 1, 1, 2): NO HIT
  shape (4, 1, 2, 1): NO HIT
  shape (4, 2, 1, 1): NO HIT
  shape (1, 1, 3, 3): NO HIT
  shape (1, 2, 2, 3): NO HIT
  shape (1, 2, 3, 2): NO HIT
  shape (1, 3, 1, 3): NO HIT
  shape (1, 3, 2, 2): NO HIT
  shape (1, 3, 3, 1): NO HIT
  shape (2, 1, 2, 3): NO HIT
  shape (2, 1, 3, 2): NO HIT
  shape (2, 2, 1, 3): NO HIT
  shape (2, 2, 3, 1): NO HIT
  shape (2, 3, 1, 2): NO HIT
  shape (2, 3, 2, 1): NO HIT
  shape (3, 1, 1, 3): NO HIT
  shape (3, 1, 2, 2): NO HIT
  shape (3, 1, 3, 1): NO HIT
  shape (3, 2, 1, 2): NO HIT
  shape (3, 2, 2, 1): NO HIT
  shape (3, 3, 1, 1): NO HIT
  shape (2, 2, 2, 2): NO HIT
  shape (1, 1, 1, 1, 4): NO HIT
  shape (1, 1, 1, 4, 1): NO HIT
  shape (1, 1, 4, 1, 1): NO HIT
  shape (1, 4, 1, 1, 1): NO HIT
  shape (4, 1, 1, 1, 1): NO HIT
  shape (1, 1, 1, 2, 3): NO HIT
  shape (1, 1, 1, 3, 2): NO HIT
  shape (1, 1, 2, 1, 3): NO HIT
  shape (1, 1, 2, 3, 1): NO HIT
  shape (1, 1, 3, 1, 2): NO HIT
  shape (1, 1, 3, 2, 1): NO HIT
  shape (1, 2, 1, 1, 3): NO HIT
  shape (1, 2, 1, 3, 1): NO HIT
  shape (1, 2, 3, 1, 1): NO HIT
  shape (1, 3, 1, 1, 2): NO HIT
  shape (1, 3, 1, 2, 1): NO HIT
  shape (1, 3, 2, 1, 1): NO HIT
  shape (2, 1, 1, 1, 3): NO HIT
  shape (2, 1, 1, 3, 1): NO HIT
  shape (2, 1, 3, 1, 1): NO HIT
  shape (2, 3, 1, 1, 1): NO HIT
  shape (3, 1, 1, 1, 2): NO HIT
  shape (3, 1, 1, 2, 1): NO HIT
  shape (3, 1, 2, 1, 1): NO HIT
  shape (3, 2, 1, 1, 1): NO HIT
  shape (1, 1, 2, 2, 2): NO HIT
  shape (1, 2, 1, 2, 2): NO HIT
  shape (1, 2, 2, 1, 2): NO HIT
  shape (1, 2, 2, 2, 1): NO HIT
  shape (2, 1, 1, 2, 2): NO HIT
  shape (2, 1, 2, 1, 2): NO HIT
  shape (2, 1, 2, 2, 1): NO HIT
  shape (2, 2, 1, 1, 2): NO HIT
  shape (2, 2, 1, 2, 1): NO HIT
  shape (2, 2, 2, 1, 1): NO HIT
  shape (1, 1, 1, 1, 1, 3): NO HIT
  shape (1, 1, 1, 1, 3, 1): NO HIT
  shape (1, 1, 1, 3, 1, 1): NO HIT
  shape (1, 1, 3, 1, 1, 1): NO HIT
  shape (1, 3, 1, 1, 1, 1): NO HIT
  shape (3, 1, 1, 1, 1, 1): NO HIT
  shape (1, 1, 1, 1, 2, 2): NO HIT
  shape (1, 1, 1, 2, 1, 2): NO HIT
  shape (1, 1, 1, 2, 2, 1): NO HIT
  shape (1, 1, 2, 1, 1, 2): NO HIT
  shape (1, 1, 2, 1, 2, 1): NO HIT
  shape (1, 1, 2, 2, 1, 1): NO HIT
  shape (1, 2, 1, 1, 1, 2): NO HIT
  shape (1, 2, 1, 1, 2, 1): NO HIT
  shape (1, 2, 1, 2, 1, 1): NO HIT
  shape (1, 2, 2, 1, 1, 1): NO HIT
  shape (2, 1, 1, 1, 1, 2): NO HIT
  shape (2, 1, 1, 1, 2, 1): NO HIT
  shape (2, 1, 1, 2, 1, 1): NO HIT
  shape (2, 1, 2, 1, 1, 1): NO HIT
  shape (2, 2, 1, 1, 1, 1): NO HIT
  shape (1, 1, 1, 1, 1, 1, 2): NO HIT
  shape (1, 1, 1, 1, 1, 2, 1): NO HIT
  shape (1, 1, 1, 1, 2, 1, 1): NO HIT
  shape (1, 1, 1, 2, 1, 1, 1): NO HIT
  shape (1, 1, 2, 1, 1, 1, 1): NO HIT
  shape (1, 2, 1, 1, 1, 1, 1): NO HIT
  shape (2, 1, 1, 1, 1, 1, 1): NO HIT
  shape (1, 1, 1, 1, 1, 1, 1, 1): NO HIT

=== Best candidate for W=15 ===
  shape       = (4, 4)
  dead col    = 2
  rho         = [0, 1, 3, 7, 13, 2, 6, 8, 12]
  sigma       = [2, 1, 3, 7, 13, 0, 6, 10, 12]
  block_dets  = [1, 1]
  full det    = 1
  max_row     = 13 (need 15^j ≥ 14; j ≥ 1 OK if max_row < 15)
  primes      = [2, 3, 7, 11, 13, 17, 19, 23, 29, 31, 37, 41, 43, 47, 53, 59, 97, 101, 103, 107, 109, 113, 127, 131, 181, 191, 193, 197, 199]
  new helpers = [101, 103, 107, 131, 191, 193, 197]

  Full 9x9 submatrix (rows = rho, cols = sigma):
    [1, 1, 0, 0, 0, 0, 1, 1, 1]
    [0, 1, 1, 1, 1, 0, 0, 0, 0]
    [0, 1, 0, 1, 1, 0, 0, 0, 0]
    [0, 1, 1, 1, 0, 0, 0, 0, 0]
    [0, 1, 1, 0, 0, 0, 0, 0, 0]
    [0, 0, 0, 0, 0, 1, 1, 1, 1]
    [0, 0, 0, 0, 0, 0, 1, 1, 1]
    [0, 0, 0, 0, 0, 0, 1, 1, 0]
    [0, 0, 0, 0, 0, 1, 0, 1, 1]
  Verified det = 1
  Composites to witness: [1, 4, 8, 14, 16, 18, 22, 26, 28, 32, 33, 34, 38, 44, 46, 48, 49, 52, 56, 58, 91, 92, 93, 94, 98, 104, 106, 108, 112, 116, 118, 119, 121, 122, 123, 124, 128, 133, 134, 182, 183, 184, 187, 188, 194, 196, 198, 202, 203, 206, 208, 209]

============================================================

=== W=16 BlockTriangular pre-search ===
R = phi(16) + 1 = 9
Live cols (k+1 coprime to 16): [0, 2, 4, 6, 8, 10, 12, 14]  (count = 8)
Dead-col candidates (k+1 prime, gcd != 1): [1]

Inner-block shapes (ordered partitions of 8, parts ≤ 4): 108 shapes

--- Dead col k=1 (chiP(2) = 1) ---
  Invertible inner 8x8 subsets: 3536
  shape (4, 4): HIT, det=+1, max_row=14, new helpers=7: [83, 191, 223, 227, 229, 233, 239]
  shape (1, 3, 4): HIT, det=-1, max_row=14, new helpers=7: [83, 191, 223, 227, 229, 233, 239]
  shape (1, 4, 3): NO HIT
  shape (2, 2, 4): HIT, det=+1, max_row=14, new helpers=7: [83, 191, 223, 227, 229, 233, 239]
  shape (2, 4, 2): NO HIT
  shape (3, 1, 4): HIT, det=-1, max_row=14, new helpers=7: [83, 191, 223, 227, 229, 233, 239]
  shape (3, 4, 1): NO HIT
  shape (4, 1, 3): NO HIT
  shape (4, 2, 2): NO HIT
  shape (4, 3, 1): NO HIT
  shape (2, 3, 3): NO HIT
  shape (3, 2, 3): NO HIT
  shape (3, 3, 2): NO HIT
  shape (1, 1, 2, 4): HIT, det=+1, max_row=14, new helpers=7: [83, 191, 223, 227, 229, 233, 239]
  shape (1, 1, 4, 2): NO HIT
  shape (1, 2, 1, 4): HIT, det=-1, max_row=14, new helpers=7: [83, 191, 223, 227, 229, 233, 239]
  shape (1, 2, 4, 1): NO HIT
  shape (1, 4, 1, 2): NO HIT
  shape (1, 4, 2, 1): NO HIT
  shape (2, 1, 1, 4): HIT, det=-1, max_row=14, new helpers=7: [83, 191, 223, 227, 229, 233, 239]
  shape (2, 1, 4, 1): NO HIT
  shape (2, 4, 1, 1): NO HIT
  shape (4, 1, 1, 2): NO HIT
  shape (4, 1, 2, 1): NO HIT
  shape (4, 2, 1, 1): NO HIT
  shape (1, 1, 3, 3): NO HIT
  shape (1, 2, 2, 3): NO HIT
  shape (1, 2, 3, 2): NO HIT
  shape (1, 3, 1, 3): NO HIT
  shape (1, 3, 2, 2): NO HIT
  shape (1, 3, 3, 1): NO HIT
  shape (2, 1, 2, 3): NO HIT
  shape (2, 1, 3, 2): NO HIT
  shape (2, 2, 1, 3): NO HIT
  shape (2, 2, 3, 1): NO HIT
  shape (2, 3, 1, 2): NO HIT
  shape (2, 3, 2, 1): NO HIT
  shape (3, 1, 1, 3): NO HIT
  shape (3, 1, 2, 2): NO HIT
  shape (3, 1, 3, 1): NO HIT
  shape (3, 2, 1, 2): NO HIT
  shape (3, 2, 2, 1): NO HIT
  shape (3, 3, 1, 1): NO HIT
  shape (2, 2, 2, 2): NO HIT
  shape (1, 1, 1, 1, 4): HIT, det=-1, max_row=14, new helpers=7: [83, 191, 223, 227, 229, 233, 239]
  shape (1, 1, 1, 4, 1): NO HIT
  shape (1, 1, 4, 1, 1): NO HIT
  shape (1, 4, 1, 1, 1): NO HIT
  shape (4, 1, 1, 1, 1): NO HIT
  shape (1, 1, 1, 2, 3): NO HIT
  shape (1, 1, 1, 3, 2): NO HIT
  shape (1, 1, 2, 1, 3): NO HIT
  shape (1, 1, 2, 3, 1): NO HIT
  shape (1, 1, 3, 1, 2): NO HIT
  shape (1, 1, 3, 2, 1): NO HIT
  shape (1, 2, 1, 1, 3): NO HIT
  shape (1, 2, 1, 3, 1): NO HIT
  shape (1, 2, 3, 1, 1): NO HIT
  shape (1, 3, 1, 1, 2): NO HIT
  shape (1, 3, 1, 2, 1): NO HIT
  shape (1, 3, 2, 1, 1): NO HIT
  shape (2, 1, 1, 1, 3): NO HIT
  shape (2, 1, 1, 3, 1): NO HIT
  shape (2, 1, 3, 1, 1): NO HIT
  shape (2, 3, 1, 1, 1): NO HIT
  shape (3, 1, 1, 1, 2): NO HIT
  shape (3, 1, 1, 2, 1): NO HIT
  shape (3, 1, 2, 1, 1): NO HIT
  shape (3, 2, 1, 1, 1): NO HIT
  shape (1, 1, 2, 2, 2): NO HIT
  shape (1, 2, 1, 2, 2): NO HIT
  shape (1, 2, 2, 1, 2): NO HIT
  shape (1, 2, 2, 2, 1): NO HIT
  shape (2, 1, 1, 2, 2): NO HIT
  shape (2, 1, 2, 1, 2): NO HIT
  shape (2, 1, 2, 2, 1): NO HIT
  shape (2, 2, 1, 1, 2): NO HIT
  shape (2, 2, 1, 2, 1): NO HIT
  shape (2, 2, 2, 1, 1): NO HIT
  shape (1, 1, 1, 1, 1, 3): NO HIT
  shape (1, 1, 1, 1, 3, 1): NO HIT
  shape (1, 1, 1, 3, 1, 1): NO HIT
  shape (1, 1, 3, 1, 1, 1): NO HIT
  shape (1, 3, 1, 1, 1, 1): NO HIT
  shape (3, 1, 1, 1, 1, 1): NO HIT
  shape (1, 1, 1, 1, 2, 2): NO HIT
  shape (1, 1, 1, 2, 1, 2): NO HIT
  shape (1, 1, 1, 2, 2, 1): NO HIT
  shape (1, 1, 2, 1, 1, 2): NO HIT
  shape (1, 1, 2, 1, 2, 1): NO HIT
  shape (1, 1, 2, 2, 1, 1): NO HIT
  shape (1, 2, 1, 1, 1, 2): NO HIT
  shape (1, 2, 1, 1, 2, 1): NO HIT
  shape (1, 2, 1, 2, 1, 1): NO HIT
  shape (1, 2, 2, 1, 1, 1): NO HIT
  shape (2, 1, 1, 1, 1, 2): NO HIT
  shape (2, 1, 1, 1, 2, 1): NO HIT
  shape (2, 1, 1, 2, 1, 1): NO HIT
  shape (2, 1, 2, 1, 1, 1): NO HIT
  shape (2, 2, 1, 1, 1, 1): NO HIT
  shape (1, 1, 1, 1, 1, 1, 2): NO HIT
  shape (1, 1, 1, 1, 1, 2, 1): NO HIT
  shape (1, 1, 1, 1, 2, 1, 1): NO HIT
  shape (1, 1, 1, 2, 1, 1, 1): NO HIT
  shape (1, 1, 2, 1, 1, 1, 1): NO HIT
  shape (1, 2, 1, 1, 1, 1, 1): NO HIT
  shape (2, 1, 1, 1, 1, 1, 1): NO HIT
  shape (1, 1, 1, 1, 1, 1, 1, 1): NO HIT

=== Best candidate for W=16 ===
  shape       = (4, 4)
  dead col    = 1
  rho         = [0, 1, 2, 3, 7, 5, 11, 13, 14]
  sigma       = [1, 0, 6, 10, 12, 2, 4, 8, 14]
  block_dets  = [-1, -1]
  full det    = 1
  max_row     = 14 (need 16^j ≥ 15; j ≥ 1 OK if max_row < 16)
  primes      = [2, 3, 5, 7, 11, 13, 17, 19, 23, 29, 31, 37, 41, 43, 47, 53, 59, 61, 83, 89, 113, 127, 179, 181, 191, 211, 223, 227, 229, 233, 239]
  new helpers = [83, 191, 223, 227, 229, 233, 239]

  Full 9x9 submatrix (rows = rho, cols = sigma):
    [1, 0, 1, 1, 1, 1, 1, 0, 0]
    [0, 1, 1, 0, 1, 1, 0, 0, 1]
    [0, 0, 0, 1, 0, 0, 1, 1, 1]
    [0, 0, 0, 1, 1, 0, 1, 0, 0]
    [0, 1, 0, 0, 0, 0, 0, 0, 1]
    [0, 0, 0, 0, 0, 1, 0, 1, 0]
    [0, 0, 0, 0, 0, 1, 1, 0, 1]
    [0, 0, 0, 0, 0, 1, 0, 0, 1]
    [0, 0, 0, 0, 0, 1, 1, 1, 1]
  Verified det = 1
  Composites to witness: [1, 9, 15, 18, 21, 25, 27, 33, 34, 35, 39, 45, 49, 50, 51, 55, 57, 63, 81, 82, 85, 87, 91, 93, 95, 114, 115, 117, 119, 121, 123, 125, 177, 178, 183, 185, 187, 189, 209, 210, 213, 215, 217, 219, 221, 225, 226, 231, 235, 237]

============================================================

