================================================================================
EXTENSION OF TASK #4: K_min with 2000 zeros (incremental)
================================================================================
Loaded 2000 zeros (max gamma = 2515.286)  [0.01s]

--- Computing exact pi(x) via Lucy DP ---
  pi(1e+03) =        168   [0.000s]
  pi(1e+04) =       1229   [0.000s]
  pi(1e+05) =       9592   [0.001s]
  pi(1e+06) =      78498   [0.003s]
  pi(1e+07) =     664579   [0.014s]

--- Computing pi_K trajectories (K = 0..2000) ---
  trajectory for x = 1e+03: 2001 pts  [0.6s]
  trajectory for x = 1e+04: 2001 pts  [0.6s]
  trajectory for x = 1e+05: 2001 pts  [0.6s]
  trajectory for x = 1e+06: 2001 pts  [0.5s]
  trajectory for x = 1e+07: 2001 pts  [0.5s]

--- (i) x=10^4 persistent-error investigation ---
  K= 100:  raw = 1229.860292  rounded = 1230  residual = +0.8603
  K= 200:  raw = 1230.045207  rounded = 1230  residual = +1.0452
  K= 500:  raw = 1229.812413  rounded = 1230  residual = +0.8124
  K=1000:  raw = 1229.705298  rounded = 1230  residual = +0.7053
  K=1500:  raw = 1229.347165  rounded = 1229  residual = +0.3472
  K=2000:  raw = 1229.010317  rounded = 1229  residual = +0.0103
  K_min  (first round-correct): 1
  K_min* (>=50 consecutive correct): 1250
  Final (K=2000) raw = 1229.010317  residual = +0.0103

--- (ii) K_min and K_min* across x ---
         x |  K_min |  K_min* |    sqrt(x) |   sqrt(x)/log(x) |   sqrt(x)*log(x) |  K*/sqrt(x) |    K*/(sqrt(x)/log(x))
----------------------------------------------------------------------------------------------------------------------------------
     1e+03 |      0 |      81 |       31.6 |             4.58 |           218.44 |      2.5614 |                17.6938
     1e+04 |      1 |    1250 |      100.0 |            10.86 |           921.03 |     12.5000 |               115.1293
     1e+05 |      3 |     572 |      316.2 |            27.47 |          3640.71 |      1.8088 |                20.8248
     1e+06 |    N/A |     N/A |     1000.0 |            72.38 |         13815.51 |          -- |                     --
     1e+07 |    563 |    1912 |     3162.3 |           196.19 |         50969.89 |      0.6046 |                 9.7454

  Fitted: K_min* ~ x^0.2754  (RH-conjectural ~ x^0.5 with log factors)

--- (iii) Residual at x = 10^7 with K up to 2000 ---
  K=  50:  raw = 664612.5446  residual = +33.54
  K= 200:  raw = 664592.7580  residual = +13.76
  K= 500:  raw = 664586.4074  residual = +7.41
  K=1000:  raw = 664580.6582  residual = +1.66
  K=1500:  raw = 664577.5016  residual = -1.50
  K=2000:  raw = 664578.9326  residual = -0.07
  Classical T_min for error<0.5 at x=10^7: ~1643075 (need this many zeros, vs available 2000).

=== SUMMARY ===
  x=1e+03: K_min* = 81, final residual at K=2000 = -0.006
  x=1e+04: K_min* = 1250, final residual at K=2000 = +0.010
  x=1e+05: K_min* = 572, final residual at K=2000 = +0.329
  x=1e+06: K_min* not reached within 2000 zeros, final residual at K=2000 = +2.430
  x=1e+07: K_min* = 1912, final residual at K=2000 = -0.067
