[setup] sieve to 10,000,000: 664,579 primes in 0.0s
[W-trick] W=210, phi(W)=48, residues used: [1, 11, 13]
[res b=1] M=1000, q_start=1000231, q_end=1670761, mean=0.9913, std=0.7417, #unique=698
  [PH primes] 1.6s; T0=131.92, T1=33.47
  [z] T0: B1=-10.65 B2=-0.60 B3=+0.35
  [z] T1: B1=+6.03 B2=-0.31 B3=+0.65
[res b=11] M=1000, q_start=1001081, q_end=1669301, mean=0.9879, std=0.7748, #unique=686
  [PH primes] 1.3s; T0=130.72, T1=31.69
  [z] T0: B1=-8.14 B2=-3.35 B3=-0.69
  [z] T1: B1=+3.97 B2=-1.87 B3=-0.39
[res b=13] M=1000, q_start=1000033, q_end=1666783, mean=0.9858, std=0.8000, #unique=685
  [PH primes] 1.4s; T0=135.51, T1=32.92
  [z] T0: B1=-10.13 B2=-2.01 B3=+0.19
  [z] T1: B1=+7.13 B2=-0.05 B3=+1.13

[done] wrote b3_main.json

Pooled z across residues:
  T0 z_B1: mean=-9.64, range=[-10.65, -8.14]
  T0 z_B2: mean=-1.99, range=[-3.35, -0.60]
  T0 z_B3: mean=-0.05, range=[-0.69, +0.35]
  T1 z_B1: mean=+5.71, range=[+3.97, +7.13]
  T1 z_B2: mean=-0.74, range=[-1.87, -0.05]
  T1 z_B3: mean=+0.46, range=[-0.39, +1.13]

S117 anchor:
  T0 z(B1)=-9.07, z(B2)=-1.99
  T1 z(B1)=5.56, z(B2)=-0.67
