
============================================================
N = 5
============================================================
  primes in [0, 32): 11, density = 0.3438
  Annihilator of f: deg = 2, 4 monomials, weight |g^-1(1)| = 8 / 32
    g(x) = 1 + x_{0} + x_{1} + x_{0,1}
    verified g * f == 0: True
  Annihilator of 1+f: deg = 3, 2 monomials, weight |g^-1(1)| = 4 / 32
    g(x) = x_{0,1} + x_{0,1,3}
    verified g * (1+f) == 0: True
  AI(chi_P, N=5) = 2  (annihilator of f)

============================================================
N = 6
============================================================
  primes in [0, 64): 18, density = 0.2812
  Annihilator of f: deg = 2, 4 monomials, weight |g^-1(1)| = 16 / 64
    g(x) = 1 + x_{0} + x_{1} + x_{0,1}
    verified g * f == 0: True
  Annihilator of 1+f: deg = 3, 6 monomials, weight |g^-1(1)| = 8 / 64
    g(x) = x_{0,1} + x_{0,1,2} + x_{0,1,3} + x_{0,1,5} + x_{0,2,3} + x_{0,2,5}
    verified g * (1+f) == 0: True
  AI(chi_P, N=6) = 2  (annihilator of f)

============================================================
N = 7
============================================================
  primes in [0, 128): 31, density = 0.2422
  Annihilator of f: deg = 2, 4 monomials, weight |g^-1(1)| = 32 / 128
    g(x) = 1 + x_{0} + x_{1} + x_{0,1}
    verified g * f == 0: True
  Annihilator of 1+f: deg = 4, 13 monomials, weight |g^-1(1)| = 16 / 128
    g(x) = x_{0,1} + x_{0,1,2} + x_{0,1,3} + x_{0,1,4} + x_{0,1,5} + x_{0,1,6} + x_{0,2,3} + x_{0,2,5} + x_{0,3,6} + x_{0,5,6} + x_{0,1,3,4} + x_{0,1,3,5} + x_{0,1,4,5}
    verified g * (1+f) == 0: True
  AI(chi_P, N=7) = 2  (annihilator of f)

============================================================
N = 8
============================================================
  primes in [0, 256): 54, density = 0.2109
  Annihilator of f: deg = 2, 4 monomials, weight |g^-1(1)| = 64 / 256
    g(x) = 1 + x_{0} + x_{1} + x_{0,1}
    verified g * f == 0: True
  Annihilator of 1+f: deg = 5, 12 monomials, weight |g^-1(1)| = 8 / 256
    g(x) = x_{0,1,2} + x_{0,1,2,3} + x_{0,1,2,4} + x_{0,1,2,5} + x_{0,1,2,6} + x_{0,1,2,7} + x_{0,1,2,3,5} + x_{0,1,2,3,6} + x_{0,1,2,3,7} + x_{0,1,2,4,5} + x_{0,1,2,4,6} + x_{0,1,2,4,7}
    verified g * (1+f) == 0: True
  AI(chi_P, N=8) = 2  (annihilator of f)

============================================================
N = 9
============================================================
  primes in [0, 512): 97, density = 0.1895
  Annihilator of f: deg = 2, 4 monomials, weight |g^-1(1)| = 128 / 512
    g(x) = 1 + x_{0} + x_{1} + x_{0,1}
    verified g * f == 0: True
  Annihilator of 1+f: deg = 5, 60 monomials, weight |g^-1(1)| = 16 / 512
    g(x) = x_{0,2} + x_{0,4} + x_{0,8} + x_{0,1,2} + x_{0,1,3} + x_{0,1,4} + x_{0,1,8} + x_{0,2,3} + x_{0,2,5} + x_{0,2,6} + x_{0,2,7} + x_{0,3,4} + x_{0,3,8} + x_{0,4,5} + x_{0,4,6} + x_{0,4,7} + x_{0,5,8} + x_{0,6,8} + x_{0,7,8} + x_{0,1,2,5} + ... (60 total terms)
    verified g * (1+f) == 0: True
  AI(chi_P, N=9) = 2  (annihilator of f)

============================================================
N = 10
============================================================
  primes in [0, 1024): 172, density = 0.1680
  Annihilator of f: deg = 2, 4 monomials, weight |g^-1(1)| = 256 / 1024
    g(x) = 1 + x_{0} + x_{1} + x_{0,1}
    verified g * f == 0: True
  Annihilator of 1+f: deg = 6, 172 monomials, weight |g^-1(1)| = 88 / 1024
    g(x) = x_{0,2} + x_{0,4} + x_{0,8} + x_{0,1,3} + x_{0,1,4} + x_{0,1,6} + x_{0,1,7} + x_{0,1,8} + x_{0,2,5} + x_{0,2,6} + x_{0,2,7} + x_{0,2,9} + x_{0,3,4} + x_{0,3,5} + x_{0,3,6} + x_{0,3,8} + x_{0,3,9} + x_{0,4,5} + x_{0,4,6} + x_{0,4,7} + ... (172 total terms)
    verified g * (1+f) == 0: True
  AI(chi_P, N=10) = 2  (annihilator of f)

============================================================
N = 11
============================================================
  primes in [0, 2048): 309, density = 0.1509
  Annihilator of f: deg = 2, 4 monomials, weight |g^-1(1)| = 512 / 2048
    g(x) = 1 + x_{0} + x_{1} + x_{0,1}
    verified g * f == 0: True
  Annihilator of 1+f: deg = 7, 372 monomials, weight |g^-1(1)| = 142 / 2048
    g(x) = x_{0,1} + x_{0,4} + x_{0,1,4} + x_{0,1,5} + x_{0,1,6} + x_{0,1,7} + x_{0,1,8} + x_{0,1,9} + x_{0,1,10} + x_{0,2,4} + x_{0,3,4} + x_{0,3,5} + x_{0,3,6} + x_{0,4,5} + x_{0,4,6} + x_{0,4,7} + x_{0,4,8} + x_{0,4,9} + x_{0,4,10} + x_{0,7,9} + ... (372 total terms)
    verified g * (1+f) == 0: True
  AI(chi_P, N=11) = 2  (annihilator of f)

============================================================
N = 12
============================================================
  primes in [0, 4096): 564, density = 0.1377
  Annihilator of f: deg = 2, 4 monomials, weight |g^-1(1)| = 1024 / 4096
    g(x) = 1 + x_{0} + x_{1} + x_{0,1}
    verified g * f == 0: True
  Annihilator of 1+f: deg = 7, 672 monomials, weight |g^-1(1)| = 272 / 4096
    g(x) = x_{0,4} + x_{0,1,6} + x_{0,1,7} + x_{0,2,4} + x_{0,3,4} + x_{0,3,5} + x_{0,4,5} + x_{0,4,6} + x_{0,4,7} + x_{0,4,8} + x_{0,4,9} + x_{0,4,10} + x_{0,4,11} + x_{0,5,6} + x_{0,5,11} + x_{0,6,7} + x_{0,6,9} + x_{0,6,11} + x_{0,7,9} + x_{0,7,10} + ... (672 total terms)
    verified g * (1+f) == 0: True
  AI(chi_P, N=12) = 2  (annihilator of f)

============================================================
N = 13
============================================================
  primes in [0, 8192): 1028, density = 0.1255
  Annihilator of f: deg = 2, 4 monomials, weight |g^-1(1)| = 2048 / 8192
    g(x) = 1 + x_{0} + x_{1} + x_{0,1}
    verified g * f == 0: True
  Annihilator of 1+f: deg = 8, 1562 monomials, weight |g^-1(1)| = 498 / 8192
    g(x) = x_{0,2} + x_{0,4} + x_{0,1,2} + x_{0,1,3} + x_{0,2,3} + x_{0,2,6} + x_{0,2,7} + x_{0,2,8} + x_{0,2,9} + x_{0,2,10} + x_{0,2,11} + x_{0,2,12} + x_{0,3,4} + x_{0,3,5} + x_{0,3,6} + x_{0,4,5} + x_{0,4,6} + x_{0,4,7} + x_{0,4,8} + x_{0,4,9} + ... (1562 total terms)
    verified g * (1+f) == 0: True
  AI(chi_P, N=13) = 2  (annihilator of f)
