Sieving Omega for N = 2,000,000 ...
  done in 1.22 s
  bisection identity pi = A - C_3 verified bit-exact.

PR1: per-component per-step conditional entropies
  (H_emp - H_pred should be ~0 in regime q << density * X)
PR2: joint per-step conditional entropy H(g_q(x)|g_q(x-1))
PR3: marginal mutual information I(A mod q ; C_3 mod q)

Elapsed: 3.43 s

=====  SUMMARY (densities and closed-form predictions)  =====
         X     pi_X        A_X       C3_X    rho_pi    rho_A   rho_C3    h_pi     h_A    h_C3  h_joint
     10000     1229       5047       3818   0.12290  0.50470  0.38180  0.5376  0.9999  0.9593   1.4041
    100000     9592      50144      40552   0.09592  0.50144  0.40552  0.4559  1.0000  0.9741   1.3531
   1000000    78498     500265     421767   0.07850  0.50026  0.42177  0.3969  1.0000  0.9823   1.3136
   2000000   148933    1000617     851684   0.07447  0.50031  0.42584  0.3824  1.0000  0.9841   1.3037

=====  PR1: |H_emp - H_pred| for each (X, q, F)  =====
(Falsification: any |diff| > 5e-3 in regime q << pi(X)/100 fails)

X = 10000
    q        pi diff       A diff      C3 diff
    2      -0.000089    -0.000001    -0.000001
    3      -0.000002    -0.000080    -0.000295
    5      -0.000304    -0.000405    -0.000090
    7      -0.000113    -0.000398    -0.000135
   11      -0.000293    -0.001124    -0.001099
   13      -0.000463    -0.001587    -0.001032

X = 100000
    q        pi diff       A diff      C3 diff
    2      -0.000001    -0.000002    -0.000002
    3      -0.000008    -0.000007    -0.000002
    5      -0.000044    -0.000008    -0.000009
    7      -0.000017    -0.000034    -0.000057
   11      -0.000033    -0.000088    -0.000063
   13      -0.000039    -0.000127    -0.000098

X = 1000000
    q        pi diff       A diff      C3 diff
    2      -0.000001    -0.000000    -0.000000
    3      -0.000001    -0.000001    -0.000003
    5      -0.000002    -0.000003    -0.000001
    7      -0.000001    -0.000003    -0.000001
   11      -0.000007    -0.000008    -0.000008
   13      -0.000010    -0.000006    -0.000006

X = 2000000
    q        pi diff       A diff      C3 diff
    2      -0.000002    -0.000000    -0.000000
    3      -0.000001    -0.000000    -0.000002
    5      -0.000000    -0.000002    -0.000001
    7      -0.000000    -0.000001    -0.000001
   11      -0.000004    -0.000002    -0.000004
   13      -0.000003    -0.000003    -0.000005

=====  PR2: |H_emp - H_pred| for joint (A,C3) mod q  =====
(Falsification: |diff| > 5e-3 in regime q^2 << pi(X) fails)

X = 10000   pi(X)/q^2 cutoff at q^2 << 1229
    q    q^2      H_emp     H_pred         diff
    2      4    1.40391    1.40412    -0.000205
    3      9    1.40331    1.40412    -0.000803
    5     25    1.40031    1.40412    -0.003802
    7     49    1.39653    1.40412    -0.007581
   11    121    1.38706    1.40412    -0.017051
   13    169    1.37909    1.40412    -0.025028

X = 100000   pi(X)/q^2 cutoff at q^2 << 9592
    q    q^2      H_emp     H_pred         diff
    2      4    1.35304    1.35309    -0.000046
    3      9    1.35299    1.35309    -0.000094
    5     25    1.35273    1.35309    -0.000358
    7     49    1.35234    1.35309    -0.000750
   11    121    1.35148    1.35309    -0.001605
   13    169    1.35082    1.35309    -0.002272

X = 1000000   pi(X)/q^2 cutoff at q^2 << 78498
    q    q^2      H_emp     H_pred         diff
    2      4    1.31360    1.31360    -0.000004
    3      9    1.31359    1.31360    -0.000009
    5     25    1.31358    1.31360    -0.000027
    7     49    1.31354    1.31360    -0.000063
   11    121    1.31341    1.31360    -0.000196
   13    169    1.31339    1.31360    -0.000216

X = 2000000   pi(X)/q^2 cutoff at q^2 << 148933
    q    q^2      H_emp     H_pred         diff
    2      4    1.30365    1.30365    -0.000004
    3      9    1.30365    1.30365    -0.000006
    5     25    1.30364    1.30365    -0.000013
    7     49    1.30362    1.30365    -0.000032
   11    121    1.30355    1.30365    -0.000103
   13    169    1.30354    1.30365    -0.000117

=====  PR3: I(A mod q ; C_3 mod q) marginal in bits  =====
(Falsification: I > 0.01 bits at X = 2*10^6 for any q in {2..13})
    q  X=10000      X=100000     X=1000000    X=2000000    
    2    0.000607    0.000013    0.000011    0.000019  
    3    0.000064    0.000084    0.000013    0.000012  
    5    0.003812    0.000633    0.000036    0.000011  
    7    0.006981    0.000480    0.000057    0.000023  
   11    0.013102    0.001316    0.000198    0.000107  
   13    0.027268    0.002193    0.000246    0.000117  

=====  VERDICTS  =====
PR1 worst |diff| (in regime q*100 < pi(X)): 0.001124  at  (10000, 11, 'A')
  PR1 verdict: PASS (threshold 5e-3)
PR2 worst |diff| (in regime q^2*100 < pi(X)): 0.000803  at  (10000, 3)
  PR2 verdict: PASS (threshold 5e-3)
PR3 worst I (at X=2000000, all q in [2, 3, 5, 7, 11, 13]): 0.000117  at  q=13
  PR3 verdict: PASS (threshold 0.01 bits)

Wrote g_q_bisection_invariant_data.json
