
--- k=10, eigenvalue=0.7909 ---
  vertex= 31  prob=0.1616  deg=  8  factorization={31: 1}  PRIME
  vertex= 29  prob=0.1616  deg=  8  factorization={29: 1}  PRIME
  vertex= 62  prob=0.0873  deg=  6  factorization={2: 1, 31: 1}  
  vertex= 58  prob=0.0873  deg=  6  factorization={2: 1, 29: 1}  
  vertex=116  prob=0.0610  deg=  6  factorization={2: 2, 29: 1}  
  vertex=124  prob=0.0610  deg=  6  factorization={2: 2, 31: 1}  
  vertex=232  prob=0.0558  deg=  7  factorization={2: 3, 29: 1}  
  vertex=248  prob=0.0558  deg=  7  factorization={2: 3, 31: 1}  
  vertex=174  prob=0.0553  deg=  7  factorization={2: 1, 3: 1, 29: 1}  
  vertex=186  prob=0.0553  deg=  7  factorization={2: 1, 3: 1, 31: 1}  
  vertex= 87  prob=0.0394  deg=  4  factorization={3: 1, 29: 1}  
  vertex= 93  prob=0.0394  deg=  4  factorization={3: 1, 31: 1}  
  vertex=217  prob=0.0199  deg=  3  factorization={7: 1, 31: 1}  
  vertex=145  prob=0.0199  deg=  3  factorization={5: 1, 29: 1}  
  vertex=155  prob=0.0199  deg=  3  factorization={5: 1, 31: 1}  

--- k=14, eigenvalue=0.7681 ---
  vertex= 43  prob=0.2098  deg=  5  factorization={43: 1}  PRIME
  vertex= 47  prob=0.2098  deg=  5  factorization={47: 1}  PRIME
  vertex= 86  prob=0.1008  deg=  4  factorization={2: 1, 43: 1}  
  vertex= 94  prob=0.1008  deg=  4  factorization={2: 1, 47: 1}  
  vertex=172  prob=0.0920  deg=  5  factorization={2: 2, 43: 1}  
  vertex=188  prob=0.0920  deg=  5  factorization={2: 2, 47: 1}  
  vertex=215  prob=0.0487  deg=  3  factorization={5: 1, 43: 1}  
  vertex=129  prob=0.0487  deg=  3  factorization={3: 1, 43: 1}  
  vertex=235  prob=0.0487  deg=  3  factorization={5: 1, 47: 1}  
  vertex=141  prob=0.0487  deg=  3  factorization={3: 1, 47: 1}  
  vertex= 61  prob=0.0000  deg=  4  factorization={61: 1}  PRIME
  vertex=122  prob=0.0000  deg=  4  factorization={2: 1, 61: 1}  
  vertex=244  prob=0.0000  deg=  5  factorization={2: 2, 61: 1}  
  vertex=183  prob=0.0000  deg=  3  factorization={3: 1, 61: 1}  
  vertex= 53  prob=0.0000  deg=  4  factorization={53: 1}  PRIME

--- k=19, eigenvalue=0.7357 ---
  vertex= 83  prob=0.3367  deg=  3  factorization={83: 1}  PRIME
  vertex=166  prob=0.1684  deg=  3  factorization={2: 1, 83: 1}  
  vertex=249  prob=0.1684  deg=  3  factorization={3: 1, 83: 1}  
  vertex= 79  prob=0.1404  deg=  3  factorization={79: 1}  PRIME
  vertex=237  prob=0.0702  deg=  3  factorization={3: 1, 79: 1}  
  vertex=158  prob=0.0702  deg=  3  factorization={2: 1, 79: 1}  
  vertex= 73  prob=0.0172  deg=  3  factorization={73: 1}  PRIME
  vertex=219  prob=0.0086  deg=  3  factorization={3: 1, 73: 1}  
  vertex=146  prob=0.0086  deg=  3  factorization={2: 1, 73: 1}  
  vertex= 67  prob=0.0056  deg=  3  factorization={67: 1}  PRIME
  vertex=134  prob=0.0028  deg=  3  factorization={2: 1, 67: 1}  
  vertex=201  prob=0.0028  deg=  3  factorization={3: 1, 67: 1}  
  vertex= 71  prob=0.0000  deg=  3  factorization={71: 1}  PRIME
  vertex=213  prob=0.0000  deg=  3  factorization={3: 1, 71: 1}  
  vertex=142  prob=0.0000  deg=  3  factorization={2: 1, 71: 1}  

--- k=25, eigenvalue=0.7041 ---
  vertex=194  prob=0.3044  deg=  3  factorization={2: 1, 97: 1}  
  vertex= 97  prob=0.3044  deg=  2  factorization={97: 1}  PRIME
  vertex=226  prob=0.1303  deg=  3  factorization={2: 1, 113: 1}  
  vertex=113  prob=0.1303  deg=  2  factorization={113: 1}  PRIME
  vertex= 89  prob=0.0373  deg=  2  factorization={89: 1}  PRIME
  vertex=178  prob=0.0373  deg=  3  factorization={2: 1, 89: 1}  
  vertex=206  prob=0.0147  deg=  3  factorization={2: 1, 103: 1}  
  vertex=103  prob=0.0147  deg=  2  factorization={103: 1}  PRIME
  vertex=214  prob=0.0109  deg=  3  factorization={2: 1, 107: 1}  
  vertex=107  prob=0.0109  deg=  2  factorization={107: 1}  PRIME
  vertex=202  prob=0.0016  deg=  3  factorization={2: 1, 101: 1}  
  vertex=101  prob=0.0016  deg=  2  factorization={101: 1}  PRIME
  vertex=218  prob=0.0007  deg=  3  factorization={2: 1, 109: 1}  
  vertex=109  prob=0.0007  deg=  2  factorization={109: 1}  PRIME
  vertex= 83  prob=0.0000  deg=  3  factorization={83: 1}  PRIME

--- Degree-class localization check ---
For k=14 (high prime ratio), what degree classes does it concentrate on?
  Mass on each degree class:
  deg= 1, n_vertices_with_this_deg= 23, mass=0.0000, ratio_vs_uniform=0.00
  deg= 2, n_vertices_with_this_deg=  8, mass=0.0000, ratio_vs_uniform=0.00
  deg= 3, n_vertices_with_this_deg= 43, mass=0.1947, ratio_vs_uniform=1.13
  deg= 4, n_vertices_with_this_deg= 18, mass=0.2017, ratio_vs_uniform=2.80
  deg= 5, n_vertices_with_this_deg= 22, mass=0.6037, ratio_vs_uniform=6.86
  deg= 6, n_vertices_with_this_deg= 15, mass=0.0000, ratio_vs_uniform=0.00
  deg= 7, n_vertices_with_this_deg= 29, mass=0.0000, ratio_vs_uniform=0.00
  deg= 8, n_vertices_with_this_deg= 14, mass=0.0000, ratio_vs_uniform=0.00
  deg= 9, n_vertices_with_this_deg= 13, mass=0.0000, ratio_vs_uniform=0.00
  deg=10, n_vertices_with_this_deg=  4, mass=0.0000, ratio_vs_uniform=0.00
  deg=11, n_vertices_with_this_deg= 19, mass=0.0000, ratio_vs_uniform=0.00

--- Degree distribution of primes vs all vertices ---
  deg=1: total=23, primes=23, frac_prime=1.00
  deg=2: total=8, primes=7, frac_prime=0.88
  deg=3: total=43, primes=5, frac_prime=0.12
  deg=4: total=18, primes=3, frac_prime=0.17
  deg=5: total=22, primes=2, frac_prime=0.09
  deg=6: total=15, primes=2, frac_prime=0.13
  deg=7: total=29, primes=0, frac_prime=0.00