==============================================================================
Extended Szegedy walk analysis
==============================================================================

## Cayley sweep (N prime, gens={2,3,5})
  N=   31  V=   30  gap=0.23033  smix~  0.999
  N=   61  V=   60  gap=0.13435  smix~  1.332
  N=   89  V=   88  gap=0.03866  smix~  2.526
  N=  127  V=  126  gap=0.09338  smix~  1.610
  N=  167  V=  166  gap=0.09894  smix~  1.563
  N=  211  V=  210  gap=0.06647  smix~  1.917
  N=  257  V=  256  gap=0.03174  smix~  2.792
  N=  307  V=  306  gap=0.04352  smix~  2.379
  N=  373  V=  372  gap=0.00753  smix~  5.755
  N=  449  V=  448  gap=0.01589  smix~  3.956
  N=  541  V=  540  gap=0.04323  smix~  2.387
  N=  673  V=  672  gap=0.01105  smix~  4.749
  N=  809  V=  808  gap=0.01185  smix~  4.583
  N= 1009  V= 1008  gap=-0.00000  smix~    inf
  fit: gap(N) ~ N^-3.306; szegedy_mixing(N) ~ N^nan -- POLY(N)

## Coprime asymptotic sweep
  Mertens prediction: pi^2/6 = 1.6449
  x=   50  gap=0.41832  prime_ratio=1.4511  dev=-0.1939
  x=  100  gap=0.41592  prime_ratio=1.5307  dev=-0.1142
  x=  200  gap=0.41721  prime_ratio=1.5696  dev=-0.0753
  x=  350  gap=0.41680  prime_ratio=1.5950  dev=-0.0499
  x=  500  gap=0.41675  prime_ratio=1.6074  dev=-0.0375
  x=  700  gap=0.41660  prime_ratio=1.6169  dev=-0.0281
  x= 1000  gap=0.41663  prime_ratio=1.6229  dev=-0.0220

## Divisor asymptotic sweep
  x=   50  gap=0.20012  prime_ratio=0.8174
  x=  100  gap=0.18690  prime_ratio=0.8953
  x=  200  gap=0.17917  prime_ratio=0.8933
  x=  350  gap=0.17557  prime_ratio=0.9727
  x=  500  gap=0.17236  prime_ratio=0.9861
  x=  700  gap=0.16892  prime_ratio=1.0150
  x= 1000  gap=0.16557  prime_ratio=1.0426

## Secondary eigenvector primality search
  [   coprime] expected=0.2120  eig0_ratio=1.584  max_eig#0 (ratio=1.584)  #eig with ratio>2: 0
  [   divisor] expected=0.2120  eig0_ratio=0.953  max_eig#27 (ratio=2.358)  #eig with ratio>2: 11
  [cayley_307] expected=0.2026  eig0_ratio=1.000  max_eig#21 (ratio=1.185)  #eig with ratio>2: 0