N=64: |V_sqf|=39 |E|=60 chi=-21 pi(N)=18 pi(N)-pi(N/2)=7
  div  m0 min/mean/max = 32/32.0/32; m0/|V| = 0.8205
  ER   m0 min/mean/max = 30/32.9/36; m0/|V| = 0.8423
  Δ(div - ER mean) = -0.85; elapsed: 0.00s
N=128: |V_sqf|=78 |E|=132 chi=-54 pi(N)=31 pi(N)-pi(N/2)=13
  div  m0 min/mean/max = 65/65.0/65; m0/|V| = 0.8333
  ER   m0 min/mean/max = 62/68.2/73; m0/|V| = 0.8750
  Δ(div - ER mean) = -3.25; elapsed: 0.00s
N=256: |V_sqf|=157 |E|=285 chi=-128 pi(N)=54 pi(N)-pi(N/2)=23
  div  m0 min/mean/max = 134/134.0/134; m0/|V| = 0.8535
  ER   m0 min/mean/max = 135/141.2/148; m0/|V| = 0.8990
  Δ(div - ER mean) = -7.15; elapsed: 0.01s
N=512: |V_sqf|=314 |E|=601 chi=-287 pi(N)=97 pi(N)-pi(N/2)=43
  div  m0 min/mean/max = 271/271.0/271; m0/|V| = 0.8631
  ER   m0 min/mean/max = 274/283.9/291; m0/|V| = 0.9040
  Δ(div - ER mean) = -12.85; elapsed: 0.03s
N=1024: |V_sqf|=624 |E|=1248 chi=-624 pi(N)=172 pi(N)-pi(N/2)=75
  div  m0 min/mean/max = 549/549.0/549; m0/|V| = 0.8798
  ER   m0 min/mean/max = 556/572.8/587; m0/|V| = 0.9179
  Δ(div - ER mean) = -23.80; elapsed: 0.05s
N=2048: |V_sqf|=1245 |E|=2589 chi=-1344 pi(N)=309 pi(N)-pi(N/2)=137
  div  m0 min/mean/max = 1108/1108.0/1108; m0/|V| = 0.8900
  ER   m0 min/mean/max = 1138/1159.9/1179; m0/|V| = 0.9316
  Δ(div - ER mean) = -51.90; elapsed: 0.10s
N=4096: |V_sqf|=2491 |E|=5373 chi=-2882 pi(N)=564 pi(N)-pi(N/2)=255
  div  m0 min/mean/max = 2236/2236.0/2236; m0/|V| = 0.8976
  ER   m0 min/mean/max = 2319/2333.8/2350; m0/|V| = 0.9369
  Δ(div - ER mean) = -97.85; elapsed: 0.22s
N=8192: |V_sqf|=4982 |E|=11096 chi=-6114 pi(N)=1028 pi(N)-pi(N/2)=464
  div  m0 min/mean/max = 4518/4518.0/4518; m0/|V| = 0.9069
  ER   m0 min/mean/max = 4667/4707.8/4738; m0/|V| = 0.9450
  Δ(div - ER mean) = -189.75; elapsed: 0.50s

=== Determinism test ===
N=64: distinct (m0, m1) outputs (out of 200): 1; top: [((32, 53), 200)]
N=256: distinct (m0, m1) outputs (out of 200): 1; top: [((134, 262), 200)]
N=1024: distinct (m0, m1) outputs (out of 200): 1; top: [((549, 1173), 200)]
N=4096: distinct (m0, m1) outputs (out of 200): 1; top: [((2236, 5118), 200)]

=== Cascade wave breakdown ===
N=64: m_0=32 m_1=53 n_waves=1 initial_leaves=7 wave_sizes=[7]...
N=128: m_0=65 m_1=119 n_waves=1 initial_leaves=13 wave_sizes=[13]...
N=256: m_0=134 m_1=262 n_waves=1 initial_leaves=23 wave_sizes=[23]...
N=512: m_0=271 m_1=558 n_waves=1 initial_leaves=43 wave_sizes=[43]...
N=1024: m_0=549 m_1=1173 n_waves=1 initial_leaves=75 wave_sizes=[75]...
N=2048: m_0=1108 m_1=2452 n_waves=1 initial_leaves=137 wave_sizes=[137]...
N=4096: m_0=2236 m_1=5118 n_waves=1 initial_leaves=255 wave_sizes=[255]...
N=8192: m_0=4518 m_1=10632 n_waves=1 initial_leaves=464 wave_sizes=[464]...

Wrote d17b_squarefree_morse_data.json
