Sieving up to N = 10000 ...
  Sieve done in 0.01s.

F1 + F3 + F5 — pointwise Liouville identity, parity, divisor count:
  W=    2 rad=    2 ω=1 2^ω=  2 max|diff|=0 parity_mismatches=0 verdict=PASS
  W=    3 rad=    3 ω=1 2^ω=  2 max|diff|=0 parity_mismatches=0 verdict=PASS
  W=    4 rad=    2 ω=1 2^ω=  2 max|diff|=0 parity_mismatches=0 verdict=PASS
  W=    5 rad=    5 ω=1 2^ω=  2 max|diff|=0 parity_mismatches=0 verdict=PASS
  W=    6 rad=    6 ω=2 2^ω=  4 max|diff|=0 parity_mismatches=0 verdict=PASS
  W=    9 rad=    3 ω=1 2^ω=  2 max|diff|=0 parity_mismatches=0 verdict=PASS
  W=   10 rad=   10 ω=2 2^ω=  4 max|diff|=0 parity_mismatches=0 verdict=PASS
  W=   12 rad=    6 ω=2 2^ω=  4 max|diff|=0 parity_mismatches=0 verdict=PASS
  W=   15 rad=   15 ω=2 2^ω=  4 max|diff|=0 parity_mismatches=0 verdict=PASS
  W=   30 rad=   30 ω=3 2^ω=  8 max|diff|=0 parity_mismatches=0 verdict=PASS
  W=   60 rad=   30 ω=3 2^ω=  8 max|diff|=0 parity_mismatches=0 verdict=PASS
  W=  105 rad=  105 ω=3 2^ω=  8 max|diff|=0 parity_mismatches=0 verdict=PASS
  W=  210 rad=  210 ω=4 2^ω= 16 max|diff|=0 parity_mismatches=0 verdict=PASS
  W=  420 rad=  210 ω=4 2^ω= 16 max|diff|=0 parity_mismatches=0 verdict=PASS
  W= 2310 rad= 2310 ω=5 2^ω= 32 max|diff|=0 parity_mismatches=0 verdict=PASS
  W= 2700 rad=   30 ω=3 2^ω=  8 max|diff|=0 parity_mismatches=0 verdict=PASS

F2 — radical reduction L_W = L_rad(W) for non-squarefree W:
  W=    4 rad=    2 max|L_W − L_rad(W)|=0 verdict=PASS
  W=    9 rad=    3 max|L_W − L_rad(W)|=0 verdict=PASS
  W=   12 rad=    6 max|L_W − L_rad(W)|=0 verdict=PASS
  W=   60 rad=   30 max|L_W − L_rad(W)|=0 verdict=PASS
  W=  420 rad=  210 max|L_W − L_rad(W)|=0 verdict=PASS
  W= 2700 rad=   30 max|L_W − L_rad(W)|=0 verdict=PASS

F4 — wheel-graded bisection π_W = (n_W − L_W)/2 − C_{3,W}:
  W=    2 rad=    2 max|π_W − rhs|=0 verdict=PASS
  W=    3 rad=    3 max|π_W − rhs|=0 verdict=PASS
  W=    4 rad=    2 max|π_W − rhs|=0 verdict=PASS
  W=    5 rad=    5 max|π_W − rhs|=0 verdict=PASS
  W=    6 rad=    6 max|π_W − rhs|=0 verdict=PASS
  W=    9 rad=    3 max|π_W − rhs|=0 verdict=PASS
  W=   10 rad=   10 max|π_W − rhs|=0 verdict=PASS
  W=   12 rad=    6 max|π_W − rhs|=0 verdict=PASS
  W=   15 rad=   15 max|π_W − rhs|=0 verdict=PASS
  W=   30 rad=   30 max|π_W − rhs|=0 verdict=PASS
  W=   60 rad=   30 max|π_W − rhs|=0 verdict=PASS
  W=  105 rad=  105 max|π_W − rhs|=0 verdict=PASS
  W=  210 rad=  210 max|π_W − rhs|=0 verdict=PASS
  W=  420 rad=  210 max|π_W − rhs|=0 verdict=PASS
  W= 2310 rad= 2310 max|π_W − rhs|=0 verdict=PASS
  W= 2700 rad=   30 max|π_W − rhs|=0 verdict=PASS

F6 — mod-q lift L_W mod q = (Σ L(⌊x/d⌋)) mod q:
  q=2 W=    2 mismatches/4=0 verdict=PASS
  q=2 W=    6 mismatches/4=0 verdict=PASS
  q=2 W=   30 mismatches/4=0 verdict=PASS
  q=2 W=  210 mismatches/4=0 verdict=PASS
  q=2 W= 2310 mismatches/4=0 verdict=PASS
  q=3 W=    2 mismatches/4=0 verdict=PASS
  q=3 W=    6 mismatches/4=0 verdict=PASS
  q=3 W=   30 mismatches/4=0 verdict=PASS
  q=3 W=  210 mismatches/4=0 verdict=PASS
  q=3 W= 2310 mismatches/4=0 verdict=PASS
  q=4 W=    2 mismatches/4=0 verdict=PASS
  q=4 W=    6 mismatches/4=0 verdict=PASS
  q=4 W=   30 mismatches/4=0 verdict=PASS
  q=4 W=  210 mismatches/4=0 verdict=PASS
  q=4 W= 2310 mismatches/4=0 verdict=PASS
  q=8 W=    2 mismatches/4=0 verdict=PASS
  q=8 W=    6 mismatches/4=0 verdict=PASS
  q=8 W=   30 mismatches/4=0 verdict=PASS
  q=8 W=  210 mismatches/4=0 verdict=PASS
  q=8 W= 2310 mismatches/4=0 verdict=PASS

=== AGGREGATE VERDICT ===
  F1: PASS
  F2: PASS
  F3: PASS
  F4: PASS
  F5: PASS
  F6: PASS

Results written to /apps/aplikacijos/prime-research/experiments/constructions/wheel_coprime_liouville_identity/wheel_coprime_liouville_results.json
