
=== P8 PER-BIT COST PROFILE (precision-domain) ===

  X=     10000  pi=    1229  B=11 bits  nz=1892
    free bits k0 (R alone) = 9.70  => k0/B = 0.88  (hard/random-zone bits = 1.30)
    envelope  E ~ T^(-eta):  eta = 0.221  (L2 zero-tail ~0.5-0.65; noisy)

  X=     30000  pi=    3245  B=12 bits  nz=3639
    free bits k0 (R alone) = 9.94  => k0/B = 0.83  (hard/random-zone bits = 2.06)
    envelope  E ~ T^(-eta):  eta = 0.337  (L2 zero-tail ~0.5-0.65; noisy)
    per-bit cost  log2 N(k) vs k:  slope s = 3.717 (R2=0.858);  sub-linear iff s<1, geometric if s>=1
    marginal zero-count ratios N(k+1)/N(k): 81.00  2.14 (GUE-noisy; trend x2-4)
    N(k) table: k10:1  k11:81  k12:173

  X=    100000  pi=    9592  B=14 bits  nz=7367
    free bits k0 (R alone) = 11.74  => k0/B = 0.84  (hard/random-zone bits = 2.26)
    envelope  E ~ T^(-eta):  eta = 0.273  (L2 zero-tail ~0.5-0.65; noisy)
    per-bit cost  log2 N(k) vs k:  slope s = 1.531 (R2=0.951);  sub-linear iff s<1, geometric if s>=1
    marginal zero-count ratios N(k+1)/N(k): 4.38  1.91 (GUE-noisy; trend x2-4)
    N(k) table: k12:68  k13:298  k14:568

  X=    300000  pi=   25997  B=15 bits  nz=8000
    free bits k0 (R alone) = 10.28  => k0/B = 0.69  (hard/random-zone bits = 4.72)
    envelope  E ~ T^(-eta):  eta = 0.310  (L2 zero-tail ~0.5-0.65; noisy)
    per-bit cost  log2 N(k) vs k:  slope s = 2.506 (R2=0.945);  sub-linear iff s<1, geometric if s>=1
    marginal zero-count ratios N(k+1)/N(k): 9.33  1.89  4.49  25.61 (GUE-noisy; trend x2-4)
    N(k) table: k11:3  k12:28  k13:53  k14:238  k15:6096

  X=   1000000  pi=   78498  B=17 bits  nz=8000
    free bits k0 (R alone) = 12.14  => k0/B = 0.71  (hard/random-zone bits = 4.86)
    envelope  E ~ T^(-eta):  eta = 0.592  (L2 zero-tail ~0.5-0.65; noisy)
    per-bit cost  log2 N(k) vs k:  slope s = 2.091 (R2=0.951);  sub-linear iff s<1, geometric if s>=1
    marginal zero-count ratios N(k+1)/N(k): 2.00  16.02  2.85  2.28 (GUE-noisy; trend x2-4)
    N(k) table: k13:22  k14:44  k15:705  k16:2006  k17:4571

  === VERDICT (P8: is per-bit cost sub-linear?) ===
    per-bit cost slope s : ['3.72', '1.53', '2.51', '2.09']  (min 1.53, mean 2.46)
    envelope eta         : ['0.22', '0.34', '0.27', '0.31', '0.59']  (mean 0.35; 1/eta ~ s)
    free-bit fraction k0/B: ['0.88', '0.83', '0.84', '0.69', '0.71']  (mean 0.79)
    --> s = 2.46 >= 1 (every anchor): per-bit cost is GEOMETRIC/super-linear, NOT sub-linear; P8 A-grade REFUTED.
    --> top ~79% of bits FREE (R(x), polylog, finite-x typical); the hard bits each cost ~x6/bit.
    --> matches S511 info floor / S518 x-domain sqrt(x): the same barrier, resolved bit-by-bit (a re-derivation, not a new wall).
