
=== d = 16, N = 2^16 = 65,536 ===
  sieving up to 65,536 ...
  pi(N) = 6542, pi(N)/N = 0.0998230
  computing prime correlations ...
  Q = 2: building T_Q ...
  Q = 6: building T_Q ...
  Q = 8: building T_Q ...
  Q = 10: building T_Q ...
  Q = 30: building T_Q ...
  Q = 210: building T_Q ...
  Q = 256: building T_Q ...
  Q = 2310: building T_Q ...
  d = 16 done in 2.3 s.

=== d = 18, N = 2^18 = 262,144 ===
  sieving up to 262,144 ...
  pi(N) = 23000, pi(N)/N = 0.0877380
  computing prime correlations ...
  Q = 2: building T_Q ...
  Q = 6: building T_Q ...
  Q = 10: building T_Q ...
  Q = 14: building T_Q ...
  Q = 30: building T_Q ...
  Q = 210: building T_Q ...
  Q = 512: building T_Q ...
  Q = 2310: building T_Q ...
  d = 18 done in 7.1 s.

=== d = 20, N = 2^20 = 1,048,576 ===
  sieving up to 1,048,576 ...
  pi(N) = 82025, pi(N)/N = 0.0782251
  computing prime correlations ...
  Q = 2: building T_Q ...
  Q = 6: building T_Q ...
  Q = 13: building T_Q ...
  Q = 18: building T_Q ...
  Q = 30: building T_Q ...
  Q = 210: building T_Q ...
  Q = 1024: building T_Q ...
  Q = 2310: building T_Q ...
  d = 20 done in 31.3 s.

Wrote tq_correlation_results.json


=== SUMMARY ===

d = 16, N = 2^16, pi(N)/N = 0.099823
  --- Prime correlation pi_h vs HL: full and connected ---
      h           pi_h      pi_h^conn        HL_full        HL_conn    r_full    r_conn
      0   9.982300e-02  +8.985837e-02            inf            inf         -         -
      1   1.525902e-05  -9.949372e-03   0.000000e+00  -9.964631e-03         -    0.9985
      2   1.312296e-02  +3.158328e-03   1.315654e-02   3.191912e-03    0.9974    0.9895
      3   1.525949e-05  -9.949371e-03   0.000000e+00  -9.964631e-03         -    0.9985
      4   1.312336e-02  +3.158729e-03   1.315654e-02   3.191912e-03    0.9975    0.9896
      5   1.525995e-05  -9.949371e-03   0.000000e+00  -9.964631e-03         -    0.9985
      6   2.662902e-02  +1.666439e-02   2.631309e-02   1.634845e-02    1.0120    1.0193
      7   0.000000e+00  -9.964631e-03   0.000000e+00  -9.964631e-03         -    1.0000
      8   1.362776e-02  +3.663131e-03   1.315654e-02   3.191912e-03    1.0358    1.1476
      9   1.526088e-05  -9.949370e-03   0.000000e+00  -9.964631e-03         -    0.9985
     10   1.761133e-02  +7.646699e-03   1.754206e-02   7.577426e-03    1.0039    1.0091
     12   2.608205e-02  +1.611742e-02   2.631309e-02   1.634845e-02    0.9912    0.9859
     30   3.592037e-02  +2.595574e-02   3.508411e-02   2.511948e-02    1.0238    1.0333
    210   4.266295e-02  +3.269832e-02   4.210094e-02   3.213631e-02    1.0133    1.0175

  --- T_Q autocorrelation: R_h^conn / [(pi/N)^2 (S_Q(h)-1)] (should be ~1) ---
  h               Q=2          Q=6          Q=8         Q=10         Q=30        Q=210        Q=256       Q=2310
  h=   0      1.00000      1.00001      1.00002      1.00001      0.99995      0.99983      0.99962      1.00232
  h=   1      1.00000      0.99994      0.99995      0.99993      0.99969      1.00019      0.99991      0.99653
  h=   2      1.00000      1.00000      1.00011      1.00016      1.00008      1.00342      1.00750      1.02964
  h=   3      1.00000      0.99997      0.99994      0.99993      0.99986      1.00042      0.99931      0.98943
  h=   4      1.00000      1.00007      1.00016      1.00004      0.99953      0.99253      0.99526      0.99505
  h=   5      1.00000      0.99995      0.99992      0.99990      0.99998      1.00016      0.99929      1.00864
  h=   6      1.00000      1.00001      0.99998      0.99999      0.99992      0.99827      0.99854      0.99101
  h=   7      1.00000      0.99993      0.99995      0.99998      0.99978      0.99992      1.00001      0.99619
  h=   8      1.00000      0.99990      1.00005      0.99996      0.99958      0.99680      0.99640      1.02626
  h=   9      1.00000      0.99996      0.99995      0.99992      0.99990      1.00059      0.99976      1.00299
  h=  10      1.00000      1.00008      1.00017      1.00011      1.00033      1.00171      1.00173      0.98180
  h=  12      1.00000      1.00002      1.00003      1.00005      1.00028      1.00031      1.00035      0.99254
  h=  30      1.00000      1.00001      1.00002      1.00002      1.00013      1.00066      1.00057      0.99815
  h= 210      1.00000      1.00001      1.00002      1.00001      0.99995      1.00023      1.00043      1.00399

  --- T_Q autocorrelation: R_h^conn / [(pi/N)^2 (S_HL(h)-1)] (should -> 1 at large Q) ---
  h               Q=2          Q=6          Q=8         Q=10         Q=30        Q=210        Q=256       Q=2310
  h=   0            -            -            -            -            -            -            -            -
  h=   1      1.00000      1.06244      1.09022      1.02771      1.00308      0.99965      0.99958      0.99653
  h=   2      3.12184      1.36581      1.27923      1.08414      0.97851      1.00104      1.00615      1.02964
  h=   3      1.00000      1.06247      1.09021      1.02770      1.02408      1.00179      0.99999      0.98941
  h=   4      3.12184      1.36591      1.27929      1.08401      0.97798      0.99018      0.99393      0.99506
  h=   5      1.00000      0.74996      0.77772      1.02767      1.00337      1.00013      0.99884      1.00862
  h=   6      0.60952      1.18095      1.16399      1.12590      1.03538      0.99924      0.99900      0.99100
  h=   7      1.00000      1.06243      0.89578      0.83332      1.05176      1.00139      1.00066      0.99616
  h=   8      3.12184      1.36566      1.27916      1.08393      0.97802      0.99444      0.99507      1.02626
  h=   9      1.00000      1.06246      1.09022      1.02769      1.02412      1.00197      1.00044      1.00298
  h=  10      1.31504      0.98636      0.94992      1.27866      1.02892      1.00092      1.00050      0.98172
  h=  12      0.60952      1.18096      1.16404      1.12597      1.03576      1.00129      1.00080      0.99252
  h=  30      0.39669      0.89256      0.88155      0.98073      1.04594      1.00598      1.00493      0.99826
  h= 210      0.31007      0.69767      0.74936      0.82687      0.96814      1.00947      1.00832      1.00463

d = 18, N = 2^18, pi(N)/N = 0.087738
  --- Prime correlation pi_h vs HL: full and connected ---
      h           pi_h      pi_h^conn        HL_full        HL_conn    r_full    r_conn
      0   8.773804e-02  +8.004007e-02            inf            inf         -         -
      1   3.814712e-06  -7.694148e-03   0.000000e+00  -7.697963e-03         -    0.9995
      2   1.021965e-02  +2.521689e-03   1.016381e-02   2.465843e-03    1.0055    1.0226
      3   3.814741e-06  -7.694148e-03   0.000000e+00  -7.697963e-03         -    0.9995
      4   1.021592e-02  +2.517952e-03   1.016381e-02   2.465843e-03    1.0051    1.0211
      5   3.814770e-06  -7.694148e-03   0.000000e+00  -7.697963e-03         -    0.9995
      6   2.042817e-02  +1.273021e-02   2.032761e-02   1.262965e-02    1.0049    1.0080
      7   0.000000e+00  -7.697963e-03   0.000000e+00  -7.697963e-03         -    1.0000
      8   1.033433e-02  +2.636367e-03   1.016381e-02   2.465843e-03    1.0168    1.0692
      9   3.814828e-06  -7.694148e-03   0.000000e+00  -7.697963e-03         -    0.9995
     10   1.368384e-02  +5.985878e-03   1.355174e-02   5.853779e-03    1.0097    1.0226
     12   2.033327e-02  +1.263530e-02   2.032761e-02   1.262965e-02    1.0003    1.0004
     30   2.758342e-02  +1.988545e-02   2.710348e-02   1.940552e-02    1.0177    1.0247
    210   3.291287e-02  +2.521491e-02   3.252418e-02   2.482622e-02    1.0120    1.0157

  --- T_Q autocorrelation: R_h^conn / [(pi/N)^2 (S_Q(h)-1)] (should be ~1) ---
  h               Q=2          Q=6         Q=10         Q=14         Q=30        Q=210        Q=512       Q=2310
  h=   0      1.00000      1.00000      1.00000      1.00000      1.00003      0.99998      0.99981      0.99929
  h=   1      1.00000      1.00000      0.99999      0.99998      0.99994      0.99972      1.00023      1.00065
  h=   2      1.00000      1.00000      0.99998      0.99995      0.99983      1.00057      1.00046      0.99861
  h=   3      1.00000      0.99999      0.99999      1.00001      1.00000      1.00001      1.00061      1.00033
  h=   4      1.00000      1.00002      1.00002      1.00007      1.00006      0.99883      1.00573      1.01596
  h=   5      1.00000      0.99999      1.00001      0.99998      1.00001      0.99996      1.00001      1.00059
  h=   6      1.00000      1.00000      1.00001      1.00002      1.00002      0.99996      1.00040      0.99699
  h=   7      1.00000      1.00000      0.99999      0.99998      0.99997      1.00019      0.99993      0.99836
  h=   8      1.00000      0.99997      0.99997      0.99996      0.99983      1.00120      1.00097      0.99617
  h=   9      1.00000      1.00000      1.00000      1.00001      0.99999      0.99993      1.00023      1.00215
  h=  10      1.00000      1.00004      1.00003      1.00003      1.00002      0.99997      0.99764      0.98655
  h=  12      1.00000      1.00000      1.00000      1.00000      1.00005      1.00037      1.00080      0.99939
  h=  30      1.00000      1.00000      1.00000      1.00001      1.00005      1.00013      0.99991      0.99991
  h= 210      1.00000      1.00000      1.00000      1.00001      1.00001      0.99998      1.00002      0.99942

  --- T_Q autocorrelation: R_h^conn / [(pi/N)^2 (S_HL(h)-1)] (should -> 1 at large Q) ---
  h               Q=2          Q=6         Q=10         Q=14         Q=30        Q=210        Q=512       Q=2310
  h=   0            -            -            -            -            -            -            -            -
  h=   1      1.00000      1.06250      1.02777      1.01693      1.00333      0.99918      1.00020      1.00065
  h=   2      3.12184      1.36581      1.08395      0.94430      0.97827      0.99821      1.00025      0.99862
  h=   3      1.00000      1.06249      1.02777      1.01696      1.02422      1.00138      1.00068      1.00031
  h=   4      3.12184      1.36583      1.08399      0.94442      0.97849      0.99647      1.00553      1.01596
  h=   5      1.00000      0.74999      1.02779      1.01692      1.00340      0.99993      0.99994      1.00057
  h=   6      0.60952      1.18094      1.12592      1.09867      1.03549      1.00094      1.00040      0.99697
  h=   7      1.00000      1.06250      0.83333      1.01693      1.05196      1.00167      0.99969      0.99833
  h=   8      3.12184      1.36577      1.08394      0.94432      0.97827      0.99883      1.00076      0.99617
  h=   9      1.00000      1.06250      1.02777      1.01696      1.02422      1.00130      1.00030      1.00213
  h=  10      1.31504      0.98632      1.27855      1.21973      1.02860      0.99918      0.99710      0.98647
  h=  12      0.60952      1.18094      1.12591      1.09866      1.03551      1.00135      1.00080      0.99937
  h=  30      0.39669      0.89255      0.98071      0.96297      1.04586      1.00546      1.00139      1.00001
  h= 210      0.31007      0.69767      0.82687      0.87330      0.96820      1.00922      1.00393      1.00005

d = 20, N = 2^20, pi(N)/N = 0.078225
  --- Prime correlation pi_h vs HL: full and connected ---
      h           pi_h      pi_h^conn        HL_full        HL_conn    r_full    r_conn
      0   7.822514e-02  +7.210596e-02            inf            inf         -         -
      1   9.536752e-07  -6.118218e-03   0.000000e+00  -6.119172e-03         -    0.9998
      2   8.139626e-03  +2.020454e-03   8.079290e-03   1.960118e-03    1.0075    1.0308
      3   9.536770e-07  -6.118218e-03   0.000000e+00  -6.119172e-03         -    0.9998
      4   8.106263e-03  +1.987091e-03   8.079290e-03   1.960118e-03    1.0033    1.0138
      5   9.536789e-07  -6.118218e-03   0.000000e+00  -6.119172e-03         -    0.9998
      6   1.627359e-02  +1.015442e-02   1.615858e-02   1.003941e-02    1.0071    1.0115
      7   0.000000e+00  -6.119172e-03   0.000000e+00  -6.119172e-03         -    1.0000
      8   8.190218e-03  +2.071046e-03   8.079290e-03   1.960118e-03    1.0137    1.0566
      9   9.536825e-07  -6.118218e-03   0.000000e+00  -6.119172e-03         -    0.9998
     10   1.085482e-02  +4.735653e-03   1.077239e-02   4.653215e-03    1.0077    1.0177
     12   1.626606e-02  +1.014688e-02   1.615858e-02   1.003941e-02    1.0067    1.0107
     30   2.182737e-02  +1.570820e-02   2.154477e-02   1.542560e-02    1.0131    1.0183
    210   2.599188e-02  +1.987271e-02   2.585373e-02   1.973456e-02    1.0053    1.0070

  --- T_Q autocorrelation: R_h^conn / [(pi/N)^2 (S_Q(h)-1)] (should be ~1) ---
  h               Q=2          Q=6         Q=13         Q=18         Q=30        Q=210       Q=1024       Q=2310
  h=   0      1.00000      1.00000      1.00000      1.00000      1.00000      0.99998      0.99995      0.99991
  h=   1      1.00000      1.00000      1.00000      1.00000      1.00000      0.99996      1.00020      1.00063
  h=   2      1.00000      1.00000      1.00001      1.00000      1.00004      1.00008      1.00140      1.00092
  h=   3      1.00000      1.00000      0.99999      0.99999      0.99999      0.99998      1.00017      1.00027
  h=   4      1.00000      1.00000      1.00000      0.99999      0.99994      0.99985      1.00031      1.00260
  h=   5      1.00000      1.00000      1.00000      1.00000      1.00000      1.00005      0.99987      1.00111
  h=   6      1.00000      1.00000      1.00000      1.00000      0.99999      0.99993      0.99966      1.00029
  h=   7      1.00000      1.00000      0.99999      1.00000      1.00000      1.00001      1.00032      1.00000
  h=   8      1.00000      0.99999      0.99999      0.99998      0.99997      0.99962      0.99985      0.99441
  h=   9      1.00000      1.00000      0.99999      1.00000      0.99999      1.00001      1.00013      0.99934
  h=  10      1.00000      1.00001      1.00001      1.00001      1.00003      1.00007      1.00021      1.00126
  h=  12      1.00000      1.00000      1.00001      1.00001      1.00001      0.99997      1.00006      1.00023
  h=  30      1.00000      1.00000      1.00000      1.00000      1.00000      0.99998      0.99989      1.00004
  h= 210      1.00000      1.00000      1.00000      1.00000      1.00000      1.00002      0.99991      1.00002

  --- T_Q autocorrelation: R_h^conn / [(pi/N)^2 (S_HL(h)-1)] (should -> 1 at large Q) ---
  h               Q=2          Q=6         Q=13         Q=18         Q=30        Q=210       Q=1024       Q=2310
  h=   0            -            -            -            -            -            -            -            -
  h=   1      1.00000      1.06250      1.04472      1.00522      1.00339      0.99943      1.00019      1.00063
  h=   2      3.12184      1.36580      1.03108      0.98094      0.97847      0.99771      1.00133      1.00093
  h=   3      1.00000      1.06250      1.04471      1.05209      1.02422      1.00136      1.00014      1.00025
  h=   4      3.12184      1.36581      1.03108      0.98093      0.97838      0.99748      1.00024      1.00260
  h=   5      1.00000      0.75000      1.04472      1.08335      1.00339      1.00002      0.99977      1.00109
  h=   6      0.60952      1.18094      1.11558      1.07722      1.03546      1.00091      0.99964      1.00027
  h=   7      1.00000      1.06250      0.85027      1.00523      1.05200      1.00148      1.00018      0.99996
  h=   8      3.12184      1.36580      1.03106      0.98092      0.97840      0.99725      0.99978      0.99442
  h=   9      1.00000      1.06250      1.04472      1.05210      1.02422      1.00139      1.00010      0.99932
  h=  10      1.31504      0.98629      1.25624      1.13238      1.02861      0.99927      0.99991      1.00118
  h=  12      0.60952      1.18094      1.11559      1.07723      1.03548      1.00095      1.00004      1.00021
  h=  30      0.39669      0.89255      0.97399      1.01100      1.04581      1.00530      1.00037      1.00015
  h= 210      0.31007      0.69767      0.82161      0.91084      0.96819      1.00927      1.00168      1.00066
