# Thread 11 / Slot 4 — MILP integer optimum, N=10000, K=5
# pi(N)=1229
# greedy L = 95 (in 0.11s)
# 10716 multi-prime lines
# solving MILP, time_limit=1500.0s ...
Running HiGHS 1.12.0 (git hash: 4f96ee8): Copyright (c) 2025 HiGHS under MIT licence terms
MIP has 1229 rows; 10716 cols; 45253 nonzeros; 10716 integer variables (10716 binary)
Coefficient ranges:
  Matrix  [1e+00, 1e+00]
  Cost    [1e+00, 1e+00]
  Bound   [1e+00, 1e+00]
  RHS     [1e+00, 1e+00]
Presolving model
1229 rows, 10716 cols, 45253 nonzeros  0s
1229 rows, 10716 cols, 45253 nonzeros  0s
Presolve reductions: rows 1229(-0); columns 10716(-0); nonzeros 45253(-0) - Not reduced
Objective function is integral with scale 1

Solving MIP model with:
   1229 rows
   10716 cols (10716 binary, 0 integer, 0 implied int., 0 continuous, 0 domain fixed)
   45253 nonzeros

Src: B => Branching; C => Central rounding; F => Feasibility pump; H => Heuristic;
     I => Shifting; J => Feasibility jump; L => Sub-MIP; P => Empty MIP; R => Randomized rounding;
     S => Solve LP; T => Evaluate node; U => Unbounded; X => User solution; Y => HiGHS solution;
     Z => ZI Round; l => Trivial lower; p => Trivial point; u => Trivial upper; z => Trivial zero

        Nodes      |    B&B Tree     |            Objective Bounds              |  Dynamic Constraints |       Work      
Src  Proc. InQueue |  Leaves   Expl. | BestBound       BestSol              Gap |   Cuts   InLp Confl. | LpIters     Time

 u       0       0         0   0.00%   -inf            10716              Large        0      0      0         0     0.1s
 S       0       0         0   0.00%   0               462              100.00%        0      0      0         0     1.5s
 R       0       0         0   0.00%   77.59230367     461               83.17%        0      0      0      3950     1.5s
 C       0       0         0   0.00%   77.59230367     460               83.13%        0      0      0      3950     1.7s
 L       0       0         0   0.00%   77.59230367     127               38.90%        0      0      0      3950    14.4s
 S       0       0         0   0.00%   77.59230367     118               34.24%        0      0      0     32470    54.1s
 S       0       0         0   0.00%   77.59230367     109               28.81%        0      0      0     32470    54.1s
 S       0       0         0   0.00%   77.59230367     107               27.48%        0      0      0     32470    54.2s
 S       0       0         0   0.00%   77.59230367     106               26.80%        0      0      0     32470    54.3s
 S       0       0         0   0.00%   77.59230367     101               23.18%        0      0      0     32470    54.3s
 T       0       0         0   0.00%   77.59230367     98                20.82%        0      0      0     32470    54.3s
 T      52       0         1   0.00%   77.59230367     97                20.01%        1      0      1    155033    54.3s
 B      57       0         3   0.00%   77.59230367     96                19.17%        4      0     64    155619    54.5s
        94      37         4   0.00%   77.59230367     96                19.17%        8      2     66    172586    59.9s
       145      41        28   0.00%   77.59230367     96                19.17%       55      2    604    193182    65.4s
 L     160      64        35   0.00%   77.64589361     94                17.40%       66      3    709    199110    76.0s
 L     161      58        35   0.00%   77.64589361     92                15.60%       62      4    709    227040    83.9s
       203      58        54   0.00%   77.64589361     92                15.60%       93      4   1182    274550    89.0s
       263      65        83   0.00%   77.64589361     92                15.60%      138      4   1869    297074    94.1s
       278      64        89   0.00%   77.64589361     92                15.60%      150      4   2067    317953    99.1s

        Nodes      |    B&B Tree     |            Objective Bounds              |  Dynamic Constraints |       Work      
Src  Proc. InQueue |  Leaves   Expl. | BestBound       BestSol              Gap |   Cuts   InLp Confl. | LpIters     Time

       342      65       121   0.00%   77.64589361     92                15.60%      205      4   2651    341402   104.3s
       366      67       133   0.00%   77.64589361     92                15.60%      228      2   2992    369629   111.9s
       379      65       139   0.00%   77.64589361     92                15.60%      186      4   3230    407227   121.1s
       388      65       144   0.00%   77.64589361     92                15.60%      122      5   3338    426482   126.9s
       422      62       155   0.00%   77.64589361     92                15.60%       59      3   3570    449325   134.8s
       449      68       167   0.00%   77.64589361     92                15.60%       76      3   3734    465763   140.1s
       483      68       182   0.00%   77.64589361     92                15.60%      101      3   3948    482503   145.3s
       506      82       196   0.00%   77.86735238     92                15.36%      116      3   4304    512215   153.2s
       510      81       197   0.00%   77.86735238     92                15.36%      106      4   4350    535968   159.0s
       556      80       222   0.00%   77.86735238     92                15.36%       77      2   4682    557419   164.1s
       576      78       224   0.00%   77.86735238     92                15.36%       77      3   4701    576843   170.5s
       606      78       239   0.00%   77.86735238     92                15.36%       96      3   4873    595035   175.6s
       643      78       258   0.00%   77.86735238     92                15.36%      126      3   5371    614476   180.9s
 L     657      76       265   0.01%   78.22777695     90                13.08%      116      4   5478    620962   196.0s
       692      76       280   0.01%   78.22777695     90                13.08%      140      4   5760    674607   201.0s
       724      76       297   0.01%   78.22777695     90                13.08%      175      4   6048    692674   206.4s
       757      79       314   0.01%   78.22777695     90                13.08%      204      4   6355    711131   211.6s
       762      78       315   0.01%   78.22777695     90                13.08%      195      4   6357    749741   225.7s
       804      78       336   0.01%   78.22777695     90                13.08%      232      4   6670    770877   230.9s
       847      78       359   0.01%   78.22777695     90                13.08%      269      4   7151    793209   236.0s

        Nodes      |    B&B Tree     |            Objective Bounds              |  Dynamic Constraints |       Work      
Src  Proc. InQueue |  Leaves   Expl. | BestBound       BestSol              Gap |   Cuts   InLp Confl. | LpIters     Time

       881      77       375   0.01%   78.22777695     90                13.08%      291      5   7372    811607   241.2s
       904      75       389   0.01%   78.22777695     90                13.08%      252      2   7620    828737   247.0s
       925      75       399   0.02%   78.22777695     90                13.08%      115      4   7859    846764   252.4s
       934      76       403   0.04%   78.22777695     90                13.08%       82      5   7932    897282   295.8s
       957      76       407   0.07%   78.22777695     90                13.08%       81      5   7992    916978   303.1s
       985      76       423   0.07%   78.22777695     90                13.08%      111      5   8361    935159   308.6s
      1013      77       437   0.07%   78.22777695     90                13.08%      136      5   8726    953089   313.6s
      1048      90       450   0.08%   78.50706837     90                12.77%      153      5   8973    975655   320.5s
      1082      92       467   0.08%   78.50706837     90                12.77%      184      5   9348    995142   325.5s
      1124      93       488   0.08%   78.50706837     90                12.77%      219      5   9752     1017k   331.3s
      1146      96       499   0.08%   78.50706837     90                12.77%      237      6   9323     1065k   346.5s
      1161      94       506   0.08%   78.50706837     90                12.77%      234      3   9378     1080k   351.6s
      1191      95       521   0.08%   78.50706837     90                12.77%      255      3   9527     1098k   357.0s
      1225      96       537   0.08%   78.50706837     90                12.77%      275      3   9584     1118k   362.4s
      1245      98       547   0.09%   78.50706837     90                12.77%      289      3   9645     1134k   367.6s
      1258     101       553   0.09%   78.50706837     90                12.77%      218      4   9855     1180k   391.1s
      1287      99       564   0.10%   78.50706837     90                12.77%      135      6   7852     1205k   398.9s
      1300     100       572   1.74%   78.50706837     90                12.77%      153      6   8091     1219k   404.7s
      1318     101       581   6.23%   78.50706837     90                12.77%      167      6   8284     1235k   411.4s
      1331     104       588  17.95%   78.50706837     90                12.77%      179      6   8589     1251k   418.5s

        Nodes      |    B&B Tree     |            Objective Bounds              |  Dynamic Constraints |       Work      
Src  Proc. InQueue |  Leaves   Expl. | BestBound       BestSol              Gap |   Cuts   InLp Confl. | LpIters     Time

      1343     101       595  21.07%   78.56851369     90                12.70%      131      3   9015     1268k   423.6s
      1361      99       605  21.07%   78.56851369     90                12.70%      137      4   9258     1284k   428.7s
      1397      98       624  21.08%   78.56851369     90                12.70%      116      5   9645     1306k   434.6s
      1427      98       639  21.08%   78.56851369     90                12.70%      137      5   9866     1325k   439.6s
      1447      97       648  21.08%   78.56851369     90                12.70%      143      6   9788     1342k   444.6s
      1470      98       660  21.08%   78.56851369     90                12.70%      162      6   9901     1357k   449.7s
      1500      98       675  21.08%   78.56851369     90                12.70%      184      6   9749     1376k   454.9s
      1538      99       693  21.08%   78.56851369     90                12.70%      211      6   9933     1396k   460.0s
      1551     100       698  21.18%   78.56851369     90                12.70%      201      3   9993     1413k   465.3s
      1570     102       707  21.47%   78.56851369     90                12.70%      216      3   9451     1430k   470.9s
      1587     104       715  22.81%   78.56851369     90                12.70%      228      3   9610     1446k   476.5s
      1605     104       722  23.18%   78.56851369     90                12.70%      240      3   9740     1462k   482.1s
      1631     108       735  23.25%   78.56851369     90                12.70%      256      3   9831     1478k   487.9s
      1649     111       743  23.28%   78.75651579     90                12.49%      241      3   9683     1497k   494.0s
      1666     107       754  23.28%   78.75651579     90                12.49%      164      5   9940     1516k   499.8s
      1676     106       758  24.16%   78.75651579     90                12.49%      165      6   9965     1531k   505.8s
      1702     106       770  24.18%   78.75651579     90                12.49%      181      6   8496     1550k   511.3s
      1737     106       788  24.22%   78.75651579     90                12.49%      211      6   8937     1570k   517.1s
      1767     107       803  24.24%   78.75651579     90                12.49%      234      6   9213     1588k   522.1s
      1793     109       817  24.26%   78.75651579     90                12.49%      209      2   9539     1606k   527.3s

        Nodes      |    B&B Tree     |            Objective Bounds              |  Dynamic Constraints |       Work      
Src  Proc. InQueue |  Leaves   Expl. | BestBound       BestSol              Gap |   Cuts   InLp Confl. | LpIters     Time

      1798     109       819  28.94%   78.75651579     90                12.49%      203      3   9541     1620k   532.5s
      1816     111       826  31.58%   78.75651579     90                12.49%      214      3   9624     1641k   539.9s
      1837     113       835  32.44%   78.75651579     90                12.49%      226      3   9839     1657k   545.6s
      1857     116       844  32.99%   78.75651579     90                12.49%      240      3   8835     1674k   551.2s
      1884     117       857  33.37%   78.75651579     90                12.49%      257      3   8946     1698k   558.3s
      1901     120       863  33.56%   78.84603805     90                12.39%      254      4   9020     1714k   564.1s
      1933     121       878  33.57%   78.84603805     90                12.39%      278      4   9297     1732k   569.2s
      1961     121       892  33.59%   78.84603805     90                12.39%      297      4   9510     1751k   574.6s
      1990     121       907  33.59%   78.84603805     90                12.39%      320      4   9785     1769k   580.0s
      2017     126       919  33.60%   78.84603805     90                12.39%      326      5   9885     1785k   585.3s
      2043     124       933  33.60%   78.84603805     90                12.39%      259      2   9890     1807k   591.7s
      2071     122       948  33.60%   78.84603805     90                12.39%      135      3   8195     1832k   598.6s
      2101     122       963  33.62%   78.84603805     90                12.39%      159      3   8325     1849k   603.8s
      2125     122       974  33.62%   78.84603805     90                12.39%      174      3   8423     1868k   609.7s
      2153     123       989  33.64%   78.84603805     90                12.39%      195      3   8630     1886k   614.8s
      2178     123       999  33.65%   78.84603805     90                12.39%      204      3   8782     1911k   622.1s
      2207     125      1013  33.73%   78.84603805     90                12.39%      225      3   9119     1927k   627.3s
      2229     127      1023  33.78%   78.84603805     90                12.39%      240      3   9283     1943k   632.5s
      2254     129      1034  33.81%   78.84603805     90                12.39%      259      3   9499     1959k   638.4s
      2282     135      1048  33.82%   79.12168894     90                12.09%      271      3   9897     1976k   643.4s

        Nodes      |    B&B Tree     |            Objective Bounds              |  Dynamic Constraints |       Work      
Src  Proc. InQueue |  Leaves   Expl. | BestBound       BestSol              Gap |   Cuts   InLp Confl. | LpIters     Time

      2312     133      1063  33.82%   79.12168894     90                12.09%      226      4   9817     1997k   649.2s
      2324     132      1068  33.85%   79.12168894     90                12.09%      222      5   9889     2013k   654.9s
      2357     136      1082  33.90%   79.12168894     90                12.09%      241      5   9963     2033k   661.1s
      2385     139      1096  33.91%   79.12168894     90                12.09%      261      5   9883     2049k   667.0s
      2415     147      1109  33.91%   79.12168894     90                12.09%      276      5   9092     2067k   672.8s
      2435     147      1115  33.95%   79.12168894     90                12.09%      225      6   9100     2084k   678.0s
      2475     151      1132  33.95%   79.12168894     90                12.09%      251      6   9353     2104k   683.5s
      2509     153      1149  33.95%   79.12168894     90                12.09%      279      6   9596     2119k   688.6s
      2528     157      1159  33.98%   79.12168894     90                12.09%      251      4   9837     2139k   695.9s
      2552     160      1169  34.00%   79.12168894     90                12.09%      267      4   9626     2160k   701.9s
      2573     161      1180  34.11%   79.12168894     90                12.09%      230      5   9779     2178k   707.4s
      2604     165      1193  34.13%   79.12168894     90                12.09%      249      5   9956     2197k   712.6s
      2612     165      1197  34.93%   79.12168894     90                12.09%      195      5   9979     2210k   717.7s
      2625     166      1204  38.45%   79.12168894     90                12.09%      204      5   9993     2226k   723.0s
      2646     166      1212  38.86%   79.24015916     90                11.96%      208      5   9187     2243k   729.0s
      2676     169      1226  38.87%   79.24015916     90                11.96%      232      5   9405     2261k   734.6s
      2702     170      1237  38.87%   79.24015916     90                11.96%      251      5   9639     2276k   739.6s
      2735     177      1252  38.87%   79.24015916     90                11.96%      273      5   9958     2295k   745.5s
      2772     177      1271  38.87%   79.24015916     90                11.96%      273      6   9767     2314k   751.4s
      2803     177      1286  38.87%   79.24015916     90                11.96%      268      2   9913     2331k   756.5s

        Nodes      |    B&B Tree     |            Objective Bounds              |  Dynamic Constraints |       Work      
Src  Proc. InQueue |  Leaves   Expl. | BestBound       BestSol              Gap |   Cuts   InLp Confl. | LpIters     Time

      2850     178      1310  38.87%   79.24015916     90                11.96%      305      2   9756     2354k   761.6s
      2879     177      1325  38.87%   79.24015916     90                11.96%      306      3   9839     2372k   766.8s
      2911     179      1339  38.87%   79.24015916     90                11.96%      330      3   9061     2390k   772.3s
      2948     182      1357  38.87%   79.24015916     90                11.96%      360      3   9438     2412k   778.1s
      2981     183      1374  38.87%   79.24015916     90                11.96%      311      4   9592     2429k   783.2s
      3008     182      1387  38.87%   79.24015916     90                11.96%      302      4   9717     2448k   788.7s
      3040     183      1403  38.87%   79.24015916     90                11.96%      314      5   9945     2466k   793.9s
      3057     181      1411  38.92%   79.24015916     90                11.96%      183      2   9464     2483k   799.0s
      3081     183      1422  39.03%   79.24015916     90                11.96%      196      2   9620     2501k   804.9s
      3112     187      1434  39.05%   79.24015916     90                11.96%      211      2   9709     2519k   810.3s
      3135     191      1446  39.11%   79.24015916     90                11.96%      227      2   9809     2538k   816.1s
      3152     189      1455  39.37%   79.40154914     90                11.78%      176      4   9982     2558k   822.1s
      3190     188      1476  39.37%   79.40154914     90                11.78%      200      5   9461     2579k   827.1s
      3213     188      1486  39.37%   79.40154914     90                11.78%      157      2   9705     2597k   832.2s
      3255     185      1506  39.38%   79.40154914     90                11.78%      140      3   9834     2630k   842.3s
      3282     188      1520  39.58%   79.40154914     90                11.78%      162      3   9373     2645k   847.4s
      3310     188      1531  39.61%   79.40154914     90                11.78%      178      3   9506     2664k   853.5s
      3335     192      1543  40.49%   79.40154914     90                11.78%      195      3   9725     2682k   859.3s
      3357     194      1553  40.52%   79.59404308     90                11.56%      204      4   9840     2708k   867.3s
      3392     195      1570  40.52%   79.59404308     90                11.56%      237      4   9469     2727k   872.4s

        Nodes      |    B&B Tree     |            Objective Bounds              |  Dynamic Constraints |       Work      
Src  Proc. InQueue |  Leaves   Expl. | BestBound       BestSol              Gap |   Cuts   InLp Confl. | LpIters     Time

      3427     196      1587  40.52%   79.59404308     90                11.56%      261      4   9686     2749k   877.9s
      3448     201      1598  40.55%   79.59404308     90                11.56%      278      4   9816     2769k   883.7s
      3470     205      1606  40.55%   79.59404308     90                11.56%      271      5   9855     2788k   888.9s
      3502     204      1622  40.55%   79.59404308     90                11.56%      263      6   9661     2806k   894.1s
      3537     204      1638  40.55%   79.59404308     90                11.56%      288      6   9897     2824k   899.2s
      3567     207      1653  40.55%   79.59404308     90                11.56%      312      6   9973     2843k   904.6s
      3606     208      1672  40.55%   79.59404308     90                11.56%      332      6   9934     2860k   909.6s
      3660     209      1699  40.55%   79.59404308     90                11.56%      375      6   9423     2883k   915.1s
      3692     211      1711  40.55%   79.59404308     90                11.56%      243      2   9656     2905k   922.2s
      3719     217      1722  40.56%   79.59404308     90                11.56%      261      2   9900     2922k   928.3s
      3740     221      1730  40.57%   79.59404308     90                11.56%      271      2   9944     2940k   933.5s
      3776     223      1747  40.57%   79.59404308     90                11.56%      298      2   9895     2961k   938.7s
      3804     233      1760  40.57%   79.73718798     90                11.40%      296      3   9613     2981k   943.8s
      3832     233      1773  40.57%   79.73718798     90                11.40%      320      3   9894     2997k   949.1s
      3871     233      1791  40.57%   79.73718798     90                11.40%      349      3   9311     3017k   954.3s
      3900     239      1802  40.57%   79.73718798     90                11.40%      304      3   9610     3037k   959.4s
      3930     241      1816  40.57%   79.73718798     90                11.40%      326      3   9903     3055k   965.2s
      3951     244      1826  40.58%   79.73718798     90                11.40%      342      3   9746     3072k   971.2s
      3981     247      1840  40.59%   79.73718798     90                11.40%      362      3   9937     3091k   976.6s
      4014     253      1853  40.59%   79.73718798     90                11.40%      316      4   9917     3111k   981.6s

        Nodes      |    B&B Tree     |            Objective Bounds              |  Dynamic Constraints |       Work      
Src  Proc. InQueue |  Leaves   Expl. | BestBound       BestSol              Gap |   Cuts   InLp Confl. | LpIters     Time

      4050     255      1872  40.59%   79.73718798     90                11.40%      349      4   9462     3131k   986.7s
      4088     262      1888  40.59%   79.73718798     90                11.40%      373      4   9692     3152k   992.5s
      4101     262      1893  40.66%   79.73718798     90                11.40%      310      6   9775     3168k   997.6s
      4123     264      1903  40.66%   79.73718798     90                11.40%      251      2   9952     3188k  1002.9s
      4166     266      1922  40.66%   79.73718798     90                11.40%      214      2   9945     3209k  1007.9s
      4212     266      1946  40.66%   79.73718798     90                11.40%      253      2   9451     3228k  1012.9s
      4254     271      1964  40.66%   79.73718798     90                11.40%      208      3   9924     3249k  1018.2s
      4302     273      1988  40.66%   79.73718798     90                11.40%      245      3   9964     3271k  1023.5s
      4350     276      2008  40.67%   79.73718798     90                11.40%      283      3   9824     3299k  1032.3s
      4377     279      2022  40.78%   79.73718798     90                11.40%      304      3   9707     3319k  1038.3s
      4393     283      2029  41.22%   79.73718798     90                11.40%      312      3   9721     3335k  1044.2s
      4422     280      2044  41.80%   80.07595289     90                11.03%      297      4   9870     3358k  1050.8s
      4444     281      2056  41.82%   80.07595289     90                11.03%      233      4   9875     3375k  1056.0s
      4483     279      2076  41.82%   80.07595289     90                11.03%      130      6   9865     3396k  1061.1s
      4521     276      2094  42.02%   80.07595289     90                11.03%      140      2   9616     3423k  1070.0s
      4545     278      2105  42.03%   80.07595289     90                11.03%      155      2   9691     3442k  1075.4s
      4566     280      2117  42.15%   80.07595289     90                11.03%      172      2   9868     3458k  1080.9s
      4585     281      2122  42.36%   80.07595289     90                11.03%      178      2   9914     3474k  1085.9s
      4607     285      2133  42.37%   80.07595289     90                11.03%      193      2   9185     3490k  1091.0s
      4653     292      2154  42.37%   80.11115898     90                10.99%      223      2   9447     3512k  1096.1s

        Nodes      |    B&B Tree     |            Objective Bounds              |  Dynamic Constraints |       Work      
Src  Proc. InQueue |  Leaves   Expl. | BestBound       BestSol              Gap |   Cuts   InLp Confl. | LpIters     Time

      4710     292      2183  42.37%   80.11115898     90                10.99%      271      2   9586     3535k  1101.6s
      4752     292      2205  42.37%   80.11115898     90                10.99%      242      5   9836     3556k  1106.6s
      4777     290      2215  42.38%   80.11115898     90                10.99%       98      2   9546     3577k  1112.4s
      4815     292      2233  42.38%   80.11115898     90                10.99%      124      2   9744     3596k  1117.4s
      4842     294      2246  42.38%   80.11115898     90                10.99%      146      2   9941     3615k  1123.0s
      4865     297      2258  42.40%   80.11115898     90                10.99%      164      2   9925     3634k  1128.9s
      4889     296      2270  42.41%   80.4388101      90                10.62%      132      5   9558     3661k  1136.2s
      4918     295      2286  42.41%   80.4388101      90                10.62%       91      5   9881     3680k  1141.5s
      4945     293      2300  42.41%   80.4388101      90                10.62%       82      6   9958     3699k  1147.7s
      4977     296      2314  42.41%   80.4388101      90                10.62%      106      6   9313     3719k  1153.1s
      5008     298      2328  42.41%   80.4388101      90                10.62%      129      6   9629     3737k  1158.4s
      5051     303      2346  42.41%   80.4388101      90                10.62%      136      2   9864     3762k  1165.8s
      5086     305      2363  42.42%   80.4388101      90                10.62%      163      2   9169     3783k  1171.4s
      5110     305      2375  42.42%   80.4388101      90                10.62%      181      2   9349     3802k  1176.6s
      5135     303      2389  42.49%   80.45732083     90                10.60%      185      3   9602     3828k  1183.5s
      5183     308      2411  42.49%   80.45732083     90                10.60%      218      3   9779     3849k  1188.6s
      5227     313      2431  42.49%   80.45732083     90                10.60%      250      3   9696     3871k  1194.1s
      5266     322      2445  42.49%   80.45732083     90                10.60%      268      4   9955     3889k  1199.5s
      5304     320      2463  42.49%   80.45732083     90                10.60%      163      2   9773     3913k  1207.2s
      5327     324      2474  42.52%   80.45732083     90                10.60%      178      2   9857     3931k  1212.8s

        Nodes      |    B&B Tree     |            Objective Bounds              |  Dynamic Constraints |       Work      
Src  Proc. InQueue |  Leaves   Expl. | BestBound       BestSol              Gap |   Cuts   InLp Confl. | LpIters     Time

      5344     327      2483  42.62%   80.45732083     90                10.60%      190      2   9914     3945k  1218.1s
      5361     320      2495  42.81%   80.76315971     90                10.26%       96      5   9760     3965k  1223.3s
      5381     319      2503  42.81%   80.76315971     90                10.26%       72      6   9790     3981k  1228.5s
      5412     323      2518  42.83%   80.76315971     90                10.26%       94      6   9996     4003k  1234.7s
      5442     323      2531  42.97%   80.88071838     90                10.13%      105      2   9688     4022k  1239.9s
      5468     327      2543  42.98%   80.88071838     90                10.13%      122      2   9804     4040k  1245.0s
      5485     329      2551  42.99%   80.88071838     90                10.13%      125      3   9813     4058k  1250.1s
      5521     330      2569  42.99%   80.88071838     90                10.13%      151      3   9860     4076k  1255.2s
      5556     331      2585  42.99%   80.88071838     90                10.13%      175      3   9744     4095k  1260.7s
      5589     340      2598  42.99%   80.88071838     90                10.13%      186      4   9941     4112k  1266.1s
      5629     343      2617  42.99%   80.88071838     90                10.13%      206      4   9877     4132k  1271.3s
      5674     342      2640  42.99%   80.88071838     90                10.13%      170      6   9925     4155k  1276.4s
      5715     340      2662  42.99%   80.88071838     90                10.13%       93      3   9721     4176k  1281.4s
      5736     340      2670  43.00%   80.88071838     90                10.13%       82      4   9865     4195k  1286.7s
      5762     345      2682  43.00%   80.88071838     90                10.13%       98      4   9918     4212k  1291.7s
      5785     344      2694  43.03%   81.33339821     90                 9.63%       97      5   9932     4241k  1299.7s
      5815     347      2706  43.03%   81.33339821     90                 9.63%      110      6   9432     4260k  1305.0s
      5852     353      2724  43.03%   81.33339821     90                 9.63%      133      6   9736     4278k  1310.1s
      5881     360      2735  43.03%   81.33339821     90                 9.63%      150      6   9873     4296k  1315.5s
      5924     361      2755  43.03%   81.33339821     90                 9.63%      176      2   9273     4317k  1321.0s

        Nodes      |    B&B Tree     |            Objective Bounds              |  Dynamic Constraints |       Work      
Src  Proc. InQueue |  Leaves   Expl. | BestBound       BestSol              Gap |   Cuts   InLp Confl. | LpIters     Time

      5967     360      2777  43.03%   81.33339821     90                 9.63%      196      3   9473     4337k  1326.7s
      6013     360      2799  43.04%   81.33339821     90                 9.63%      196      3   9704     4359k  1332.3s
      6035     363      2811  43.10%   81.34710767     90                 9.61%      193      4   9766     4375k  1337.4s
      6054     364      2817  43.11%   81.34710767     90                 9.61%      161      5   9811     4394k  1343.1s
      6083     368      2832  43.11%   81.34710767     90                 9.61%      180      5   9954     4411k  1348.3s
      6111     372      2843  43.11%   81.34710767     90                 9.61%      193      5   9980     4429k  1353.4s
      6135     379      2853  43.11%   81.34710767     90                 9.61%      206      5   9869     4448k  1358.6s
      6158     373      2866  43.13%   81.34710767     90                 9.61%      112      4   9916     4474k  1365.7s
      6171     373      2873  43.15%   81.68041166     90                 9.24%       69      5   9756     4489k  1370.7s
      6201     376      2885  43.15%   81.68041166     90                 9.24%       82      5   9797     4506k  1375.9s
      6245     378      2908  43.15%   81.68041166     90                 9.24%      106      5   9593     4526k  1380.9s
      6299     378      2934  43.15%   81.68041166     90                 9.24%      146      5   9938     4546k  1386.0s
      6342     378      2957  43.15%   81.68041166     90                 9.24%      136      3   9837     4566k  1391.0s
      6356     375      2963  43.15%   81.68041166     90                 9.24%       71      4   9969     4586k  1396.7s
      6380     378      2975  43.16%   81.77005305     90                 9.14%       85      5   9699     4605k  1402.0s
      6418     382      2991  43.16%   81.77005305     90                 9.14%      109      5   9637     4626k  1407.3s
      6474     383      3019  43.16%   81.77005305     90                 9.14%      143      6   9985     4648k  1413.0s
      6516     384      3040  43.16%   81.77005305     90                 9.14%      158      2   9395     4667k  1418.2s
      6578     381      3073  43.16%   81.77005305     90                 9.14%      181      3   9657     4694k  1424.0s
      6607     379      3087  43.16%   81.77005305     90                 9.14%      119      4   9881     4715k  1429.7s

        Nodes      |    B&B Tree     |            Objective Bounds              |  Dynamic Constraints |       Work      
Src  Proc. InQueue |  Leaves   Expl. | BestBound       BestSol              Gap |   Cuts   InLp Confl. | LpIters     Time

      6647     379      3106  43.16%   81.77005305     90                 9.14%      146      4   9752     4735k  1435.0s
      6689     382      3128  43.16%   81.77005305     90                 9.14%      126      5   9833     4755k  1440.1s
      6725     382      3145  43.16%   81.77005305     90                 9.14%      153      5   9724     4775k  1445.5s
      6769     383      3167  43.16%   81.77005305     90                 9.14%      183      5   9772     4793k  1450.5s
      6794     384      3179  43.20%   81.77005305     90                 9.14%      193      6   9865     4813k  1456.1s
      6819     384      3191  43.21%   81.77005305     90                 9.14%      209      6   9939     4830k  1461.2s
      6854     385      3208  43.21%   81.77005305     90                 9.14%      232      6   9483     4849k  1466.2s
      6875     386      3218  43.21%   81.77005305     90                 9.14%      248      6   9594     4867k  1471.3s
      6902     387      3231  43.21%   81.98361504     90                 8.91%      254      6   9728     4887k  1476.3s
      6941     387      3251  43.21%   81.98361504     90                 8.91%      287      6   9799     4906k  1481.3s
      6987     387      3273  43.21%   81.98361504     90                 8.91%      323      6   9795     4930k  1487.2s
      7045     388      3302  43.21%   81.98361504     90                 8.91%      222      2   9774     4953k  1492.6s
      7081     386      3321  43.21%   81.98361504     90                 8.91%      189      3   9562     4974k  1497.8s
      7102     387      3333  43.21%   81.98361504     90                 8.91%      203      3   9628     4983k  1500.0s

Solving report
  Status            Time limit reached
  Primal bound      90
  Dual bound        82
  Gap               8.89% (tolerance: 0.01%)
  P-D integral      200.157794099
  Solution status   feasible
                    90 (objective)
                    0 (bound viol.)
                    2.22044604925e-15 (int. viol.)
                    0 (row viol.)
  Timing            1500.00
  Max sub-MIP depth 8
  Nodes             7102
  Repair LPs        0
  LP iterations     4983797
                    1604461 (strong br.)
                    11899 (separation)
                    365109 (heuristics)
# MILP did not finish: Time limit reached. (HiGHS Status 13: Time limit reached), status=1
# best feasible found = 90.0
# MILP did not converge in 1500.04s
# wrote ./milp_ulam_N10000_K5.txt
