# Thread 11 / Slot 1 — Ulam-spiral bounded-direction line cover, N=1000000, K=20
# pi(N)=78498, ulam built in 0.18s
#   bounded-greedy: M=78498 primes, 512 canonical directions, K_max=20
#   distinct multi-prime lines (bounded): 6491300
# L_Ulam_bounded(primes, N=1000000, K=20) = 989, time 455.23s
#   chosen multi-lines: 983, singletons: 6

# Top-12 densest greedy-chosen lines on primes (Ulam, bounded):
# rank    a    b  intercept  count
#    1    1   -1        -58    347
#    2    1   -1        -18    325
#    3    1    1        -40    318
#    4    1    1         40    314
#    5    1   -1        162    309
#    6    1   -1       -228    268
#    7    1   -1        252    268
#    8    1   -1        -28    267
#    9    1   -1        132    263
#   10    1   -1          2    262
#   11    1   -1         62    256
#   12    1    1       -110    251

# Matched-baseline (random integers in [1,N])
#   trial 1: L_random = 1053, time 466.26s
#   trial 2: L_random = 1048, time 509.60s
#   trial 3: L_random = 1026, time 504.14s
#   L_random_mean = 1042.3 +/- 14.4
#   z-score (random - prime) / std = +3.71sigma  (positive => primes have FEWER lines)

# wrote ./summary_bounded_N1000000_K20.csv, ./top_lines_bounded_N1000000_K20.csv
# DONE bounded N=1000000
