# Thread 11 / Slot 2 — alternative 2D embeddings
# N=1000000 K=5 p_list=[2, 3, 5, 7, 11, 6, 30, 210] baseline_trials=3
# pi(N)=78498, sieve in 0.0s

## Residue-class grid mod p=2: Phi(n) = (n mod 2, n//2)
  [residue_p2] N=1000000 pi=78498 K=5: L_p=2  L_r=2.0+/-0.0  L_p/L_r=1.000  z=+nan  (t_prime=1.1s)

## Polynomial-image grid mod p=2: Phi(n) = (n, n^2 mod 2)
  [poly_p2] N=1000000 pi=78498 K=5: L_p=2  L_r=2.0+/-0.0  L_p/L_r=1.000  z=+nan  (t_prime=1.1s)

## Residue-class grid mod p=3: Phi(n) = (n mod 3, n//3)
  [residue_p3] N=1000000 pi=78498 K=5: L_p=3  L_r=3.0+/-0.0  L_p/L_r=1.000  z=+nan  (t_prime=1.4s)

## Polynomial-image grid mod p=3: Phi(n) = (n, n^2 mod 3)
  [poly_p3] N=1000000 pi=78498 K=5: L_p=2  L_r=2.0+/-0.0  L_p/L_r=1.000  z=+nan  (t_prime=0.9s)

## Residue-class grid mod p=5: Phi(n) = (n mod 5, n//5)
  [residue_p5] N=1000000 pi=78498 K=5: L_p=5  L_r=5.0+/-0.0  L_p/L_r=1.000  z=+nan  (t_prime=2.0s)

## Polynomial-image grid mod p=5: Phi(n) = (n, n^2 mod 5)
  [poly_p5] N=1000000 pi=78498 K=5: L_p=3  L_r=3.0+/-0.0  L_p/L_r=1.000  z=+nan  (t_prime=1.3s)

## Residue-class grid mod p=7: Phi(n) = (n mod 7, n//7)
  [residue_p7] N=1000000 pi=78498 K=5: L_p=7  L_r=7.0+/-0.0  L_p/L_r=1.000  z=+nan  (t_prime=3.2s)

## Polynomial-image grid mod p=7: Phi(n) = (n, n^2 mod 7)
  [poly_p7] N=1000000 pi=78498 K=5: L_p=4  L_r=4.0+/-0.0  L_p/L_r=1.000  z=+nan  (t_prime=1.1s)

## Residue-class grid mod p=11: Phi(n) = (n mod 11, n//11)
  [residue_p11] N=1000000 pi=78498 K=5: L_p=11  L_r=11.0+/-0.0  L_p/L_r=1.000  z=+nan  (t_prime=5.6s)

## Polynomial-image grid mod p=11: Phi(n) = (n, n^2 mod 11)
  [poly_p11] N=1000000 pi=78498 K=5: L_p=6  L_r=6.0+/-0.0  L_p/L_r=1.000  z=+nan  (t_prime=1.5s)

## Residue-class grid mod p=6: Phi(n) = (n mod 6, n//6)
  [residue_p6] N=1000000 pi=78498 K=5: L_p=3  L_r=6.0+/-0.0  L_p/L_r=0.500  z=+nan  (t_prime=2.4s)

## Polynomial-image grid mod p=6: Phi(n) = (n, n^2 mod 6)
  [poly_p6] N=1000000 pi=78498 K=5: L_p=2  L_r=4.0+/-0.0  L_p/L_r=0.500  z=+nan  (t_prime=1.1s)

## Residue-class grid mod p=30: Phi(n) = (n mod 30, n//30)
  [residue_p30] N=1000000 pi=78498 K=5: L_p=9  L_r=30.0+/-0.0  L_p/L_r=0.300  z=+nan  (t_prime=11.8s)

## Polynomial-image grid mod p=30: Phi(n) = (n, n^2 mod 30)
  [poly_p30] N=1000000 pi=78498 K=5: L_p=4  L_r=12.0+/-0.0  L_p/L_r=0.333  z=+nan  (t_prime=1.6s)

## Residue-class grid mod p=210: Phi(n) = (n mod 210, n//210)
  [residue_p210] N=1000000 pi=78498 K=5: L_p=49  L_r=210.0+/-0.0  L_p/L_r=0.233  z=+nan  (t_prime=21.0s)

## Polynomial-image grid mod p=210: Phi(n) = (n, n^2 mod 210)
  [poly_p210] N=1000000 pi=78498 K=5: L_p=9  L_r=48.0+/-0.0  L_p/L_r=0.188  z=+nan  (t_prime=3.5s)

# wrote ./summary_alt_N1000000_K5.csv
# wrote ./top_lines_alt_N1000000_K5.csv
# DONE alt embeddings N=1000000
