S182 — extend S169's analytic 21% test to high d
================================================================
  d            N      pi(N)    Q*    cum/(0.21pi)     A_W partial   PNT factor
 14        16384       1900     8          1.3328          1.6431       1.1253  (pi:0.0s cum:0.0s)
 16        65536       6542    10          1.2671          1.5924       1.1071  (pi:0.0s cum:0.0s)
 18       262144      23000    14          1.2602          1.5220       1.0947  (pi:0.0s cum:0.0s)
 20      1048576      82025    18          1.1935          1.4545       1.0844  (pi:0.0s cum:0.0s)
 22      4194304     295947    25          1.1721          1.3944       1.0760  (pi:0.0s cum:0.0s)
 24     16777216    1077871    33          1.1674          1.3773       1.0688  (pi:0.2s cum:0.0s)
 26     67108864    3957809    44          1.1731          1.3681       1.0629  (pi:1.0s cum:0.0s)
 28    268435456   14630843    59          1.1421          1.3245       1.0578  (pi:5.7s cum:0.0s)

Fit ratio = a + b/log(N) + c/log(N)^2
  a (asymptote) = 1.09005
  b              = -0.13677
  c              = 24.24030

  d   observed  predicted     residual
 14     1.3328     1.3334     -0.00052
 16     1.2671     1.2748     -0.00770
 18     1.2602     1.2348     +0.02542
 20     1.1935     1.2063     -0.01280
 22     1.1721     1.1853     -0.01320
 24     1.1674     1.1694     -0.00201
 26     1.1731     1.1571     +0.01602
 28     1.1421     1.1474     -0.00520

Leave-one-out asymptote stability:
  drop d=14: a = 1.10431
  drop d=16: a = 1.07082
  drop d=18: a = 1.21490
  drop d=20: a = 1.03670
  drop d=22: a = 1.06283
  drop d=24: a = 1.09065
  drop d=26: a = 1.03650
  drop d=28: a = 1.14164

Linear fit (c=0): a = 0.95483, b = 3.57977
Forced asymptote = 1.0:  b = 2.98650, RSS = 0.002452
Unrestricted fit:        RSS = 0.001332

Wrote /apps/aplikacijos/prime-research/experiments/constructions/s182_asymptote_extrapolation/asymptote_results.json
