         Q     sum 1/phi over sqf   A_W = sum/log(Q)   sum - log Q (= B if A=1)
Sieving phi/sqf up to 5000000...
Done.
       100               5.910544           1.283458                   1.305374
       500               7.549515           1.214801                   1.334907
      1000               8.240046           1.192869                   1.332290
      5000               9.850960           1.156597                   1.333767
     10000              10.543342           1.144729                   1.333002
     50000              12.152529           1.123177                   1.332751
    100000              12.845514           1.115747                   1.332588
    500000              14.454910           1.101548                   1.332547
   1000000              15.148085           1.096455                   1.332574
   5000000              16.757532           1.086391                   1.332584

Linear fit on Q in 50000..5000000: sum = 0.999972 * log(Q) + 1.332969
  S168 claim: A = 1.0 (Selberg-Delange).
  This fit:    A = 0.999972.
  CONSISTENT with A=1 (within 5%).
Linear fit on all 10 Qs: A = 1.001219, B = 1.318029

Predicted vs observed under A=1:
         Q   observed sum   1*log(Q)    observed - log(Q)
       100       5.910544     4.6052             1.305374
       500       7.549515     6.2146             1.334907
      1000       8.240046     6.9078             1.332290
      5000       9.850960     8.5172             1.333767
     10000      10.543342     9.2103             1.333002
     50000      12.152529    10.8198             1.332751
    100000      12.845514    11.5129             1.332588
    500000      14.454910    13.1224             1.332547
   1000000      15.148085    13.8155             1.332574
   5000000      16.757532    15.4249             1.332584

If A_W = 1 strictly, (sum - log Q) should converge to B (Wirsing's constant).
  observed differences: [1.30537396 1.33490664 1.33229039 1.33376692 1.33300173 1.33275107
 1.33258825 1.33254677 1.33257419 1.33258378]
  successive deltas:    [ 2.95326795e-02 -2.61625426e-03  1.47652974e-03 -7.65185368e-04
 -2.50655651e-04 -1.62823846e-04 -4.14816461e-05  2.74171879e-05
  9.59530342e-06]
  last delta (Q=1000000 -> 5000000): 0.000010
  CONSISTENT with stabilizing (last delta < 0.05).

Wrote /apps/aplikacijos/prime-research/experiments/constructions/s182_asymptote_extrapolation/wirsing_results.json
