Sieving primes up to 200,000,000...
  Sieved 11,078,937 primes in 1.6s. Last prime = 199,999,991
  Computing Li^{-1}(n)...
  Li^{-1} done in 50.2s

Empirical e_n: mean = 10780.53, std = 4293.66, min = 0, max = 21648

=== Per-modulus phase-diagram table ===
  m  J*     mu_Y   sig_Y  alpha    sigN  rel_emp   rel_pY  rel_pPE  rel_pPL   rel_pR  errPL%
  2  13    1.816   0.598  0.908   0.299   0.9394   0.8811   0.8811   1.2869   0.9396   +37.0
  3   8    2.143   0.715  0.714   0.238   0.5429   0.4931   0.4931   0.8352   0.5426   +53.9
  4   6    3.132   1.087  0.783   0.272   0.8352   0.7696   0.7696   1.0904   0.8356   +30.6
  5   5    3.950   1.404  0.790   0.281   0.8796   0.8525   0.8525   1.1013   0.8795   +25.2
  6   5    1.886   0.623  0.314   0.104   0.5207   0.4572   0.4572   0.0393   0.5206   -92.5
  7   4    4.990   1.811  0.713   0.259   0.7796   0.6732   0.6732   0.8677   0.7796   +11.3
  8   4    3.132   1.087  0.391   0.136   0.1916   0.1837   0.1837   0.0465   0.1916   -75.8
  9   4    2.143   0.715  0.238   0.079   0.5592   0.4827   0.4827   0.0564   0.5590   -89.9
 10   4    1.578   0.517  0.158   0.052   1.4090   1.3080   1.3080   0.0736   1.4089   -94.8
 11   3    8.600   3.239  0.782   0.294   0.8444   0.9674   0.9674   1.0697   0.8440   +26.7
 12   3    6.739   2.501  0.562   0.208   0.1385   0.2271   0.2271   0.2604   0.1384   +88.0
 13   3    5.407   1.976  0.416   0.152   0.0912   0.1274   0.1274   0.0636   0.0909   -30.2
 14   3    4.429   1.591  0.316   0.114   0.1531   0.1805   0.1805   0.0730   0.1528   -52.3
 15   3    3.694   1.305  0.246   0.087   0.2444   0.2570   0.2570   0.0832   0.2442   -66.0
 16   3    3.132   1.087  0.196   0.068   0.3833   0.3674   0.3674   0.0927   0.3833   -75.8
 17   3    2.694   0.920  0.158   0.054   0.5851   0.5289   0.5289   0.1015   0.5851   -82.6
 18   3    2.349   0.791  0.130   0.044   0.8751   0.7665   0.7665   0.1104   0.8745   -87.4
 19   3    2.072   0.689  0.109   0.036   1.2927   1.1149   1.1149   0.1202   1.2921   -90.7
 20   3    1.848   0.609  0.092   0.030   1.8334   1.6186   1.6186   0.1322   1.8325   -92.8
 21   3    1.664   0.546  0.079   0.026   2.5479   2.3279   2.3279   0.1479   2.5472   -94.2
 22   3    1.512   0.496  0.069   0.023   3.5017   3.2907   3.2907   0.1691   3.5012   -95.2
 23   3    1.386   0.456  0.060   0.020   4.7282   4.5399   4.5399   0.1981   4.7278   -95.8
 24   3    1.280   0.424  0.053   0.018   6.3242   6.0809   6.0809   0.2374   6.3247   -96.2
 25   2   17.749   6.876  0.710   0.275   0.8343   0.8312   0.8312   0.8837   0.8345    +5.9
 26   2   16.448   6.358  0.633   0.245   0.6770   0.5388   0.5388   0.5852   0.6769   -13.6
 27   2   15.288   5.897  0.566   0.218   0.2190   0.2940   0.2940   0.3175   0.2189   +45.0
 28   2   14.251   5.484  0.509   0.196   0.0252   0.1587   0.1587   0.1575   0.0253  +524.4
 29   2   13.319   5.114  0.459   0.176   0.0293   0.1139   0.1139   0.0967   0.0293  +229.6
 30   2   12.478   4.779  0.416   0.159   0.0347   0.1115   0.1115   0.0859   0.0346  +147.6
 31   2   11.718   4.477  0.378   0.144   0.0405   0.1212   0.1212   0.0902   0.0405  +122.5
 32   2   11.028   4.203  0.345   0.131   0.0474   0.1335   0.1335   0.0972   0.0475  +105.0
 33   2   10.399   3.953  0.315   0.120   0.0557   0.1469   0.1469   0.1047   0.0556   +88.1
 34   2    9.826   3.725  0.289   0.110   0.0648   0.1612   0.1612   0.1124   0.0648   +73.4
 35   2    9.300   3.517  0.266   0.100   0.0754   0.1765   0.1765   0.1203   0.0751   +59.6
 36   2    8.818   3.326  0.245   0.092   0.0868   0.1929   0.1929   0.1284   0.0866   +47.9
 37   2    8.375   3.150  0.226   0.085   0.0999   0.2103   0.2103   0.1366   0.0994   +36.8
 38   2    7.966   2.987  0.210   0.079   0.1137   0.2290   0.2290   0.1451   0.1136   +27.6
 39   2    7.588   2.838  0.195   0.073   0.1295   0.2488   0.2488   0.1536   0.1295   +18.6
 40   2    7.238   2.699  0.181   0.067   0.1478   0.2700   0.2700   0.1623   0.1474    +9.7
 41   2    6.913   2.570  0.169   0.063   0.1678   0.2925   0.2925   0.1710   0.1678    +1.9
 42   2    6.611   2.451  0.157   0.058   0.1910   0.3165   0.3165   0.1799   0.1906    -5.8
 43   2    6.330   2.340  0.147   0.054   0.2155   0.3420   0.3420   0.1888   0.2154   -12.4
 44   2    6.068   2.237  0.138   0.051   0.2416   0.3691   0.3691   0.1977   0.2417   -18.1
 45   2    5.824   2.140  0.129   0.048   0.2700   0.3979   0.3979   0.2067   0.2696   -23.4
 46   2    5.595   2.050  0.122   0.045   0.2999   0.4286   0.4286   0.2158   0.2996   -28.1
 47   2    5.380   1.965  0.114   0.042   0.3327   0.4612   0.4612   0.2248   0.3321   -32.4
 48   2    5.179   1.886  0.108   0.039   0.3679   0.4959   0.4959   0.2338   0.3682   -36.5
 49   2    4.990   1.811  0.102   0.037   0.4086   0.5327   0.5327   0.2428   0.4082   -40.6
 50   2    4.812   1.742  0.096   0.035   0.4528   0.5719   0.5719   0.2518   0.4524   -44.4
 51   2    4.645   1.676  0.091   0.033   0.5002   0.6135   0.6135   0.2607   0.5002   -47.9
 52   2    4.487   1.614  0.086   0.031   0.5512   0.6578   0.6578   0.2696   0.5514   -51.1
 53   2    4.338   1.556  0.082   0.029   0.6068   0.7049   0.7049   0.2784   0.6059   -54.1
 54   2    4.197   1.500  0.078   0.028   0.6642   0.7549   0.7549   0.2872   0.6639   -56.8
 55   2    4.064   1.448  0.074   0.026   0.7264   0.8082   0.8082   0.2959   0.7260   -59.3
 56   2    3.938   1.399  0.070   0.025   0.7922   0.8648   0.8648   0.3045   0.7921   -61.6
 57   2    3.818   1.353  0.067   0.024   0.8627   0.9250   0.9250   0.3130   0.8627   -63.7
 58   2    3.705   1.309  0.064   0.023   0.9381   0.9891   0.9891   0.3215   0.9384   -65.7
 59   2    3.597   1.267  0.061   0.021   1.0203   1.0573   1.0573   0.3299   1.0200   -67.7
 60   2    3.495   1.227  0.058   0.020   1.1090   1.1299   1.1299   0.3382   1.1080   -69.5
 61   2    3.397   1.189  0.056   0.019   1.2027   1.2071   1.2071   0.3464   1.2027   -71.2
 62   2    3.305   1.154  0.053   0.019   1.3055   1.2892   1.2892   0.3545   1.3049   -72.8
 63   2    3.216   1.120  0.051   0.018   1.4155   1.3767   1.3767   0.3626   1.4150   -74.4
 64   2    3.132   1.087  0.049   0.017   1.5331   1.4697   1.4697   0.3706   1.5330   -75.8
 65   2    3.052   1.056  0.047   0.016   1.6578   1.5688   1.5688   0.3786   1.6585   -77.2
 66   2    2.975   1.027  0.045   0.016   1.7935   1.6742   1.6742   0.3865   1.7907   -78.4
 67   2    2.902   0.999  0.043   0.015   1.9300   1.7864   1.7864   0.3944   1.9304   -79.6
 68   2    2.831   0.972  0.042   0.014   2.0788   1.9057   1.9057   0.4022   2.0779   -80.7
 69   2    2.764   0.947  0.040   0.014   2.2336   2.0327   2.0327   0.4100   2.2331   -81.6
 70   2    2.700   0.923  0.039   0.013   2.3968   2.1678   2.1678   0.4179   2.3967   -82.6
 71   2    2.639   0.899  0.037   0.013   2.5700   2.3115   2.3115   0.4257   2.5691   -83.4
 72   2    2.580   0.877  0.036   0.012   2.7533   2.4642   2.4642   0.4335   2.7523   -84.3
 73   2    2.523   0.856  0.035   0.012   2.9492   2.6266   2.6266   0.4414   2.9484   -85.0
 74   2    2.469   0.836  0.033   0.011   3.1575   2.7993   2.7993   0.4493   3.1579   -85.8
 75   2    2.417   0.816  0.032   0.011   3.3854   2.9826   2.9826   0.4573   3.3818   -86.5
 76   2    2.366   0.797  0.031   0.010   3.6192   3.1774   3.1774   0.4654   3.6194   -87.1
 77   2    2.318   0.780  0.030   0.010   3.8745   3.3842   3.3842   0.4735   3.8713   -87.8
 78   2    2.272   0.762  0.029   0.010   4.1376   3.6036   3.6036   0.4818   4.1380   -88.4
 79   2    2.227   0.746  0.028   0.009   4.4220   3.8363   3.8363   0.4902   4.4208   -88.9
 80   2    2.184   0.730  0.027   0.009   4.7190   4.0830   4.0830   0.4988   4.7190   -89.4
 81   2    2.143   0.715  0.026   0.009   5.0326   4.3444   4.3444   0.5075   5.0311   -89.9
 82   2    2.103   0.701  0.026   0.009   5.3522   4.6212   4.6212   0.5165   5.3563   -90.4
 83   2    2.065   0.687  0.025   0.008   5.6940   4.9141   4.9141   0.5256   5.6942   -90.8
 84   2    2.028   0.674  0.024   0.008   6.0434   5.2239   5.2239   0.5350   6.0443   -91.1
 85   2    1.992   0.661  0.023   0.008   6.4120   5.5513   5.5513   0.5446   6.4062   -91.5
 86   2    1.958   0.648  0.023   0.008   6.7797   5.8971   5.8971   0.5545   6.7806   -91.8
 87   2    1.924   0.636  0.022   0.007   7.1707   6.2620   6.2620   0.5648   7.1689   -92.1
 88   2    1.892   0.625  0.022   0.007   7.5781   6.6468   6.6468   0.5753   7.5752   -92.4
 89   2    1.861   0.614  0.021   0.007   8.0082   7.0523   7.0523   0.5862   8.0008   -92.7
 90   2    1.831   0.604  0.020   0.007   8.4514   7.4791   7.4791   0.5975   8.4451   -92.9
 91   2    1.802   0.593  0.020   0.007   8.9112   7.9281   7.9281   0.6091   8.9099   -93.2
 92   2    1.774   0.584  0.019   0.006   9.3976   8.4000   8.4000   0.6212   9.3948   -93.4
 93   2    1.746   0.574  0.019   0.006   9.9011   8.8955   8.8955   0.6338   9.8980   -93.6
 94   2    1.720   0.565  0.018   0.006  10.4195   9.4153   9.4153   0.6468  10.4218   -93.8
 95   2    1.695   0.556  0.018   0.006  10.9694   9.9601   9.9601   0.6603  10.9674   -94.0
 96   2    1.670   0.548  0.017   0.006  11.5411  10.5305  10.5305   0.6743  11.5361   -94.2
 97   2    1.646   0.540  0.017   0.006  12.1299  11.1271  11.1271   0.6889  12.1309   -94.3
 98   2    1.623   0.532  0.017   0.005  12.7588  11.7505  11.7505   0.7040  12.7543   -94.5
 99   2    1.600   0.525  0.016   0.005  13.4141  12.4012  12.4012   0.7198  13.4075   -94.6
100   2    1.578   0.517  0.016   0.005  14.0904  13.0798  13.0798   0.7362  14.0893   -94.8
110   2    1.391   0.457  0.013   0.004  22.3672  21.4710  21.4710   0.9423  22.3670   -95.8
120   1   90.338  35.782  0.753   0.298   0.8629   0.9953   0.9953   1.0043   0.8635   +16.4
140   1   77.504  30.670  0.554   0.219   0.2130   0.2989   0.2989   0.3032   0.2128   +42.3
170   1   63.915  25.258  0.376   0.149   0.0048   0.1153   0.1153   0.1097   0.0045 +2190.9
200   1   54.403  21.470  0.272   0.107   0.0085   0.1591   0.1591   0.1499   0.0083 +1659.7
250   1   43.622  17.177  0.174   0.069   0.0187   0.2487   0.2487   0.2309   0.0180 +1135.9
300   1   36.435  14.315  0.121   0.048   0.0340   0.3584   0.3584   0.3277   0.0334  +865.2
400   1   27.451  10.738  0.069   0.027   0.0833   0.6382   0.6382   0.5661   0.0823  +579.3
500   1   22.061   8.592  0.044   0.017   0.1672   0.9993   0.9993   0.8595   0.1665  +414.0
700   1   15.901   6.141  0.023   0.009   0.4861   1.9698   1.9698   1.5914   0.4834  +227.4
1000   1   11.281   4.303  0.011   0.004   1.4236   4.0688   4.0688   2.9854   1.4140  +109.7
1500   1    7.687   2.877  0.005   0.002   4.8357   9.4243   9.4243   5.8589   4.8426   +21.2

=== Aggregate mean |Δrel| (vs rel_emp) over m ∈ {2..100} ===
  Gaussian-Y      : 0.3768
  Phase-Exact     : 0.3768
  Phase-Lim (1/m→0): 2.4447
  Empirical-r     : 0.0011

F_α (rel_phase_lim ≤20% err for σ_norm < 0.5): 31.5% of 111 cells
F_β (decile max ∈ {0,9} AND min ∈ {4,5}): max-decile=0, min-decile=4 → HOLDS
     α-decile means: {9: 0.9393949979136085, 7: 0.7969825986012918, 3: 0.14483357022429136, 2: 0.15658070354583659, 1: 0.4094651158520192, 5: 0.14892186858721193, 4: 0.051746089599269914, 0: 4.672783641665727, 6: 0.6770059257490136}
F_γ (|rel_emp − 1.0| ≤ 0.5 for σ_norm ≥ 2.0): nan% of 0 cells
F_δ (mirror-pair |Δrel|/max < 0.30 with d ≤ 0.15): 3/16 = 18.8% — FAILS / N/A
F_ε (top-3 peaks have α < 0.10 or > 0.90 AND σ_norm < 0.5):
     m=110  rel= 22.367  α=0.013  σn=0.004
     m=100  rel= 14.090  α=0.016  σn=0.005
     m= 99  rel= 13.414  α=0.016  σn=0.005
     → HOLDS
F_ζ (bot-3 troughs (σn<2) have α ∈ [0.30, 0.70] OR σ_norm > 1.0):
     m=170  rel= 0.0048  α=0.376  σn=0.149
     m=200  rel= 0.0085  α=0.272  σn=0.107
     m=250  rel= 0.0187  α=0.174  σn=0.069
     → FAILS
F_η (Phase-Lim vs Gaussian-Y err agreement ≤ 30%): err_Y=0.3768, err_PL=2.4447, |Δ|/err_Y = 548.9% → FAILS

Wrote /apps/aplikacijos/prime-research/experiments/wildcard/bit_J_pn_phase_diagram/phase_diagram_results.json
