[primes] N=4  weight=6/16
  Ws=[1, 2, 4, 8]  Ms=[1, 2, 3, 4, 5]  time_limit=30s
  N=4 W= 1 M= 1: unsat   (   0.0s)
  N=4 W= 1 M= 2: unsat   (   0.4s)
  N=4 W= 1 M= 3: sat     (   0.1s)  corr=16/16
  N=4 W= 2 M= 1: unsat   (   0.0s)
  N=4 W= 2 M= 2: sat     (   0.0s)  corr=16/16
  N=4 W= 4 M= 1: unsat   (   0.0s)
  N=4 W= 4 M= 2: sat     (   0.0s)  corr=16/16
  N=4 W= 8 M= 1: unsat   (   0.0s)
  N=4 W= 8 M= 2: sat     (   0.0s)  corr=16/16
[random] N=4  weight=6/16
  Ws=[1, 2, 4, 8]  Ms=[1, 2, 3, 4, 5]  time_limit=30s
  N=4 W= 1 M= 1: unsat   (   0.0s)
  N=4 W= 1 M= 2: unsat   (   0.4s)
  N=4 W= 1 M= 3: unsat   (   3.2s)
  N=4 W= 1 M= 4: sat     (   1.2s)  corr=16/16
  N=4 W= 2 M= 1: unsat   (   0.0s)
  N=4 W= 2 M= 2: unsat   (   0.6s)
  N=4 W= 2 M= 3: sat     (   0.0s)  corr=16/16
  N=4 W= 4 M= 1: unsat   (   0.0s)
  N=4 W= 4 M= 2: unsat   (   0.5s)
  N=4 W= 4 M= 3: sat     (   0.0s)  corr=16/16
  N=4 W= 8 M= 1: unsat   (   0.0s)
  N=4 W= 8 M= 2: unsat   (   0.5s)
  N=4 W= 8 M= 3: sat     (   0.0s)  corr=16/16

Wrote n4_grid.json
