[primes] N=6  weight=18/64
  Ws=[1, 2, 4, 8]  Ms=[1, 2, 3, 4, 5, 6, 7]  time_limit=60s
  N=6 W= 1 M= 1: unsat   (   0.1s)
  N=6 W= 1 M= 2: unsat   (   2.1s)
  N=6 W= 1 M= 3: unsat   (  27.9s)
  N=6 W= 1 M= 4: unknown (  60.1s)
  N=6 W= 1 M= 5: unknown (  60.1s)
  N=6 W= 1 M= 6: unknown (  60.3s)
  N=6 W= 1 M= 7: unknown (  60.2s)
  N=6 W= 2 M= 1: unsat   (   0.0s)
  N=6 W= 2 M= 2: unsat   (   2.3s)
  N=6 W= 2 M= 3: unknown (  60.3s)
  N=6 W= 2 M= 4: sat     (  17.3s)  corr=64/64
  N=6 W= 4 M= 1: unsat   (   0.1s)
  N=6 W= 4 M= 2: unsat   (   2.4s)
  N=6 W= 4 M= 3: unknown (  60.3s)
  N=6 W= 4 M= 4: unknown (  60.1s)
  N=6 W= 4 M= 5: unknown (  60.1s)
  N=6 W= 4 M= 6: sat     (   3.1s)  corr=64/64
  N=6 W= 8 M= 1: unsat   (   0.1s)
  N=6 W= 8 M= 2: unsat   (   3.4s)
  N=6 W= 8 M= 3: sat     (   6.8s)  corr=64/64

Wrote n6_primes_60s.json
