[setup] sieve to 10,000,000: 664,579 primes in 0.0s
[W-trick] W=210, phi(W)=48, residues used: [1, 11, 13]
[res b=1] M=1000, q_start=1000231, q_end=1670761, mean=0.9913, std=0.7417, #unique=1000
  [PH primes] 3.1s; T0=36.11, T1=6.37
  [z] T0: B1=-9.31 B2=-1.69 B3=+0.28 B4=-0.56
  [z] T1: B1=-3.21 B2=-1.13 B3=+1.80 B4=-0.70
  [gap-means T0] B2-B3=+3.08 B4-B3=+1.73 B4-B2=-1.35
  [B4 dup count] mean 368 of 1000
[res b=11] M=1000, q_start=1001081, q_end=1669301, mean=0.9879, std=0.7748, #unique=1000
  [PH primes] 3.1s; T0=36.70, T1=6.31
  [z] T0: B1=-14.18 B2=-1.95 B3=-0.52 B4=-0.77
  [z] T1: B1=-2.88 B2=-1.57 B3=+0.27 B4=-0.82
  [gap-means T0] B2-B3=+1.90 B4-B3=+0.33 B4-B2=-1.56
  [B4 dup count] mean 366 of 1000
[res b=13] M=1000, q_start=1000033, q_end=1666783, mean=0.9858, std=0.8000, #unique=1000
  [PH primes] 3.0s; T0=40.10, T1=5.64
  [z] T0: B1=-11.82 B2=-4.03 B3=+0.08 B4=-0.68
  [z] T1: B1=-3.00 B2=-3.42 B3=-0.11 B4=-2.18
  [gap-means T0] B2-B3=+5.85 B4-B3=+3.15 B4-B2=-2.70
  [B4 dup count] mean 371 of 1000

[done] wrote b4_d2.json

Pooled z across residues:
  T0 z_B1: mean=-11.77, range=[-14.18, -9.31]
  T0 z_B2: mean=-2.56, range=[-4.03, -1.69]
  T0 z_B3: mean=-0.06, range=[-0.52, +0.28]
  T0 z_B4: mean=-0.67, range=[-0.77, -0.56]
  T1 z_B1: mean=-3.03, range=[-3.21, -2.88]
  T1 z_B2: mean=-2.04, range=[-3.42, -1.13]
  T1 z_B3: mean=+0.65, range=[-0.11, +1.80]
  T1 z_B4: mean=-1.23, range=[-2.18, -0.70]

Pooled gap-means:
  B2_minus_B3_T0: mean=+3.61, range=[+1.90, +5.85]
  B4_minus_B3_T0: mean=+1.74, range=[+0.33, +3.15]
  B4_minus_B2_T0: mean=-1.87, range=[-2.70, -1.35]
  B2_minus_B3_T1: mean=+0.97, range=[+0.77, +1.06]
  B4_minus_B3_T1: mean=+0.86, range=[+0.49, +1.10]
  B4_minus_B2_T1: mean=-0.11, range=[-0.28, +0.03]
