[setup] sieve to 10,000,000: 664,579 primes in 0.0s
[W-trick] W=210, phi(W)=48, residues used: [1, 11, 13]
[res b=1] M=1000, q_start=1000231, q_end=1670761, mean=0.9913, std=0.7417, #unique=1000
  [PH primes] 1.2s; T0=292.12, T1=60.72
  [z] T0: B1=-8.55 B2=+1.04 B3=+0.77 B4=+0.48
  [z] T1: B1=+7.01 B2=+0.68 B3=+1.18 B4=+1.22
  [gap-means T0] B2-B3=+5.64 B4-B3=+6.07 B4-B2=+0.43
  [B4 dup count] mean 368 of 1000
[res b=11] M=1000, q_start=1001081, q_end=1669301, mean=0.9879, std=0.7748, #unique=1000
  [PH primes] 1.0s; T0=287.43, T1=55.46
  [z] T0: B1=-9.14 B2=-1.07 B3=-0.09 B4=+0.09
  [z] T1: B1=+3.73 B2=-0.52 B3=-0.17 B4=-0.15
  [gap-means T0] B2-B3=+4.53 B4-B3=-2.00 B4-B2=-6.54
  [B4 dup count] mean 366 of 1000
[res b=13] M=1000, q_start=1000033, q_end=1666783, mean=0.9858, std=0.8000, #unique=1000
  [PH primes] 0.7s; T0=291.05, T1=54.54
  [z] T0: B1=-8.21 B2=-1.96 B3=+0.18 B4=-0.37
  [z] T1: B1=+2.65 B2=-0.12 B3=+0.05 B4=+0.28
  [gap-means T0] B2-B3=+10.40 B4-B3=+7.78 B4-B2=-2.62
  [B4 dup count] mean 371 of 1000

[done] wrote b4_d4.json

Pooled z across residues:
  T0 z_B1: mean=-8.63, range=[-9.14, -8.21]
  T0 z_B2: mean=-0.66, range=[-1.96, +1.04]
  T0 z_B3: mean=+0.29, range=[-0.09, +0.77]
  T0 z_B4: mean=+0.07, range=[-0.37, +0.48]
  T1 z_B1: mean=+4.46, range=[+2.65, +7.01]
  T1 z_B2: mean=+0.01, range=[-0.52, +0.68]
  T1 z_B3: mean=+0.35, range=[-0.17, +1.18]
  T1 z_B4: mean=+0.45, range=[-0.15, +1.22]

Pooled gap-means:
  B2_minus_B3_T0: mean=+6.86, range=[+4.53, +10.40]
  B4_minus_B3_T0: mean=+3.95, range=[-2.00, +7.78]
  B4_minus_B2_T0: mean=-2.91, range=[-6.54, +0.43]
  B2_minus_B3_T1: mean=+0.70, range=[+0.56, +0.78]
  B4_minus_B3_T1: mean=-0.28, range=[-0.58, -0.06]
  B4_minus_B2_T1: mean=-0.98, range=[-1.15, -0.83]
