[setup] sieve to 10,000,000: 664,579 primes in 0.0s
[W-trick] W=210, phi(W)=48, residues used: [1, 11, 13]
[res b=1] M=1000, q_start=1000231, q_end=1670761, mean=0.9913, std=0.7417, #unique=1000
  [PH primes] 1.6s; T0=131.92, T1=33.47
  [z] T0: B1=-10.65 B2=-0.60 B3=+0.35 B4=-0.31
  [z] T1: B1=+6.03 B2=-0.31 B3=+0.65 B4=-0.63
  [gap-means T0] B2-B3=+4.66 B4-B3=+4.19 B4-B2=-0.47
  [B4 dup count] mean 368 of 1000
[res b=11] M=1000, q_start=1001081, q_end=1669301, mean=0.9879, std=0.7748, #unique=1000
  [PH primes] 1.5s; T0=130.72, T1=31.69
  [z] T0: B1=-12.62 B2=-2.25 B3=-0.66 B4=-0.56
  [z] T1: B1=+5.96 B2=-1.36 B3=-0.47 B4=-0.86
  [gap-means T0] B2-B3=+3.33 B4-B3=-1.19 B4-B2=-4.52
  [B4 dup count] mean 366 of 1000
[res b=13] M=1000, q_start=1000033, q_end=1666783, mean=0.9858, std=0.8000, #unique=1000
  [PH primes] 1.7s; T0=135.51, T1=32.92
  [z] T0: B1=-11.57 B2=-5.16 B3=-0.12 B4=-0.80
  [z] T1: B1=+4.35 B2=+0.37 B3=+1.01 B4=-0.05
  [gap-means T0] B2-B3=+8.28 B4-B3=+5.60 B4-B2=-2.68
  [B4 dup count] mean 371 of 1000

[done] wrote b4_main.json

Pooled z across residues:
  T0 z_B1: mean=-11.61, range=[-12.62, -10.65]
  T0 z_B2: mean=-2.67, range=[-5.16, -0.60]
  T0 z_B3: mean=-0.15, range=[-0.66, +0.35]
  T0 z_B4: mean=-0.56, range=[-0.80, -0.31]
  T1 z_B1: mean=+5.45, range=[+4.35, +6.03]
  T1 z_B2: mean=-0.43, range=[-1.36, +0.37]
  T1 z_B3: mean=+0.40, range=[-0.47, +1.01]
  T1 z_B4: mean=-0.51, range=[-0.86, -0.05]

Pooled gap-means:
  B2_minus_B3_T0: mean=+5.42, range=[+3.33, +8.28]
  B4_minus_B3_T0: mean=+2.87, range=[-1.19, +5.60]
  B4_minus_B2_T0: mean=-2.56, range=[-4.52, -0.47]
  B2_minus_B3_T1: mean=+1.46, range=[+1.33, +1.56]
  B4_minus_B3_T1: mean=+1.67, range=[+0.63, +2.22]
  B4_minus_B2_T1: mean=+0.20, range=[-0.70, +0.66]
