[setup] sieve to 10,000,000: 664,579 primes in 0.0s
[W-trick] W=210, phi(W)=48, residues used: [1, 11, 13]
[res b=1] M=500, q_start=1000231, q_end=1337071, mean=1.0049, std=0.7729, #unique=500
  [PH primes] 0.5s; T0=30.30, T1=5.63
  [z] T0: B1=-8.49 B2=-2.43 B3=-0.62 B4=+0.02
  [z] T1: B1=+1.89 B2=-0.28 B3=+1.93 B4=+0.73
  [gap-means T0] B2-B3=+0.84 B4-B3=-1.34 B4-B2=-2.18
  [B4 dup count] mean 181 of 500
[res b=11] M=500, q_start=1001081, q_end=1334561, mean=0.9949, std=0.7953, #unique=500
  [PH primes] 0.4s; T0=30.85, T1=5.81
  [z] T0: B1=-11.11 B2=-1.04 B3=-0.51 B4=+0.07
  [z] T1: B1=+1.40 B2=+0.16 B3=+2.89 B4=+0.65
  [gap-means T0] B2-B3=+0.97 B4-B3=-0.56 B4-B2=-1.52
  [B4 dup count] mean 185 of 500
[res b=13] M=500, q_start=1000033, q_end=1328683, mean=0.9807, std=0.8206, #unique=500
  [PH primes] 0.4s; T0=26.13, T1=5.50
  [z] T0: B1=-7.12 B2=-3.07 B3=-2.22 B4=-1.34
  [z] T1: B1=+1.33 B2=+0.35 B3=+2.97 B4=-0.31
  [gap-means T0] B2-B3=-3.65 B4-B3=-3.97 B4-B2=-0.31
  [B4 dup count] mean 185 of 500

[done] wrote b4_pilot.json

Pooled z across residues:
  T0 z_B1: mean=-8.91, range=[-11.11, -7.12]
  T0 z_B2: mean=-2.18, range=[-3.07, -1.04]
  T0 z_B3: mean=-1.12, range=[-2.22, -0.51]
  T0 z_B4: mean=-0.42, range=[-1.34, +0.07]
  T1 z_B1: mean=+1.54, range=[+1.33, +1.89]
  T1 z_B2: mean=+0.07, range=[-0.28, +0.35]
  T1 z_B3: mean=+2.60, range=[+1.93, +2.97]
  T1 z_B4: mean=+0.36, range=[-0.31, +0.73]

Pooled gap-means:
  B2_minus_B3_T0: mean=-0.61, range=[-3.65, +0.97]
  B4_minus_B3_T0: mean=-1.95, range=[-3.97, -0.56]
  B4_minus_B2_T0: mean=-1.34, range=[-2.18, -0.31]
  B2_minus_B3_T1: mean=+0.89, range=[+0.84, +0.98]
  B4_minus_B3_T1: mean=+0.73, range=[+0.30, +1.22]
  B4_minus_B2_T1: mean=-0.16, range=[-0.54, +0.24]
