======================================================================
PART 1: Closed-form q-reduced identity verification
======================================================================
  Γ_  16: pi(N)=  6, pi(N/2)=  4, D'(q)=  2 (pred=2), |supp|=  4 (pred=4), match=True
  H_  16: pi(N)=  6, D'(q)=  6, |non-q supp|=0, match=True
  Γ_  32: pi(N)= 11, pi(N/2)=  6, D'(q)=  5 (pred=5), |supp|=  6 (pred=6), match=True
  H_  32: pi(N)= 11, D'(q)= 11, |non-q supp|=0, match=True
  Γ_  64: pi(N)= 18, pi(N/2)= 11, D'(q)=  7 (pred=7), |supp|= 11 (pred=11), match=True
  H_  64: pi(N)= 18, D'(q)= 18, |non-q supp|=0, match=True
  Γ_ 128: pi(N)= 31, pi(N/2)= 18, D'(q)= 13 (pred=13), |supp|= 18 (pred=18), match=True
  H_ 128: pi(N)= 31, D'(q)= 31, |non-q supp|=0, match=True
  Γ_ 256: pi(N)= 54, pi(N/2)= 31, D'(q)= 23 (pred=23), |supp|= 31 (pred=31), match=True
  H_ 256: pi(N)= 54, D'(q)= 54, |non-q supp|=0, match=True
  Γ_ 512: pi(N)= 97, pi(N/2)= 54, D'(q)= 43 (pred=43), |supp|= 54 (pred=54), match=True
  H_ 512: pi(N)= 97, D'(q)= 97, |non-q supp|=0, match=True

======================================================================
PART 2: Z-scores vs matched-density random divisors
======================================================================

--- Graph: divisibility ---
  N=  32 divisibility  : D_red_at_q          : D_P=    5  R= 1.65± 0.99  z=+3.39
  N=  32 divisibility  : max_chip            : D_P=    1  R= 1.00± 0.00  z=+0.00
  N=  32 divisibility  : total_nonq_chips    : D_P=    6  R= 9.35± 0.99  z=-3.39
  N=  64 divisibility  : D_red_at_q          : D_P=    7  R= 2.50± 1.40  z=+3.22
  N=  64 divisibility  : max_chip            : D_P=    1  R= 1.00± 0.00  z=+0.00
  N=  64 divisibility  : total_nonq_chips    : D_P=   11  R=15.50± 1.40  z=-3.22
  N= 128 divisibility  : D_red_at_q          : D_P=   13  R= 3.35± 1.66  z=+5.80
  N= 128 divisibility  : max_chip            : D_P=    1  R= 1.00± 0.00  z=+0.00
  N= 128 divisibility  : total_nonq_chips    : D_P=   18  R=27.65± 1.66  z=-5.80

--- Graph: hasse ---
  N=  32 hasse         : D_red_at_q          : D_P=   11  R= 1.95± 1.05  z=+8.62
  N=  32 hasse         : max_chip            : D_P=    0  R= 1.65± 0.59  z=-2.81
  N=  32 hasse         : total_nonq_chips    : D_P=    0  R= 9.05± 1.05  z=-8.62
  N=  64 hasse         : D_red_at_q          : D_P=   18  R= 2.50± 1.40  z=+11.11
  N=  64 hasse         : max_chip            : D_P=    0  R= 1.25± 0.55  z=-2.27
  N=  64 hasse         : total_nonq_chips    : D_P=    0  R=15.50± 1.40  z=-11.11
  N= 128 hasse         : D_red_at_q          : D_P=   31  R= 3.65± 1.87  z=+14.61
  N= 128 hasse         : max_chip            : D_P=    0  R= 1.30± 0.47  z=-2.77
  N= 128 hasse         : total_nonq_chips    : D_P=    0  R=27.35± 1.87  z=-14.61

======================================================================
PART 3: Generalised Hasse identity for other arithmetic divisors
======================================================================

  Theorem: D'(1) = sum_{p prime, p<=N} D(p) on Hasse(N), q=1


--- N=32 ---
  D_P         : chips_on_primes= 11, D'(q)= 11, comp_match=True, prime_zeroed=True, identity=True
  D_sqfree    : chips_on_primes= 11, D'(q)= 11, comp_match=True, prime_zeroed=True, identity=True
  D_lam_pos   : chips_on_primes=  0, D'(q)=  0, comp_match=False, prime_zeroed=False, identity=False
  D_mu_pos    : chips_on_primes=  0, D'(q)=  0, comp_match=True, prime_zeroed=True, identity=True
  D_Omega2    : chips_on_primes=  0, D'(q)=  0, comp_match=False, prime_zeroed=False, identity=False

--- N=64 ---
  D_P         : chips_on_primes= 18, D'(q)= 18, comp_match=True, prime_zeroed=True, identity=True
  D_sqfree    : chips_on_primes= 18, D'(q)= 18, comp_match=True, prime_zeroed=True, identity=True
  D_lam_pos   : chips_on_primes=  0, D'(q)=  0, comp_match=False, prime_zeroed=False, identity=False
  D_mu_pos    : chips_on_primes=  0, D'(q)=  0, comp_match=True, prime_zeroed=True, identity=True
  D_Omega2    : chips_on_primes=  0, D'(q)=  0, comp_match=False, prime_zeroed=False, identity=False

--- N=128 ---
  D_P         : chips_on_primes= 31, D'(q)= 31, comp_match=True, prime_zeroed=True, identity=True
  D_sqfree    : chips_on_primes= 31, D'(q)= 31, comp_match=True, prime_zeroed=True, identity=True
  D_lam_pos   : chips_on_primes=  0, D'(q)=  0, comp_match=False, prime_zeroed=False, identity=False
  D_mu_pos    : chips_on_primes=  0, D'(q)=  0, comp_match=True, prime_zeroed=True, identity=True
  D_Omega2    : chips_on_primes=  0, D'(q)=  0, comp_match=False, prime_zeroed=False, identity=False

=== Saved to full_results.json ===
