# Free cumulants of chi_P operator (C2)
# 20 configurations
# Cross-domain reference: Mingo-Speicher 2017, free probability.

W= 2 d= 8  N=       256  shape=[16, 16]  rank=9/9  density=0.210938  pi(N)=54
   MP(c=0.5000) prediction kappa = (+1.0000, +0.5000, +0.2500, +0.1250)
   outlier counts (k s.t. drop_k matches MP within rel-tol): tol=0.1 -> None  tol=0.2 -> None  tol=0.5 -> None
   chi_P drop_0  (n=   9)  kappa=(+1.0000, +1.5432, +3.5756, +7.8419)   ActB kappa=(+1.0000, +1.4980, +3.4618, +7.0726)
   chi_P drop_1  (n=   8)  kappa=(+1.0000, +0.7159, +0.5445, +0.4021)   ActB kappa=(+1.0000, +0.5232, +0.3140, +0.1474)
   chi_P drop_2  (n=   7)  kappa=(+1.0000, +0.5438, +0.1634, -0.0912)   ActB kappa=(+1.0000, +0.4103, +0.1757, +0.0392)
   chi_P drop_5  (n=   4)  kappa=(+1.0000, +0.3543, +0.0851, -0.0144)   ActB kappa=(+1.0000, +0.1379, -0.0216, -0.0120)
   chi_P drop_10 (n=   0)  kappa=(+nan, +nan, +nan, +nan)   ActB kappa=(+nan, +nan, +nan, +nan)
   chi_P drop_20 (n=   0)  kappa=(+nan, +nan, +nan, +nan)   ActB kappa=(+nan, +nan, +nan, +nan)
   chi_P drop_50 (n=   0)  kappa=(+nan, +nan, +nan, +nan)   ActB kappa=(+nan, +nan, +nan, +nan)
   elapsed: chi=0.00s bern=0.03s

W= 2 d=10  N=      1024  shape=[32, 32]  rank=17/17  density=0.167969  pi(N)=172
   MP(c=0.5000) prediction kappa = (+1.0000, +0.5000, +0.2500, +0.1250)
   outlier counts (k s.t. drop_k matches MP within rel-tol): tol=0.1 -> None  tol=0.2 -> None  tol=0.5 -> 2
   chi_P drop_0  (n=  17)  kappa=(+1.0000, +1.9490, +7.7719, +33.2188)   ActB kappa=(+1.0000, +2.1677, +10.0092, +47.0027)
   chi_P drop_1  (n=  16)  kappa=(+1.0000, +0.7101, +0.6486, +0.7475)   ActB kappa=(+1.0000, +0.4846, +0.1801, +0.0502)
   chi_P drop_2  (n=  15)  kappa=(+1.0000, +0.5760, +0.3071, +0.1575)   ActB kappa=(+1.0000, +0.4476, +0.1207, -0.0192)
   chi_P drop_5  (n=  12)  kappa=(+1.0000, +0.4854, +0.1935, +0.0331)   ActB kappa=(+1.0000, +0.3939, +0.1025, +0.0291)
   chi_P drop_10 (n=   7)  kappa=(+1.0000, +0.2698, -0.0197, -0.0233)   ActB kappa=(+1.0000, +0.2872, +0.0096, -0.0307)
   chi_P drop_20 (n=   0)  kappa=(+nan, +nan, +nan, +nan)   ActB kappa=(+nan, +nan, +nan, +nan)
   chi_P drop_50 (n=   0)  kappa=(+nan, +nan, +nan, +nan)   ActB kappa=(+nan, +nan, +nan, +nan)
   elapsed: chi=0.00s bern=0.00s

W= 2 d=12  N=      4096  shape=[64, 64]  rank=33/33  density=0.137695  pi(N)=564
   MP(c=0.5000) prediction kappa = (+1.0000, +0.5000, +0.2500, +0.1250)
   outlier counts (k s.t. drop_k matches MP within rel-tol): tol=0.1 -> None  tol=0.2 -> None  tol=0.5 -> 3
   chi_P drop_0  (n=  33)  kappa=(+1.0000, +2.8150, +20.0080, +157.4521)   ActB kappa=(+1.0000, +2.8272, +22.0234, +182.4981)
   chi_P drop_1  (n=  32)  kappa=(+1.0000, +0.8895, +1.4641, +3.1163)   ActB kappa=(+1.0000, +0.5366, +0.2702, +0.1198)
   chi_P drop_2  (n=  31)  kappa=(+1.0000, +0.7590, +1.1188, +2.6578)   ActB kappa=(+1.0000, +0.5113, +0.2293, +0.0747)
   chi_P drop_5  (n=  28)  kappa=(+1.0000, +0.4857, +0.1769, +0.0174)   ActB kappa=(+1.0000, +0.4561, +0.1604, +0.0171)
   chi_P drop_10 (n=  23)  kappa=(+1.0000, +0.4138, +0.1143, +0.0137)   ActB kappa=(+1.0000, +0.3856, +0.1124, +0.0260)
   chi_P drop_20 (n=  13)  kappa=(+1.0000, +0.2971, +0.0317, -0.0181)   ActB kappa=(+1.0000, +0.2398, +0.0338, +0.0061)
   chi_P drop_50 (n=   0)  kappa=(+nan, +nan, +nan, +nan)   ActB kappa=(+nan, +nan, +nan, +nan)
   elapsed: chi=0.00s bern=0.00s

W= 2 d=14  N=     16384  shape=[128, 128]  rank=65/65  density=0.115967  pi(N)=1900
   MP(c=0.5000) prediction kappa = (+1.0000, +0.5000, +0.2500, +0.1250)
   outlier counts (k s.t. drop_k matches MP within rel-tol): tol=0.1 -> 5  tol=0.2 -> 5  tol=0.5 -> 5
   chi_P drop_0  (n=  65)  kappa=(+1.0000, +4.0679, +50.6878, +704.3945)   ActB kappa=(+1.0000, +4.0042, +55.7433, +822.3706)
   chi_P drop_1  (n=  64)  kappa=(+1.0000, +1.1287, +3.4487, +14.1995)   ActB kappa=(+1.0000, +0.5206, +0.2784, +0.1431)
   chi_P drop_2  (n=  63)  kappa=(+1.0000, +0.8843, +2.2374, +9.4918)   ActB kappa=(+1.0000, +0.5068, +0.2575, +0.1222)
   chi_P drop_5  (n=  60)  kappa=(+1.0000, +0.5105, +0.2522, +0.1153)   ActB kappa=(+1.0000, +0.4697, +0.2067, +0.0807)
   chi_P drop_10 (n=  55)  kappa=(+1.0000, +0.4557, +0.1763, +0.0354)   ActB kappa=(+1.0000, +0.4159, +0.1397, +0.0288)
   chi_P drop_20 (n=  45)  kappa=(+1.0000, +0.3667, +0.0993, +0.0204)   ActB kappa=(+1.0000, +0.3400, +0.0744, -0.0055)
   chi_P drop_50 (n=  15)  kappa=(+1.0000, +0.1747, -0.0250, +0.0114)   ActB kappa=(+1.0000, +0.1097, -0.0004, -0.0023)
   elapsed: chi=0.01s bern=0.01s

W= 2 d=16  N=     65536  shape=[256, 256]  rank=129/129  density=0.099823  pi(N)=6542
   MP(c=0.5000) prediction kappa = (+1.0000, +0.5000, +0.2500, +0.1250)
   outlier counts (k s.t. drop_k matches MP within rel-tol): tol=0.1 -> 8  tol=0.2 -> 8  tol=0.5 -> 7
   chi_P drop_0  (n= 129)  kappa=(+1.0000, +6.0567, +133.9926, +3294.5756)   ActB kappa=(+1.0000, +5.6091, +135.9911, +3464.4267)
   chi_P drop_1  (n= 128)  kappa=(+1.0000, +1.4562, +7.9247, +57.8432)   ActB kappa=(+1.0000, +0.5073, +0.2637, +0.1386)
   chi_P drop_2  (n= 127)  kappa=(+1.0000, +1.0584, +4.5488, +32.7276)   ActB kappa=(+1.0000, +0.4991, +0.2496, +0.1212)
   chi_P drop_5  (n= 124)  kappa=(+1.0000, +0.5599, +0.4014, +0.4550)   ActB kappa=(+1.0000, +0.4785, +0.2176, +0.0872)
   chi_P drop_10 (n= 119)  kappa=(+1.0000, +0.4863, +0.2189, +0.0991)   ActB kappa=(+1.0000, +0.4501, +0.1799, +0.0549)
   chi_P drop_20 (n= 109)  kappa=(+1.0000, +0.4288, +0.1346, +0.0142)   ActB kappa=(+1.0000, +0.4030, +0.1269, +0.0179)
   chi_P drop_50 (n=  79)  kappa=(+1.0000, +0.3314, +0.0670, -0.0005)   ActB kappa=(+1.0000, +0.2953, +0.0492, -0.0084)
   elapsed: chi=0.04s bern=0.07s

W= 2 d=18  N=    262144  shape=[512, 512]  rank=257/257  density=0.087738  pi(N)=23000
   MP(c=0.5000) prediction kappa = (+1.0000, +0.5000, +0.2500, +0.1250)
   outlier counts (k s.t. drop_k matches MP within rel-tol): tol=0.1 -> 15  tol=0.2 -> 14  tol=0.5 -> 12
   chi_P drop_0  (n= 257)  kappa=(+1.0000, +9.3196, +367.9154, +16066.1421)   ActB kappa=(+1.0000, +8.3140, +358.1012, +16012.3342)
   chi_P drop_1  (n= 256)  kappa=(+1.0000, +2.0236, +20.2409, +261.0048)   ActB kappa=(+1.0000, +0.5045, +0.2553, +0.1330)
   chi_P drop_2  (n= 255)  kappa=(+1.0000, +1.4377, +12.1954, +160.8198)   ActB kappa=(+1.0000, +0.5000, +0.2467, +0.1212)
   chi_P drop_5  (n= 252)  kappa=(+1.0000, +0.6355, +0.7542, +1.7700)   ActB kappa=(+1.0000, +0.4878, +0.2252, +0.0936)
   chi_P drop_10 (n= 247)  kappa=(+1.0000, +0.5272, +0.3166, +0.2428)   ActB kappa=(+1.0000, +0.4716, +0.1999, +0.0659)
   chi_P drop_20 (n= 237)  kappa=(+1.0000, +0.4738, +0.2096, +0.0810)   ActB kappa=(+1.0000, +0.4463, +0.1677, +0.0393)
   chi_P drop_50 (n= 207)  kappa=(+1.0000, +0.3984, +0.1197, +0.0120)   ActB kappa=(+1.0000, +0.3865, +0.1098, +0.0081)
   elapsed: chi=0.27s bern=0.36s

W= 2 d=20  N=   1048576  shape=[1024, 1024]  rank=513/513  density=0.078225  pi(N)=82025
   MP(c=0.5000) prediction kappa = (+1.0000, +0.5000, +0.2500, +0.1250)
   outlier counts (k s.t. drop_k matches MP within rel-tol): tol=0.1 -> 26  tol=0.2 -> 24  tol=0.5 -> 21
   chi_P drop_0  (n= 513)  kappa=(+1.0000, +14.7505, +1048.5215, +82066.9641)   ActB kappa=(+1.0000, +13.0054, +1015.1312, +81283.6967)
   chi_P drop_1  (n= 512)  kappa=(+1.0000, +2.9501, +54.1155, +1235.4338)   ActB kappa=(+1.0000, +0.5006, +0.2495, +0.1232)
   chi_P drop_2  (n= 511)  kappa=(+1.0000, +2.0187, +31.9863, +742.8820)   ActB kappa=(+1.0000, +0.4984, +0.2455, +0.1177)
   chi_P drop_5  (n= 508)  kappa=(+1.0000, +0.7692, +1.7261, +8.2735)   ActB kappa=(+1.0000, +0.4924, +0.2348, +0.1041)
   chi_P drop_10 (n= 503)  kappa=(+1.0000, +0.5894, +0.5164, +0.7868)   ActB kappa=(+1.0000, +0.4834, +0.2201, +0.0869)
   chi_P drop_20 (n= 493)  kappa=(+1.0000, +0.5201, +0.2930, +0.1882)   ActB kappa=(+1.0000, +0.4685, +0.1986, +0.0660)
   chi_P drop_50 (n= 463)  kappa=(+1.0000, +0.4601, +0.1913, +0.0623)   ActB kappa=(+1.0000, +0.4314, +0.1531, +0.0303)
   elapsed: chi=2.33s bern=1.83s

W= 3 d= 6  N=       729  shape=[27, 27]  rank=19/19  density=0.176955  pi(N)=129
   MP(c=0.6667) prediction kappa = (+1.0000, +0.6667, +0.4444, +0.2963)
   outlier counts (k s.t. drop_k matches MP within rel-tol): tol=0.1 -> None  tol=0.2 -> None  tol=0.5 -> 2
   chi_P drop_0  (n=  19)  kappa=(+1.0000, +2.3693, +8.7690, +30.6567)   ActB kappa=(+1.0000, +1.8458, +7.3576, +32.2215)
   chi_P drop_1  (n=  18)  kappa=(+1.0000, +2.0052, +8.7364, +40.7336)   ActB kappa=(+1.0000, +0.6460, +0.3887, +0.1986)
   chi_P drop_2  (n=  17)  kappa=(+1.0000, +0.6103, +0.3275, +0.2562)   ActB kappa=(+1.0000, +0.6108, +0.3271, +0.1170)
   chi_P drop_5  (n=  14)  kappa=(+1.0000, +0.5208, +0.1055, -0.0311)   ActB kappa=(+1.0000, +0.5218, +0.2219, +0.0309)
   chi_P drop_10 (n=   9)  kappa=(+1.0000, +0.5279, +0.0233, -0.1409)   ActB kappa=(+1.0000, +0.3430, +0.1001, +0.0237)
   chi_P drop_20 (n=   0)  kappa=(+nan, +nan, +nan, +nan)   ActB kappa=(+nan, +nan, +nan, +nan)
   chi_P drop_50 (n=   0)  kappa=(+nan, +nan, +nan, +nan)   ActB kappa=(+nan, +nan, +nan, +nan)
   elapsed: chi=0.00s bern=0.00s

W= 3 d= 8  N=      6561  shape=[81, 81]  rank=55/55  density=0.129096  pi(N)=847
   MP(c=0.6667) prediction kappa = (+1.0000, +0.6667, +0.4444, +0.2963)
   outlier counts (k s.t. drop_k matches MP within rel-tol): tol=0.1 -> None  tol=0.2 -> None  tol=0.5 -> 2
   chi_P drop_0  (n=  55)  kappa=(+1.0000, +4.2676, +39.8004, +377.4669)   ActB kappa=(+1.0000, +2.8117, +26.7284, +288.3314)
   chi_P drop_1  (n=  54)  kappa=(+1.0000, +3.5308, +39.8380, +491.5799)   ActB kappa=(+1.0000, +0.6599, +0.4181, +0.2471)
   chi_P drop_2  (n=  53)  kappa=(+1.0000, +0.6784, +0.4281, +0.2222)   ActB kappa=(+1.0000, +0.6419, +0.3798, +0.1907)
   chi_P drop_5  (n=  50)  kappa=(+1.0000, +0.6352, +0.3462, +0.1194)   ActB kappa=(+1.0000, +0.6053, +0.3206, +0.1344)
   chi_P drop_10 (n=  45)  kappa=(+1.0000, +0.5922, +0.2961, +0.0953)   ActB kappa=(+1.0000, +0.5469, +0.2308, +0.0573)
   chi_P drop_20 (n=  35)  kappa=(+1.0000, +0.4941, +0.1903, +0.0578)   ActB kappa=(+1.0000, +0.4672, +0.1445, +0.0008)
   chi_P drop_50 (n=   5)  kappa=(+1.0000, +0.1259, -0.0072, -0.0084)   ActB kappa=(+1.0000, +0.1101, -0.0059, -0.0039)
   elapsed: chi=0.01s bern=0.01s

W= 3 d=10  N=     59049  shape=[243, 243]  rank=163/163  density=0.101069  pi(N)=5968
   MP(c=0.6667) prediction kappa = (+1.0000, +0.6667, +0.4444, +0.2963)
   outlier counts (k s.t. drop_k matches MP within rel-tol): tol=0.1 -> 10  tol=0.2 -> 10  tol=0.5 -> 9
   chi_P drop_0  (n= 163)  kappa=(+1.0000, +7.8838, +181.4308, +4332.1014)   ActB kappa=(+1.0000, +4.3566, +96.6011, +2378.1870)
   chi_P drop_1  (n= 162)  kappa=(+1.0000, +5.7556, +149.6236, +4256.0624)   ActB kappa=(+1.0000, +0.6663, +0.4481, +0.3033)
   chi_P drop_2  (n= 161)  kappa=(+1.0000, +0.8355, +0.9810, +1.5898)   ActB kappa=(+1.0000, +0.6575, +0.4261, +0.2639)
   chi_P drop_5  (n= 158)  kappa=(+1.0000, +0.7631, +0.7235, +0.9002)   ActB kappa=(+1.0000, +0.6379, +0.3842, +0.2017)
   chi_P drop_10 (n= 153)  kappa=(+1.0000, +0.6801, +0.4650, +0.3108)   ActB kappa=(+1.0000, +0.6118, +0.3352, +0.1397)
   chi_P drop_20 (n= 143)  kappa=(+1.0000, +0.6187, +0.3426, +0.1515)   ActB kappa=(+1.0000, +0.5736, +0.2790, +0.0913)
   chi_P drop_50 (n= 113)  kappa=(+1.0000, +0.5102, +0.1896, +0.0176)   ActB kappa=(+1.0000, +0.4726, +0.1555, +0.0100)
   elapsed: chi=0.03s bern=0.05s

W= 3 d=12  N=    531441  shape=[729, 729]  rank=487/487  density=0.082670  pi(N)=43934
   MP(c=0.6667) prediction kappa = (+1.0000, +0.6667, +0.4444, +0.2963)
   outlier counts (k s.t. drop_k matches MP within rel-tol): tol=0.1 -> 22  tol=0.2 -> 22  tol=0.5 -> 20
   chi_P drop_0  (n= 487)  kappa=(+1.0000, +15.7419, +913.7069, +54820.7048)   ActB kappa=(+1.0000, +8.1667, +465.4834, +28221.3224)
   chi_P drop_1  (n= 486)  kappa=(+1.0000, +10.6257, +678.5687, +46533.6611)   ActB kappa=(+1.0000, +0.6721, +0.4573, +0.3145)
   chi_P drop_2  (n= 485)  kappa=(+1.0000, +1.0862, +2.7664, +11.2761)   ActB kappa=(+1.0000, +0.6692, +0.4499, +0.3013)
   chi_P drop_5  (n= 482)  kappa=(+1.0000, +0.9711, +2.0651, +7.7819)   ActB kappa=(+1.0000, +0.6611, +0.4307, +0.2691)
   chi_P drop_10 (n= 477)  kappa=(+1.0000, +0.7733, +0.8209, +1.3090)   ActB kappa=(+1.0000, +0.6498, +0.4058, +0.2313)
   chi_P drop_20 (n= 467)  kappa=(+1.0000, +0.6862, +0.5018, +0.4238)   ActB kappa=(+1.0000, +0.6309, +0.3686, +0.1822)
   chi_P drop_50 (n= 437)  kappa=(+1.0000, +0.6140, +0.3364, +0.1461)   ActB kappa=(+1.0000, +0.5860, +0.2918, +0.0972)
   elapsed: chi=0.63s bern=0.70s

W= 5 d= 4  N=       625  shape=[25, 25]  rank=21/20  density=0.182400  pi(N)=114
   MP(c=0.8000) prediction kappa = (+1.0000, +0.8000, +0.6400, +0.5120)
   outlier counts (k s.t. drop_k matches MP within rel-tol): tol=0.1 -> None  tol=0.2 -> None  tol=0.5 -> 8
   chi_P drop_0  (n=  21)  kappa=(+1.0000, +2.1607, +6.8942, +22.1245)   ActB kappa=(+1.0000, +1.7134, +5.7446, +23.2160)
   chi_P drop_1  (n=  20)  kappa=(+1.0000, +1.9137, +6.5536, +26.4800)   ActB kappa=(+1.0000, +0.8870, +0.8042, +0.7265)
   chi_P drop_2  (n=  19)  kappa=(+1.0000, +1.0975, +1.3395, +1.3783)   ActB kappa=(+1.0000, +0.8294, +0.6498, +0.4627)
   chi_P drop_5  (n=  16)  kappa=(+1.0000, +0.9249, +1.1770, +1.9361)   ActB kappa=(+1.0000, +0.7201, +0.3900, +0.1070)
   chi_P drop_10 (n=  11)  kappa=(+1.0000, +0.5459, +0.0868, -0.0565)   ActB kappa=(+1.0000, +0.6693, +0.2619, -0.1224)
   chi_P drop_20 (n=   1)  kappa=(+1.0000, +0.0000, +0.0000, +0.0000)   ActB kappa=(+nan, +nan, +nan, +nan)
   chi_P drop_50 (n=   0)  kappa=(+nan, +nan, +nan, +nan)   ActB kappa=(+nan, +nan, +nan, +nan)
   elapsed: chi=0.00s bern=0.00s

W= 5 d= 6  N=     15625  shape=[125, 125]  rank=101/101  density=0.116544  pi(N)=1821
   MP(c=0.8000) prediction kappa = (+1.0000, +0.8000, +0.6400, +0.5120)
   outlier counts (k s.t. drop_k matches MP within rel-tol): tol=0.1 -> None  tol=0.2 -> None  tol=0.5 -> 6
   chi_P drop_0  (n= 101)  kappa=(+1.0000, +5.0272, +61.5258, +828.6497)   ActB kappa=(+1.0000, +2.8703, +34.1758, +497.2594)
   chi_P drop_1  (n= 100)  kappa=(+1.0000, +3.9848, +51.1706, +801.9096)   ActB kappa=(+1.0000, +0.8245, +0.6873, +0.5787)
   chi_P drop_2  (n=  99)  kappa=(+1.0000, +1.6022, +5.7105, +25.6746)   ActB kappa=(+1.0000, +0.8094, +0.6419, +0.4837)
   chi_P drop_5  (n=  96)  kappa=(+1.0000, +1.0414, +2.4314, +11.3255)   ActB kappa=(+1.0000, +0.7808, +0.5719, +0.3735)
   chi_P drop_10 (n=  91)  kappa=(+1.0000, +0.7581, +0.5050, +0.2486)   ActB kappa=(+1.0000, +0.7380, +0.4702, +0.2153)
   chi_P drop_20 (n=  81)  kappa=(+1.0000, +0.7013, +0.4005, +0.1414)   ActB kappa=(+1.0000, +0.6876, +0.3821, +0.1217)
   chi_P drop_50 (n=  51)  kappa=(+1.0000, +0.5720, +0.2033, -0.0333)   ActB kappa=(+1.0000, +0.5443, +0.1900, -0.0155)
   elapsed: chi=0.03s bern=0.02s

W= 5 d= 8  N=    390625  shape=[625, 625]  rank=501/501  density=0.084782  pi(N)=33118
   MP(c=0.8000) prediction kappa = (+1.0000, +0.8000, +0.6400, +0.5120)
   outlier counts (k s.t. drop_k matches MP within rel-tol): tol=0.1 -> 17  tol=0.2 -> 16  tol=0.5 -> 13
   chi_P drop_0  (n= 501)  kappa=(+1.0000, +13.2113, +621.7201, +32053.9628)   ActB kappa=(+1.0000, +6.4218, +309.8007, +16538.3610)
   chi_P drop_1  (n= 500)  kappa=(+1.0000, +9.3978, +447.2449, +25257.6887)   ActB kappa=(+1.0000, +0.8116, +0.6661, +0.5492)
   chi_P drop_2  (n= 499)  kappa=(+1.0000, +2.9789, +39.6950, +653.4280)   ActB kappa=(+1.0000, +0.8080, +0.6544, +0.5224)
   chi_P drop_5  (n= 496)  kappa=(+1.0000, +1.5235, +14.2281, +252.6734)   ActB kappa=(+1.0000, +0.7995, +0.6301, +0.4739)
   chi_P drop_10 (n= 491)  kappa=(+1.0000, +0.8450, +0.7922, +0.8873)   ActB kappa=(+1.0000, +0.7875, +0.5977, +0.4143)
   chi_P drop_20 (n= 481)  kappa=(+1.0000, +0.7978, +0.6292, +0.4800)   ActB kappa=(+1.0000, +0.7684, +0.5514, +0.3402)
   chi_P drop_50 (n= 451)  kappa=(+1.0000, +0.7409, +0.4935, +0.2661)   ActB kappa=(+1.0000, +0.7239, +0.4572, +0.2147)
   elapsed: chi=0.47s bern=0.47s

W= 6 d= 4  N=      1296  shape=[36, 36]  rank=13/13  density=0.162037  pi(N)=210
   MP(c=0.3333) prediction kappa = (+1.0000, +0.3333, +0.1111, +0.0370)
   outlier counts (k s.t. drop_k matches MP within rel-tol): tol=0.1 -> None  tol=0.2 -> None  tol=0.5 -> 1
   chi_P drop_0  (n=  13)  kappa=(+1.0000, +2.7214, +13.2352, +60.6908)   ActB kappa=(+1.0000, +2.8839, +14.2226, +64.0856)
   chi_P drop_1  (n=  12)  kappa=(+1.0000, +0.4321, +0.1611, +0.0239)   ActB kappa=(+1.0000, +0.2809, +0.0545, +0.0017)
   chi_P drop_2  (n=  11)  kappa=(+1.0000, +0.4117, +0.1750, +0.0893)   ActB kappa=(+1.0000, +0.2538, +0.0421, +0.0046)
   chi_P drop_5  (n=   8)  kappa=(+1.0000, +0.2749, +0.0360, -0.0050)   ActB kappa=(+1.0000, +0.1674, -0.0055, -0.0061)
   chi_P drop_10 (n=   3)  kappa=(+1.0000, +0.1515, -0.0237, -0.0115)   ActB kappa=(+1.0000, +0.0525, +0.0000, -0.0030)
   chi_P drop_20 (n=   0)  kappa=(+nan, +nan, +nan, +nan)   ActB kappa=(+nan, +nan, +nan, +nan)
   chi_P drop_50 (n=   0)  kappa=(+nan, +nan, +nan, +nan)   ActB kappa=(+nan, +nan, +nan, +nan)
   elapsed: chi=0.00s bern=0.00s

W= 6 d= 6  N=     46656  shape=[216, 216]  rank=73/73  density=0.103331  pi(N)=4821
   MP(c=0.3333) prediction kappa = (+1.0000, +0.3333, +0.1111, +0.0370)
   outlier counts (k s.t. drop_k matches MP within rel-tol): tol=0.1 -> 7  tol=0.2 -> 7  tol=0.5 -> 7
   chi_P drop_0  (n=  73)  kappa=(+1.0000, +7.1908, +153.2837, +3328.5248)   ActB kappa=(+1.0000, +7.0595, +150.6365, +3238.9776)
   chi_P drop_1  (n=  72)  kappa=(+1.0000, +0.5104, +0.4459, +0.5940)   ActB kappa=(+1.0000, +0.3303, +0.1131, +0.0479)
   chi_P drop_2  (n=  71)  kappa=(+1.0000, +0.4679, +0.3406, +0.3888)   ActB kappa=(+1.0000, +0.3176, +0.0957, +0.0299)
   chi_P drop_5  (n=  68)  kappa=(+1.0000, +0.3786, +0.1544, +0.0961)   ActB kappa=(+1.0000, +0.2917, +0.0691, +0.0101)
   chi_P drop_10 (n=  63)  kappa=(+1.0000, +0.3183, +0.0697, +0.0091)   ActB kappa=(+1.0000, +0.2597, +0.0437, -0.0042)
   chi_P drop_20 (n=  53)  kappa=(+1.0000, +0.2625, +0.0291, -0.0041)   ActB kappa=(+1.0000, +0.2163, +0.0269, -0.0054)
   chi_P drop_50 (n=  23)  kappa=(+1.0000, +0.1425, -0.0172, +0.0122)   ActB kappa=(+1.0000, +0.0816, +0.0023, -0.0013)
   elapsed: chi=0.03s bern=0.03s

W= 6 d= 8  N=   1679616  shape=[1296, 1296]  rank=433/433  density=0.075449  pi(N)=126726
   MP(c=0.3333) prediction kappa = (+1.0000, +0.3333, +0.1111, +0.0370)
   outlier counts (k s.t. drop_k matches MP within rel-tol): tol=0.1 -> 28  tol=0.2 -> 26  tol=0.5 -> 23
   chi_P drop_0  (n= 433)  kappa=(+1.0000, +22.9737, +2194.9506, +214518.6022)   ActB kappa=(+1.0000, +22.4376, +2172.0580, +211651.8363)
   chi_P drop_1  (n= 432)  kappa=(+1.0000, +1.0243, +4.9482, +34.0553)   ActB kappa=(+1.0000, +0.3341, +0.1126, +0.0389)
   chi_P drop_2  (n= 431)  kappa=(+1.0000, +0.9131, +4.0637, +27.6948)   ActB kappa=(+1.0000, +0.3320, +0.1098, +0.0359)
   chi_P drop_5  (n= 428)  kappa=(+1.0000, +0.5378, +0.8628, +2.5968)   ActB kappa=(+1.0000, +0.3266, +0.1031, +0.0298)
   chi_P drop_10 (n= 423)  kappa=(+1.0000, +0.4067, +0.3112, +0.5968)   ActB kappa=(+1.0000, +0.3187, +0.0945, +0.0228)
   chi_P drop_20 (n= 413)  kappa=(+1.0000, +0.3470, +0.1354, +0.0675)   ActB kappa=(+1.0000, +0.3055, +0.0819, +0.0146)
   chi_P drop_50 (n= 383)  kappa=(+1.0000, +0.2938, +0.0733, +0.0129)   ActB kappa=(+1.0000, +0.2729, +0.0572, +0.0032)
   elapsed: chi=1.52s bern=6.33s

W=30 d= 2  N=       900  shape=[30, 30]  rank=9/9  density=0.171111  pi(N)=154
   MP(c=0.2667) prediction kappa = (+1.0000, +0.2667, +0.0711, +0.0190)
   outlier counts (k s.t. drop_k matches MP within rel-tol): tol=0.1 -> None  tol=0.2 -> None  tol=0.5 -> None
   chi_P drop_0  (n=   9)  kappa=(+1.0000, +2.9907, +12.5383, +44.5675)   ActB kappa=(+1.0000, +2.9652, +11.3982, +35.6637)
   chi_P drop_1  (n=   8)  kappa=(+1.0000, +0.2327, -0.0118, -0.0258)   ActB kappa=(+1.0000, +0.2219, +0.0088, -0.0093)
   chi_P drop_2  (n=   7)  kappa=(+1.0000, +0.2373, +0.0015, -0.0280)   ActB kappa=(+1.0000, +0.1951, -0.0048, -0.0186)
   chi_P drop_5  (n=   4)  kappa=(+1.0000, +0.1510, +0.0112, -0.0087)   ActB kappa=(+1.0000, +0.1044, +0.0054, -0.0068)
   chi_P drop_10 (n=   0)  kappa=(+nan, +nan, +nan, +nan)   ActB kappa=(+nan, +nan, +nan, +nan)
   chi_P drop_20 (n=   0)  kappa=(+nan, +nan, +nan, +nan)   ActB kappa=(+nan, +nan, +nan, +nan)
   chi_P drop_50 (n=   0)  kappa=(+nan, +nan, +nan, +nan)   ActB kappa=(+nan, +nan, +nan, +nan)
   elapsed: chi=0.00s bern=0.00s

W=30 d= 3  N=     27000  shape=[30, 900]  rank=30/30  density=0.109667  pi(N)=2961
   MP(c=0.2667) prediction kappa = (+1.0000, +0.2667, +0.0711, +0.0190)
   outlier counts (k s.t. drop_k matches MP within rel-tol): tol=0.1 -> None  tol=0.2 -> None  tol=0.5 -> None
   chi_P drop_0  (n=  30)  kappa=(+1.0000, +4.8752, +55.0405, +605.0273)   ActB kappa=(+1.0000, +4.7653, +52.4339, +559.4184)
   chi_P drop_1  (n=  29)  kappa=(+1.0000, +0.1498, +0.0249, +0.0027)   ActB kappa=(+1.0000, +0.1092, +0.0071, -0.0001)
   chi_P drop_2  (n=  28)  kappa=(+1.0000, +0.1420, +0.0235, +0.0041)   ActB kappa=(+1.0000, +0.1022, +0.0047, -0.0008)
   chi_P drop_5  (n=  25)  kappa=(+1.0000, +0.1120, +0.0128, +0.0041)   ActB kappa=(+1.0000, +0.0870, +0.0023, -0.0006)
   chi_P drop_10 (n=  20)  kappa=(+1.0000, +0.0720, -0.0018, -0.0007)   ActB kappa=(+1.0000, +0.0641, +0.0000, -0.0002)
   chi_P drop_20 (n=  10)  kappa=(+1.0000, +0.0374, +0.0003, -0.0002)   ActB kappa=(+1.0000, +0.0248, -0.0021, +0.0002)
   chi_P drop_50 (n=   0)  kappa=(+nan, +nan, +nan, +nan)   ActB kappa=(+nan, +nan, +nan, +nan)
   elapsed: chi=0.01s bern=0.01s

W=30 d= 4  N=    810000  shape=[900, 900]  rank=241/241  density=0.079856  pi(N)=64683
   MP(c=0.2667) prediction kappa = (+1.0000, +0.2667, +0.0711, +0.0190)
   outlier counts (k s.t. drop_k matches MP within rel-tol): tol=0.1 -> 20  tol=0.2 -> 20  tol=0.5 -> 17
   chi_P drop_0  (n= 241)  kappa=(+1.0000, +21.9858, +1565.6499, +112171.6541)   ActB kappa=(+1.0000, +21.5610, +1527.3001, +108386.2566)
   chi_P drop_1  (n= 240)  kappa=(+1.0000, +0.4701, +0.6053, +1.3315)   ActB kappa=(+1.0000, +0.2655, +0.0708, +0.0205)
   chi_P drop_2  (n= 239)  kappa=(+1.0000, +0.4446, +0.5273, +1.1327)   ActB kappa=(+1.0000, +0.2624, +0.0674, +0.0175)
   chi_P drop_5  (n= 236)  kappa=(+1.0000, +0.3677, +0.2878, +0.4997)   ActB kappa=(+1.0000, +0.2549, +0.0602, +0.0122)
   chi_P drop_10 (n= 231)  kappa=(+1.0000, +0.3037, +0.1128, +0.0612)   ActB kappa=(+1.0000, +0.2445, +0.0519, +0.0077)
   chi_P drop_20 (n= 221)  kappa=(+1.0000, +0.2669, +0.0684, +0.0204)   ActB kappa=(+1.0000, +0.2264, +0.0394, +0.0019)
   chi_P drop_50 (n= 191)  kappa=(+1.0000, +0.2093, +0.0274, +0.0020)   ActB kappa=(+1.0000, +0.1850, +0.0201, -0.0024)
   elapsed: chi=0.78s bern=1.08s

Wrote /apps/aplikacijos/prime-research/experiments/constructions/free_cumulants_chi_p/free_cumulants_chi_p_results.json
