/apps/aplikacijos/prime-research/experiments/constructions/spike_pointwise_HL_quad/tq_quad_correlation.py:197: SyntaxWarning: invalid escape sequence '\s'
  """Compute G_p^{(4)} via the Ramanujan-Fourier expansion.

=== d = 16, N = 2^16 = 65,536 ===
  sieving up to 65,536 ...
  pi(N) = 6542, pi(N)/N = 0.0998230
  F7: G_p closed-form vs Ramanujan-Fourier consistency...
  F7 G_p consistency: 78 cells OK
  computing full HL quadruple singular series (truncated at p<=50000)...
  prime quadruple density baseline...
  F1: T_W^{div} primorial-W 4-point correlations...
    W = 2 (primes [2]): built in 0.0s
    W = 6 (primes [2, 3]): built in 0.0s
    W = 30 (primes [2, 3, 5]): built in 0.0s
    W = 210 (primes [2, 3, 5, 7]): built in 0.0s
    W = 2310 (primes [2, 3, 5, 7, 11]): built in 0.0s
  F2: T_Q general-Q 4-point correlations...
    Q = 2: building T_Q...
    Q = 6: building T_Q...
    Q = 8: building T_Q...
    Q = 30: building T_Q...
    Q = 210: building T_Q...
    Q = 256: building T_Q...
    Q = 2310: building T_Q...
  d = 16 done in 2.3s

=== d = 18, N = 2^18 = 262,144 ===
  sieving up to 262,144 ...
  pi(N) = 23000, pi(N)/N = 0.0877380
  F7: G_p closed-form vs Ramanujan-Fourier consistency...
  F7 G_p consistency: 78 cells OK
  computing full HL quadruple singular series (truncated at p<=50000)...
  prime quadruple density baseline...
  F1: T_W^{div} primorial-W 4-point correlations...
    W = 2 (primes [2]): built in 0.0s
    W = 6 (primes [2, 3]): built in 0.0s
    W = 30 (primes [2, 3, 5]): built in 0.0s
    W = 210 (primes [2, 3, 5, 7]): built in 0.0s
    W = 2310 (primes [2, 3, 5, 7, 11]): built in 0.0s
  F2: T_Q general-Q 4-point correlations...
    Q = 2: building T_Q...
    Q = 6: building T_Q...
    Q = 10: building T_Q...
    Q = 30: building T_Q...
    Q = 210: building T_Q...
    Q = 512: building T_Q...
    Q = 2310: building T_Q...
  d = 18 done in 7.4s

=== d = 20, N = 2^20 = 1,048,576 ===
  sieving up to 1,048,576 ...
  pi(N) = 82025, pi(N)/N = 0.0782251
  F7: G_p closed-form vs Ramanujan-Fourier consistency...
  F7 G_p consistency: 78 cells OK
  computing full HL quadruple singular series (truncated at p<=50000)...
  prime quadruple density baseline...
  F1: T_W^{div} primorial-W 4-point correlations...
    W = 2 (primes [2]): built in 0.0s
    W = 6 (primes [2, 3]): built in 0.0s
    W = 30 (primes [2, 3, 5]): built in 0.0s
    W = 210 (primes [2, 3, 5, 7]): built in 0.0s
    W = 2310 (primes [2, 3, 5, 7, 11]): built in 0.0s
  F2: T_Q general-Q 4-point correlations...
    Q = 2: building T_Q...
    Q = 6: building T_Q...
    Q = 13: building T_Q...
    Q = 30: building T_Q...
    Q = 210: building T_Q...
    Q = 1024: building T_Q...
    Q = 2310: building T_Q...
  d = 20 done in 32.3s

Wrote tq_quad_correlation_results.json


=== SUMMARY ===

# d = 16, N = 2^16, pi(N)/N = 0.099823

  F7 G_p formula consistency: 78 cells, 0 mismatches, max abs_err = 4.441e-16.

  F1 (primorial W, T_W^{div}): R / [(pi/N)^4 prod_{p|W} G_p^{(4)}]:
      (h1,h2,h3)       W=2       W=6      W=30     W=210    W=2310
  (  0,  0,  0)   1.00000   0.99998   0.99998   0.99996   0.99994
  (  2,  0,  0)   1.00000   0.99997   0.99994   1.00000   1.00028
  (  6,  0,  0)   1.00000   0.99998   1.00000   0.99985   0.99969
  (  2,  4,  0)   1.00000         -         -         -         -
  (  2,  6,  0)   1.00000   0.99994   0.99985   0.99985   0.99915
  (  6, 12,  0)   1.00000   0.99998   1.00005   0.99994   0.99979
  (  2,  6,  8)   1.00000   0.99997   0.99988   0.99988   0.99881
  (  2,  6, 12)   1.00000   0.99994   0.99994   0.99994   1.00055
  (  4,  6, 10)   1.00000   1.00000   0.99991   0.99991   0.99800
  (  2,  8, 14)   1.00000   0.99997   0.99997   0.99997   1.00100
  (  6, 10, 12)   1.00000   1.00003   1.00017   0.99994   0.99887
  (  6, 12, 30)   1.00000   0.99998   1.00010   1.00021   0.99956
  (  2,  4,  6)   1.00000         -         -         -         -
  (  2,  4,  8)   1.00000         -         -         -         -

  F2 (general Q, T_Q): R / [(pi/N)^4 prod_{p sqf <= Q} G_p^{(4)}]:
      (h1,h2,h3)       Q=2       Q=6       Q=8      Q=30     Q=210     Q=256    Q=2310
  (  0,  0,  0)   1.00000   0.58695   0.40351   0.31651   0.14413   0.13049   0.04580
  (  2,  0,  0)   1.00000   0.70611   0.54716   0.41541   0.25512   0.23980   0.12346
  (  6,  0,  0)   1.00000   0.72285   0.56732   0.44172   0.25705   0.23997   0.12339
  (  2,  4,  0)   1.00000         -         -         -         -         -         -
  (  2,  6,  0)   1.00000   0.99843   0.93862   0.72126   0.56661   0.55298   0.36052
  (  6, 12,  0)   1.00000   1.01837   0.96567   0.75326   0.57671   0.55839   0.37803
  (  2,  6,  8)   1.00000   1.91340   2.34064   0.86480   0.90450   0.92874   0.96416
  (  2,  6, 12)   1.00000   1.03402   1.26291   1.13971   0.97510   0.98881   1.01451
  (  4,  6, 10)   1.00000   1.00562   1.23110   1.18256   0.98636   1.00130   1.00693
  (  2,  8, 14)   1.00000   1.89920   1.82802   1.12805   0.91432   0.90726   0.85471
  (  6, 10, 12)   1.00000   1.03414   1.26303   1.14177   0.99908   1.00413   0.95313
  (  6, 12, 30)   1.00000   1.01838   1.25694   1.18260   0.97584   0.97985   0.96723
  (  2,  4,  6)   1.00000         -         -         -         -         -         -
  (  2,  4,  8)   1.00000         -         -         -         -         -         -

  F3 (HL recovery, Q = 2310 ~ N^0.5): R / [(pi/N)^4 S_HL(0,h1,h2,h3)]:
    (h1,h2,h3) = (  2,  0,  0): R = 9.575065e-03, pred_HL = 4.872260e-02, ratio = 0.19652
    (h1,h2,h3) = (  6,  0,  0): R = 1.913904e-02, pred_HL = 9.744520e-02, ratio = 0.19641
    (h1,h2,h3) = (  2,  4,  0): R = 1.717844e-04, pred_HL = 0.000000e+00, ratio = (zero)
    (h1,h2,h3) = (  2,  6,  0): R = 2.465332e-03, pred_HL = 5.471269e-03, ratio = 0.45060
    (h1,h2,h3) = (  6, 12,  0): R = 5.170099e-03, pred_HL = 1.094254e-02, ratio = 0.47248
    (h1,h2,h3) = (  2,  6,  8): R = 3.884417e-04, pred_HL = 4.121910e-04, ratio = 0.94238
    (h1,h2,h3) = (  2,  6, 12): R = 8.174464e-04, pred_HL = 8.243820e-04, ratio = 0.99159
    (h1,h2,h3) = (  4,  6, 10): R = 8.113417e-04, pred_HL = 8.243820e-04, ratio = 0.98418
    (h1,h2,h3) = (  2,  8, 14): R = 4.591279e-04, pred_HL = 5.495880e-04, ratio = 0.83540
    (h1,h2,h3) = (  6, 10, 12): R = 7.679902e-04, pred_HL = 8.243820e-04, ratio = 0.93159
    (h1,h2,h3) = (  6, 12, 30): R = 1.618652e-03, pred_HL = 1.648764e-03, ratio = 0.98174
    (h1,h2,h3) = (  2,  4,  6): R = 3.585617e-05, pred_HL = 0.000000e+00, ratio = (zero)
    (h1,h2,h3) = (  2,  4,  8): R = 3.517552e-05, pred_HL = 0.000000e+00, ratio = (zero)

  F6 (prime quadruple density baseline):
    (h1,h2,h3) = (  0,  0,  0): pi_4 = 9.982300e-02, rho^4 S_HL = (degenerate), ratio = -
    (h1,h2,h3) = (  2,  0,  0): pi_4 = 1.312296e-02, rho^4 S_HL = 4.872260e-02, ratio = 0.2693
    (h1,h2,h3) = (  6,  0,  0): pi_4 = 2.662902e-02, rho^4 S_HL = 9.744520e-02, ratio = 0.2733
    (h1,h2,h3) = (  2,  4,  0): pi_4 = 1.525972e-05, rho^4 S_HL = 0.000000e+00, ratio = -
    (h1,h2,h3) = (  2,  6,  0): pi_4 = 2.792614e-03, rho^4 S_HL = 5.471269e-03, ratio = 0.5104
    (h1,h2,h3) = (  6, 12,  0): pi_4 = 5.997802e-03, rho^4 S_HL = 1.094254e-02, ratio = 0.5481
    (h1,h2,h3) = (  2,  6,  8): pi_4 = 4.272983e-04, rho^4 S_HL = 4.121910e-04, ratio = 1.0367
    (h1,h2,h3) = (  2,  6, 12): pi_4 = 9.767413e-04, rho^4 S_HL = 8.243820e-04, ratio = 1.1848
    (h1,h2,h3) = (  4,  6, 10): pi_4 = 9.614504e-04, rho^4 S_HL = 8.243820e-04, ratio = 1.1663
    (h1,h2,h3) = (  2,  8, 14): pi_4 = 5.036476e-04, rho^4 S_HL = 5.495880e-04, ratio = 0.9164
    (h1,h2,h3) = (  6, 10, 12): pi_4 = 8.546487e-04, rho^4 S_HL = 8.243820e-04, ratio = 1.0367
    (h1,h2,h3) = (  6, 12, 30): pi_4 = 1.908222e-03, rho^4 S_HL = 1.648764e-03, ratio = 1.1574
    (h1,h2,h3) = (  2,  4,  6): pi_4 = 0.000000e+00, rho^4 S_HL = 0.000000e+00, ratio = -
    (h1,h2,h3) = (  2,  4,  8): pi_4 = 1.526065e-05, rho^4 S_HL = 0.000000e+00, ratio = -

# d = 18, N = 2^18, pi(N)/N = 0.087738

  F7 G_p formula consistency: 78 cells, 0 mismatches, max abs_err = 4.441e-16.

  F1 (primorial W, T_W^{div}): R / [(pi/N)^4 prod_{p|W} G_p^{(4)}]:
      (h1,h2,h3)       W=2       W=6      W=30     W=210    W=2310
  (  0,  0,  0)   1.00000   1.00000   1.00000   1.00001   1.00001
  (  2,  0,  0)   1.00000   0.99999   0.99999   1.00003   1.00000
  (  6,  0,  0)   1.00000   1.00000   1.00001   1.00002   1.00005
  (  2,  4,  0)   1.00000         -         -         -         -
  (  2,  6,  0)   1.00000   0.99998   1.00001   1.00008   0.99990
  (  6, 12,  0)   1.00000   1.00000   1.00003   1.00005   1.00006
  (  2,  6,  8)   1.00000   0.99999   1.00002   1.00005   0.99998
  (  2,  6, 12)   1.00000   0.99998   1.00003   1.00020   1.00020
  (  4,  6, 10)   1.00000   1.00000   1.00002   1.00006   0.99998
  (  2,  8, 14)   1.00000   0.99999   0.99992   1.00001   1.00021
  (  6, 10, 12)   1.00000   1.00001   1.00003   0.99994   0.99999
  (  6, 12, 30)   1.00000   1.00000   1.00001   1.00007   0.99996
  (  2,  4,  6)   1.00000         -         -         -         -
  (  2,  4,  8)   1.00000         -         -         -         -

  F2 (general Q, T_Q): R / [(pi/N)^4 prod_{p sqf <= Q} G_p^{(4)}]:
      (h1,h2,h3)       Q=2       Q=6      Q=10      Q=30     Q=210     Q=512    Q=2310
  (  0,  0,  0)   1.00000   0.58696   0.52201   0.31651   0.14737   0.08992   0.04213
  (  2,  0,  0)   1.00000   0.70617   0.58357   0.41537   0.25747   0.18896   0.11289
  (  6,  0,  0)   1.00000   0.72286   0.65004   0.44189   0.25802   0.18742   0.11271
  (  2,  4,  0)   1.00000         -         -         -         -         -         -
  (  2,  6,  0)   1.00000   0.99851   0.87695   0.72278   0.57807   0.50607   0.38949
  (  6, 12,  0)   1.00000   1.01838   0.95496   0.75336   0.57484   0.49895   0.37870
  (  2,  6,  8)   1.00000   1.91347   1.73000   0.86557   0.91535   1.05696   1.03783
  (  2,  6, 12)   1.00000   1.03407   1.31615   1.13995   0.96692   1.01047   1.02571
  (  4,  6, 10)   1.00000   1.00564   1.17683   1.18300   0.99224   1.03722   1.06517
  (  2,  8, 14)   1.00000   1.89922   1.32790   1.12829   0.93990   0.97395   0.92900
  (  6, 10, 12)   1.00000   1.03409   1.31615   1.14044   0.98114   1.01648   1.05461
  (  6, 12, 30)   1.00000   1.01837   1.24321   1.18264   0.95356   0.97619   0.99900
  (  2,  4,  6)   1.00000         -         -         -         -         -         -
  (  2,  4,  8)   1.00000         -         -         -         -         -         -

  F3 (HL recovery, Q = 2310 ~ N^0.5): R / [(pi/N)^4 S_HL(0,h1,h2,h3)]:
    (h1,h2,h3) = (  2,  0,  0): R = 5.225306e-03, pred_HL = 2.907767e-02, ratio = 0.17970
    (h1,h2,h3) = (  6,  0,  0): R = 1.043400e-02, pred_HL = 5.815535e-02, ratio = 0.17942
    (h1,h2,h3) = (  2,  4,  0): R = 1.114121e-04, pred_HL = 0.000000e+00, ratio = (zero)
    (h1,h2,h3) = (  2,  6,  0): R = 1.589550e-03, pred_HL = 3.265257e-03, ratio = 0.48681
    (h1,h2,h3) = (  6, 12,  0): R = 3.091000e-03, pred_HL = 6.530513e-03, ratio = 0.47332
    (h1,h2,h3) = (  2,  6,  8): R = 2.495349e-04, pred_HL = 2.459958e-04, ratio = 1.01439
    (h1,h2,h3) = (  2,  6, 12): R = 4.932420e-04, pred_HL = 4.919917e-04, ratio = 1.00254
    (h1,h2,h3) = (  4,  6, 10): R = 5.122182e-04, pred_HL = 4.919917e-04, ratio = 1.04111
    (h1,h2,h3) = (  2,  8, 14): R = 2.978238e-04, pred_HL = 3.279944e-04, ratio = 0.90801
    (h1,h2,h3) = (  6, 10, 12): R = 5.071396e-04, pred_HL = 4.919917e-04, ratio = 1.03079
    (h1,h2,h3) = (  6, 12, 30): R = 9.977452e-04, pred_HL = 9.839833e-04, ratio = 1.01399
    (h1,h2,h3) = (  2,  4,  6): R = 1.286680e-05, pred_HL = 0.000000e+00, ratio = (zero)
    (h1,h2,h3) = (  2,  4,  8): R = 1.255274e-05, pred_HL = 0.000000e+00, ratio = (zero)

  F6 (prime quadruple density baseline):
    (h1,h2,h3) = (  0,  0,  0): pi_4 = 8.773804e-02, rho^4 S_HL = (degenerate), ratio = -
    (h1,h2,h3) = (  2,  0,  0): pi_4 = 1.021965e-02, rho^4 S_HL = 2.907767e-02, ratio = 0.3515
    (h1,h2,h3) = (  6,  0,  0): pi_4 = 2.042817e-02, rho^4 S_HL = 5.815535e-02, ratio = 0.3513
    (h1,h2,h3) = (  2,  4,  0): pi_4 = 3.814755e-06, rho^4 S_HL = 0.000000e+00, ratio = -
    (h1,h2,h3) = (  2,  6,  0): pi_4 = 1.964614e-03, rho^4 S_HL = 3.265257e-03, ratio = 0.6017
    (h1,h2,h3) = (  6, 12,  0): pi_4 = 4.017060e-03, rho^4 S_HL = 6.530513e-03, ratio = 0.6151
    (h1,h2,h3) = (  2,  6,  8): pi_4 = 2.365184e-04, rho^4 S_HL = 2.459958e-04, ratio = 0.9615
    (h1,h2,h3) = (  2,  6, 12): pi_4 = 4.959333e-04, rho^4 S_HL = 4.919917e-04, ratio = 1.0080
    (h1,h2,h3) = (  4,  6, 10): pi_4 = 5.684116e-04, rho^4 S_HL = 4.919917e-04, ratio = 1.1553
    (h1,h2,h3) = (  2,  8, 14): pi_4 = 3.547858e-04, rho^4 S_HL = 3.279944e-04, ratio = 1.0817
    (h1,h2,h3) = (  6, 10, 12): pi_4 = 5.188226e-04, rho^4 S_HL = 4.919917e-04, ratio = 1.0545
    (h1,h2,h3) = (  6, 12, 30): pi_4 = 1.140725e-03, rho^4 S_HL = 9.839833e-04, ratio = 1.1593
    (h1,h2,h3) = (  2,  4,  6): pi_4 = 0.000000e+00, rho^4 S_HL = 0.000000e+00, ratio = -
    (h1,h2,h3) = (  2,  4,  8): pi_4 = 3.814814e-06, rho^4 S_HL = 0.000000e+00, ratio = -

# d = 20, N = 2^20, pi(N)/N = 0.078225

  F7 G_p formula consistency: 78 cells, 0 mismatches, max abs_err = 4.441e-16.

  F1 (primorial W, T_W^{div}): R / [(pi/N)^4 prod_{p|W} G_p^{(4)}]:
      (h1,h2,h3)       W=2       W=6      W=30     W=210    W=2310
  (  0,  0,  0)   1.00000   1.00000   1.00000   1.00000   1.00000
  (  2,  0,  0)   1.00000   1.00000   1.00000   1.00001   1.00000
  (  6,  0,  0)   1.00000   1.00000   1.00000   1.00000   1.00000
  (  2,  4,  0)   1.00000         -         -         -         -
  (  2,  6,  0)   1.00000   1.00000   0.99999   1.00001   0.99996
  (  6, 12,  0)   1.00000   1.00000   1.00000   1.00001   1.00000
  (  2,  6,  8)   1.00000   1.00000   0.99999   1.00003   1.00006
  (  2,  6, 12)   1.00000   1.00000   1.00000   1.00003   0.99996
  (  4,  6, 10)   1.00000   1.00000   0.99999   1.00000   0.99990
  (  2,  8, 14)   1.00000   1.00000   1.00000   1.00002   1.00001
  (  6, 10, 12)   1.00000   1.00000   1.00001   1.00000   1.00001
  (  6, 12, 30)   1.00000   1.00000   1.00001   1.00000   0.99995
  (  2,  4,  6)   1.00000         -         -         -         -
  (  2,  4,  8)   1.00000         -         -         -         -

  F2 (general Q, T_Q): R / [(pi/N)^4 prod_{p sqf <= Q} G_p^{(4)}]:
      (h1,h2,h3)       Q=2       Q=6      Q=13      Q=30     Q=210    Q=1024    Q=2310
  (  0,  0,  0)   1.00000   0.58696   0.33377   0.31649   0.14982   0.06182   0.03962
  (  2,  0,  0)   1.00000   0.70617   0.42933   0.41540   0.25699   0.14678   0.10755
  (  6,  0,  0)   1.00000   0.72286   0.48256   0.44190   0.25798   0.14671   0.10780
  (  2,  4,  0)   1.00000         -         -         -         -         -         -
  (  2,  6,  0)   1.00000   0.99851   0.78157   0.72292   0.57699   0.44306   0.38113
  (  6, 12,  0)   1.00000   1.01837   0.85571   0.75336   0.57643   0.44422   0.38139
  (  2,  6,  8)   1.00000   1.91348   1.90413   0.86602   0.89044   1.02616   1.01923
  (  2,  6, 12)   1.00000   1.03407   1.45596   1.14002   0.97158   1.00695   1.01190
  (  4,  6, 10)   1.00000   1.00563   1.30190   1.18310   0.98322   1.02728   1.03192
  (  2,  8, 14)   1.00000   1.89926   1.45777   1.12818   0.93885   0.99812   0.98432
  (  6, 10, 12)   1.00000   1.03408   1.45600   1.14027   0.97492   1.03187   1.05702
  (  6, 12, 30)   1.00000   1.01837   1.38252   1.18275   0.94930   0.97244   0.98780
  (  2,  4,  6)   1.00000         -         -         -         -         -         -
  (  2,  4,  8)   1.00000         -         -         -         -         -         -

  F3 (HL recovery, Q = 2310 ~ N^0.5): R / [(pi/N)^4 S_HL(0,h1,h2,h3)]:
    (h1,h2,h3) = (  2,  0,  0): R = 3.145486e-03, pred_HL = 1.837356e-02, ratio = 0.17120
    (h1,h2,h3) = (  6,  0,  0): R = 6.305819e-03, pred_HL = 3.674712e-02, ratio = 0.17160
    (h1,h2,h3) = (  2,  4,  0): R = 6.338107e-05, pred_HL = 0.000000e+00, ratio = (zero)
    (h1,h2,h3) = (  2,  6,  0): R = 9.828396e-04, pred_HL = 2.063246e-03, ratio = 0.47636
    (h1,h2,h3) = (  6, 12,  0): R = 1.966983e-03, pred_HL = 4.126491e-03, ratio = 0.47667
    (h1,h2,h3) = (  2,  6,  8): R = 1.548491e-04, pred_HL = 1.554395e-04, ratio = 0.99620
    (h1,h2,h3) = (  2,  6, 12): R = 3.074717e-04, pred_HL = 3.108790e-04, ratio = 0.98904
    (h1,h2,h3) = (  4,  6, 10): R = 3.135543e-04, pred_HL = 3.108790e-04, ratio = 1.00861
    (h1,h2,h3) = (  2,  8, 14): R = 1.993941e-04, pred_HL = 2.072527e-04, ratio = 0.96208
    (h1,h2,h3) = (  6, 10, 12): R = 3.211829e-04, pred_HL = 3.108790e-04, ratio = 1.03314
    (h1,h2,h3) = (  6, 12, 30): R = 6.233864e-04, pred_HL = 6.217580e-04, ratio = 1.00262
    (h1,h2,h3) = (  2,  4,  6): R = 4.254506e-06, pred_HL = 0.000000e+00, ratio = (zero)
    (h1,h2,h3) = (  2,  4,  8): R = 2.437496e-06, pred_HL = 0.000000e+00, ratio = (zero)

  F6 (prime quadruple density baseline):
    (h1,h2,h3) = (  0,  0,  0): pi_4 = 7.822514e-02, rho^4 S_HL = (degenerate), ratio = -
    (h1,h2,h3) = (  2,  0,  0): pi_4 = 8.139626e-03, rho^4 S_HL = 1.837356e-02, ratio = 0.4430
    (h1,h2,h3) = (  6,  0,  0): pi_4 = 1.627359e-02, rho^4 S_HL = 3.674712e-02, ratio = 0.4429
    (h1,h2,h3) = (  2,  4,  0): pi_4 = 9.536780e-07, rho^4 S_HL = 0.000000e+00, ratio = -
    (h1,h2,h3) = (  2,  6,  0): pi_4 = 1.389511e-03, rho^4 S_HL = 2.063246e-03, ratio = 0.6735
    (h1,h2,h3) = (  6, 12,  0): pi_4 = 2.869639e-03, rho^4 S_HL = 4.126491e-03, ratio = 0.6954
    (h1,h2,h3) = (  2,  6,  8): pi_4 = 1.688016e-04, rho^4 S_HL = 1.554395e-04, ratio = 1.0860
    (h1,h2,h3) = (  2,  6, 12): pi_4 = 3.109014e-04, rho^4 S_HL = 3.108790e-04, ratio = 1.0001
    (h1,h2,h3) = (  4,  6, 10): pi_4 = 3.137618e-04, rho^4 S_HL = 3.108790e-04, ratio = 1.0093
    (h1,h2,h3) = (  2,  8, 14): pi_4 = 2.260238e-04, rho^4 S_HL = 2.072527e-04, ratio = 1.0906
    (h1,h2,h3) = (  6, 10, 12): pi_4 = 3.347435e-04, rho^4 S_HL = 3.108790e-04, ratio = 1.0768
    (h1,h2,h3) = (  6, 12, 30): pi_4 = 6.866652e-04, rho^4 S_HL = 6.217580e-04, ratio = 1.1044
    (h1,h2,h3) = (  2,  4,  6): pi_4 = 0.000000e+00, rho^4 S_HL = 0.000000e+00, ratio = -
    (h1,h2,h3) = (  2,  4,  8): pi_4 = 9.536816e-07, rho^4 S_HL = 0.000000e+00, ratio = -
