Cohn-Elkies / Delsarte LP on chi_P
N values: [10000, 100000, 1000000]
T_max = 500, M = 4096

=== N = 10,000 ===
  sieving primes up to 10000...
  pi(N) = 1,229, |P|/N = 1.228877e-01 = 1/8.138
  log N = 9.2103, expected 1/log N = 1.085736e-01
  computing R_P(t) for t in [0, 500] via FFT...
  R_P(0) = 1229 (= pi(N) - 1 padding artifact, use |P|)
  g_obs(2) = 1.668023e-01 (twin-prime ratio)
  g_obs(6) = 3.344182e-01, g_obs(30) = 4.361269e-01
  building vanilla CEL LP (T=500, M=4096)...
  [vanilla CEL r=2] LP solved in 1.39s, f_hat(0) = 2.000000e+00, density bound 1/f_hat(0) = 5.000000e-01
  building Delsarte LP (T=500, M=4096)...
  [Delsarte g_obs] LP solved in 18.46s, f_hat(0) = 6.793908e+00, density bound 1/f_hat(0) = 1.471907e-01
  building Delsarte LP with HL g_HL...
  [Delsarte g_HL] LP solved in 15.62s, f_hat(0) = 1.497700e+01, density bound 1/f_hat(0) = 6.676906e-02
  [Delsarte g_rand=rho] LP solved in 12.59s, f_hat(0) = 1.000000e+00, density bound 1/f_hat(0) = 1.000000e+00

  density rho = pi(N)/(N+1) = 1.228877e-01
  saturation S_N(vanilla CEL)   = rho * f_hat^* = 0.24577542245775422
  saturation S_N(Delsarte g_obs)= 0.8348878151804042
  saturation S_N(Delsarte g_HL) = 1.840488844522437
  saturation S_N(Bernoulli rho) = 0.12288771122890399
  bound 1/f_hat^* (vanilla)     = 0.5
  bound 1/f_hat^* (g_obs)       = 0.1471906871731303
  bound 1/f_hat^* (g_HL)        = 0.06676906061919845
  bound 1/f_hat^* (g_rand)      = 0.9999999999997813
  -> wrote /apps/aplikacijos/prime-research/experiments/analytic/cohn_elkies_chi_p/results_N10000.json
  -> wrote /apps/aplikacijos/prime-research/experiments/analytic/cohn_elkies_chi_p/f_vector_N10000_delsarte_g_obs.json

=== N = 100,000 ===
  sieving primes up to 100000...
  pi(N) = 9,592, |P|/N = 9.591904e-02 = 1/10.425
  log N = 11.5129, expected 1/log N = 8.685890e-02
  computing R_P(t) for t in [0, 500] via FFT...
  R_P(0) = 9592 (= pi(N) - 1 padding artifact, use |P|)
  g_obs(2) = 1.276063e-01 (twin-prime ratio)
  g_obs(6) = 2.551084e-01, g_obs(30) = 3.469558e-01
  building vanilla CEL LP (T=500, M=4096)...
  [vanilla CEL r=2] LP solved in 1.23s, f_hat(0) = 2.000000e+00, density bound 1/f_hat(0) = 5.000000e-01
  building Delsarte LP (T=500, M=4096)...
  [Delsarte g_obs] LP solved in 16.80s, f_hat(0) = 6.336864e+00, density bound 1/f_hat(0) = 1.578068e-01
  building Delsarte LP with HL g_HL...
  [Delsarte g_HL] LP solved in 18.53s, f_hat(0) = 1.497700e+01, density bound 1/f_hat(0) = 6.676906e-02
  [Delsarte g_rand=rho] LP solved in 13.86s, f_hat(0) = 1.000000e+00, density bound 1/f_hat(0) = 1.000000e+00

  density rho = pi(N)/(N+1) = 9.591904e-02
  saturation S_N(vanilla CEL)   = rho * f_hat^* = 0.1918380816191838
  saturation S_N(Delsarte g_obs)= 0.6078259011928072
  saturation S_N(Delsarte g_HL) = 1.4365791568738862
  saturation S_N(Bernoulli rho) = 0.09591904080958062
  bound 1/f_hat^* (vanilla)     = 0.5
  bound 1/f_hat^* (g_obs)       = 0.1578067677296391
  bound 1/f_hat^* (g_HL)        = 0.06676906061920013
  bound 1/f_hat^* (g_rand)      = 1.0000000000001177
  -> wrote /apps/aplikacijos/prime-research/experiments/analytic/cohn_elkies_chi_p/results_N100000.json
  -> wrote /apps/aplikacijos/prime-research/experiments/analytic/cohn_elkies_chi_p/f_vector_N100000_delsarte_g_obs.json

=== N = 1,000,000 ===
  sieving primes up to 1000000...
  pi(N) = 78,498, |P|/N = 7.849792e-02 = 1/12.739
  log N = 13.8155, expected 1/log N = 7.238241e-02
  computing R_P(t) for t in [0, 500] via FFT...
  R_P(0) = 78498 (= pi(N) - 1 padding artifact, use |P|)
  g_obs(2) = 1.040663e-01 (twin-prime ratio)
  g_obs(6) = 2.087442e-01, g_obs(30) = 2.801345e-01
  building vanilla CEL LP (T=500, M=4096)...
  [vanilla CEL r=2] LP solved in 1.24s, f_hat(0) = 2.000000e+00, density bound 1/f_hat(0) = 5.000000e-01
  building Delsarte LP (T=500, M=4096)...
  [Delsarte g_obs] LP solved in 19.35s, f_hat(0) = 6.346517e+00, density bound 1/f_hat(0) = 1.575667e-01
  building Delsarte LP with HL g_HL...
  [Delsarte g_HL] LP solved in 17.59s, f_hat(0) = 1.497700e+01, density bound 1/f_hat(0) = 6.676906e-02
  [Delsarte g_rand=rho] LP solved in 12.43s, f_hat(0) = 1.000000e+00, density bound 1/f_hat(0) = 1.000000e+00

  density rho = pi(N)/(N+1) = 7.849792e-02
  saturation S_N(vanilla CEL)   = rho * f_hat^* = 0.156995843004157
  saturation S_N(Delsarte g_obs)= 0.4981883994580824
  saturation S_N(Delsarte g_HL) = 1.175663110640039
  saturation S_N(Bernoulli rho) = 0.07849792150209017
  bound 1/f_hat^* (vanilla)     = 0.5
  bound 1/f_hat^* (g_obs)       = 0.15756673898361884
  bound 1/f_hat^* (g_HL)        = 0.06676906061919702
  bound 1/f_hat^* (g_rand)      = 0.9999999999998512
  -> wrote /apps/aplikacijos/prime-research/experiments/analytic/cohn_elkies_chi_p/results_N1000000.json
  -> wrote /apps/aplikacijos/prime-research/experiments/analytic/cohn_elkies_chi_p/f_vector_N1000000_delsarte_g_obs.json

=== SUMMARY ===
         N          rho    1/f_hat*_van    1/f_hat*_obs     1/f_hat*_HL   1/f_hat*_rand    S_van    S_obs     S_HL   S_rand
     10000 1.228877e-01    5.000000e-01    1.471907e-01    6.676906e-02    1.000000e+00   0.2458   0.8349   1.8405   0.1229
    100000 9.591904e-02    5.000000e-01    1.578068e-01    6.676906e-02    1.000000e+00   0.1918   0.6078   1.4366   0.0959
   1000000 7.849792e-02    5.000000e-01    1.575667e-01    6.676906e-02    1.000000e+00   0.1570   0.4982   1.1757   0.0785

Wrote /apps/aplikacijos/prime-research/experiments/analytic/cohn_elkies_chi_p/summary.json
