T_max sweep at N = 1000000, M = 4096
Sieving primes...
pi(N) = 78,498, rho = 7.849792e-02, 1/log N = 7.238241e-02
computing R_P(t) up to T_max = 1500...

--- T_max = 50 ---
  g_obs : f_hat^*(0) = 4.4800, bound = 2.2321e-01, S_N = 0.3517 (solve 0.3s)
  g_HL  : f_hat^*(0) = 5.6287, bound = 1.7766e-01, S_N = 0.4418 (solve 0.3s)

--- T_max = 100 ---
  g_obs : f_hat^*(0) = 5.1032, bound = 1.9595e-01, S_N = 0.4006 (solve 0.8s)
  g_HL  : f_hat^*(0) = 6.9158, bound = 1.4460e-01, S_N = 0.5429 (solve 0.7s)

--- T_max = 200 ---
  g_obs : f_hat^*(0) = 5.6357, bound = 1.7744e-01, S_N = 0.4424 (solve 3.0s)
  g_HL  : f_hat^*(0) = 9.0021, bound = 1.1108e-01, S_N = 0.7066 (solve 2.3s)

--- T_max = 400 ---
  g_obs : f_hat^*(0) = 6.1349, bound = 1.6300e-01, S_N = 0.4816 (solve 9.6s)
  g_HL  : f_hat^*(0) = 13.0920, bound = 7.6383e-02, S_N = 1.0277 (solve 7.9s)

--- T_max = 800 ---
  g_obs : f_hat^*(0) = 6.8344, bound = 1.4632e-01, S_N = 0.5365 (solve 52.4s)
  g_HL  : f_hat^*(0) = 18.1159, bound = 5.5200e-02, S_N = 1.4221 (solve 41.1s)

--- T_max = 1500 ---
  g_obs : f_hat^*(0) = 7.4030, bound = 1.3508e-01, S_N = 0.5811 (solve 201.5s)
  g_HL  : f_hat^*(0) = 23.2329, bound = 4.3042e-02, S_N = 1.8237 (solve 168.0s)


=== T-sweep summary ===
     T      f_obs    1/f_obs       f_HL     1/f_HL
    50     4.4800 2.2321e-01     5.6287 1.7766e-01
   100     5.1032 1.9595e-01     6.9158 1.4460e-01
   200     5.6357 1.7744e-01     9.0021 1.1108e-01
   400     6.1349 1.6300e-01    13.0920 7.6383e-02
   800     6.8344 1.4632e-01    18.1159 5.5200e-02
  1500     7.4030 1.3508e-01    23.2329 4.3042e-02

Wrote /apps/aplikacijos/prime-research/experiments/analytic/cohn_elkies_chi_p/T_sweep_results.json
