
=== d = 16, N = 2^16 = 65,536 ===
  sieving up to 65,536 ...
  pi(N) = 6542, pi(N)/N = 0.0998230
  G_p formula consistency check (closed form vs Ramanujan-Fourier f_p)...
  G_p consistency: 70 cells OK
  computing full HL triple singular series (truncated at p<=50000)...
  prime triple density baseline...
  F1: T_W^{div} primorial-W triple correlations...
    W = 2 (primes [2]): built in 0.0s
    W = 6 (primes [2, 3]): built in 0.0s
    W = 30 (primes [2, 3, 5]): built in 0.0s
    W = 210 (primes [2, 3, 5, 7]): built in 0.0s
    W = 2310 (primes [2, 3, 5, 7, 11]): built in 0.0s
  F2: T_Q general-Q triple correlations...
    Q = 2: building T_Q...
    Q = 6: building T_Q...
    Q = 8: building T_Q...
    Q = 30: building T_Q...
    Q = 210: building T_Q...
    Q = 256: building T_Q...
    Q = 2310: building T_Q...
  d = 16 done in 2.3s

=== d = 18, N = 2^18 = 262,144 ===
  sieving up to 262,144 ...
  pi(N) = 23000, pi(N)/N = 0.0877380
  G_p formula consistency check (closed form vs Ramanujan-Fourier f_p)...
  G_p consistency: 70 cells OK
  computing full HL triple singular series (truncated at p<=50000)...
  prime triple density baseline...
  F1: T_W^{div} primorial-W triple correlations...
    W = 2 (primes [2]): built in 0.0s
    W = 6 (primes [2, 3]): built in 0.0s
    W = 30 (primes [2, 3, 5]): built in 0.0s
    W = 210 (primes [2, 3, 5, 7]): built in 0.0s
    W = 2310 (primes [2, 3, 5, 7, 11]): built in 0.0s
  F2: T_Q general-Q triple correlations...
    Q = 2: building T_Q...
    Q = 6: building T_Q...
    Q = 10: building T_Q...
    Q = 30: building T_Q...
    Q = 210: building T_Q...
    Q = 512: building T_Q...
    Q = 2310: building T_Q...
  d = 18 done in 8.0s

=== d = 20, N = 2^20 = 1,048,576 ===
  sieving up to 1,048,576 ...
  pi(N) = 82025, pi(N)/N = 0.0782251
  G_p formula consistency check (closed form vs Ramanujan-Fourier f_p)...
  G_p consistency: 70 cells OK
  computing full HL triple singular series (truncated at p<=50000)...
  prime triple density baseline...
  F1: T_W^{div} primorial-W triple correlations...
    W = 2 (primes [2]): built in 0.0s
    W = 6 (primes [2, 3]): built in 0.0s
    W = 30 (primes [2, 3, 5]): built in 0.0s
    W = 210 (primes [2, 3, 5, 7]): built in 0.0s
    W = 2310 (primes [2, 3, 5, 7, 11]): built in 0.0s
  F2: T_Q general-Q triple correlations...
    Q = 2: building T_Q...
    Q = 6: building T_Q...
    Q = 13: building T_Q...
    Q = 30: building T_Q...
    Q = 210: building T_Q...
    Q = 1024: building T_Q...
    Q = 2310: building T_Q...
  d = 20 done in 36.0s

Wrote tq_triple_correlation_results.json


=== SUMMARY ===

# d = 16, N = 2^16, pi(N)/N = 0.099823

  G_p formula consistency: 70 cells, 0 mismatches.

  F1 (primorial W, T_W^{div}): R / [(pi/N)^3 prod_{p|W} G_p]:
     (h1,h2)        W=2        W=6       W=30      W=210     W=2310
  (  0,  0)    1.00000    0.99998    0.99998    0.99996    0.99994
  (  1,  0)          -          -          -          -          -
  (  2,  0)    1.00000    0.99997    0.99994    1.00000    1.00028
  (  6,  0)    1.00000    0.99998    1.00000    0.99985    0.99969
  (  2,  4)    1.00000          -          -          -          -
  (  4,  2)    1.00000          -          -          -          -
  (  6, 12)    1.00000    0.99998    1.00005    0.99994    0.99979
  (  2,  6)    1.00000    0.99994    0.99985    0.99985    0.99915
  (  2,  8)    1.00000    0.99997    0.99988    0.99988    1.00138
  (  4,  6)    1.00000    1.00003    1.00008    0.99985    0.99970
  (  6, 30)    1.00000    0.99998    1.00006    1.00021    1.00006
  ( 30, 60)    1.00000    0.99998    0.99998    0.99987    0.99983
  (  1,  3)          -          -          -          -          -
  (  1,  5)          -          -          -          -          -
  (  1,  2)          -          -          -          -          -

  F2 (general Q, T_Q): R / [(pi/N)^3 prod_{p sqf <= Q} G_p]:
     (h1,h2)        Q=2        Q=6        Q=8       Q=30      Q=210      Q=256     Q=2310
  (  0,  0)    1.00000    0.67999    0.51844    0.42892    0.25601    0.23908    0.12301
  (  1,  0)          -          -          -          -          -          -          -
  (  2,  0)    1.00000    0.88586    0.80346    0.75570    0.58854    0.56990    0.38142
  (  6,  0)    1.00000    0.86962    0.77788    0.70136    0.55718    0.54034    0.36622
  (  2,  4)    1.00000          -          -          -          -          -          -
  (  4,  2)    1.00000          -          -          -          -          -          -
  (  6, 12)    1.00000    1.24889    1.36179    1.06660    0.99511    0.99674    1.02549
  (  2,  6)    1.00000    1.21770    1.31292    0.98910    0.98191    0.98921    0.97440
  (  2,  8)    1.00000    1.21772    1.31295    0.99046    0.99113    0.99240    0.99373
  (  4,  6)    1.00000    1.21784    1.31303    0.99076    1.00700    1.01265    1.00832
  (  6, 30)    1.00000    0.86964    0.94871    1.07329    0.97948    0.98058    0.98400
  ( 30, 60)    1.00000    0.67999    0.74210    1.05830    0.95147    0.94931    0.92960
  (  1,  3)          -          -          -          -          -          -          -
  (  1,  5)          -          -          -          -          -          -          -
  (  1,  2)          -          -          -          -          -          -          -

  F3 (HL recovery, Q = 2310 ~ N^0.5): R / [(pi/N)^3 S_HL(0,h1,h2)]:
    (h1,h2) = (  1,  0): R = 4.478251e-04, pred_HL = 0.000000e+00, ratio = -
    (h1,h2) = (  2,  0): R = 1.216132e-02, pred_HL = 2.531841e-02, ratio = 0.48033
    (h1,h2) = (  6,  0): R = 2.335308e-02, pred_HL = 5.063682e-02, ratio = 0.46119
    (h1,h2) = (  2,  4): R = 5.869472e-05, pred_HL = 0.000000e+00, ratio = -
    (h1,h2) = (  4,  2): R = 5.869472e-05, pred_HL = 0.000000e+00, ratio = -
    (h1,h2) = (  6, 12): R = 5.765848e-03, pred_HL = 5.686225e-03, ratio = 1.01400
    (h1,h2) = (  2,  6): R = 2.739279e-03, pred_HL = 2.843112e-03, ratio = 0.96348
    (h1,h2) = (  2,  8): R = 2.793631e-03, pred_HL = 2.843112e-03, ratio = 0.98260
    (h1,h2) = (  4,  6): R = 2.834654e-03, pred_HL = 2.843112e-03, ratio = 0.99702
    (h1,h2) = (  6, 30): R = 8.606205e-03, pred_HL = 8.529337e-03, ratio = 1.00901
    (h1,h2) = ( 30, 60): R = 1.122773e-02, pred_HL = 1.137245e-02, ratio = 0.98727
    (h1,h2) = (  1,  3): R = -2.250868e-05, pred_HL = 0.000000e+00, ratio = -
    (h1,h2) = (  1,  5): R = -3.670689e-06, pred_HL = 0.000000e+00, ratio = -
    (h1,h2) = (  1,  2): R = 4.378047e-05, pred_HL = 0.000000e+00, ratio = -

  F6 (prime triple density baseline):
    (h1,h2) = (  0,  0): pi_3 = 9.982300e-02, rho^3 S_HL = (degenerate), ratio = -
    (h1,h2) = (  1,  0): pi_3 = 1.525902e-05, rho^3 S_HL = 0.000000e+00, ratio = -
    (h1,h2) = (  2,  0): pi_3 = 1.312296e-02, rho^3 S_HL = 2.531841e-02, ratio = 0.5183
    (h1,h2) = (  6,  0): pi_3 = 2.662902e-02, rho^3 S_HL = 5.063682e-02, ratio = 0.5259
    (h1,h2) = (  2,  4): pi_3 = 1.525972e-05, rho^3 S_HL = 0.000000e+00, ratio = -
    (h1,h2) = (  4,  2): pi_3 = 1.525972e-05, rho^3 S_HL = 0.000000e+00, ratio = -
    (h1,h2) = (  6, 12): pi_3 = 5.997802e-03, rho^3 S_HL = 5.686225e-03, ratio = 1.0548
    (h1,h2) = (  2,  6): pi_3 = 2.792614e-03, rho^3 S_HL = 2.843112e-03, ratio = 0.9822
    (h1,h2) = (  2,  8): pi_3 = 2.884263e-03, rho^3 S_HL = 2.843112e-03, ratio = 1.0145
    (h1,h2) = (  4,  6): pi_3 = 2.823134e-03, rho^3 S_HL = 2.843112e-03, ratio = 0.9930
    (h1,h2) = (  6, 30): pi_3 = 9.128935e-03, rho^3 S_HL = 8.529337e-03, ratio = 1.0703
    (h1,h2) = ( 30, 60): pi_3 = 1.227931e-02, rho^3 S_HL = 1.137245e-02, ratio = 1.0797
    (h1,h2) = (  1,  3): pi_3 = 1.525949e-05, rho^3 S_HL = 0.000000e+00, ratio = -
    (h1,h2) = (  1,  5): pi_3 = 1.525995e-05, rho^3 S_HL = 0.000000e+00, ratio = -
    (h1,h2) = (  1,  2): pi_3 = 0.000000e+00, rho^3 S_HL = 0.000000e+00, ratio = -

# d = 18, N = 2^18, pi(N)/N = 0.087738

  G_p formula consistency: 70 cells, 0 mismatches.

  F1 (primorial W, T_W^{div}): R / [(pi/N)^3 prod_{p|W} G_p]:
     (h1,h2)        W=2        W=6       W=30      W=210     W=2310
  (  0,  0)    1.00000    1.00000    1.00000    1.00001    1.00001
  (  1,  0)          -          -          -          -          -
  (  2,  0)    1.00000    0.99999    0.99999    1.00003    1.00000
  (  6,  0)    1.00000    1.00000    1.00001    1.00002    1.00005
  (  2,  4)    1.00000          -          -          -          -
  (  4,  2)    1.00000          -          -          -          -
  (  6, 12)    1.00000    1.00000    1.00003    1.00005    1.00006
  (  2,  6)    1.00000    0.99998    1.00001    1.00008    0.99990
  (  2,  8)    1.00000    0.99999    0.99996    0.99999    1.00046
  (  4,  6)    1.00000    1.00001    1.00001    0.99998    1.00004
  (  6, 30)    1.00000    1.00000    1.00000    1.00004    1.00009
  ( 30, 60)    1.00000    1.00000    1.00000    1.00001    1.00001
  (  1,  3)          -          -          -          -          -
  (  1,  5)          -          -          -          -          -
  (  1,  2)          -          -          -          -          -

  F2 (general Q, T_Q): R / [(pi/N)^3 prod_{p sqf <= Q} G_p]:
     (h1,h2)        Q=2        Q=6       Q=10       Q=30      Q=210      Q=512     Q=2310
  (  0,  0)    1.00000    0.68000    0.60662    0.42898    0.25818    0.18701    0.11237
  (  1,  0)          -          -          -          -          -          -          -
  (  2,  0)    1.00000    0.88592    0.88971    0.75588    0.59263    0.50746    0.38384
  (  6,  0)    1.00000    0.86963    0.82102    0.70156    0.55574    0.47990    0.36640
  (  2,  4)    1.00000          -          -          -          -          -          -
  (  4,  2)    1.00000          -          -          -          -          -          -
  (  6, 12)    1.00000    1.24889    1.25896    1.06638    0.99121    1.00188    1.01437
  (  2,  6)    1.00000    1.21776    1.10731    0.98999    0.99624    1.02005    1.02584
  (  2,  8)    1.00000    1.21776    1.10727    0.99038    0.99814    1.00530    1.01316
  (  4,  6)    1.00000    1.21779    1.10730    0.99055    0.99834    1.01403    1.03934
  (  6, 30)    1.00000    0.86963    1.00257    1.07332    0.97917    0.97534    0.97920
  ( 30, 60)    1.00000    0.68000    0.87438    1.05814    0.95090    0.94029    0.94079
  (  1,  3)          -          -          -          -          -          -          -
  (  1,  5)          -          -          -          -          -          -          -
  (  1,  2)          -          -          -          -          -          -          -

  F3 (HL recovery, Q = 2310 ~ N^0.5): R / [(pi/N)^3 S_HL(0,h1,h2)]:
    (h1,h2) = (  1,  0): R = 2.812093e-04, pred_HL = 0.000000e+00, ratio = -
    (h1,h2) = (  2,  0): R = 8.309989e-03, pred_HL = 1.719128e-02, ratio = 0.48338
    (h1,h2) = (  6,  0): R = 1.586493e-02, pred_HL = 3.438257e-02, ratio = 0.46142
    (h1,h2) = (  2,  4): R = 2.997774e-05, pred_HL = 0.000000e+00, ratio = -
    (h1,h2) = (  4,  2): R = 2.997774e-05, pred_HL = 0.000000e+00, ratio = -
    (h1,h2) = (  6, 12): R = 3.872551e-03, pred_HL = 3.860966e-03, ratio = 1.00300
    (h1,h2) = (  2,  6): R = 1.958168e-03, pred_HL = 1.930483e-03, ratio = 1.01434
    (h1,h2) = (  2,  8): R = 1.933975e-03, pred_HL = 1.930483e-03, ratio = 1.00181
    (h1,h2) = (  4,  6): R = 1.983944e-03, pred_HL = 1.930483e-03, ratio = 1.02769
    (h1,h2) = (  6, 30): R = 5.815123e-03, pred_HL = 5.791449e-03, ratio = 1.00409
    (h1,h2) = ( 30, 60): R = 7.715403e-03, pred_HL = 7.721932e-03, ratio = 0.99915
    (h1,h2) = (  1,  3): R = -1.120130e-06, pred_HL = 0.000000e+00, ratio = -
    (h1,h2) = (  1,  5): R = -7.543047e-06, pred_HL = 0.000000e+00, ratio = -
    (h1,h2) = (  1,  2): R = -4.483570e-06, pred_HL = 0.000000e+00, ratio = -

  F6 (prime triple density baseline):
    (h1,h2) = (  0,  0): pi_3 = 8.773804e-02, rho^3 S_HL = (degenerate), ratio = -
    (h1,h2) = (  1,  0): pi_3 = 3.814712e-06, rho^3 S_HL = 0.000000e+00, ratio = -
    (h1,h2) = (  2,  0): pi_3 = 1.021965e-02, rho^3 S_HL = 1.719128e-02, ratio = 0.5945
    (h1,h2) = (  6,  0): pi_3 = 2.042817e-02, rho^3 S_HL = 3.438257e-02, ratio = 0.5941
    (h1,h2) = (  2,  4): pi_3 = 3.814755e-06, rho^3 S_HL = 0.000000e+00, ratio = -
    (h1,h2) = (  4,  2): pi_3 = 3.814755e-06, rho^3 S_HL = 0.000000e+00, ratio = -
    (h1,h2) = (  6, 12): pi_3 = 4.017060e-03, rho^3 S_HL = 3.860966e-03, ratio = 1.0404
    (h1,h2) = (  2,  6): pi_3 = 1.964614e-03, rho^3 S_HL = 1.930483e-03, ratio = 1.0177
    (h1,h2) = (  2,  8): pi_3 = 1.945555e-03, rho^3 S_HL = 1.930483e-03, ratio = 1.0078
    (h1,h2) = (  4,  6): pi_3 = 2.014206e-03, rho^3 S_HL = 1.930483e-03, ratio = 1.0434
    (h1,h2) = (  6, 30): pi_3 = 6.146181e-03, rho^3 S_HL = 5.791449e-03, ratio = 1.0613
    (h1,h2) = ( 30, 60): pi_3 = 8.150059e-03, rho^3 S_HL = 7.721932e-03, ratio = 1.0554
    (h1,h2) = (  1,  3): pi_3 = 3.814741e-06, rho^3 S_HL = 0.000000e+00, ratio = -
    (h1,h2) = (  1,  5): pi_3 = 3.814770e-06, rho^3 S_HL = 0.000000e+00, ratio = -
    (h1,h2) = (  1,  2): pi_3 = 0.000000e+00, rho^3 S_HL = 0.000000e+00, ratio = -

# d = 20, N = 2^20, pi(N)/N = 0.078225

  G_p formula consistency: 70 cells, 0 mismatches.

  F1 (primorial W, T_W^{div}): R / [(pi/N)^3 prod_{p|W} G_p]:
     (h1,h2)        W=2        W=6       W=30      W=210     W=2310
  (  0,  0)    1.00000    1.00000    1.00000    1.00000    1.00000
  (  1,  0)          -          -          -          -          -
  (  2,  0)    1.00000    1.00000    1.00000    1.00001    1.00000
  (  6,  0)    1.00000    1.00000    1.00000    1.00000    1.00000
  (  2,  4)    1.00000          -          -          -          -
  (  4,  2)    1.00000          -          -          -          -
  (  6, 12)    1.00000    1.00000    1.00000    1.00001    1.00000
  (  2,  6)    1.00000    1.00000    0.99999    1.00001    0.99996
  (  2,  8)    1.00000    1.00000    0.99999    1.00001    1.00003
  (  4,  6)    1.00000    1.00000    1.00000    1.00001    1.00002
  (  6, 30)    1.00000    1.00000    1.00000    1.00000    1.00001
  ( 30, 60)    1.00000    1.00000    1.00000    1.00000    0.99999
  (  1,  3)          -          -          -          -          -
  (  1,  5)          -          -          -          -          -
  (  1,  2)          -          -          -          -          -

  F2 (general Q, T_Q): R / [(pi/N)^3 prod_{p sqf <= Q} G_p]:
     (h1,h2)        Q=2        Q=6       Q=13       Q=30      Q=210     Q=1024     Q=2310
  (  0,  0)    1.00000    0.68000    0.44129    0.42897    0.25826    0.14606    0.10722
  (  1,  0)          -          -          -          -          -          -          -
  (  2,  0)    1.00000    0.88592    0.78294    0.75586    0.59264    0.44765    0.38324
  (  6,  0)    1.00000    0.86963    0.71255    0.70155    0.55566    0.42638    0.36690
  (  2,  4)    1.00000          -          -          -          -          -          -
  (  4,  2)    1.00000          -          -          -          -          -          -
  (  6, 12)    1.00000    1.24889    1.32088    1.06635    0.99317    1.00881    1.01497
  (  2,  6)    1.00000    1.21777    1.15173    0.99032    0.99537    1.01371    1.01450
  (  2,  8)    1.00000    1.21777    1.15175    0.99041    0.99491    1.00496    1.00512
  (  4,  6)    1.00000    1.21778    1.15177    0.99048    0.99655    1.01326    1.02074
  (  6, 30)    1.00000    0.86963    1.05305    1.07337    0.97743    0.97212    0.97357
  ( 30, 60)    1.00000    0.68000    0.91912    1.05811    0.95061    0.94048    0.94198
  (  1,  3)          -          -          -          -          -          -          -
  (  1,  5)          -          -          -          -          -          -          -
  (  1,  2)          -          -          -          -          -          -          -

  F3 (HL recovery, Q = 2310 ~ N^0.5): R / [(pi/N)^3 S_HL(0,h1,h2)]:
    (h1,h2) = (  1,  0): R = 1.950410e-04, pred_HL = 0.000000e+00, ratio = -
    (h1,h2) = (  2,  0): R = 5.880284e-03, pred_HL = 1.218382e-02, ratio = 0.48263
    (h1,h2) = (  6,  0): R = 1.125905e-02, pred_HL = 2.436764e-02, ratio = 0.46205
    (h1,h2) = (  2,  4): R = 1.061175e-05, pred_HL = 0.000000e+00, ratio = -
    (h1,h2) = (  4,  2): R = 1.061175e-05, pred_HL = 0.000000e+00, ratio = -
    (h1,h2) = (  6, 12): R = 2.746196e-03, pred_HL = 2.736347e-03, ratio = 1.00360
    (h1,h2) = (  2,  6): R = 1.372463e-03, pred_HL = 1.368174e-03, ratio = 1.00314
    (h1,h2) = (  2,  8): R = 1.359774e-03, pred_HL = 1.368174e-03, ratio = 0.99386
    (h1,h2) = (  4,  6): R = 1.380905e-03, pred_HL = 1.368174e-03, ratio = 1.00931
    (h1,h2) = (  6, 30): R = 4.097591e-03, pred_HL = 4.104521e-03, ratio = 0.99831
    (h1,h2) = ( 30, 60): R = 5.475000e-03, pred_HL = 5.472694e-03, ratio = 1.00042
    (h1,h2) = (  1,  3): R = 2.859350e-07, pred_HL = 0.000000e+00, ratio = -
    (h1,h2) = (  1,  5): R = -5.839397e-06, pred_HL = 0.000000e+00, ratio = -
    (h1,h2) = (  1,  2): R = -2.082728e-06, pred_HL = 0.000000e+00, ratio = -

  F6 (prime triple density baseline):
    (h1,h2) = (  0,  0): pi_3 = 7.822514e-02, rho^3 S_HL = (degenerate), ratio = -
    (h1,h2) = (  1,  0): pi_3 = 9.536752e-07, rho^3 S_HL = 0.000000e+00, ratio = -
    (h1,h2) = (  2,  0): pi_3 = 8.139626e-03, rho^3 S_HL = 1.218382e-02, ratio = 0.6681
    (h1,h2) = (  6,  0): pi_3 = 1.627359e-02, rho^3 S_HL = 2.436764e-02, ratio = 0.6678
    (h1,h2) = (  2,  4): pi_3 = 9.536780e-07, rho^3 S_HL = 0.000000e+00, ratio = -
    (h1,h2) = (  4,  2): pi_3 = 9.536780e-07, rho^3 S_HL = 0.000000e+00, ratio = -
    (h1,h2) = (  6, 12): pi_3 = 2.869639e-03, rho^3 S_HL = 2.736347e-03, ratio = 1.0487
    (h1,h2) = (  2,  6): pi_3 = 1.389511e-03, rho^3 S_HL = 1.368174e-03, ratio = 1.0156
    (h1,h2) = (  2,  8): pi_3 = 1.410495e-03, rho^3 S_HL = 1.368174e-03, ratio = 1.0309
    (h1,h2) = (  4,  6): pi_3 = 1.431473e-03, rho^3 S_HL = 1.368174e-03, ratio = 1.0463
    (h1,h2) = (  6, 30): pi_3 = 4.267815e-03, rho^3 S_HL = 4.104521e-03, ratio = 1.0398
    (h1,h2) = ( 30, 60): pi_3 = 5.693761e-03, rho^3 S_HL = 5.472694e-03, ratio = 1.0404
    (h1,h2) = (  1,  3): pi_3 = 9.536770e-07, rho^3 S_HL = 0.000000e+00, ratio = -
    (h1,h2) = (  1,  5): pi_3 = 9.536789e-07, rho^3 S_HL = 0.000000e+00, ratio = -
    (h1,h2) = (  1,  2): pi_3 = 0.000000e+00, rho^3 S_HL = 0.000000e+00, ratio = -
