Sieving primes up to 200,000,000...
  Sieved 11,078,937 primes in 1.6s. Last prime = 199,999,991
  Computing Li^{-1}(n)...
  Li^{-1} done in 49.7s

Measuring base-3, J = 0..18  (predicted J* = 8, baseline 1/3 = 0.3333)
  m=  3 J= 0  ag_li=0.3334  baseline=1/3=0.3333  rel=1.000  H_p=1.000/1.585b  ####################
  m=  3 J= 1  ag_li=0.3332  baseline=1/3=0.3333  rel=1.000  H_p=1.585/1.585b  ###################
  m=  3 J= 2  ag_li=0.3333  baseline=1/3=0.3333  rel=1.000  H_p=1.585/1.585b  ###################
  m=  3 J= 3  ag_li=0.3332  baseline=1/3=0.3333  rel=1.000  H_p=1.585/1.585b  ###################
  m=  3 J= 4  ag_li=0.3330  baseline=1/3=0.3333  rel=0.999  H_p=1.585/1.585b  ###################
  m=  3 J= 5  ag_li=0.3311  baseline=1/3=0.3333  rel=0.993  H_p=1.585/1.585b  ###################
  m=  3 J= 6  ag_li=0.3226  baseline=1/3=0.3333  rel=0.968  H_p=1.585/1.585b  ###################
  m=  3 J= 7  ag_li=0.3325  baseline=1/3=0.3333  rel=0.997  H_p=1.585/1.585b  ###################
  m=  3 J= 8  ag_li=0.1810  baseline=1/3=0.3333  rel=0.543  H_p=1.585/1.585b  ########## <-- predicted J*
  m=  3 J= 9  ag_li=0.4526  baseline=1/3=0.3333  rel=1.358  H_p=1.585/1.585b  ###########################
  m=  3 J=10  ag_li=0.8174  baseline=1/3=0.3333  rel=2.452  H_p=1.585/1.585b  #################################################
  m=  3 J=11  ag_li=0.9393  baseline=1/3=0.3333  rel=2.818  H_p=1.585/1.585b  ########################################################
  m=  3 J=12  ag_li=0.9798  baseline=1/3=0.3333  rel=2.939  H_p=1.585/1.585b  ##########################################################
  m=  3 J=13  ag_li=0.9933  baseline=1/3=0.3333  rel=2.980  H_p=1.585/1.585b  ###########################################################
  m=  3 J=14  ag_li=0.9978  baseline=1/3=0.3333  rel=2.993  H_p=1.585/1.585b  ###########################################################
  m=  3 J=15  ag_li=0.9993  baseline=1/3=0.3333  rel=2.998  H_p=1.577/1.585b  ###########################################################
  m=  3 J=16  ag_li=0.9998  baseline=1/3=0.3333  rel=2.999  H_p=1.524/1.585b  ###########################################################
  m=  3 J=17  ag_li=0.9999  baseline=1/3=0.3333  rel=3.000  H_p=0.923/1.585b  ###########################################################
  m=  3 J=18  ag_li=1.0000  baseline=1/3=0.3333  rel=3.000  H_p=-0.000/1.585b  ############################################################

Measuring base-5, J = 0..12  (predicted J* = 5, baseline 1/5 = 0.2000)
  m=  5 J= 0  ag_li=0.2000  baseline=1/5=0.2000  rel=1.000  H_p=2.000/2.322b  ############
  m=  5 J= 1  ag_li=0.2000  baseline=1/5=0.2000  rel=1.000  H_p=2.322/2.322b  ############
  m=  5 J= 2  ag_li=0.2002  baseline=1/5=0.2000  rel=1.001  H_p=2.322/2.322b  ############
  m=  5 J= 3  ag_li=0.2007  baseline=1/5=0.2000  rel=1.004  H_p=2.322/2.322b  ############
  m=  5 J= 4  ag_li=0.2124  baseline=1/5=0.2000  rel=1.062  H_p=2.322/2.322b  ############
  m=  5 J= 5  ag_li=0.1759  baseline=1/5=0.2000  rel=0.880  H_p=2.322/2.322b  ########## <-- predicted J*
  m=  5 J= 6  ag_li=0.3262  baseline=1/5=0.2000  rel=1.631  H_p=2.322/2.322b  ###################
  m=  5 J= 7  ag_li=0.8621  baseline=1/5=0.2000  rel=4.311  H_p=2.322/2.322b  ###################################################
  m=  5 J= 8  ag_li=0.9725  baseline=1/5=0.2000  rel=4.863  H_p=2.322/2.322b  ##########################################################
  m=  5 J= 9  ag_li=0.9945  baseline=1/5=0.2000  rel=4.972  H_p=2.321/2.322b  ###########################################################
  m=  5 J=10  ag_li=0.9989  baseline=1/5=0.2000  rel=4.995  H_p=2.319/2.322b  ###########################################################
  m=  5 J=11  ag_li=0.9998  baseline=1/5=0.2000  rel=4.999  H_p=2.107/2.322b  ###########################################################
  m=  5 J=12  ag_li=1.0000  baseline=1/5=0.2000  rel=5.000  H_p=-0.000/2.322b  ############################################################

Measuring base-6, J = 0..11  (predicted J* = 5, baseline 1/6 = 0.1667)
  m=  6 J= 0  ag_li=0.1666  baseline=1/6=0.1667  rel=1.000  H_p=1.000/2.585b  #########
  m=  6 J= 1  ag_li=0.1666  baseline=1/6=0.1667  rel=1.000  H_p=2.585/2.585b  #########
  m=  6 J= 2  ag_li=0.1669  baseline=1/6=0.1667  rel=1.001  H_p=2.585/2.585b  ##########
  m=  6 J= 3  ag_li=0.1696  baseline=1/6=0.1667  rel=1.018  H_p=2.585/2.585b  ##########
  m=  6 J= 4  ag_li=0.1469  baseline=1/6=0.1667  rel=0.881  H_p=2.585/2.585b  ########
  m=  6 J= 5  ag_li=0.0868  baseline=1/6=0.1667  rel=0.521  H_p=2.585/2.585b  ##### <-- predicted J*
  m=  6 J= 6  ag_li=0.7690  baseline=1/6=0.1667  rel=4.614  H_p=2.585/2.585b  ##############################################
  m=  6 J= 7  ag_li=0.9615  baseline=1/6=0.1667  rel=5.769  H_p=2.585/2.585b  #########################################################
  m=  6 J= 8  ag_li=0.9935  baseline=1/6=0.1667  rel=5.961  H_p=2.585/2.585b  ###########################################################
  m=  6 J= 9  ag_li=0.9989  baseline=1/6=0.1667  rel=5.994  H_p=2.570/2.585b  ###########################################################
  m=  6 J=10  ag_li=0.9998  baseline=1/6=0.1667  rel=5.999  H_p=1.874/2.585b  ###########################################################
  m=  6 J=11  ag_li=1.0000  baseline=1/6=0.1667  rel=6.000  H_p=-0.000/2.585b  ############################################################

Measuring base-30, J = 0..6  (predicted J* = 2, baseline 1/30 = 0.0333)
  m= 30 J= 0  ag_li=0.0333  baseline=1/30=0.0333  rel=0.998  H_p=3.000/4.907b  #
  m= 30 J= 1  ag_li=0.0334  baseline=1/30=0.0333  rel=1.003  H_p=4.907/4.907b  ##
  m= 30 J= 2  ag_li=0.0012  baseline=1/30=0.0333  rel=0.035  H_p=4.907/4.907b   <-- predicted J*
  m= 30 J= 3  ag_li=0.6008  baseline=1/30=0.0333  rel=18.025  H_p=4.907/4.907b  ####################################
  m= 30 J= 4  ag_li=0.9867  baseline=1/30=0.0333  rel=29.601  H_p=4.904/4.907b  ###########################################################
  m= 30 J= 5  ag_li=0.9995  baseline=1/30=0.0333  rel=29.986  H_p=3.095/4.907b  ###########################################################
  m= 30 J= 6  ag_li=1.0000  baseline=1/30=0.0333  rel=30.000  H_p=-0.000/4.907b  ############################################################

Measuring base-210, J = 0..4  (predicted J* = 1, baseline 1/210 = 0.0048)
  m=210 J= 0  ag_li=0.0048  baseline=1/210=0.0048  rel=1.002  H_p=5.585/7.714b  
  m=210 J= 1  ag_li=0.0000  baseline=1/210=0.0048  rel=0.010  H_p=7.714/7.714b   <-- predicted J*
  m=210 J= 2  ag_li=0.7555  baseline=1/210=0.0048  rel=158.662  H_p=7.714/7.714b  #############################################
  m=210 J= 3  ag_li=0.9988  baseline=1/210=0.0048  rel=209.757  H_p=4.450/7.714b  ###########################################################
  m=210 J= 4  ag_li=1.0000  baseline=1/210=0.0048  rel=210.000  H_p=-0.000/7.714b  ############################################################

Wrote bit_J_pn_cross_modulus_results.json

=== HEADLINE: per-base dip summary ===
    m    log_m(p)   J*_pred    J*_obs    ag(J*)       1/m       rel
    3      17.398         8         8    0.1810    0.3333     0.543
    5      11.876         5         5    0.1759    0.2000     0.880
    6      10.668         5         5    0.0868    0.1667     0.521
   30       5.620         2         2    0.0012    0.0333     0.035
  210       3.575         1         1    0.0000    0.0048     0.010
