======================================================================
FHK |zeta| max statistics — post-hoc analysis
======================================================================
K = 100 windows per T, M = 200 samples per window


--- T = 10000.0 (K = 100) ---
  M_T mean = -0.6992  95% CI [-0.8339, -0.5644]
  M_T var  = 0.4520  95% CI [0.3515, 0.5557]
  FHK-Gumbel(1/2) predicted variance = 0.4112
  Free Gumbel MLE: loc=-1.0018, scale=0.5242
  Log-likelihood (per-window means):
    free Gumbel(loc, scale)     = -1.1260
    FHK Gumbel(loc, 1/2)        = -1.1654
    free Gaussian(mean, std)    = -1.0169
  ΔLL (free Gumbel − free Gaussian) = -10.912  (GAUSS preferred)
  Vuong z (Gumbel vs Gauss): -1.786  (inconclusive)
  KS to free Gumbel  = 0.0890
  KS to FHK Gumbel(1/2) = 0.0882
  KS to free Gaussian = 0.0606

--- T = 100000.0 (K = 100) ---
  M_T mean = -0.6317  95% CI [-0.7888, -0.4636]
  M_T var  = 0.6918  95% CI [0.5404, 0.8381]
  FHK-Gumbel(1/2) predicted variance = 0.4112
  Free Gumbel MLE: loc=-1.0060, scale=0.6485
  Log-likelihood (per-window means):
    free Gumbel(loc, scale)     = -1.2695
    FHK Gumbel(loc, 1/2)        = -1.5592
    free Gaussian(mean, std)    = -1.2297
  ΔLL (free Gumbel − free Gaussian) = -3.978  (GAUSS preferred)
  Vuong z (Gumbel vs Gauss): -1.434  (inconclusive)
  KS to free Gumbel  = 0.0930
  KS to FHK Gumbel(1/2) = 0.1689
  KS to free Gaussian = 0.0620

--- T = 1000000.0 (K = 100) ---
  M_T mean = -0.6411  95% CI [-0.8024, -0.4732]
  M_T var  = 0.6769  95% CI [0.5048, 0.8492]
  FHK-Gumbel(1/2) predicted variance = 0.4112
  Free Gumbel MLE: loc=-1.0114, scale=0.6415
  Log-likelihood (per-window means):
    free Gumbel(loc, scale)     = -1.3199
    FHK Gumbel(loc, 1/2)        = -1.7302
    free Gaussian(mean, std)    = -1.2188
  ΔLL (free Gumbel − free Gaussian) = -10.106  (GAUSS preferred)
  Vuong z (Gumbel vs Gauss): -1.584  (inconclusive)
  KS to free Gumbel  = 0.1207
  KS to FHK Gumbel(1/2) = 0.1277
  KS to free Gaussian = 0.0500

--- Three-T regression: <max> = a + b * log log T + c * log log log T ---
  Fitted: a = +0.2232, b = -3.1038, c = +9.5168
  FHK predicts:  b = +1.000, c = -0.750  (intercept = location of M_∞)
  Selberg-CLT:   b = +1.000, c =  0.000

  Per-T residuals from FHK (b=1, c=-3/4) form (free intercept):
    T=   10000.0: FHK residual = -0.0419,  Selberg residual = +0.0240  (sem ~ 0.0672)
    T=  100000.0: FHK residual = +0.0256,  Selberg residual = +0.0197  (sem ~ 0.0832)
    T= 1000000.0: FHK residual = +0.0162,  Selberg residual = -0.0437  (sem ~ 0.0823)
  RMS residual: FHK form = 0.0298, Selberg form = 0.0309
  M_T common intercept (under FHK form): -0.6573

--- Pooled M_T across all T anchors ---
  N pooled = 300
  pooled mean = -0.6573  std = 0.7770
  pooled var  = 0.6037  vs FHK Gumbel(1/2) = 0.4112
  pooled skewness = 0.1435  vs Gumbel = +1.139
  pooled excess kurtosis = -0.3970  vs Gumbel = +2.4
