============================================================
FHK |zeta(1/2 + it)| max-statistics — C7 attack vector
Cross-domain: Gaussian multiplicative chaos (Saksman-Webb 2018)
============================================================
Parameters: K = 100 windows per T, M = 200 samples per window
T_base values: [10000.0, 100000.0, 1000000.0]

--- Running T_base = 1e+04 ---
  T_base=1e+04: window 1/100, elapsed 6s, ETA 598s, max=-0.624
  T_base=1e+04: window 5/100, elapsed 29s, ETA 546s, max=-0.363
  T_base=1e+04: window 10/100, elapsed 56s, ETA 505s, max=0.995
  T_base=1e+04: window 15/100, elapsed 83s, ETA 468s, max=0.303
  T_base=1e+04: window 20/100, elapsed 110s, ETA 439s, max=1.652
  T_base=1e+04: window 25/100, elapsed 137s, ETA 412s, max=0.212
  T_base=1e+04: window 30/100, elapsed 165s, ETA 384s, max=1.463
  T_base=1e+04: window 35/100, elapsed 192s, ETA 357s, max=0.641
  T_base=1e+04: window 40/100, elapsed 219s, ETA 329s, max=0.477
  T_base=1e+04: window 45/100, elapsed 246s, ETA 301s, max=-0.275
  T_base=1e+04: window 50/100, elapsed 273s, ETA 273s, max=0.698
  T_base=1e+04: window 55/100, elapsed 300s, ETA 245s, max=2.016
  T_base=1e+04: window 60/100, elapsed 327s, ETA 218s, max=0.896
  T_base=1e+04: window 65/100, elapsed 355s, ETA 191s, max=0.431
  T_base=1e+04: window 70/100, elapsed 383s, ETA 164s, max=0.466
  T_base=1e+04: window 75/100, elapsed 411s, ETA 137s, max=1.945
  T_base=1e+04: window 80/100, elapsed 440s, ETA 110s, max=1.239
  T_base=1e+04: window 85/100, elapsed 467s, ETA 82s, max=0.932
  T_base=1e+04: window 90/100, elapsed 493s, ETA 55s, max=0.033
  T_base=1e+04: window 95/100, elapsed 520s, ETA 27s, max=1.997
  T_base=1e+04: window 100/100, elapsed 549s, ETA 0s, max=-0.298
  Done in 549s (5.5s per window)
--- Running T_base = 1e+05 ---
  T_base=1e+05: window 1/100, elapsed 4s, ETA 354s, max=2.048
  T_base=1e+05: window 5/100, elapsed 19s, ETA 365s, max=1.591
  T_base=1e+05: window 10/100, elapsed 38s, ETA 339s, max=1.279
  T_base=1e+05: window 15/100, elapsed 55s, ETA 311s, max=0.457
  T_base=1e+05: window 20/100, elapsed 74s, ETA 296s, max=1.015
  T_base=1e+05: window 25/100, elapsed 92s, ETA 276s, max=0.435
  T_base=1e+05: window 30/100, elapsed 110s, ETA 256s, max=0.902
  T_base=1e+05: window 35/100, elapsed 127s, ETA 236s, max=0.194
  T_base=1e+05: window 40/100, elapsed 145s, ETA 217s, max=2.125
  T_base=1e+05: window 45/100, elapsed 163s, ETA 199s, max=1.357
  T_base=1e+05: window 50/100, elapsed 180s, ETA 180s, max=1.923
  T_base=1e+05: window 55/100, elapsed 197s, ETA 161s, max=-0.127
  T_base=1e+05: window 60/100, elapsed 216s, ETA 144s, max=1.804
  T_base=1e+05: window 65/100, elapsed 234s, ETA 126s, max=1.135
  T_base=1e+05: window 70/100, elapsed 252s, ETA 108s, max=1.771
  T_base=1e+05: window 75/100, elapsed 269s, ETA 90s, max=-0.237
  T_base=1e+05: window 80/100, elapsed 288s, ETA 72s, max=1.751
  T_base=1e+05: window 85/100, elapsed 305s, ETA 54s, max=0.020
  T_base=1e+05: window 90/100, elapsed 323s, ETA 36s, max=1.720
  T_base=1e+05: window 95/100, elapsed 340s, ETA 18s, max=0.015
  T_base=1e+05: window 100/100, elapsed 359s, ETA 0s, max=2.223
  Done in 359s (3.6s per window)
--- Running T_base = 1e+06 ---
  T_base=1e+06: window 1/100, elapsed 3s, ETA 299s, max=1.383
  T_base=1e+06: window 5/100, elapsed 16s, ETA 310s, max=0.134
  T_base=1e+06: window 10/100, elapsed 33s, ETA 295s, max=0.292
  T_base=1e+06: window 15/100, elapsed 49s, ETA 277s, max=1.100
  T_base=1e+06: window 20/100, elapsed 66s, ETA 264s, max=2.079
  T_base=1e+06: window 25/100, elapsed 82s, ETA 245s, max=-0.292
  T_base=1e+06: window 30/100, elapsed 98s, ETA 229s, max=1.085
  T_base=1e+06: window 35/100, elapsed 114s, ETA 211s, max=1.262
  T_base=1e+06: window 40/100, elapsed 129s, ETA 194s, max=2.393
  T_base=1e+06: window 45/100, elapsed 147s, ETA 179s, max=0.559
  T_base=1e+06: window 50/100, elapsed 161s, ETA 161s, max=1.746
  T_base=1e+06: window 55/100, elapsed 178s, ETA 145s, max=1.395
  T_base=1e+06: window 60/100, elapsed 194s, ETA 129s, max=1.945
  T_base=1e+06: window 65/100, elapsed 210s, ETA 113s, max=0.450
  T_base=1e+06: window 70/100, elapsed 227s, ETA 97s, max=2.127
  T_base=1e+06: window 75/100, elapsed 244s, ETA 81s, max=0.725
  T_base=1e+06: window 80/100, elapsed 261s, ETA 65s, max=1.685
  T_base=1e+06: window 85/100, elapsed 277s, ETA 49s, max=-0.186
  T_base=1e+06: window 90/100, elapsed 293s, ETA 33s, max=2.202
  T_base=1e+06: window 95/100, elapsed 308s, ETA 16s, max=1.821
  T_base=1e+06: window 100/100, elapsed 325s, ETA 0s, max=2.082
  Done in 325s (3.3s per window)

Aggregating ...

============================================================
SUMMARY
============================================================

T_base = 10000.0
  log log T               = 2.2203
  log log log T           = 0.7977
  FHK subtraction         = 1.6221
  raw max mean            = 0.9229 ± 0.6723
  M_T mean (= max - FHK)  = -0.6992 ± 0.6723
  M_T var                 = 0.4520  (FHK Gumbel(1/2): 0.4112)
  Selberg pred max mean   = 2.2203
  raw max - Selberg pred  = -1.2974
  argmax mean             = 0.4756
  KS to Uniform (argmax)  = 0.1625
  Gumbel free scale (MOM) = 0.5242 (FHK: 0.5000)
  KS to FHK Gumbel(loc, 1/2)         = 0.0882
  KS to free Gumbel(loc, scale)      = 0.0890
  KS to fitted Gaussian (M_T)        = 0.0606
  M_T skewness            = 0.0161  (Gumbel: 1.139)
  M_T excess kurtosis     = -0.7222  (Gumbel: 2.4)
  pointwise log|zeta| var = 0.9519 (Selberg pred: 1.1102)

T_base = 100000.0
  log log T               = 2.4435
  log log log T           = 0.8934
  FHK subtraction         = 1.7734
  raw max mean            = 1.1417 ± 0.8317
  M_T mean (= max - FHK)  = -0.6317 ± 0.8317
  M_T var                 = 0.6918  (FHK Gumbel(1/2): 0.4112)
  Selberg pred max mean   = 2.4435
  raw max - Selberg pred  = -1.3018
  argmax mean             = 0.5492
  KS to Uniform (argmax)  = 0.2025
  Gumbel free scale (MOM) = 0.6485 (FHK: 0.5000)
  KS to FHK Gumbel(loc, 1/2)         = 0.1689
  KS to free Gumbel(loc, scale)      = 0.0930
  KS to fitted Gaussian (M_T)        = 0.0620
  M_T skewness            = 0.1536  (Gumbel: 1.139)
  M_T excess kurtosis     = -0.8493  (Gumbel: 2.4)
  pointwise log|zeta| var = 1.1311 (Selberg pred: 1.2217)

T_base = 1000000.0
  log log T               = 2.6258
  log log log T           = 0.9654
  FHK subtraction         = 1.9018
  raw max mean            = 1.2607 ± 0.8228
  M_T mean (= max - FHK)  = -0.6411 ± 0.8228
  M_T var                 = 0.6769  (FHK Gumbel(1/2): 0.4112)
  Selberg pred max mean   = 2.6258
  raw max - Selberg pred  = -1.3651
  argmax mean             = 0.4788
  KS to Uniform (argmax)  = 0.1625
  Gumbel free scale (MOM) = 0.6415 (FHK: 0.5000)
  KS to FHK Gumbel(loc, 1/2)         = 0.1277
  KS to free Gumbel(loc, scale)      = 0.1207
  KS to fitted Gaussian (M_T)        = 0.0500
  M_T skewness            = 0.1412  (Gumbel: 1.139)
  M_T excess kurtosis     = -0.1390  (Gumbel: 2.4)
  pointwise log|zeta| var = 1.2921 (Selberg pred: 1.3129)

Cross-T comparison (FHK predicts M_T mean ~ T-independent):
  T=10000.0: M_T mean = -0.6992, sem = 0.0672, var = 0.4520
  T=100000.0: M_T mean = -0.6317, sem = 0.0832, var = 0.6918
  T=1000000.0: M_T mean = -0.6411, sem = 0.0823, var = 0.6769

FHK predicts M_T -> Gumbel-distributed limit (T-independent).
  Gumbel(loc, 1/2) variance = pi^2/24 = 0.4112.

Pairwise Z(M_T mean diff) -- if FHK holds, all should be small:
  Z(M_T(T=100000.0) - M_T(T=10000.0)) = 0.631
  Z(M_T(T=1000000.0) - M_T(T=10000.0)) = 0.547
  Z(M_T(T=1000000.0) - M_T(T=100000.0)) = -0.080

Selberg-resid drops (under FHK should equal -0.75 d(log log log T)):
  T=10000.0->T=100000.0: observed drop = -0.0044, FHK pred = -0.1674, Z(obs - pred) = +1.524
  T=10000.0->T=1000000.0: observed drop = -0.0677, FHK pred = -0.3041, Z(obs - pred) = +2.225
  T=100000.0->T=1000000.0: observed drop = -0.0633, FHK pred = -0.1367, Z(obs - pred) = +0.627

Empirical regression: <max> = a + b * log log T + c * log log log T
  fitted: a=+0.2232, b=-3.1038 (FHK pred 1.0), c=+9.5168 (FHK pred -0.75)
  Note: 3 points fits exactly; over-determination needs more T values.

Wrote /apps/aplikacijos/prime-research/experiments/analytic/zeta_structure/fhk_amplitude_max/fhk_amplitude_max_results.json
