N_zeta = 8000
Generating K=20 GUE batches of N=2000...
  Pool: 20 batches × ~1200 central eigenvalues (30.6s)

--- R_n equal-spaced: full empirical zeta (8000) vs K=20 GUE (1200 each) + 20 zeta sub-chunks (400 each) ---

n=4:
  s=0.50 | GUE_pred=+0.031 | emp_zeta_full=+0.000 | GUE_batch_mean=+0.000±0.000 | zeta_chunk_mean=+0.000±0.000 | z_full_vs_GUE= +nan | z_full_vs_theory= +nan
  s=0.70 | GUE_pred=+0.368 | emp_zeta_full=+0.438 | GUE_batch_mean=+0.016±0.037 | zeta_chunk_mean=+0.440±0.288 | z_full_vs_GUE=+11.32 | z_full_vs_theory=+1.08
  s=1.00 | GUE_pred=+1.000 | emp_zeta_full=+1.032 | GUE_batch_mean=+0.198±0.181 | zeta_chunk_mean=+1.009±0.595 | z_full_vs_GUE=+4.61 | z_full_vs_theory=+0.24
  s=1.30 | GUE_pred=+0.875 | emp_zeta_full=+0.797 | GUE_batch_mean=+0.423±0.197 | zeta_chunk_mean=+0.806±0.393 | z_full_vs_GUE=+1.90 | z_full_vs_theory=-0.89
  s=1.60 | GUE_pred=+0.879 | emp_zeta_full=+0.719 | GUE_batch_mean=+0.413±0.237 | zeta_chunk_mean=+0.712±0.489 | z_full_vs_GUE=+1.29 | z_full_vs_theory=-1.46
  s=2.00 | GUE_pred=+1.000 | emp_zeta_full=+0.735 | GUE_batch_mean=+0.372±0.213 | zeta_chunk_mean=+0.731±0.503 | z_full_vs_GUE=+1.70 | z_full_vs_theory=-2.36
  s=2.50 | GUE_pred=+0.950 | emp_zeta_full=+0.954 | GUE_batch_mean=+0.409±0.162 | zeta_chunk_mean=+0.973±0.803 | z_full_vs_GUE=+3.37 | z_full_vs_theory=+0.02
  s=3.00 | GUE_pred=+1.000 | emp_zeta_full=+0.860 | GUE_batch_mean=+0.367±0.161 | zeta_chunk_mean=+0.881±0.599 | z_full_vs_GUE=+3.07 | z_full_vs_theory=-1.04
  s=4.00 | GUE_pred=+1.000 | emp_zeta_full=+1.205 | GUE_batch_mean=+0.431±0.280 | zeta_chunk_mean=+1.146±0.733 | z_full_vs_GUE=+2.77 | z_full_vs_theory=+1.25
  s=5.00 | GUE_pred=+1.000 | emp_zeta_full=+0.924 | GUE_batch_mean=+0.432±0.197 | zeta_chunk_mean=+0.926±0.691 | z_full_vs_GUE=+2.50 | z_full_vs_theory=-0.49
  max|z_full_vs_GUE_batch|=11.32 at s=0.70
  max|z_full_vs_theory|=2.36 at s=2.00

n=5:
  s=0.50 | GUE_pred=+0.003 | emp_zeta_full=+0.000 | GUE_batch_mean=+0.000±0.000 | zeta_chunk_mean=+0.000±0.000 | z_full_vs_GUE= +nan | z_full_vs_theory= +nan
  s=0.70 | GUE_pred=+0.176 | emp_zeta_full=+0.000 | GUE_batch_mean=+0.000±0.000 | zeta_chunk_mean=+0.000±0.000 | z_full_vs_GUE= +nan | z_full_vs_theory= +nan
  s=1.00 | GUE_pred=+1.000 | emp_zeta_full=+1.407 | GUE_batch_mean=+0.078±0.187 | zeta_chunk_mean=+1.423±1.574 | z_full_vs_GUE=+7.12 | z_full_vs_theory=+1.16
  s=1.30 | GUE_pred=+0.833 | emp_zeta_full=+1.016 | GUE_batch_mean=+0.366±0.408 | zeta_chunk_mean=+1.029±1.525 | z_full_vs_GUE=+1.59 | z_full_vs_theory=+0.54
  s=1.60 | GUE_pred=+0.837 | emp_zeta_full=+0.469 | GUE_batch_mean=+0.262±0.351 | zeta_chunk_mean=+0.477±0.885 | z_full_vs_GUE=+0.59 | z_full_vs_theory=-1.86
  s=2.00 | GUE_pred=+1.000 | emp_zeta_full=+0.235 | GUE_batch_mean=+0.262±0.352 | zeta_chunk_mean=+0.240±0.570 | z_full_vs_GUE=-0.08 | z_full_vs_theory=-6.00
  s=2.50 | GUE_pred=+0.933 | emp_zeta_full=+0.939 | GUE_batch_mean=+0.289±0.351 | zeta_chunk_mean=+0.965±1.718 | z_full_vs_GUE=+1.85 | z_full_vs_theory=+0.02
  s=3.00 | GUE_pred=+1.000 | emp_zeta_full=+0.861 | GUE_batch_mean=+0.289±0.352 | zeta_chunk_mean=+0.887±1.571 | z_full_vs_GUE=+1.63 | z_full_vs_theory=-0.40
  s=4.00 | GUE_pred=+1.000 | emp_zeta_full=+1.253 | GUE_batch_mean=+0.290±0.424 | zeta_chunk_mean=+1.060±1.571 | z_full_vs_GUE=+2.27 | z_full_vs_theory=+0.72
  s=5.00 | GUE_pred=+1.000 | emp_zeta_full=+0.783 | GUE_batch_mean=+0.370±0.446 | zeta_chunk_mean=+0.824±1.222 | z_full_vs_GUE=+0.93 | z_full_vs_theory=-0.79
  max|z_full_vs_GUE_batch|=7.12 at s=1.00
  max|z_full_vs_theory|=6.00 at s=2.00

n=6:
  s=0.50 | GUE_pred=+0.000 | emp_zeta_full=+0.000 | GUE_batch_mean=+0.000±0.000 | zeta_chunk_mean=+0.000±0.000 | z_full_vs_GUE= +nan | z_full_vs_theory= +nan
  s=0.70 | GUE_pred=+0.067 | emp_zeta_full=+0.000 | GUE_batch_mean=+0.000±0.000 | zeta_chunk_mean=+0.000±0.000 | z_full_vs_GUE= +nan | z_full_vs_theory= +nan
  s=1.00 | GUE_pred=+1.000 | emp_zeta_full=+0.782 | GUE_batch_mean=+0.000±0.000 | zeta_chunk_mean=+0.791±2.373 | z_full_vs_GUE= +nan | z_full_vs_theory=-0.41
  s=1.30 | GUE_pred=+0.792 | emp_zeta_full=+1.564 | GUE_batch_mean=+0.131±0.570 | zeta_chunk_mean=+1.590±4.055 | z_full_vs_GUE=+2.51 | z_full_vs_theory=+0.85
  s=1.60 | GUE_pred=+0.797 | emp_zeta_full=+0.000 | GUE_batch_mean=+0.131±0.571 | zeta_chunk_mean=+0.000±0.000 | z_full_vs_GUE=-0.23 | z_full_vs_theory= +nan
  s=2.00 | GUE_pred=+1.000 | emp_zeta_full=+0.391 | GUE_batch_mean=+0.000±0.000 | zeta_chunk_mean=+0.401±1.746 | z_full_vs_GUE= +nan | z_full_vs_theory=-1.56
  s=2.50 | GUE_pred=+0.915 | emp_zeta_full=+1.174 | GUE_batch_mean=+0.000±0.000 | zeta_chunk_mean=+1.211±2.883 | z_full_vs_GUE= +nan | z_full_vs_theory=+0.40
  s=3.00 | GUE_pred=+1.000 | emp_zeta_full=+0.391 | GUE_batch_mean=+0.000±0.000 | zeta_chunk_mean=+0.407±1.774 | z_full_vs_GUE= +nan | z_full_vs_theory=-1.53
  s=4.00 | GUE_pred=+1.000 | emp_zeta_full=+1.175 | GUE_batch_mean=+0.264±0.793 | zeta_chunk_mean=+0.825±2.474 | z_full_vs_GUE=+1.15 | z_full_vs_theory=+0.32
  s=5.00 | GUE_pred=+1.000 | emp_zeta_full=+1.176 | GUE_batch_mean=+0.265±0.795 | zeta_chunk_mean=+1.250±5.449 | z_full_vs_GUE=+1.15 | z_full_vs_theory=+0.14
  max|z_full_vs_GUE_batch|=2.51 at s=1.30
  max|z_full_vs_theory|=1.56 at s=2.00

--- Cumulants kappa_n(L): empirical zeta vs 20 GUE batches ---
  L=  1: k_2: zeta=+0.459 GUE=+0.317±0.011 z=+13.28  k_3: zeta=-0.000 GUE=+0.005±0.009 z=-0.54  k_4: zeta=-0.173 GUE=-0.041±0.005 z=-28.53  k_5: zeta=+0.000 GUE=+0.116±0.009 z=-12.75  k_6: zeta=+0.201 GUE=+0.038±0.012 z=+13.46  
  L=  2: k_2: zeta=+0.533 GUE=+0.389±0.017 z=+8.69  k_3: zeta=-0.000 GUE=+0.018±0.019 z=-0.92  k_4: zeta=-0.320 GUE=-0.041±0.010 z=-28.08  k_5: zeta=+0.000 GUE=-0.021±0.025 z=+0.85  k_6: zeta=+0.818 GUE=+0.179±0.033 z=+19.30  
  L=  4: k_2: zeta=+0.568 GUE=+0.487±0.041 z=+1.99  k_3: zeta=+0.000 GUE=+0.004±0.021 z=-0.17  k_4: zeta=-0.401 GUE=-0.017±0.045 z=-8.50  k_5: zeta=+0.000 GUE=+0.018±0.061 z=-0.29  k_6: zeta=+1.230 GUE=-0.050±0.223 z=+5.75  
  L=  8: k_2: zeta=+0.444 GUE=+0.622±0.044 z=-4.02  k_3: zeta=+0.000 GUE=+0.031±0.062 z=-0.51  k_4: zeta=-0.148 GUE=-0.048±0.090 z=-1.11  k_5: zeta=+0.000 GUE=-0.018±0.083 z=+0.22  k_6: zeta=+0.115 GUE=-0.111±0.366 z=+0.62  
  L= 16: k_2: zeta=+0.549 GUE=+0.978±0.109 z=-3.94  k_3: zeta=+0.000 GUE=+0.310±0.156 z=-1.99  k_4: zeta=-0.355 GUE=+0.053±0.523 z=-0.78  k_5: zeta=+0.000 GUE=-0.037±1.611 z=+0.02  k_6: zeta=+0.993 GUE=-0.574±3.340 z=+0.47  
  L= 32: k_2: zeta=+0.490 GUE=+2.128±0.173 z=-9.44  k_3: zeta=+0.000 GUE=+1.792±0.650 z=-2.76  k_4: zeta=-0.230 GUE=+0.273±1.824 z=-0.28  k_5: zeta=+0.000 GUE=-10.136±4.912 z=+2.06  k_6: zeta=+0.418 GUE=-42.899±33.146 z=+1.31  
  L= 64: k_2: NaN  k_3: NaN  k_4: NaN  k_5: NaN  k_6: NaN  

WROTE /apps/aplikacijos/prime-research/experiments/analytic/zeta_structure/n_correlations_4_5_6/bootstrap_analysis_results.json
TOTAL runtime: 46.2s
