Loading /apps/aplikacijos/prime-research/data/zeta_zeros_8000.txt...
  N=8000 zeros, gamma range [14.1347, 8148.1884]
  unfolded mean spacing = 0.999977

Generating GUE pool (batch=2000, target~8000 central evs)...
  Pool: 7 batches, 8400 total central GUE eigenvalues (12.6s)

=== TEST (A): k-th nearest-neighbor spacing distributions ===
  P_0: n_zeta=7999, rms vs GUE = 0.0934, rms vs null = 0.0000, max|z| vs null = nan at s=nan
  P_1: n_zeta=7998, rms vs GUE = 0.1349, rms vs null = 0.0327, max|z| vs null = 11.16 at s=1.05
  P_2: n_zeta=7997, rms vs GUE = 0.1662, rms vs null = 0.0530, max|z| vs null = 12.05 at s=1.95
  P_3: n_zeta=7996, rms vs GUE = 0.1905, rms vs null = 0.0707, max|z| vs null = 15.94 at s=5.25
  P_4: n_zeta=7995, rms vs GUE = 0.2093, rms vs null = 0.0879, max|z| vs null = 21.02 at s=5.15
  P_5: n_zeta=7994, rms vs GUE = 0.2213, rms vs null = 0.1039, max|z| vs null = 26.93 at s=5.95
  Test A done (0.0s)

=== TEST (B): higher cumulants kappa_n(L) for n=2..6 ===
  cumulants vs gap-shuffled null (z-scores):
    L=  1: k_2_z=+29.64 k_3_z=-4.61 k_4_z=-28.04 k_5_z=-3.69 k_6_z=+25.91
    L=  2: k_2_z=+6.85 k_3_z=-6.06 k_4_z=-14.71 k_5_z=-1.13 k_6_z=+6.22
    L=  4: k_2_z=-7.90 k_3_z=-4.16 k_4_z=-6.96 k_5_z=+0.03 k_6_z=+2.56
    L=  8: k_2_z=-14.90 k_3_z=-3.26 k_4_z=-0.98 k_5_z=+0.13 k_6_z=+0.08
    L= 16: k_2_z=-12.38 k_3_z=-1.59 k_4_z=-0.51 k_5_z=-0.18 k_6_z=-0.05
    L= 32: k_2_z=-13.64 k_3_z=-1.19 k_4_z=-0.03 k_5_z=-0.03 k_6_z=+0.26
    L= 64: k_2_z=-10.58 k_3_z=-0.52 k_4_z=+0.10 k_5_z=+0.08 k_6_z=+0.31
    L=128: k_2_z=-5.73 k_3_z=-0.56 k_4_z=+0.02 k_5_z=+0.41 k_6_z=+0.28
  Test B done (0.1s)

=== TEST (C): equally-spaced R_n for n=4, 5, 6 ===
  R_4 equal-spaced sweep:
    s=0.50 GUE=+0.031  emp_zeta=0.000  emp_gue=0.000  null=0.143±0.033  z=-4.35
    s=0.70 GUE=+0.368  emp_zeta=0.438  emp_gue=0.045  null=0.746±0.096  z=-3.19
    s=1.00 GUE=+1.000  emp_zeta=1.032  emp_gue=0.254  null=1.337±0.146  z=-2.08
    s=1.30 GUE=+0.875  emp_zeta=0.797  emp_gue=0.612  null=1.021±0.116  z=-1.93
    s=1.60 GUE=+0.879  emp_zeta=0.719  emp_gue=0.254  null=0.876±0.121  z=-1.29
    s=2.00 GUE=+1.000  emp_zeta=0.735  emp_gue=0.314  null=0.973±0.163  z=-1.46
    s=2.50 GUE=+0.950  emp_zeta=0.954  emp_gue=0.494  null=1.028±0.160  z=-0.46
    s=3.00 GUE=+1.000  emp_zeta=0.860  emp_gue=0.374  null=0.987±0.116  z=-1.09
    s=4.00 GUE=+1.000  emp_zeta=1.205  emp_gue=0.435  null=0.980±0.076  z=+2.96
    s=5.00 GUE=+1.000  emp_zeta=0.924  emp_gue=0.346  null=0.980±0.160  z=-0.35
    max|z|=4.35 at s=0.50
  R_5 equal-spaced sweep:
    s=0.50 GUE=+0.003  emp_zeta=0.000  emp_gue=0.000  null=0.102±0.086  z=-1.18
    s=0.70 GUE=+0.176  emp_zeta=0.000  emp_gue=0.000  null=0.672±0.209  z=-3.22
    s=1.00 GUE=+1.000  emp_zeta=1.407  emp_gue=0.075  null=1.427±0.226  z=-0.09
    s=1.30 GUE=+0.833  emp_zeta=1.016  emp_gue=0.224  null=1.110±0.434  z=-0.22
    s=1.60 GUE=+0.837  emp_zeta=0.469  emp_gue=0.075  null=0.751±0.255  z=-1.10
    s=2.00 GUE=+1.000  emp_zeta=0.235  emp_gue=0.150  null=1.064±0.345  z=-2.40
    s=2.50 GUE=+0.933  emp_zeta=0.939  emp_gue=0.225  null=1.091±0.323  z=-0.47
    s=3.00 GUE=+1.000  emp_zeta=0.861  emp_gue=0.225  null=0.951±0.227  z=-0.40
    s=4.00 GUE=+1.000  emp_zeta=1.253  emp_gue=0.452  null=0.983±0.304  z=+0.89
    s=5.00 GUE=+1.000  emp_zeta=0.783  emp_gue=0.227  null=0.963±0.409  z=-0.44
    max|z|=3.22 at s=0.70
  R_6 equal-spaced sweep:
    s=0.50 GUE=+0.000  emp_zeta=0.000  emp_gue=0.000  null=0.078±0.199  z=-0.39
    s=0.70 GUE=+0.067  emp_zeta=0.000  emp_gue=0.000  null=0.625±0.417  z=-1.50
    s=1.00 GUE=+1.000  emp_zeta=0.782  emp_gue=0.000  null=1.564±0.630  z=-1.24
    s=1.30 GUE=+0.792  emp_zeta=1.564  emp_gue=0.000  null=1.134±1.166  z=+0.37
    s=1.60 GUE=+0.797  emp_zeta=0.000  emp_gue=0.000  null=0.684±0.604  z=-1.13
    s=2.00 GUE=+1.000  emp_zeta=0.391  emp_gue=0.000  null=1.173±0.732  z=-1.07
    s=2.50 GUE=+0.915  emp_zeta=1.174  emp_gue=0.000  null=0.998±0.705  z=+0.25
    s=3.00 GUE=+1.000  emp_zeta=0.391  emp_gue=0.000  null=0.842±0.610  z=-0.74
    s=4.00 GUE=+1.000  emp_zeta=1.175  emp_gue=1.133  null=1.097±1.033  z=+0.08
    s=5.00 GUE=+1.000  emp_zeta=1.176  emp_gue=0.000  null=0.941±0.573  z=+0.41
    max|z|=1.50 at s=0.70
  Test C done (68.2s)

WROTE /apps/aplikacijos/prime-research/experiments/analytic/zeta_structure/n_correlations_4_5_6/n_correlations_4_5_6_results.json
TOTAL runtime: 80.9s
