  x=2^5  D=    1 adm=    0/3573 missing=3573
  x=2^6  D=    2 adm=    1/3573 missing=3572
  x=2^7  D=    4 adm=    3/3573 missing=3570
  x=2^8  D=    8 adm=    7/3573 missing=3566
  x=2^9  D=   16 adm=   15/3573 missing=3558
  x=2^10 D=   32 adm=   31/3573 missing=3542
  x=2^11 D=   64 adm=   63/3573 missing=3510
  x=2^12 D=  126 adm=  125/3573 missing=3448
  x=2^13 D=  242 adm=  241/3573 missing=3332
  x=2^14 D=  446 adm=  445/3573 missing=3128
  x=2^15 D=  736 adm=  735/3573 missing=2838
  x=2^16 D= 1093 adm= 1092/3573 missing=2481
  x=2^17 D= 1469 adm= 1468/3573 missing=2105
  x=2^18 D= 1825 adm= 1824/3573 missing=1749
  x=2^19 D= 2152 adm= 2151/3573 missing=1422
  x=2^20 D= 2452 adm= 2451/3573 missing=1122
  x=2^21 D= 2710 adm= 2709/3573 missing= 864
  x=2^22 D= 2940 adm= 2939/3573 missing= 634
  x=2^23 D= 3089 adm= 3088/3573 missing= 485
  x=2^24 D= 3213 adm= 3212/3573 missing= 361
  x=2^25 D= 3311 adm= 3310/3573 missing= 263
  x=2^26 D= 3385 adm= 3384/3573 missing= 189
  x=2^27 D= 3452 adm= 3451/3573 missing= 122
  x=2^28 D= 3492 adm= 3491/3573 missing=  82
  x=2^29 D= 3526 adm= 3525/3573 missing=  48
  x=2^30 D= 3550 adm= 3549/3573 missing=  24
  x=2^31 D= 3561 adm= 3560/3573 missing=  13
  x=2^32 D= 3568 adm= 3567/3573 missing=   6
  x=2^33 D= 3570 adm= 3569/3573 missing=   4
  x=2^34 D= 3571 adm= 3570/3573 missing=   3
  x=2^35 D= 3572 adm= 3571/3573 missing=   2
  x=2^36 D= 3573 adm= 3572/3573 missing=   1
  x=2^37 D= 3574 adm= 3573/3573 missing=   0

=== D_32(x) census, x up to 2^37 (137438953472) ===
A_32 = 3573, target saturation D_32 = A_32+1 = 3574

             x   D_k(x)    adm  missing   D/(A+1)
2^5                  1      0     3573    0.0003
2^6                  2      1     3572    0.0006
2^7                  4      3     3570    0.0011
2^8                  8      7     3566    0.0022
2^9                 16     15     3558    0.0045
2^10                32     31     3542    0.0090
2^11                64     63     3510    0.0179
2^12               126    125     3448    0.0353
2^13               242    241     3332    0.0677
2^14               446    445     3128    0.1248
2^15               736    735     2838    0.2059
2^16              1093   1092     2481    0.3058
2^17              1469   1468     2105    0.4110
2^18              1825   1824     1749    0.5106
2^19              2152   2151     1422    0.6021
2^20              2452   2451     1122    0.6861
2^21              2710   2709      864    0.7583
2^22              2940   2939      634    0.8226
2^23              3089   3088      485    0.8643
2^24              3213   3212      361    0.8990
2^25              3311   3310      263    0.9264
2^26              3385   3384      189    0.9471
2^27              3452   3451      122    0.9659
2^28              3492   3491       82    0.9771
2^29              3526   3525       48    0.9866
2^30              3550   3549       24    0.9933
2^31              3561   3560       13    0.9964
2^32              3568   3567        6    0.9983
2^33              3570   3569        4    0.9989
2^34              3571   3570        3    0.9992
2^35              3572   3571        2    0.9994
2^36              3573   3572        1    0.9997
2^37              3574   3573        0    1.0000

admissible patterns first realized at x >= 2^36 (new this run): 1 (by weight: {9: 1})
   w   first-occ x         HL x*   obs/x*   N(occ)  offsets
   9   83122625472     3.857e+10     2.16     1.63  [1, 5, 7, 11, 17, 19, 25, 29, 31]

still MISSING at x=2^37: 0 (by weight: {})
  most-expected still-missing (largest HL mean count N_S(xmax) first; P(0 occ)=e^{-N}):
   w  N_S(xmax)  P(0 occ)         HL x*  offsets

  saturation OK: every still-missing pattern has HL mean count N_S(xmax) < 5 (largest 0.00, P(0 occ)=100.00%) — all missing are in the expected HL first-occurrence tail, none statistically overdue.
