  x=2^5  D=    1 adm=    0/3573 missing=3573
  x=2^6  D=    2 adm=    1/3573 missing=3572
  x=2^7  D=    4 adm=    3/3573 missing=3570
  x=2^8  D=    8 adm=    7/3573 missing=3566
  x=2^9  D=   16 adm=   15/3573 missing=3558
  x=2^10 D=   32 adm=   31/3573 missing=3542
  x=2^11 D=   64 adm=   63/3573 missing=3510
  x=2^12 D=  126 adm=  125/3573 missing=3448
  x=2^13 D=  242 adm=  241/3573 missing=3332
  x=2^14 D=  446 adm=  445/3573 missing=3128
  x=2^15 D=  736 adm=  735/3573 missing=2838
  x=2^16 D= 1093 adm= 1092/3573 missing=2481
  x=2^17 D= 1469 adm= 1468/3573 missing=2105
  x=2^18 D= 1825 adm= 1824/3573 missing=1749
  x=2^19 D= 2152 adm= 2151/3573 missing=1422
  x=2^20 D= 2452 adm= 2451/3573 missing=1122
  x=2^21 D= 2710 adm= 2709/3573 missing= 864
  x=2^22 D= 2940 adm= 2939/3573 missing= 634
  x=2^23 D= 3089 adm= 3088/3573 missing= 485
  x=2^24 D= 3213 adm= 3212/3573 missing= 361
  x=2^25 D= 3311 adm= 3310/3573 missing= 263
  x=2^26 D= 3385 adm= 3384/3573 missing= 189
  x=2^27 D= 3452 adm= 3451/3573 missing= 122
  x=2^28 D= 3492 adm= 3491/3573 missing=  82
  x=2^29 D= 3526 adm= 3525/3573 missing=  48
  x=2^30 D= 3550 adm= 3549/3573 missing=  24
  x=2^31 D= 3561 adm= 3560/3573 missing=  13
  x=2^32 D= 3568 adm= 3567/3573 missing=   6

=== D_32(x) census, x up to 2^32 (4294967296) ===
A_32 = 3573, target saturation D_32 = A_32+1 = 3574

             x   D_k(x)    adm  missing   D/(A+1)
2^5                  1      0     3573    0.0003
2^6                  2      1     3572    0.0006
2^7                  4      3     3570    0.0011
2^8                  8      7     3566    0.0022
2^9                 16     15     3558    0.0045
2^10                32     31     3542    0.0090
2^11                64     63     3510    0.0179
2^12               126    125     3448    0.0353
2^13               242    241     3332    0.0677
2^14               446    445     3128    0.1248
2^15               736    735     2838    0.2059
2^16              1093   1092     2481    0.3058
2^17              1469   1468     2105    0.4110
2^18              1825   1824     1749    0.5106
2^19              2152   2151     1422    0.6021
2^20              2452   2451     1122    0.6861
2^21              2710   2709      864    0.7583
2^22              2940   2939      634    0.8226
2^23              3089   3088      485    0.8643
2^24              3213   3212      361    0.8990
2^25              3311   3310      263    0.9264
2^26              3385   3384      189    0.9471
2^27              3452   3451      122    0.9659
2^28              3492   3491       82    0.9771
2^29              3526   3525       48    0.9866
2^30              3550   3549       24    0.9933
2^31              3561   3560       13    0.9964
2^32              3568   3567        6    0.9983

admissible patterns first realized at x >= 2^26 (new this run): 183 (by weight: {6: 23, 7: 114, 8: 45, 9: 1})
   w   first-occ x         HL x*   obs/x*   N(occ)  offsets
   6      67421568     5.315e+06    12.68     5.10  [1, 5, 13, 19, 23, 25]
   6      67787520     4.127e+06    16.42     5.97  [1, 7, 17, 19, 23, 29]
   7      68363200     1.836e+08     0.37     0.54  [1, 9, 13, 19, 21, 27, 31]
   7      70442080     6.012e+07     1.17     1.10  [1, 3, 7, 9, 13, 27, 31]
   8      70621248     1.977e+09     0.04     0.14  [1, 5, 11, 13, 19, 25, 29, 31]
   7      72508128     2.608e+08     0.28     0.45  [5, 13, 19, 23, 25, 29, 31]
   7      73134336     2.341e+08     0.31     0.48  [1, 7, 13, 17, 23, 25, 31]
   8      73373536     1.245e+09     0.06     0.19  [1, 3, 7, 13, 15, 21, 25, 27]
   6      73842048     4.270e+06    17.29     6.19  [1, 5, 13, 23, 25, 31]
   7      73957984     2.341e+08     0.32     0.49  [3, 7, 9, 13, 15, 25, 27]
   7      76170528     7.734e+07     0.98     0.99  [1, 5, 11, 13, 19, 23, 25]
   7      76209472     6.012e+07     1.27     1.16  [1, 7, 9, 19, 21, 27, 31]
   6      78621440     2.138e+07     3.68     2.35  [11, 17, 21, 23, 27, 29]
   7      78814272     1.109e+08     0.71     0.81  [1, 5, 7, 11, 17, 19, 25]
   7      79395520     7.734e+07     1.03     1.02  [1, 3, 7, 9, 19, 21, 31]
   6      79551808     1.609e+07     4.94     2.85  [1, 9, 13, 19, 25, 31]
   6      80364832     1.609e+07     4.99     2.87  [7, 9, 15, 25, 27, 31]
   7      81450816     1.109e+08     0.73     0.83  [7, 11, 13, 17, 23, 25, 31]
   7      83070912     7.734e+07     1.07     1.04  [1, 7, 17, 19, 25, 29, 31]
   6      83675488     7.145e+06    11.71     4.91  [1, 3, 9, 15, 19, 21]
   7      84099328     1.109e+08     0.76     0.84  [1, 3, 13, 15, 19, 21, 31]
   7      84104544     3.317e+08     0.25     0.42  [5, 7, 13, 17, 19, 23, 25]
   7      84323200     1.836e+08     0.46     0.62  [1, 3, 7, 9, 19, 27, 31]
   6      84761376     1.609e+07     5.27     2.97  [1, 5, 13, 17, 23, 25]
   6      84765664     7.145e+06    11.86     4.95  [7, 9, 13, 15, 19, 27]
   7      85407168     1.836e+08     0.47     0.62  [1, 5, 13, 23, 25, 29, 31]
   7      87580768     1.756e+08     0.50     0.65  [1, 3, 9, 13, 21, 25, 31]
   6      90199488     4.270e+06    21.12     7.08  [1, 5, 19, 23, 25, 31]
   8      90279456     3.757e+09     0.02     0.11  [1, 5, 7, 11, 17, 23, 25, 31]
   7      91584192     5.740e+07     1.60     1.33  [1, 5, 11, 17, 19, 25, 29]
   6      92417152     1.609e+07     5.74     3.15  [9, 15, 21, 25, 27, 31]
   7      93625984     3.317e+08     0.28     0.45  [7, 9, 13, 15, 19, 25, 27]
   7      94567840     1.836e+08     0.52     0.66  [1, 3, 9, 19, 21, 27, 31]
   6      97709760     1.609e+07     6.07     3.27  [7, 11, 19, 23, 29, 31]
   7      99861312     6.012e+07     1.66     1.37  [1, 5, 7, 17, 25, 29, 31]
   7     100793248     2.341e+08     0.43     0.59  [1, 9, 13, 15, 19, 21, 31]
   6     104047392     5.315e+06    19.58     6.82  [1, 5, 7, 11, 17, 29]
   7     106452160     8.651e+07     1.23     1.14  [1, 3, 7, 13, 19, 27, 31]
   8     108127680     3.524e+09     0.03     0.12  [1, 7, 13, 17, 19, 23, 29, 31]
   7     108162400     2.608e+08     0.41     0.57  [1, 3, 7, 9, 13, 19, 27]
  ... (143 more)

still MISSING at x=2^32: 6 (by weight: {7: 1, 8: 2, 9: 3})
  most-expected still-missing (largest HL mean count N_S(xmax) first; P(0 occ)=e^{-N}):
   w  N_S(xmax)  P(0 occ)         HL x*  offsets
   7      6.857    0.0011     2.341e+08  [3, 9, 13, 15, 19, 25, 27]
   8      0.817    0.4418     5.886e+09  [3, 9, 11, 17, 21, 23, 27, 29]
   8      0.817    0.4418     5.886e+09  [1, 3, 7, 9, 13, 19, 21, 27]
   9      0.260    0.7708     3.857e+10  [1, 5, 7, 11, 17, 19, 25, 29, 31]
   9      0.130    0.8779     1.142e+11  [1, 5, 11, 13, 19, 23, 25, 29, 31]
   9      0.130    0.8779     1.142e+11  [1, 3, 7, 9, 13, 19, 21, 27, 31]

  [!] 1 missing pattern(s) have HL mean count N_S(xmax) >= 5 (P(0 occ) < 0.67%) — STATISTICAL ANOMALY vs HL:
      w=7 N=6.86 offsets [3, 9, 13, 15, 19, 25, 27]
