  x=2^0  D=     1 adm=    0/7145 missing= 7145 exc=   1
  x=2^1  D=     2 adm=    0/7145 missing= 7145 exc=   2
  x=2^2  D=     4 adm=    0/7145 missing= 7145 exc=   4
  x=2^3  D=     8 adm=    0/7145 missing= 7145 exc=   8
  x=2^4  D=    16 adm=    8/7145 missing= 7137 exc=   8
  x=2^5  D=    32 adm=   24/7145 missing= 7121 exc=   8
  x=2^6  D=    64 adm=   56/7145 missing= 7089 exc=   8
  x=2^7  D=   128 adm=  120/7145 missing= 7025 exc=   8
  x=2^8  D=   254 adm=  246/7145 missing= 6899 exc=   8
  x=2^9  D=   498 adm=  490/7145 missing= 6655 exc=   8
  x=2^10 D=   926 adm=  918/7145 missing= 6227 exc=   8
  x=2^11 D=  1765 adm= 1757/7145 missing= 5388 exc=   8
  x=2^12 D=  2971 adm= 2963/7145 missing= 4182 exc=   8
  x=2^13 D=  4287 adm= 4279/7145 missing= 2866 exc=   8
  x=2^14 D=  5151 adm= 5143/7145 missing= 2002 exc=   8
  x=2^15 D=  5801 adm= 5793/7145 missing= 1352 exc=   8
  x=2^16 D=  6215 adm= 6207/7145 missing=  938 exc=   8
  x=2^17 D=  6595 adm= 6587/7145 missing=  558 exc=   8
  x=2^18 D=  6771 adm= 6763/7145 missing=  382 exc=   8
  x=2^19 D=  6935 adm= 6927/7145 missing=  218 exc=   8
  x=2^20 D=  7005 adm= 6997/7145 missing=  148 exc=   8
  x=2^21 D=  7057 adm= 7049/7145 missing=   96 exc=   8
  x=2^22 D=  7089 adm= 7081/7145 missing=   64 exc=   8
  x=2^23 D=  7119 adm= 7111/7145 missing=   34 exc=   8
  x=2^24 D=  7133 adm= 7125/7145 missing=   20 exc=   8
  x=2^25 D=  7147 adm= 7139/7145 missing=    6 exc=   8
  x=2^26 D=  7151 adm= 7143/7145 missing=    2 exc=   8
  x=2^27 D=  7153 adm= 7145/7145 missing=    0 exc=   8
  x=2^28 D=  7153 adm= 7145/7145 missing=    0 exc=   8

=== D_32^slide(x) census, window starts n < 2^28 (268435456) ===
A_32^slide = 7145   (3572 even-only + 3572 odd-only + 1 shared empty)
  odd-offset family + empty == aligned admissible set: A_32^aligned = 3573;  A_slide = 2*A_aligned - 1 = 7145
  densest admissible weight (ρ*(32)) = 9  [parity-symmetric: even & odd both reach it]
  target census height: A_slide + E (E = small-n exceptional inadmissible patterns, finite)

     x  D_slide    adm  missing   exc   D/(A+E)
2^0           1      0     7145     1    0.0001
2^1           2      0     7145     2    0.0003
2^2           4      0     7145     4    0.0006
2^3           8      0     7145     8    0.0011
2^4          16      8     7137     8    0.0022
2^5          32     24     7121     8    0.0045
2^6          64     56     7089     8    0.0089
2^7         128    120     7025     8    0.0179
2^8         254    246     6899     8    0.0355
2^9         498    490     6655     8    0.0696
2^10        926    918     6227     8    0.1295
2^11       1765   1757     5388     8    0.2467
2^12       2971   2963     4182     8    0.4154
2^13       4287   4279     2866     8    0.5993
2^14       5151   5143     2002     8    0.7201
2^15       5801   5793     1352     8    0.8110
2^16       6215   6207      938     8    0.8689
2^17       6595   6587      558     8    0.9220
2^18       6771   6763      382     8    0.9466
2^19       6935   6927      218     8    0.9695
2^20       7005   6997      148     8    0.9793
2^21       7057   7049       96     8    0.9866
2^22       7089   7081       64     8    0.9911
2^23       7119   7111       34     8    0.9952
2^24       7133   7125       20     8    0.9972
2^25       7147   7139        6     8    0.9992
2^26       7151   7143        2     8    0.9997
2^27       7153   7145        0     8    1.0000
2^28       7153   7145        0     8    1.0000

exceptional (inadmissible) patterns realized at small n: 8
  n=     0 window [0,32): offsets [2, 3, 5, 7, 11, 13, 17, 19, 23, 29, 31]
  n=     1 window [1,33): offsets [1, 2, 4, 6, 10, 12, 16, 18, 22, 28, 30]
  n=     2 window [2,34): offsets [0, 1, 3, 5, 9, 11, 15, 17, 21, 27, 29]
  n=     3 window [3,35): offsets [0, 2, 4, 8, 10, 14, 16, 20, 26, 28]
  n=     4 window [4,36): offsets [1, 3, 7, 9, 13, 15, 19, 25, 27]
  n=     5 window [5,37): offsets [0, 2, 6, 8, 12, 14, 18, 24, 26]
  n=     6 window [6,38): offsets [1, 5, 7, 11, 13, 17, 23, 25, 31]
  n=     7 window [7,39): offsets [0, 4, 6, 10, 12, 16, 22, 24, 30]
  last exceptional first-occurrence at n=7 (beyond this, no inadmissible pattern should appear)

densest admissible first occurrences (top by weight):
   w  first-occ n        HL x*   obs/x*   N(occ)  offsets
   9           10    1.218e+09     0.00     3.46  [1, 3, 7, 9, 13, 19, 21, 27, 31]
   9           11    1.218e+09     0.00     2.64  [0, 2, 6, 8, 12, 18, 20, 26, 30]
   9           12    3.505e+08     0.00     4.19  [1, 5, 7, 11, 17, 19, 25, 29, 31]
   9           13    3.505e+08     0.00     3.41  [0, 4, 6, 10, 16, 18, 24, 28, 30]
   9           16    3.505e+08     0.00     2.08  [1, 3, 7, 13, 15, 21, 25, 27, 31]
   9           17    3.505e+08     0.00     1.82  [0, 2, 6, 12, 14, 20, 24, 26, 30]
   9        88788    1.218e+09     0.00     0.02  [1, 5, 11, 13, 19, 23, 25, 29, 31]
   9        88789    1.218e+09     0.00     0.02  [0, 4, 10, 12, 18, 22, 24, 28, 30]
   8            8    5.888e+07     0.00     4.08  [3, 5, 9, 11, 15, 21, 23, 29]
   8            9    5.888e+07     0.00     2.95  [2, 4, 8, 10, 14, 20, 22, 28]
   8           14    9.184e+06     0.00     2.83  [3, 5, 9, 15, 17, 23, 27, 29]
   8           15    9.184e+06     0.00     2.47  [2, 4, 8, 14, 16, 22, 26, 28]
   8           18    1.316e+07     0.00     1.46  [1, 5, 11, 13, 19, 23, 25, 29]
   8           19    1.316e+07     0.00     1.33  [0, 4, 10, 12, 18, 22, 24, 28]
   8           22    4.862e+07     0.00     0.52  [1, 7, 9, 15, 19, 21, 25, 31]
   8           23    4.862e+07     0.00     0.49  [0, 6, 8, 14, 18, 20, 24, 30]
   8           28    3.223e+07     0.00     0.46  [1, 3, 9, 13, 15, 19, 25, 31]
   8           29    3.223e+07     0.00     0.43  [0, 2, 8, 12, 14, 18, 24, 30]
   8           30    3.223e+07     0.00     0.41  [1, 7, 11, 13, 17, 23, 29, 31]
   8           31    3.223e+07     0.00     0.40  [0, 6, 10, 12, 16, 22, 28, 30]
   8           36    3.477e+07     0.00     0.31  [1, 5, 7, 11, 17, 23, 25, 31]
   8           37    3.477e+07     0.00     0.30  [0, 4, 6, 10, 16, 22, 24, 30]
   8           40    1.615e+07     0.00     0.42  [1, 3, 7, 13, 19, 21, 27, 31]
   8           41    1.615e+07     0.00     0.40  [0, 2, 6, 12, 18, 20, 26, 30]
   8           42    7.247e+06     0.00     0.59  [1, 5, 11, 17, 19, 25, 29, 31]

still MISSING at x=2^28: 0 (by weight: {})

  census OK: every still-missing pattern has HL mean N_S(xmax) < 5 (largest 0.00, P(0 occ)=100.00%) — all in the expected HL first-occurrence tail.

  FULL SATURATION: D_32^slide = A_slide + E = 7145 + 8 = 7153, every classical admissible pattern realized.
