k = 32: allowed offsets (cond i): [1, 3, 5, 7, 9, 11, 13, 15, 17, 19, 21, 23, 25, 27, 29, 31]
A_32 (admissible patterns, exact): 3573
admissible by weight |S|: {0: 1, 1: 16, 2: 120, 3: 410, 4: 845, 5: 1044, 6: 766, 7: 308, 8: 59, 9: 4} (max weight 9)

           x   D_k(x)   adm.  except.  missing adm.
       65536     1093   1092        1          2481
      262144     1825   1824        1          1749
     1048576     2452   2451        1          1122
     4194304     2940   2939        1           634
    16777216     3213   3212        1           361
    67108864     3385   3384        1           189

exceptional (inadmissible, small-x) patterns at x = 2^26: 1
  m=   0 window [0,32): offsets [2, 3, 5, 7, 11, 13, 17, 19, 23, 29, 31]

admissible not yet realized at x = 2^26: 189 (by weight: {6: 23, 7: 115, 8: 47, 9: 4})
  weight 6: offsets [1, 3, 7, 9, 19, 27]
  weight 6: offsets [1, 3, 9, 15, 19, 21]
  weight 6: offsets [1, 5, 7, 11, 17, 29]
  weight 6: offsets [1, 5, 13, 17, 23, 25]
  weight 6: offsets [1, 5, 13, 19, 23, 25]
  weight 6: offsets [1, 5, 13, 23, 25, 31]
  weight 6: offsets [1, 5, 19, 23, 25, 31]
  weight 6: offsets [1, 7, 13, 17, 19, 23]
  weight 6: offsets [1, 7, 17, 19, 23, 29]
  weight 6: offsets [1, 9, 13, 19, 25, 31]
