[t=1777256356.6] Building chi_P up to N=5000000...
  sieve cost: 0.01s

=== Stream: raw (L=4999999, density rho=0.069703) ===
  p_chi computed in 12.18s
  K=20 permutation controls in 235.41s
  K=20 bern controls in 234.38s
    n |      p_chi |       p_perm |  sig_perm |   z_perm |       p_bern |   z_bern |  h_chi | h_perm
    1 |          2 |          2.0 |      0.00 |     0.00 |          2.0 |     0.00 | 1.0000 | 1.0000
    2 |          4 |          4.0 |      0.00 |     0.00 |          4.0 |     0.00 | 1.0000 | 1.0000
    3 |          6 |          8.0 |      0.00 |     0.00 |          8.0 |     0.00 | 0.8617 | 1.0000
    4 |          8 |         16.0 |      0.00 |     0.00 |         16.0 |     0.00 | 0.7500 | 1.0000
    5 |         12 |         32.0 |      0.00 |     0.00 |         32.0 |     0.00 | 0.7170 | 1.0000
    6 |         15 |         63.4 |      0.49 |   -98.80 |         63.6 |   -96.69 | 0.6511 | 0.9975
    7 |         21 |        123.2 |      1.73 |   -59.21 |        123.0 |   -62.88 | 0.6275 | 0.9920
    8 |         27 |        230.8 |      3.27 |   -62.43 |        230.1 |   -56.70 | 0.5944 | 0.9814
    9 |         37 |        414.2 |      5.29 |   -71.31 |        413.9 |   -51.22 | 0.5788 | 0.9660
   10 |         47 |        714.8 |      9.24 |   -72.29 |        715.4 |   -53.29 | 0.5555 | 0.9481
   11 |         61 |       1183.5 |     15.65 |   -71.73 |       1186.7 |   -67.90 | 0.5392 | 0.9281
   12 |         75 |       1889.8 |     24.42 |   -74.32 |       1894.8 |   -78.75 | 0.5191 | 0.9070
   13 |        103 |       2918.9 |     38.26 |   -73.59 |       2923.1 |   -87.93 | 0.5143 | 0.8855
   14 |        131 |       4371.4 |     59.19 |   -71.64 |       4367.6 |   -97.52 | 0.5024 | 0.8638
   15 |        173 |       6354.1 |     83.03 |   -74.45 |       6345.1 |  -105.24 | 0.4956 | 0.8422
   16 |        215 |       8996.4 |    108.01 |   -81.30 |       8984.9 |  -107.92 | 0.4843 | 0.8209
   17 |        272 |      12447.2 |    140.40 |   -86.72 |      12436.0 |  -107.39 | 0.4757 | 0.8002
   18 |        329 |      16875.2 |    180.60 |   -91.62 |      16864.4 |  -111.09 | 0.4646 | 0.7801
   19 |        434 |      22458.9 |    221.49 |   -99.44 |      22458.2 |  -113.56 | 0.4611 | 0.7608
   20 |        539 |      29381.7 |    264.38 |  -109.09 |      29398.5 |  -121.65 | 0.4537 | 0.7421
   21 |        699 |      37832.2 |    312.76 |  -118.73 |      37875.3 |  -130.70 | 0.4500 | 0.7242
   22 |        859 |      48008.7 |    355.18 |  -132.75 |      48081.2 |  -136.03 | 0.4430 | 0.7069

=== Stream: odd (L=2499999, density rho=0.139405) ===
  p_chi computed in 2.59s
  K=20 permutation controls in 56.04s
  K=20 bern controls in 41.52s
    n |      p_chi |       p_perm |  sig_perm |   z_perm |       p_bern |   z_bern |  h_chi | h_perm
    1 |          2 |          2.0 |      0.00 |     0.00 |          2.0 |     0.00 | 1.0000 | 1.0000
    2 |          4 |          4.0 |      0.00 |     0.00 |          4.0 |     0.00 | 1.0000 | 1.0000
    3 |          8 |          8.0 |      0.00 |     0.00 |          8.0 |     0.00 | 1.0000 | 1.0000
    4 |         14 |         16.0 |      0.00 |     0.00 |         16.0 |     0.00 | 0.9518 | 1.0000
    5 |         24 |         32.0 |      0.00 |     0.00 |         32.0 |     0.00 | 0.9170 | 1.0000
    6 |         38 |         64.0 |      0.00 |     0.00 |         64.0 |     0.00 | 0.8747 | 1.0000
    7 |         66 |        128.0 |      0.22 |  -277.05 |        127.8 |  -168.83 | 0.8635 | 0.9999
    8 |        108 |        254.4 |      1.32 |  -111.21 |        254.2 |  -107.41 | 0.8444 | 0.9989
    9 |        165 |        498.7 |      3.95 |   -84.52 |        498.8 |  -103.45 | 0.8185 | 0.9958
   10 |        270 |        955.2 |      9.10 |   -75.30 |        956.3 |   -85.64 | 0.8077 | 0.9900
   11 |        430 |       1767.9 |     15.59 |   -85.84 |       1772.8 |   -78.19 | 0.7953 | 0.9807
   12 |        641 |       3161.2 |     27.37 |   -92.09 |       3166.2 |   -79.01 | 0.7770 | 0.9689
   13 |       1024 |       5426.1 |     41.49 |  -106.11 |       5436.9 |   -81.77 | 0.7692 | 0.9543
   14 |       1555 |       8958.3 |     65.89 |  -112.35 |       8973.8 |   -88.28 | 0.7573 | 0.9378
   15 |       2233 |      14234.5 |     99.55 |  -120.56 |      14251.5 |   -91.58 | 0.7417 | 0.9198
   16 |       3549 |      21841.8 |    136.24 |  -134.26 |      21848.5 |   -95.71 | 0.7371 | 0.9009
   17 |       5373 |      32435.7 |    170.47 |  -158.75 |      32426.5 |  -108.04 | 0.7289 | 0.8815
   18 |       7711 |      46720.6 |    214.93 |  -181.50 |      46671.4 |  -136.98 | 0.7174 | 0.8618
   19 |      11587 |      65404.2 |    282.78 |  -190.32 |      65307.7 |  -155.26 | 0.7105 | 0.8420
   20 |      16598 |      89148.8 |    374.44 |  -193.76 |      89038.4 |  -169.46 | 0.7009 | 0.8222
   21 |      23050 |     118582.4 |    454.24 |  -210.31 |     118443.9 |  -169.57 | 0.6901 | 0.8026
   22 |      33244 |     154198.2 |    565.23 |  -213.99 |     154054.5 |  -160.88 | 0.6828 | 0.7834

=== Stream: W6 (L=833334, density rho=0.209028) ===
  p_chi computed in 0.79s
  K=20 permutation controls in 15.84s
  K=20 bern controls in 15.20s
    n |      p_chi |       p_perm |  sig_perm |   z_perm |       p_bern |   z_bern |  h_chi | h_perm
    1 |          2 |          2.0 |      0.00 |     0.00 |          2.0 |     0.00 | 1.0000 | 1.0000
    2 |          4 |          4.0 |      0.00 |     0.00 |          4.0 |     0.00 | 1.0000 | 1.0000
    3 |          8 |          8.0 |      0.00 |     0.00 |          8.0 |     0.00 | 1.0000 | 1.0000
    4 |         16 |         16.0 |      0.00 |     0.00 |         16.0 |     0.00 | 1.0000 | 1.0000
    5 |         31 |         32.0 |      0.00 |     0.00 |         32.0 |     0.00 | 0.9908 | 1.0000
    6 |         61 |         64.0 |      0.00 |     0.00 |         64.0 |     0.00 | 0.9885 | 1.0000
    7 |        119 |        128.0 |      0.00 |     0.00 |        128.0 |     0.00 | 0.9850 | 1.0000
    8 |        229 |        255.9 |      0.22 |  -120.52 |        255.8 |   -73.29 | 0.9799 | 1.0000
    9 |        429 |        510.6 |      0.88 |   -93.30 |        510.5 |   -58.40 | 0.9716 | 0.9996
   10 |        771 |       1009.9 |      4.12 |   -58.05 |       1010.4 |   -56.87 | 0.9591 | 0.9980
   11 |       1433 |       1962.0 |     12.75 |   -41.48 |       1964.0 |   -50.69 | 0.9532 | 0.9944
   12 |       2586 |       3701.3 |     29.75 |   -37.49 |       3707.3 |   -45.91 | 0.9447 | 0.9878
   13 |       4532 |       6721.9 |     58.60 |   -37.37 |       6732.3 |   -44.98 | 0.9343 | 0.9781
   14 |       7626 |      11689.0 |     98.74 |   -41.15 |      11696.1 |   -42.44 | 0.9212 | 0.9652
   15 |      12426 |      19407.6 |    139.66 |   -49.99 |      19399.5 |   -47.35 | 0.9067 | 0.9496
   16 |      20255 |      30778.0 |    189.59 |   -55.51 |      30744.4 |   -49.47 | 0.8941 | 0.9319
   17 |      31555 |      46695.0 |    248.51 |   -60.92 |      46632.7 |   -50.83 | 0.8792 | 0.9124
   18 |      47334 |      67927.9 |    305.70 |   -67.37 |      67855.9 |   -53.87 | 0.8628 | 0.8918
   19 |      68203 |      95004.6 |    371.09 |   -72.22 |      94957.9 |   -55.07 | 0.8451 | 0.8703
   20 |      94999 |     128172.6 |    456.99 |   -72.59 |     128133.1 |   -55.45 | 0.8268 | 0.8484
   21 |     129363 |     167180.2 |    545.37 |   -69.34 |     167175.3 |   -50.21 | 0.8086 | 0.8262
   22 |     170369 |     211449.5 |    579.54 |   -70.88 |     211470.5 |   -46.17 | 0.7899 | 0.8041

=== Stream: W30 (L=166667, density rho=0.261125) ===
  p_chi computed in 0.17s
  K=20 permutation controls in 3.63s
  K=20 bern controls in 4.09s
    n |      p_chi |       p_perm |  sig_perm |   z_perm |       p_bern |   z_bern |  h_chi | h_perm
    1 |          2 |          2.0 |      0.00 |     0.00 |          2.0 |     0.00 | 1.0000 | 1.0000
    2 |          4 |          4.0 |      0.00 |     0.00 |          4.0 |     0.00 | 1.0000 | 1.0000
    3 |          8 |          8.0 |      0.00 |     0.00 |          8.0 |     0.00 | 1.0000 | 1.0000
    4 |         16 |         16.0 |      0.00 |     0.00 |         16.0 |     0.00 | 1.0000 | 1.0000
    5 |         32 |         32.0 |      0.00 |     0.00 |         32.0 |     0.00 | 1.0000 | 1.0000
    6 |         64 |         64.0 |      0.00 |     0.00 |         64.0 |     0.00 | 1.0000 | 1.0000
    7 |        127 |        128.0 |      0.00 |     0.00 |        128.0 |     0.00 | 0.9984 | 1.0000
    8 |        253 |        255.9 |      0.31 |    -9.42 |        255.9 |   -13.19 | 0.9979 | 0.9999
    9 |        500 |        510.9 |      1.19 |    -9.19 |        510.6 |    -9.01 | 0.9962 | 0.9997
   10 |        960 |       1011.8 |      4.71 |   -10.98 |       1011.4 |   -11.16 | 0.9907 | 0.9983
   11 |       1797 |       1962.2 |     13.19 |   -12.53 |       1958.3 |   -12.51 | 0.9829 | 0.9944
   12 |       3253 |       3675.3 |     28.33 |   -14.91 |       3663.0 |   -12.26 | 0.9723 | 0.9870
   13 |       5680 |       6550.9 |     56.03 |   -15.54 |       6526.8 |   -12.20 | 0.9594 | 0.9752
   14 |       9502 |      11032.5 |     96.64 |   -15.84 |      11001.9 |   -12.94 | 0.9439 | 0.9592
   15 |      15237 |      17512.3 |    127.07 |   -17.91 |      17486.0 |   -12.23 | 0.9264 | 0.9397
   16 |      23182 |      26224.5 |    146.08 |   -20.83 |      26221.8 |   -11.57 | 0.9063 | 0.9174
   17 |      33461 |      37173.1 |    149.73 |   -24.79 |      37167.6 |   -10.26 | 0.8841 | 0.8931
   18 |      45989 |      50048.3 |    178.56 |   -22.73 |      50034.7 |    -8.99 | 0.8605 | 0.8673
   19 |      60385 |      64256.3 |    225.20 |   -17.19 |      64254.0 |    -7.36 | 0.8359 | 0.8406
   20 |      76000 |      79083.9 |    263.49 |   -11.70 |      79115.1 |    -5.05 | 0.8107 | 0.8136
   21 |      91886 |      93797.2 |    246.31 |    -7.76 |      93829.9 |    -2.97 | 0.7851 | 0.7865
   22 |     107076 |     107715.6 |    217.00 |    -2.95 |     107721.8 |    -0.96 | 0.7595 | 0.7599

=== Stream: W210 (L=23810, density rho=0.305334) ===
  p_chi computed in 0.03s
  K=20 permutation controls in 0.71s
  K=20 bern controls in 0.69s
    n |      p_chi |       p_perm |  sig_perm |   z_perm |       p_bern |   z_bern |  h_chi | h_perm
    1 |          2 |          2.0 |      0.00 |     0.00 |          2.0 |     0.00 | 1.0000 | 1.0000
    2 |          4 |          4.0 |      0.00 |     0.00 |          4.0 |     0.00 | 1.0000 | 1.0000
    3 |          8 |          8.0 |      0.00 |     0.00 |          8.0 |     0.00 | 1.0000 | 1.0000
    4 |         16 |         16.0 |      0.00 |     0.00 |         16.0 |     0.00 | 1.0000 | 1.0000
    5 |         32 |         32.0 |      0.00 |     0.00 |         32.0 |     0.00 | 1.0000 | 1.0000
    6 |         64 |         64.0 |      0.00 |     0.00 |         64.0 |     0.00 | 1.0000 | 1.0000
    7 |        128 |        128.0 |      0.00 |     0.00 |        128.0 |     0.00 | 1.0000 | 1.0000
    8 |        255 |        255.5 |      0.69 |    -0.73 |        255.4 |    -0.55 | 0.9993 | 0.9996
    9 |        497 |        506.9 |      2.55 |    -3.88 |        505.9 |    -2.47 | 0.9952 | 0.9984
   10 |        934 |        979.9 |      7.77 |    -5.91 |        977.7 |    -4.12 | 0.9867 | 0.9936
   11 |       1678 |       1804.5 |     15.79 |    -8.01 |       1800.8 |    -5.02 | 0.9739 | 0.9834
   12 |       2878 |       3105.3 |     27.02 |    -8.42 |       3097.6 |    -4.96 | 0.9576 | 0.9667
   13 |       4612 |       4940.9 |     42.17 |    -7.80 |       4934.8 |    -3.95 | 0.9362 | 0.9439
   14 |       6916 |       7266.1 |     56.72 |    -6.17 |       7274.2 |    -2.75 | 0.9111 | 0.9162
   15 |       9696 |       9922.5 |     70.26 |    -3.22 |       9943.6 |    -1.46 | 0.8829 | 0.8851
   16 |      12621 |      12680.3 |     78.68 |    -0.75 |      12720.0 |    -0.53 | 0.8515 | 0.8519
   17 |      15442 |      15292.5 |     90.25 |     1.66 |      15346.2 |     0.52 | 0.8185 | 0.8177
   18 |      17876 |      17580.2 |     99.67 |     2.97 |      17642.3 |     1.35 | 0.7848 | 0.7834
   19 |      19838 |      19441.2 |     94.14 |     4.22 |      19496.5 |     2.15 | 0.7514 | 0.7498
   20 |      21238 |      20854.5 |     77.85 |     4.93 |      20910.2 |     2.31 | 0.7187 | 0.7174
   21 |      22215 |      21886.3 |     62.54 |     5.26 |      21916.4 |     2.53 | 0.6876 | 0.6866
   22 |      22837 |      22595.5 |     57.57 |     4.19 |      22606.8 |     2.43 | 0.6581 | 0.6574

Wrote /apps/aplikacijos/prime-research/experiments/dynamical/subword_complexity_chi_p/results.json
