=== N = 2^12 = 4096 ===
  weight (=π(N)) = 564
  primes:        R_bare=23.7487  R_offdc=23.6645  R_cent=23.6703  R_minor=3.1425
  bern_uniform:  R_bare=23.7016±0.3983  R_offdc=23.0983±0.3928  R_cent=2.8334±0.2085  R_minor=2.8395±0.2057
  bern_odd_supp: R_offdc=23.7274±0.4937  R_cent=23.7332±0.4939  R_minor=2.6066±0.2084
  signed_primes (Littlewood): R = 2.9434 ± 0.2479
  liouville:    R = 2.7871
  rudin_shapiro:R = 1.7685  (sqrt(2)=1.4142)
  Salem-Zyg(±1):R ≈ 4.0787
  Z[primes vs uniform-Bern]:   bare=+0.12  offdc=+1.44  cent=+99.96  minor=+1.47
  Z[primes vs odd-Bern]:       offdc=-0.13  cent=-0.13  minor=+2.57
  primes argmax (off-DC) freq/M = 0.500000  primes argmax (minor) freq/M = 0.366655
  primes argmax (minor) closest rational a/q = 11/30 (distance 0.000011)
  Q_max used (main minor-arc): 14; safe_cap = 14
  Major arc R values for primes (|F[a/q]| / sqrt(weight)):
     q= 1  φ(q)= 1  HL_pred=23.749: 23.749
     q= 2  φ(q)= 1  HL_pred=23.749: 23.664
     q= 3  φ(q)= 2  HL_pred=11.874: 11.759 11.817
     q= 4  φ(q)= 2  HL_pred=11.874: 0.465 0.465
     q= 5  φ(q)= 4  HL_pred=5.937: 6.136 5.615 5.623 6.130
     q= 6  φ(q)= 2  HL_pred=11.874: 11.769 11.725
     q= 7  φ(q)= 6  HL_pred=3.958: 4.029 3.919 3.791 3.780 3.874 4.043
     q= 8  φ(q)= 4  HL_pred=5.937: 0.459 0.486 0.486 0.459
     q= 9  φ(q)= 6  HL_pred=3.958: 0.110 0.306 0.327 0.294 0.313 0.104
     q=10  φ(q)= 4  HL_pred=5.937: 5.644 6.067 6.064 5.652
     q=11  φ(q)=10  HL_pred=2.375: 2.075 2.471 2.570 2.193 2.349 2.362 2.246 2.622 2.515 2.055
     q=12  φ(q)= 4  HL_pred=5.937: 0.316 0.367 0.385 0.293
     q=13  φ(q)=12  HL_pred=1.979: 2.121 1.883 2.121 1.899 1.962 1.655 1.676 1.968 1.923 2.116 1.849 2.090
     q=14  φ(q)= 6  HL_pred=3.958: 3.832 3.792 4.033 4.005 3.841 3.855
  liouville argmax freq/M = 0.331264
  Q_max scan (R_minor for primes vs uniform-Bern):
     Q_max=   1: prime=23.6645  bern=2.9006±0.3073  z=+67.56
     Q_max=   2: prime=11.8173  bern=2.8989±0.3560  z=+25.05
     Q_max=   4: prime=11.7691  bern=2.8354±0.1984  z=+45.02
     Q_max=   8: prime=6.0669  bern=2.8474±0.2159  z=+14.91
  times: primes 0.0s; bernoulli 1.3s; signed 0.3s; lambda 0.0s
=== N = 2^14 = 16384 ===
  weight (=π(N)) = 1900
  primes:        R_bare=43.5890  R_offdc=43.5431  R_cent=43.5458  R_minor=5.6612
  bern_uniform:  R_bare=43.5673±0.4599  R_offdc=42.4602±0.4462  R_cent=3.1108±0.2024  R_minor=3.4729±0.3749
  bern_odd_supp: R_offdc=43.6081±0.4184  R_cent=43.6108±0.4184  R_minor=3.3696±0.4152
  signed_primes (Littlewood): R = 3.2127 ± 0.2246
  liouville:    R = 3.1627
  rudin_shapiro:R = 1.7960  (sqrt(2)=1.4142)
  Salem-Zyg(±1):R ≈ 4.4055
  Z[primes vs uniform-Bern]:   bare=+0.05  offdc=+2.43  cent=+199.77  minor=+5.84
  Z[primes vs odd-Bern]:       offdc=-0.16  cent=-0.16  minor=+5.52
  primes argmax (off-DC) freq/M = 0.500000  primes argmax (minor) freq/M = 0.033331
  primes argmax (minor) closest rational a/q = 29/30 (distance 0.000003)
  Q_max used (main minor-arc): 29; safe_cap = 29
  Major arc R values for primes (|F[a/q]| / sqrt(weight)):
     q= 1  φ(q)= 1  HL_pred=43.589: 43.589
     q= 2  φ(q)= 1  HL_pred=43.589: 43.543
     q= 3  φ(q)= 2  HL_pred=21.794: 21.693 21.751
     q= 4  φ(q)= 2  HL_pred=21.794: 0.391 0.391
     q= 5  φ(q)= 4  HL_pred=10.897: 11.164 10.574 10.574 11.164
     q= 6  φ(q)= 2  HL_pred=21.794: 21.725 21.674
     q= 7  φ(q)= 6  HL_pred=7.265: 7.306 7.239 7.143 7.081 7.286 7.266
     q= 8  φ(q)= 4  HL_pred=10.897: 0.292 0.332 0.332 0.292
     q= 9  φ(q)= 6  HL_pred=7.265: 0.172 0.220 0.318 0.336 0.221 0.187
     q=10  φ(q)= 4  HL_pred=10.897: 10.588 11.126 11.126 10.588
     q=11  φ(q)=10  HL_pred=4.359: 4.366 4.445 4.603 4.243 3.937 3.936 4.319 4.591 4.434 4.375
     q=12  φ(q)= 4  HL_pred=10.897: 0.373 0.411 0.407 0.373
     q=13  φ(q)=12  HL_pred=3.632: 3.740 3.458 3.775 3.682 3.599 3.361 3.380 3.591 3.709 3.786 3.501 3.749
     q=14  φ(q)= 6  HL_pred=7.265: 7.106 7.244 7.262 7.294 7.201 7.174
     q=15  φ(q)= 8  HL_pred=5.449: 5.369 5.414 5.241 5.686 5.700 5.205 5.395 5.332
     q=16  φ(q)= 8  HL_pred=5.449: 0.321 0.156 0.117 0.279 0.279 0.117 0.156 0.321
     q=17  φ(q)=16  HL_pred=2.724: 2.842 2.720 2.869 2.964 2.604 2.411 2.712 2.555 2.533 2.688 2.394 2.633 2.976 2.825 2.654 2.890
     q=18  φ(q)= 6  HL_pred=7.265: 0.295 0.186 0.163 0.140 0.178 0.272
     q=19  φ(q)=18  HL_pred=2.422: 2.363 2.338 2.537 2.537 2.401 2.227 2.336 2.392 2.691 2.625 2.346 2.344 2.200 2.446 2.559 2.545 2.321 2.365
     q=20  φ(q)= 8  HL_pred=5.449: 0.063 0.211 0.256 0.046 0.046 0.256 0.211 0.063
     q=21  φ(q)=12  HL_pred=3.632: 3.635 3.644 3.594 3.491 3.683 3.649 3.603 3.680 3.462 3.584 3.611 3.656
     q=22  φ(q)=10  HL_pred=4.359: 3.973 4.314 4.546 4.406 4.399 4.382 4.410 4.559 4.247 3.978
     q=23  φ(q)=22  HL_pred=1.981: 2.407 2.102 1.946 1.998 2.031 1.817 1.914 1.703 2.056 2.102 1.711 1.680 2.122 2.054 1.699 1.920 1.825 1.935 2.023 1.945 2.100 2.402
     q=24  φ(q)= 8  HL_pred=5.449: 0.586 0.739 0.765 0.571 0.631 0.729 0.763 0.526
     q=25  φ(q)=20  HL_pred=2.179: 0.218 0.391 0.221 0.268 0.236 0.571 0.328 0.203 0.448 0.184 0.184 0.430 0.201 0.311 0.509 0.219 0.291 0.178 0.347 0.180
     q=26  φ(q)=12  HL_pred=3.632: 3.422 3.591 3.673 3.743 3.489 3.777 3.761 3.438 3.730 3.653 3.608 3.405
     q=27  φ(q)=18  HL_pred=2.422: 0.563 0.196 0.288 0.237 0.157 0.343 0.354 0.343 0.125 0.119 0.340 0.345 0.335 0.204 0.232 0.307 0.144 0.560
     q=28  φ(q)=12  HL_pred=3.632: 0.065 0.435 0.548 0.554 0.431 0.118 0.106 0.402 0.560 0.552 0.457 0.073
     q=29  φ(q)=28  HL_pred=1.557: 1.665 1.504 1.651 1.673 1.674 1.870 1.536 1.493 1.477 1.332 1.158 1.497 1.752 1.665 1.665 1.752 1.497 1.158 1.332 1.477 1.493 1.536 1.870 1.674 1.673 1.651 1.504 1.665
  liouville argmax freq/M = 0.478216
  Q_max scan (R_minor for primes vs uniform-Bern):
     Q_max=   1: prime=43.5431  bern=3.4145±0.4010  z=+100.07
     Q_max=   2: prime=21.7510  bern=3.4064±0.2763  z=+66.39
     Q_max=   4: prime=21.7250  bern=3.4872±0.4987  z=+36.57
     Q_max=   8: prime=11.1264  bern=3.5817±0.3989  z=+18.91
     Q_max=  16: prime=5.6612  bern=3.4555±0.4182  z=+5.27
  times: primes 0.1s; bernoulli 4.0s; signed 0.7s; lambda 0.0s
=== N = 2^16 = 65536 ===
  weight (=π(N)) = 6542
  primes:        R_bare=80.8826  R_offdc=80.8579  R_cent=80.8591  R_minor=6.3985
  bern_uniform:  R_bare=80.8457±0.4458  R_offdc=78.7870±0.4349  R_cent=3.3451±0.2121  R_minor=5.7214±0.6613
  bern_odd_supp: R_offdc=80.8875±0.5489  R_cent=80.8887±0.5489  R_minor=5.9316±0.5598
  signed_primes (Littlewood): R = 3.3745 ± 0.1739
  liouville:    R = 3.3814
  rudin_shapiro:R = 2.0274  (sqrt(2)=1.4142)
  Salem-Zyg(±1):R ≈ 4.7096
  Z[primes vs uniform-Bern]:   bare=+0.08  offdc=+4.76  cent=+365.54  minor=+1.02
  Z[primes vs odd-Bern]:       offdc=-0.05  cent=-0.05  minor=+0.83
  primes argmax (off-DC) freq/M = 0.500000  primes argmax (minor) freq/M = 0.000068
  primes argmax (minor) closest rational a/q = 0/1 (distance 0.000068)
  Q_max used (main minor-arc): 58; safe_cap = 58
  Major arc R values for primes (|F[a/q]| / sqrt(weight)):
     q= 1  φ(q)= 1  HL_pred=80.883: 80.883
     q= 2  φ(q)= 1  HL_pred=80.883: 80.858
     q= 3  φ(q)= 2  HL_pred=40.441: 40.282 40.405
     q= 4  φ(q)= 2  HL_pred=40.441: 0.334 0.334
     q= 5  φ(q)= 4  HL_pred=20.221: 20.505 19.802 19.874 20.484
     q= 6  φ(q)= 2  HL_pred=40.441: 40.391 40.272
     q= 7  φ(q)= 6  HL_pred=13.480: 13.394 13.487 13.382 13.371 13.524 13.471
     q= 8  φ(q)= 4  HL_pred=20.221: 0.386 0.410 0.410 0.386
     q= 9  φ(q)= 6  HL_pred=13.480: 0.162 0.141 0.141 0.159 0.142 0.150
     q=10  φ(q)= 4  HL_pred=20.221: 19.881 20.466 20.484 19.813
     q=11  φ(q)=10  HL_pred=8.088: 7.906 8.110 8.189 8.249 7.837 7.892 8.185 8.213 8.036 7.918
     q=12  φ(q)= 4  HL_pred=20.221: 0.192 0.131 0.214 0.110
     q=13  φ(q)=12  HL_pred=6.740: 6.777 6.617 6.655 6.904 6.639 6.607 6.629 6.673 6.959 6.672 6.662 6.792
     q=14  φ(q)= 6  HL_pred=13.480: 13.385 13.501 13.467 13.385 13.466 13.400
     q=15  φ(q)= 8  HL_pred=10.110: 9.887 10.444 10.010 9.983 10.058 9.983 10.392 9.812
     q=16  φ(q)= 8  HL_pred=10.110: 0.146 0.431 0.426 0.149 0.149 0.426 0.431 0.146
     q=17  φ(q)=16  HL_pred=5.055: 5.166 5.043 4.928 4.991 5.359 4.895 4.870 5.061 5.014 4.837 4.915 5.307 5.028 4.906 5.098 5.190
     q=18  φ(q)= 6  HL_pred=13.480: 0.134 0.160 0.162 0.167 0.150 0.117
     q=19  φ(q)=18  HL_pred=4.493: 4.438 4.468 4.515 4.514 4.474 4.378 4.648 4.377 4.538 4.574 4.344 4.753 4.390 4.541 4.508 4.490 4.455 4.454
     q=20  φ(q)= 8  HL_pred=10.110: 0.391 0.531 0.536 0.415 0.415 0.554 0.512 0.393
     q=21  φ(q)=12  HL_pred=6.740: 6.503 6.959 6.443 6.333 6.992 6.896 6.952 7.007 6.387 6.507 7.009 6.543
     q=22  φ(q)=10  HL_pred=8.088: 7.912 8.177 8.189 8.023 7.931 7.915 8.093 8.166 8.245 7.859
     q=23  φ(q)=22  HL_pred=3.676: 3.689 3.583 3.652 3.727 3.808 3.671 3.892 3.464 3.263 3.822 3.704 3.754 3.766 3.295 3.423 3.940 3.649 3.798 3.727 3.701 3.574 3.724
     q=24  φ(q)= 8  HL_pred=10.110: 0.411 0.515 0.567 0.462 0.433 0.510 0.568 0.439
     q=25  φ(q)=20  HL_pred=4.044: 0.123 0.083 0.088 0.144 0.517 0.370 0.135 0.288 0.210 0.272 0.275 0.167 0.263 0.145 0.331 0.543 0.151 0.068 0.106 0.101
     q=26  φ(q)=12  HL_pred=6.740: 6.650 6.675 6.941 6.649 6.654 6.806 6.787 6.605 6.631 6.889 6.645 6.630
     q=27  φ(q)=18  HL_pred=4.493: 0.145 0.370 0.531 0.199 0.337 0.234 0.016 0.359 0.334 0.338 0.365 0.025 0.209 0.322 0.196 0.544 0.348 0.176
     q=28  φ(q)=12  HL_pred=6.740: 0.102 0.215 0.292 0.317 0.216 0.048 0.108 0.237 0.314 0.292 0.200 0.050
     q=29  φ(q)=28  HL_pred=2.889: 3.226 2.880 2.598 2.940 2.822 2.802 3.153 2.744 3.084 2.733 2.970 2.988 3.067 2.355 2.403 2.990 2.978 2.979 2.769 3.021 2.699 3.148 2.835 2.788 2.962 2.528 2.908 3.176
     q=30  φ(q)= 8  HL_pred=10.110: 10.036 10.008 10.391 9.793 9.872 10.449 10.033 9.959
     q=31  φ(q)=30  HL_pred=2.696: 2.249 2.514 3.167 2.828 2.644 2.589 2.634 2.819 2.578 2.846 3.044 2.692 2.613 2.558 2.563 2.512 2.535 2.586 2.732 3.057 2.877 2.693 2.859 2.666 2.589 2.673 2.775 3.048 2.533 2.291
     q=32  φ(q)=16  HL_pred=5.055: 0.291 0.206 0.575 0.257 0.226 0.504 0.161 0.341 0.314 0.200 0.550 0.244 0.235 0.527 0.176 0.324
     q=33  φ(q)=20  HL_pred=4.044: 3.905 4.024 3.649 3.821 4.226 3.826 4.394 4.155 4.091 4.210 4.160 4.095 4.250 4.355 3.816 4.214 3.895 3.647 3.914 3.868
     q=34  φ(q)=16  HL_pred=5.055: 5.034 4.845 4.907 5.285 5.004 4.892 5.099 5.210 5.183 5.040 4.911 4.967 5.340 4.891 4.883 5.084
     q=35  φ(q)=24  HL_pred=3.370: 3.544 3.603 3.257 3.317 3.299 2.931 3.321 3.149 3.238 3.649 3.253 3.715 3.698 3.213 3.679 3.265 3.190 3.326 2.929 3.290 3.302 3.292 3.688 3.572
     q=36  φ(q)=12  HL_pred=6.740: 0.420 0.062 0.388 0.369 0.066 0.405 0.408 0.064 0.379 0.383 0.063 0.413
     q=37  φ(q)=36  HL_pred=2.247: 2.281 2.143 2.445 2.442 1.921 2.347 2.394 2.202 2.029 2.168 2.284 2.357 2.169 2.006 2.600 2.330 2.206 2.306 2.252 2.187 2.268 2.613 2.032 2.083 2.368 2.301 2.163 2.094 2.196 2.389 2.403 1.937 2.435 2.471 2.196 2.239
     q=38  φ(q)=18  HL_pred=4.493: 4.598 4.355 4.748 4.372 4.516 4.490 4.486 4.464 4.474 4.455 4.472 4.506 4.493 4.450 4.363 4.647 4.393 4.562
     q=39  φ(q)=24  HL_pred=3.370: 3.511 3.363 3.445 3.534 3.579 3.081 3.324 3.315 3.466 3.437 3.210 3.010 3.044 3.279 3.446 3.434 3.294 3.355 3.068 3.607 3.545 3.411 3.387 3.537
     q=40  φ(q)=16  HL_pred=5.055: 0.371 0.328 0.410 0.765 0.717 0.368 0.302 0.435 0.390 0.313 0.429 0.766 0.712 0.352 0.312 0.413
     q=41  φ(q)=40  HL_pred=2.022: 2.337 1.899 1.496 2.063 1.892 2.263 2.000 2.242 2.557 2.489 1.849 1.883 1.703 1.827 2.100 1.881 2.124 1.753 1.894 2.346 2.308 1.893 1.701 2.117 1.941 2.086 1.888 1.674 1.969 1.869 2.409 2.530 2.240 1.937 2.293 1.915 2.117 1.407 1.842 2.326
     q=42  φ(q)=12  HL_pred=6.740: 6.929 7.006 6.411 6.524 7.000 6.522 6.485 6.954 6.464 6.358 6.987 6.871
     q=43  φ(q)=42  HL_pred=1.926: 1.761 2.229 1.942 1.870 2.128 2.078 2.150 1.861 2.124 1.870 1.971 1.607 2.060 1.823 2.137 1.641 1.965 1.681 2.010 1.838 1.828 1.810 1.880 1.945 1.675 1.932 1.645 2.254 1.872 2.126 1.614 2.065 1.860 2.094 1.850 2.199 2.148 2.055 1.923 1.908 2.215 1.790
     q=44  φ(q)=20  HL_pred=4.044: 0.628 0.539 0.526 0.711 0.551 0.552 0.711 0.492 0.501 0.612 0.649 0.517 0.518 0.727 0.556 0.542 0.691 0.494 0.521 0.588
     q=45  φ(q)=24  HL_pred=3.370: 0.591 0.343 0.517 0.235 0.107 0.250 0.097 0.505 0.127 0.276 0.264 0.150 0.199 0.229 0.281 0.082 0.520 0.107 0.251 0.118 0.242 0.487 0.349 0.572
     q=46  φ(q)=22  HL_pred=3.676: 3.777 3.782 3.297 3.411 3.920 3.624 3.777 3.716 3.700 3.587 3.745 3.707 3.592 3.647 3.713 3.785 3.647 3.875 3.457 3.270 3.841 3.729
     q=47  φ(q)=46  HL_pred=1.758: 1.588 1.857 1.742 1.500 1.615 1.865 1.906 1.958 1.868 1.570 1.728 1.978 1.594 1.813 1.577 1.928 2.337 1.922 1.790 1.713 1.832 1.576 1.546 1.522 1.529 1.789 1.652 1.763 1.917 2.366 1.945 1.549 1.809 1.586 2.028 1.711 1.542 1.747 1.986 1.935 1.884 1.644 1.474 1.736 1.915 1.508
     q=48  φ(q)=16  HL_pred=5.055: 0.336 0.387 0.245 0.299 0.291 0.207 0.455 0.322 0.320 0.409 0.231 0.313 0.273 0.216 0.431 0.331
     q=49  φ(q)=42  HL_pred=1.926: 0.251 0.936 0.143 0.355 0.423 0.230 0.122 0.266 0.249 0.369 0.407 0.087 0.265 0.475 0.530 0.427 0.514 0.750 0.229 0.344 0.346 0.355 0.286 0.233 0.734 0.516 0.444 0.471 0.434 0.267 0.093 0.392 0.346 0.283 0.232 0.080 0.259 0.401 0.393 0.128 0.893 0.287
     q=50  φ(q)=20  HL_pred=4.044: 0.272 0.190 0.287 0.168 0.327 0.541 0.130 0.061 0.105 0.110 0.139 0.067 0.086 0.122 0.521 0.367 0.155 0.313 0.235 0.271
     q=51  φ(q)=32  HL_pred=2.528: 2.289 2.877 2.208 2.658 2.235 2.436 2.807 2.773 2.663 2.545 2.668 2.462 2.691 2.316 2.395 2.493 2.440 2.450 2.399 2.691 2.547 2.600 2.548 2.654 2.781 2.795 2.512 2.213 2.542 2.207 2.849 2.276
     q=52  φ(q)=24  HL_pred=3.370: 0.162 0.067 0.485 0.513 0.430 0.439 0.376 0.414 0.516 0.474 0.115 0.221 0.184 0.091 0.462 0.529 0.426 0.421 0.399 0.408 0.493 0.498 0.091 0.202
     q=53  φ(q)=52  HL_pred=1.555: 2.131 1.184 1.665 1.617 1.474 1.949 1.808 1.508 1.399 1.820 1.357 1.172 1.836 1.768 1.679 1.645 1.703 1.308 1.374 1.652 1.514 1.275 1.259 1.424 1.716 1.501 1.449 1.729 1.463 1.238 1.339 1.567 1.633 1.409 1.340 1.727 1.675 1.656 1.800 1.869 1.194 1.370 1.862 1.397 1.477 1.728 1.944 1.538 1.612 1.703 1.186 2.123
     q=54  φ(q)=18  HL_pred=4.493: 0.322 0.387 0.039 0.216 0.297 0.177 0.519 0.348 0.198 0.170 0.376 0.507 0.183 0.315 0.235 0.035 0.379 0.323
     q=55  φ(q)=40  HL_pred=2.022: 2.377 1.839 1.975 1.962 1.855 2.058 2.326 2.047 1.970 2.169 2.131 2.281 1.830 1.937 1.534 2.002 1.925 2.333 2.248 1.976 1.983 2.274 2.293 1.846 1.963 1.586 1.998 1.832 2.285 2.059 2.188 1.980 2.050 2.272 2.085 1.862 2.016 2.072 1.870 2.396
     q=56  φ(q)=24  HL_pred=3.370: 0.592 0.319 0.649 0.269 0.446 0.331 0.323 0.434 0.218 0.665 0.323 0.643 0.604 0.332 0.673 0.256 0.441 0.334 0.312 0.434 0.227 0.641 0.317 0.636
     q=57  φ(q)=36  HL_pred=2.247: 2.056 2.001 2.323 2.288 2.149 1.585 2.577 2.932 2.036 2.081 2.100 2.632 2.369 2.444 2.237 2.522 2.326 1.846 1.919 2.264 2.508 2.182 2.456 2.314 2.640 2.050 2.090 1.981 2.953 2.642 1.613 2.189 2.270 2.276 2.121 2.078
     q=58  φ(q)=28  HL_pred=2.889: 2.426 3.007 2.986 2.980 2.758 2.999 2.675 3.123 2.817 2.776 2.962 2.538 2.922 3.200 3.248 2.890 2.604 2.935 2.806 2.781 3.128 2.722 3.066 2.726 2.975 3.000 3.087 2.379
  liouville argmax freq/M = 0.067483
  Q_max scan (R_minor for primes vs uniform-Bern):
     Q_max=   1: prime=80.8579  bern=5.7502±0.5309  z=+141.48
     Q_max=   2: prime=40.4047  bern=6.0270±0.6270  z=+54.83
     Q_max=   4: prime=40.3909  bern=5.7579±0.5464  z=+63.39
     Q_max=   8: prime=20.4844  bern=5.9334±0.5109  z=+28.48
     Q_max=  16: prime=10.4485  bern=5.8462±0.4988  z=+9.23
     Q_max=  32: prime=7.0059  bern=5.8260±0.4678  z=+2.52
  times: primes 1.3s; bernoulli 62.9s; signed 14.7s; lambda 0.3s
=== N = 2^18 = 262144 ===
  weight (=π(N)) = 23000
  primes:        R_bare=151.6575  R_offdc=151.6443  R_cent=151.6449  R_minor=12.3098
  bern_uniform:  R_bare=151.6167±0.3895  R_offdc=147.7483±0.3770  R_cent=3.5434±0.1547  R_minor=10.7057±0.7539
  bern_odd_supp: R_offdc=151.6533±0.4407  R_cent=151.6538±0.4407  R_minor=10.9023±0.6664
  signed_primes (Littlewood): R = 3.6169 ± 0.1968
  liouville:    R = 3.9517
  rudin_shapiro:R = 2.1814  (sqrt(2)=1.4142)
  Salem-Zyg(±1):R ≈ 4.9953
  Z[primes vs uniform-Bern]:   bare=+0.10  offdc=+10.33  cent=+957.64  minor=+2.13
  Z[primes vs odd-Bern]:       offdc=-0.02  cent=-0.02  minor=+2.11
  primes argmax (off-DC) freq/M = 0.500000  primes argmax (minor) freq/M = 0.999983
  primes argmax (minor) closest rational a/q = 0/1 (distance 0.000017)
  Q_max used (main minor-arc): 64; safe_cap = 116
  Major arc R values for primes (|F[a/q]| / sqrt(weight)):
     q= 1  φ(q)= 1  HL_pred=151.658: 151.658
     q= 2  φ(q)= 1  HL_pred=151.658: 151.644
     q= 3  φ(q)= 2  HL_pred=75.829: 75.599 75.763
     q= 4  φ(q)= 2  HL_pred=75.829: 0.363 0.363
     q= 5  φ(q)= 4  HL_pred=37.914: 38.102 37.711 37.711 38.102
     q= 6  φ(q)= 2  HL_pred=75.829: 75.755 75.594
     q= 7  φ(q)= 6  HL_pred=25.276: 25.183 25.328 25.167 25.207 25.225 25.216
     q= 8  φ(q)= 4  HL_pred=37.914: 0.225 0.233 0.233 0.225
     q= 9  φ(q)= 6  HL_pred=25.276: 0.070 0.209 0.181 0.186 0.224 0.067
     q=10  φ(q)= 4  HL_pred=37.914: 37.715 38.091 38.091 37.715
     q=11  φ(q)=10  HL_pred=15.166: 15.219 15.231 15.316 14.855 15.014 14.946 14.836 15.338 15.270 15.272
     q=12  φ(q)= 4  HL_pred=37.914: 0.295 0.284 0.307 0.272
     q=13  φ(q)=12  HL_pred=12.638: 12.753 12.229 12.912 12.856 12.436 12.607 12.607 12.436 12.856 12.912 12.229 12.753
     q=14  φ(q)= 6  HL_pred=25.276: 25.215 25.213 25.214 25.178 25.316 25.176
     q=15  φ(q)= 8  HL_pred=18.957: 19.010 18.816 18.674 19.186 19.140 18.659 18.883 18.979
     q=16  φ(q)= 8  HL_pred=18.957: 0.066 0.148 0.157 0.079 0.079 0.157 0.148 0.066
     q=17  φ(q)=16  HL_pred=9.479: 9.562 9.645 9.228 9.332 9.207 9.483 9.318 9.727 9.786 9.422 9.452 9.236 9.341 9.228 9.615 9.648
     q=18  φ(q)= 6  HL_pred=25.276: 0.197 0.227 0.055 0.058 0.217 0.194
     q=19  φ(q)=18  HL_pred=8.425: 8.326 8.546 8.548 8.410 8.294 8.190 8.573 8.486 8.324 8.269 8.530 8.608 8.166 8.298 8.414 8.538 8.576 8.331
     q=20  φ(q)= 8  HL_pred=18.957: 0.041 0.302 0.313 0.029 0.029 0.313 0.302 0.041
     q=21  φ(q)=12  HL_pred=12.638: 12.516 12.592 12.373 12.598 12.816 12.840 12.817 12.773 12.628 12.320 12.501 12.495
     q=22  φ(q)=10  HL_pred=15.166: 14.956 14.832 15.325 15.262 15.278 15.223 15.222 15.304 14.854 15.025
     q=23  φ(q)=22  HL_pred=6.894: 6.793 7.045 6.981 6.706 6.653 6.773 6.887 6.851 6.966 6.883 6.972 6.927 6.847 7.010 6.914 6.869 6.788 6.668 6.784 6.961 7.079 6.820
     q=24  φ(q)= 8  HL_pred=18.957: 0.435 0.383 0.382 0.403 0.448 0.381 0.382 0.390
     q=25  φ(q)=20  HL_pred=7.583: 0.269 0.410 0.135 0.221 0.252 0.129 0.260 0.128 0.374 0.302 0.265 0.390 0.132 0.291 0.143 0.191 0.250 0.112 0.420 0.314
     q=26  φ(q)=12  HL_pred=12.638: 12.619 12.438 12.846 12.899 12.224 12.761 12.761 12.224 12.899 12.846 12.438 12.619
     q=27  φ(q)=18  HL_pred=8.425: 0.127 0.048 0.181 0.168 0.083 0.394 0.460 0.079 0.200 0.207 0.087 0.479 0.392 0.110 0.140 0.143 0.072 0.142
     q=28  φ(q)=12  HL_pred=12.638: 0.206 0.142 0.260 0.276 0.202 0.232 0.199 0.132 0.272 0.262 0.211 0.234
     q=29  φ(q)=28  HL_pred=5.416: 5.439 5.524 5.398 5.432 5.379 5.467 5.305 5.398 5.382 5.570 5.214 5.336 5.460 5.364 5.328 5.482 5.314 5.293 5.562 5.361 5.376 5.252 5.499 5.431 5.464 5.389 5.490 5.440
     q=30  φ(q)= 8  HL_pred=18.957: 19.129 18.673 18.884 18.969 19.002 18.819 18.687 19.173
     q=31  φ(q)=30  HL_pred=5.055: 5.041 5.148 4.865 4.742 5.118 5.175 4.708 5.357 5.096 5.045 5.250 5.263 4.785 4.993 5.132 5.129 4.941 4.774 5.288 5.146 5.058 5.112 5.262 4.732 5.195 5.096 4.727 4.913 5.113 5.052
     q=32  φ(q)=16  HL_pred=9.479: 0.296 0.166 0.353 0.183 0.148 0.324 0.223 0.255 0.301 0.173 0.339 0.174 0.157 0.338 0.214 0.251
     q=33  φ(q)=20  HL_pred=7.583: 7.504 7.692 7.482 7.691 7.484 7.365 7.398 7.631 7.912 7.569 7.556 7.868 7.679 7.281 7.365 7.487 7.667 7.520 7.628 7.466
     q=34  φ(q)=16  HL_pred=9.479: 9.798 9.428 9.447 9.224 9.329 9.222 9.618 9.658 9.570 9.646 9.220 9.319 9.197 9.480 9.326 9.740
     q=35  φ(q)=24  HL_pred=6.319: 6.158 6.178 6.160 6.526 6.247 6.661 6.285 6.202 6.569 6.222 6.201 6.286 6.322 6.223 6.247 6.559 6.275 6.241 6.656 6.186 6.598 6.169 6.164 6.172
     q=36  φ(q)=12  HL_pred=12.638: 0.148 0.466 0.261 0.284 0.409 0.177 0.160 0.453 0.255 0.293 0.421 0.167
     q=37  φ(q)=36  HL_pred=4.213: 4.476 4.209 3.900 4.257 3.919 3.829 4.870 4.119 4.379 4.109 4.422 4.536 3.936 4.125 4.215 4.352 4.474 3.717 3.717 4.474 4.352 4.215 4.125 3.936 4.536 4.422 4.109 4.379 4.119 4.870 3.829 3.919 4.257 3.900 4.209 4.476
     q=38  φ(q)=18  HL_pred=8.425: 8.281 8.536 8.605 8.156 8.285 8.403 8.536 8.580 8.342 8.335 8.547 8.543 8.398 8.282 8.181 8.573 8.494 8.336
     q=39  φ(q)=24  HL_pred=6.319: 6.231 6.412 6.394 6.071 6.095 6.560 6.480 6.035 6.613 6.239 6.504 6.135 6.118 6.547 6.235 6.593 6.002 6.528 6.478 6.067 5.999 6.359 6.391 6.256
     q=40  φ(q)=16  HL_pred=9.479: 0.250 0.188 0.136 0.184 0.171 0.132 0.183 0.261 0.261 0.183 0.132 0.171 0.184 0.136 0.188 0.250
     q=41  φ(q)=40  HL_pred=3.791: 3.806 4.030 3.390 3.767 3.771 3.865 3.365 3.767 3.652 3.430 3.860 3.764 3.785 3.738 3.907 4.185 3.654 4.024 4.171 3.810 3.828 4.166 3.972 3.691 4.184 3.858 3.802 3.769 3.853 3.798 3.437 3.640 3.731 3.374 3.938 3.736 3.772 3.412 4.027 3.867
     q=42  φ(q)=12  HL_pred=12.638: 12.805 12.774 12.641 12.328 12.494 12.483 12.506 12.588 12.383 12.611 12.814 12.827
     q=43  φ(q)=42  HL_pred=3.611: 3.400 3.708 3.455 3.773 3.559 3.647 3.676 3.878 3.611 3.691 3.749 3.428 3.846 3.722 3.128 3.456 3.951 3.574 3.577 3.732 3.308 3.331 3.699 3.654 3.600 3.970 3.454 3.174 3.705 3.766 3.437 3.694 3.624 3.638 3.898 3.720 3.664 3.511 3.820 3.414 3.641 3.427
     q=44  φ(q)=20  HL_pred=7.583: 0.214 0.694 0.413 0.336 0.215 0.242 0.376 0.426 0.641 0.197 0.205 0.690 0.402 0.342 0.213 0.244 0.370 0.436 0.642 0.210
     q=45  φ(q)=24  HL_pred=6.319: 0.229 0.476 0.656 0.504 0.327 0.200 0.678 0.358 0.252 0.196 0.440 0.317 0.328 0.483 0.197 0.245 0.301 0.631 0.233 0.311 0.488 0.656 0.499 0.316
     q=46  φ(q)=22  HL_pred=6.894: 6.939 6.855 7.012 6.909 6.858 6.774 6.656 6.776 6.963 7.086 6.831 6.802 7.050 6.980 6.696 6.641 6.760 6.877 6.848 6.970 6.893 6.985
     q=47  φ(q)=46  HL_pred=3.297: 3.394 3.073 3.307 3.277 3.218 3.200 3.054 2.993 3.115 3.340 2.984 3.278 2.900 3.501 3.671 3.289 3.385 3.678 3.282 3.449 3.599 3.541 3.175 3.293 3.552 3.585 3.324 3.262 3.628 3.420 3.322 3.664 3.523 2.892 3.295 2.955 3.377 3.213 3.012 3.089 3.211 3.200 3.296 3.291 3.102 3.460
     q=48  φ(q)=16  HL_pred=9.479: 0.243 0.190 0.301 0.265 0.288 0.296 0.184 0.253 0.230 0.203 0.314 0.266 0.285 0.287 0.171 0.266
     q=49  φ(q)=42  HL_pred=3.611: 0.242 0.297 0.312 0.475 0.597 0.069 0.103 0.036 0.192 0.254 0.381 0.254 0.132 0.274 0.288 0.345 0.312 0.550 0.341 0.216 0.611 0.578 0.221 0.333 0.563 0.349 0.352 0.259 0.324 0.134 0.232 0.402 0.254 0.177 0.016 0.085 0.090 0.615 0.484 0.302 0.409 0.216
     q=50  φ(q)=20  HL_pred=7.583: 0.257 0.392 0.124 0.279 0.145 0.179 0.239 0.122 0.433 0.326 0.281 0.422 0.148 0.213 0.240 0.124 0.247 0.117 0.372 0.291
     q=51  φ(q)=32  HL_pred=4.739: 4.789 4.524 4.595 4.393 4.991 4.646 4.684 5.045 4.845 5.046 4.708 4.720 4.608 4.909 4.632 4.561 4.466 4.577 4.954 4.614 4.727 4.675 5.026 4.780 5.012 4.714 4.679 5.076 4.405 4.579 4.495 4.791
     q=52  φ(q)=24  HL_pred=6.319: 0.347 0.349 0.601 0.428 0.190 0.058 0.063 0.203 0.440 0.594 0.336 0.356 0.356 0.336 0.594 0.440 0.203 0.063 0.058 0.190 0.428 0.601 0.349 0.347
     q=53  φ(q)=52  HL_pred=2.916: 2.811 2.601 2.999 3.114 2.871 2.839 2.824 3.022 2.892 2.808 3.345 2.897 2.750 3.065 2.597 2.924 3.165 2.636 2.922 3.071 2.638 2.784 3.308 3.231 2.858 3.061 3.032 2.819 3.170 3.339 2.735 2.646 3.060 2.846 2.680 3.184 2.988 2.623 3.122 2.724 2.985 3.347 2.836 2.773 3.019 2.859 2.865 2.835 3.042 2.942 2.580 2.757
     q=54  φ(q)=18  HL_pred=8.425: 0.207 0.074 0.491 0.396 0.121 0.153 0.131 0.076 0.155 0.140 0.046 0.168 0.181 0.092 0.400 0.472 0.071 0.200
     q=55  φ(q)=40  HL_pred=3.791: 4.350 3.911 3.953 3.827 3.607 3.542 3.625 3.609 3.736 3.680 3.723 4.038 4.184 3.847 3.676 3.530 3.766 3.701 4.123 3.486 3.496 4.150 3.730 3.747 3.574 3.704 3.852 4.175 3.989 3.690 3.633 3.739 3.586 3.673 3.540 3.535 3.836 4.009 3.933 4.366
     q=56  φ(q)=24  HL_pred=6.319: 0.163 0.523 0.380 0.174 0.414 0.371 0.389 0.339 0.137 0.442 0.511 0.136 0.167 0.516 0.391 0.177 0.423 0.361 0.398 0.328 0.141 0.430 0.520 0.130
     q=57  φ(q)=36  HL_pred=4.213: 3.951 4.296 4.146 4.319 4.266 3.749 4.348 4.524 4.473 4.147 3.940 4.308 4.283 4.327 4.174 4.093 4.120 4.157 4.189 4.145 4.126 4.186 4.355 4.255 4.336 4.011 4.154 4.474 4.551 4.335 3.787 4.296 4.372 4.139 4.298 3.958
     q=58  φ(q)=28  HL_pred=5.416: 5.340 5.492 5.319 5.294 5.555 5.351 5.363 5.239 5.489 5.424 5.462 5.393 5.499 5.452 5.451 5.531 5.400 5.428 5.370 5.455 5.292 5.386 5.373 5.566 5.218 5.343 5.471 5.377
     q=59  φ(q)=58  HL_pred=2.615: 2.238 3.058 2.787 2.201 2.740 2.563 2.773 2.674 2.428 2.360 2.872 2.760 2.664 2.359 2.511 2.508 2.778 2.496 2.567 2.827 2.885 2.326 2.270 2.810 2.820 2.738 2.182 2.875 2.999 2.929 2.888 2.234 2.766 2.831 2.786 2.345 2.367 2.923 2.805 2.608 2.505 2.848 2.526 2.494 2.305 2.514 2.724 2.784 2.347 2.385 2.634 2.710 2.563 2.737 2.152 2.797 3.106 2.218
     q=60  φ(q)=16  HL_pred=9.479: 0.058 0.305 0.270 0.289 0.272 0.282 0.291 0.069 0.046 0.291 0.269 0.284 0.280 0.281 0.304 0.081
     q=61  φ(q)=60  HL_pred=2.528: 2.735 2.310 2.539 2.452 2.596 2.434 2.058 2.425 2.384 2.573 2.231 2.812 2.317 2.804 2.462 2.383 2.633 2.792 2.526 2.687 2.801 2.769 2.553 2.474 2.781 2.734 2.403 2.608 2.610 2.396 2.362 2.699 2.586 2.413 2.708 2.764 2.406 2.499 2.749 2.807 2.665 2.555 2.699 2.681 2.441 2.374 2.838 2.309 2.862 2.148 2.575 2.424 2.427 2.018 2.436 2.517 2.484 2.532 2.414 2.788
     q=62  φ(q)=30  HL_pred=5.055: 5.142 4.950 4.779 5.289 5.141 5.049 5.100 5.249 4.720 5.185 5.093 4.727 4.917 5.124 5.064 5.053 5.158 4.868 4.739 5.112 5.163 4.695 5.344 5.085 5.038 5.247 5.266 4.792 5.004 5.145
     q=63  φ(q)=36  HL_pred=4.213: 0.177 0.349 0.162 0.287 0.548 0.225 0.236 0.386 0.342 0.121 0.314 0.196 0.066 0.464 0.144 0.420 0.370 0.404 0.409 0.310 0.396 0.032 0.465 0.063 0.203 0.333 0.093 0.331 0.391 0.267 0.238 0.562 0.308 0.073 0.389 0.202
     q=64  φ(q)=32  HL_pred=4.739: 0.364 0.320 0.187 0.532 0.626 0.408 0.336 0.179 0.086 0.272 0.449 0.611 0.543 0.215 0.298 0.334 0.353 0.323 0.182 0.519 0.630 0.407 0.329 0.167 0.097 0.276 0.447 0.603 0.556 0.217 0.295 0.342
  liouville argmax freq/M = 0.448345
  Q_max scan (R_minor for primes vs uniform-Bern):
     Q_max=   1: prime=151.6443  bern=10.5511±0.6573  z=+214.67
     Q_max=   2: prime=75.7628  bern=10.7530±0.8103  z=+80.23
     Q_max=   4: prime=75.7555  bern=10.7042±0.5710  z=+113.93
     Q_max=   8: prime=38.0910  bern=10.7105±0.5131  z=+53.36
     Q_max=  16: prime=19.1734  bern=10.8434±0.7512  z=+11.09
     Q_max=  32: prime=12.8270  bern=10.8354±0.6407  z=+3.11
     Q_max=  64: prime=12.3098  bern=10.5556±0.5741  z=+3.06
  times: primes 1.7s; bernoulli 88.2s; signed 21.1s; lambda 0.4s
--- Oversample validation at N = 2^14 ---
  oversample=8: ||f||_inf = 1900.000000
  oversample=16: ||f||_inf = 1900.000000
  oversample=32: ||f||_inf = 1900.000000
  oversample=64: ||f||_inf = 1900.000000
  oversample=128: ||f||_inf = 1900.000000
Wrote /apps/aplikacijos/prime-research/experiments/analytic/newman_linfty_chi_p/results.json
