
=== d=14, N=16384, π(N)=1900, k_canonical=5 ===
  Total spikes saved: 25
  Spike-by-spike alignment:
    k=  0, σ= 21.473, σ²=   461.08, dom_q= 32, dom_q_E=0.9114, min_q_cond=  2
    k=  1, σ= 11.571, σ²=   133.89, dom_q= 48, dom_q_E=0.4135, min_q_cond=  6
    k=  2, σ= 11.209, σ²=   125.64, dom_q= 48, dom_q_E=0.4360, min_q_cond=  6
    k=  3, σ=  7.682, σ²=    59.02, dom_q= 60, dom_q_E=0.0704, min_q_cond= 30
    k=  4, σ=  7.498, σ²=    56.22, dom_q= 40, dom_q_E=0.1412, min_q_cond= 20
    k=  5, σ=  7.074, σ²=    50.04, dom_q= 60, dom_q_E=0.0850, min_q_cond= 20 <-- CANONICAL
    k=  6, σ=  6.702, σ²=    44.91, dom_q= 40, dom_q_E=0.0579, min_q_cond= 40
    k=  7, σ=  6.543, σ²=    42.82, dom_q= 56, dom_q_E=0.0569, min_q_cond= 56
    k=  8, σ=  6.423, σ²=    41.25, dom_q= 60, dom_q_E=0.0127, min_q_cond= 60
    k=  9, σ=  6.205, σ²=    38.50, dom_q= 56, dom_q_E=0.0170, min_q_cond= 56
    k= 10, σ=  6.135, σ²=    37.64, dom_q= 56, dom_q_E=0.0296, min_q_cond= 56
    k= 11, σ=  6.044, σ²=    36.54, dom_q= 56, dom_q_E=0.0181, min_q_cond= 56
    k= 12, σ=  5.958, σ²=    35.50, dom_q= 60, dom_q_E=0.0080, min_q_cond= 60
    k= 13, σ=  5.817, σ²=    33.84, dom_q= 56, dom_q_E=0.0100, min_q_cond= 56
    k= 14, σ=  5.727, σ²=    32.80, dom_q= 52, dom_q_E=0.0094, min_q_cond= 44
    k= 15, σ=  5.670, σ²=    32.15, dom_q= 56, dom_q_E=0.0224, min_q_cond= 56
    k= 16, σ=  5.578, σ²=    31.11, dom_q= 42, dom_q_E=0.0158, min_q_cond= 42
    k= 17, σ=  5.523, σ²=    30.50, dom_q= 56, dom_q_E=0.0136, min_q_cond= 42
    k= 18, σ=  5.334, σ²=    28.45, dom_q= 56, dom_q_E=0.0252, min_q_cond= 56
    k= 19, σ=  5.282, σ²=    27.90, dom_q= 44, dom_q_E=0.0097, min_q_cond= 44
    k= 20, σ=  5.230, σ²=    27.35, dom_q= 60, dom_q_E=0.0249, min_q_cond= 60
    k= 21, σ=  4.976, σ²=    24.77, dom_q= 44, dom_q_E=0.0073, min_q_cond= 44
    k= 22, σ=  4.891, σ²=    23.92, dom_q= 60, dom_q_E=0.0163, min_q_cond= 60
    k= 23, σ=  4.784, σ²=    22.88, dom_q= 60, dom_q_E=0.0080, min_q_cond= 60
    k= 24, σ=  4.635, σ²=    21.49, dom_q= 44, dom_q_E=0.0119, min_q_cond= 44

  R0 canonical k_*=5: spike_block=424.81, frac=0.2236
  τ=0.005: k_run=24 (consecutive cliff), frac=0.5469 | k_cnt=24 (count rule), frac=0.5469
  τ=0.010: k_run=11 (consecutive cliff), frac=0.3508 | k_cnt=19 (count rule), frac=0.4835
  τ=0.020: k_run=7 (consecutive cliff), frac=0.2698 | k_cnt=11 (count rule), frac=0.3508
  τ=0.050: k_run=7 (consecutive cliff), frac=0.2698 | k_cnt=7 (count rule), frac=0.2698
  τ=0.100: k_run=2 (consecutive cliff), frac=0.1366 | k_cnt=3 (count rule), frac=0.1677

  Distance from canonical:
    τ=0.01: k_char(run)=11 vs k_canon=5, Δk=6, Δfrac=+0.1272
    τ=0.02: k_char(run)=7 vs k_canon=5, Δk=2, Δfrac=+0.0462
    τ=0.05: k_char(run)=7 vs k_canon=5, Δk=2, Δfrac=+0.0462

=== d=18, N=262144, π(N)=23000, k_canonical=15 ===
  Total spikes saved: 40
  Spike-by-spike alignment:
    k=  0, σ= 64.244, σ²=  4127.31, dom_q= 64, dom_q_E=0.9561, min_q_cond=  2
    k=  1, σ= 32.979, σ²=  1087.64, dom_q= 96, dom_q_E=0.4730, min_q_cond=  6
    k=  2, σ= 32.616, σ²=  1063.79, dom_q= 96, dom_q_E=0.4661, min_q_cond=  6
    k=  3, σ= 18.442, σ²=   340.10, dom_q= 80, dom_q_E=0.2087, min_q_cond= 10
    k=  4, σ= 17.885, σ²=   319.88, dom_q= 80, dom_q_E=0.3196, min_q_cond= 10
    k=  5, σ= 17.838, σ²=   318.18, dom_q= 80, dom_q_E=0.1885, min_q_cond= 10
    k=  6, σ= 17.298, σ²=   299.23, dom_q= 80, dom_q_E=0.2979, min_q_cond= 10
    k=  7, σ= 14.465, σ²=   209.24, dom_q= 56, dom_q_E=0.1137, min_q_cond= 14
    k=  8, σ= 14.211, σ²=   201.96, dom_q= 56, dom_q_E=0.0571, min_q_cond= 14
    k=  9, σ= 13.889, σ²=   192.91, dom_q= 56, dom_q_E=0.0882, min_q_cond= 14
    k= 10, σ= 13.811, σ²=   190.74, dom_q= 56, dom_q_E=0.0676, min_q_cond= 14
    k= 11, σ= 13.645, σ²=   186.18, dom_q= 56, dom_q_E=0.0817, min_q_cond= 14
    k= 12, σ= 13.280, σ²=   176.37, dom_q= 56, dom_q_E=0.0231, min_q_cond= 28
    k= 13, σ= 13.067, σ²=   170.76, dom_q= 56, dom_q_E=0.0070, min_q_cond= 42
    k= 14, σ= 12.945, σ²=   167.57, dom_q= 60, dom_q_E=0.0118, min_q_cond= 30
    k= 15, σ= 12.757, σ²=   162.73, dom_q= 84, dom_q_E=0.0029, min_q_cond= 84 <-- CANONICAL
    k= 16, σ= 12.737, σ²=   162.24, dom_q= 84, dom_q_E=0.0022, min_q_cond= 84
    k= 17, σ= 12.612, σ²=   159.06, dom_q= 60, dom_q_E=0.0036, min_q_cond= 60
    k= 18, σ= 12.483, σ²=   155.82, dom_q= 60, dom_q_E=0.0146, min_q_cond= 60
    k= 19, σ= 12.427, σ²=   154.44, dom_q= 60, dom_q_E=0.0059, min_q_cond= 60
    k= 20, σ= 12.200, σ²=   148.83, dom_q= 60, dom_q_E=0.0118, min_q_cond= 30
    k= 21, σ= 12.113, σ²=   146.72, dom_q= 88, dom_q_E=0.0039, min_q_cond= 88
    k= 22, σ= 12.085, σ²=   146.04, dom_q= 60, dom_q_E=0.0023, min_q_cond= 60
    k= 23, σ= 11.966, σ²=   143.17, dom_q= 60, dom_q_E=0.0061, min_q_cond= 60
    k= 24, σ= 11.850, σ²=   140.43, dom_q= 88, dom_q_E=0.0043, min_q_cond= 88
    k= 25, σ= 11.828, σ²=   139.91, dom_q= 88, dom_q_E=0.0065, min_q_cond= 88
    k= 26, σ= 11.701, σ²=   136.92, dom_q= 76, dom_q_E=0.0013, min_q_cond= 76
    k= 27, σ= 11.646, σ²=   135.63, dom_q= 88, dom_q_E=0.0033, min_q_cond= 60
    k= 28, σ= 11.538, σ²=   133.13, dom_q= 88, dom_q_E=0.0043, min_q_cond= 88
    k= 29, σ= 11.500, σ²=   132.25, dom_q= 60, dom_q_E=0.0029, min_q_cond= 60

  R0 canonical k_*=15: spike_block=5087.28, frac=0.2212
  τ=0.005: k_run=14 (consecutive cliff), frac=0.2141 | k_cnt=19 (count rule), frac=0.2486
  τ=0.010: k_run=12 (consecutive cliff), frac=0.1994 | k_cnt=15 (count rule), frac=0.2212
  τ=0.020: k_run=12 (consecutive cliff), frac=0.1994 | k_cnt=12 (count rule), frac=0.1994
  τ=0.050: k_run=11 (consecutive cliff), frac=0.1917 | k_cnt=11 (count rule), frac=0.1917
  τ=0.100: k_run=7 (consecutive cliff), frac=0.1582 | k_cnt=7 (count rule), frac=0.1582

  Distance from canonical:
    τ=0.01: k_char(run)=12 vs k_canon=15, Δk=-3, Δfrac=-0.0218
    τ=0.02: k_char(run)=12 vs k_canon=15, Δk=-3, Δfrac=-0.0218
    τ=0.05: k_char(run)=11 vs k_canon=15, Δk=-4, Δfrac=-0.0295

=== d=20, N=1048576, π(N)=82025, k_canonical=26 ===
  Total spikes saved: 50
  Spike-by-spike alignment:
    k=  0, σ=114.160, σ²= 13032.54, dom_q= 64, dom_q_E=0.9695, min_q_cond=  2
    k=  1, σ= 57.946, σ²=  3357.76, dom_q= 96, dom_q_E=0.4810, min_q_cond=  6
    k=  2, σ= 57.548, σ²=  3311.78, dom_q= 96, dom_q_E=0.4805, min_q_cond=  6
    k=  3, σ= 30.789, σ²=   947.94, dom_q= 80, dom_q_E=0.2167, min_q_cond= 10
    k=  4, σ= 30.422, σ²=   925.47, dom_q= 80, dom_q_E=0.3240, min_q_cond= 10
    k=  5, σ= 30.198, σ²=   911.93, dom_q= 80, dom_q_E=0.3326, min_q_cond= 10
    k=  6, σ= 30.112, σ²=   906.72, dom_q= 80, dom_q_E=0.2167, min_q_cond= 10
    k=  7, σ= 22.776, σ²=   518.74, dom_q= 56, dom_q_E=0.1076, min_q_cond= 14
    k=  8, σ= 22.356, σ²=   499.78, dom_q= 56, dom_q_E=0.1260, min_q_cond= 14
    k=  9, σ= 22.250, σ²=   495.05, dom_q= 56, dom_q_E=0.1525, min_q_cond= 14
    k= 10, σ= 21.996, σ²=   483.81, dom_q= 56, dom_q_E=0.2012, min_q_cond= 14
    k= 11, σ= 21.793, σ²=   474.93, dom_q= 56, dom_q_E=0.1660, min_q_cond= 14
    k= 12, σ= 21.702, σ²=   470.99, dom_q= 56, dom_q_E=0.2356, min_q_cond= 14
    k= 13, σ= 19.540, σ²=   381.81, dom_q= 60, dom_q_E=0.0542, min_q_cond= 30
    k= 14, σ= 19.427, σ²=   377.41, dom_q= 60, dom_q_E=0.0809, min_q_cond= 30
    k= 15, σ= 19.159, σ²=   367.08, dom_q= 60, dom_q_E=0.0430, min_q_cond= 30
    k= 16, σ= 18.907, σ²=   357.46, dom_q= 60, dom_q_E=0.0363, min_q_cond= 30
    k= 17, σ= 18.724, σ²=   350.60, dom_q= 60, dom_q_E=0.0408, min_q_cond= 30
    k= 18, σ= 18.652, σ²=   347.92, dom_q= 60, dom_q_E=0.0526, min_q_cond= 30
    k= 19, σ= 18.538, σ²=   343.65, dom_q= 60, dom_q_E=0.0621, min_q_cond= 30
    k= 20, σ= 18.284, σ²=   334.29, dom_q= 60, dom_q_E=0.0271, min_q_cond= 30
    k= 21, σ= 18.062, σ²=   326.24, dom_q= 88, dom_q_E=0.0174, min_q_cond= 88
    k= 22, σ= 17.766, σ²=   315.63, dom_q= 84, dom_q_E=0.0029, min_q_cond= 42
    k= 23, σ= 17.600, σ²=   309.76, dom_q= 88, dom_q_E=0.0130, min_q_cond= 88
    k= 24, σ= 17.500, σ²=   306.24, dom_q= 88, dom_q_E=0.0129, min_q_cond= 44
    k= 25, σ= 17.451, σ²=   304.54, dom_q= 88, dom_q_E=0.0074, min_q_cond= 88
    k= 26, σ= 17.325, σ²=   300.16, dom_q= 52, dom_q_E=0.0031, min_q_cond= 52 <-- CANONICAL
    k= 27, σ= 17.267, σ²=   298.14, dom_q= 88, dom_q_E=0.0072, min_q_cond= 88
    k= 28, σ= 17.232, σ²=   296.94, dom_q= 88, dom_q_E=0.0075, min_q_cond= 88
    k= 29, σ= 17.118, σ²=   293.04, dom_q= 88, dom_q_E=0.0025, min_q_cond= 88

  R0 canonical k_*=26: spike_block=18027.69, frac=0.2198
  τ=0.005: k_run=21 (consecutive cliff), frac=0.2011 | k_cnt=30 (count rule), frac=0.2341
  τ=0.010: k_run=21 (consecutive cliff), frac=0.2011 | k_cnt=23 (count rule), frac=0.2087
  τ=0.020: k_run=20 (consecutive cliff), frac=0.1971 | k_cnt=20 (count rule), frac=0.1971
  τ=0.050: k_run=14 (consecutive cliff), frac=0.1715 | k_cnt=16 (count rule), frac=0.1803
  τ=0.100: k_run=12 (consecutive cliff), frac=0.1622 | k_cnt=12 (count rule), frac=0.1622

  Distance from canonical:
    τ=0.01: k_char(run)=21 vs k_canon=26, Δk=-5, Δfrac=-0.0187
    τ=0.02: k_char(run)=20 vs k_canon=26, Δk=-6, Δfrac=-0.0227
    τ=0.05: k_char(run)=14 vs k_canon=26, Δk=-12, Δfrac=-0.0483


=== SUMMARY: spike-block fraction by rule ===
d    k_canon  frac_canon   k_τ=0.02   frac_τ=0.02  k_τ=0.05   frac_τ=0.05 
14   5        0.2236       7          0.2698       7          0.2698      
18   15       0.2212       12         0.1994       11         0.1917      
20   26       0.2198       20         0.1971       14         0.1715      

Wrote /apps/aplikacijos/prime-research/experiments/constructions/s186_character_alignment_kstar/character_alignment_kstar_results.json
