 divisor H=A x=  32  pi=  11  ratio_max=1.2404  ratio_mean=0.3188  top_overlap=0.6260  (0.0s)
 divisor H=A x=  64  pi=  18  ratio_max=1.3407  ratio_mean=0.3128  top_overlap=0.5316  (0.0s)
 divisor H=A x=  96  pi=  24  ratio_max=1.3941  ratio_mean=0.2886  top_overlap=0.4692  (0.1s)
 divisor H=A x= 128  pi=  31  ratio_max=1.2982  ratio_mean=0.2823  top_overlap=0.4554  (0.2s)
 divisor H=A x= 192  pi=  43  ratio_max=1.2342  ratio_mean=0.2730  top_overlap=0.4202  (0.3s)
 divisor H=A x= 256  pi=  54  ratio_max=1.2937  ratio_mean=0.2638  top_overlap=0.3929  (0.3s)
 divisor H=A x= 384  pi=  76  ratio_max=1.3106  ratio_mean=0.2495  top_overlap=0.3689  (0.4s)
 divisor H=A x= 512  pi=  97  ratio_max=1.1262  ratio_mean=0.2361  top_overlap=0.3518  (0.5s)
 divisor H=A x= 768  pi= 135  ratio_max=1.2230  ratio_mean=0.2249  top_overlap=0.3280  (1.0s)
 coprime H=A x=  32  pi=  11  ratio_max=0.8094  ratio_mean=0.2817  top_overlap=0.7212  (0.0s)
 coprime H=A x=  64  pi=  18  ratio_max=0.6390  ratio_mean=0.2127  top_overlap=0.6889  (0.0s)
 coprime H=A x=  96  pi=  24  ratio_max=0.5360  ratio_mean=0.1805  top_overlap=0.6648  (0.1s)
 coprime H=A x= 128  pi=  31  ratio_max=0.4408  ratio_mean=0.1491  top_overlap=0.6589  (0.3s)
 coprime H=A x= 192  pi=  43  ratio_max=0.3400  ratio_mean=0.1179  top_overlap=0.6437  (0.2s)
 coprime H=A x= 256  pi=  54  ratio_max=0.2714  ratio_mean=0.0993  top_overlap=0.6296  (0.2s)
 coprime H=A x= 384  pi=  76  ratio_max=0.2015  ratio_mean=0.0753  top_overlap=0.6139  (0.3s)
 coprime H=A x= 512  pi=  97  ratio_max=0.1541  ratio_mean=0.0617  top_overlap=0.6036  (0.4s)
 coprime H=A x= 768  pi= 135  ratio_max=0.1202  ratio_mean=0.0473  top_overlap=0.5848  (0.7s)

Fit (divisor, H=A):
  ratio_max = 1.1514 + +0.6094 / log(x)  -> x→∞ limit ≈ 1.1514
  top_overlap_v_p ≈ 1.2139 * x^{ -0.2002 }

Wrote ctqw_scaling_results.json
