
=== Config: W=2 d=20 j=10 N=1048576 ===
  [chi_P] SVD of (1024, 1024)...
  [chi_P] SVD done in 0.47s; top-30 sv = [114.16, 57.946, 57.548, 30.789, 30.422, 30.198, 30.112, 22.776, 22.356, 22.25, 21.996, 21.793, 21.702, 19.54, 19.427, 19.159, 18.907, 18.724, 18.652, 18.538, 18.284, 18.062, 17.766, 17.6, 17.5, 17.451, 17.325, 17.267, 17.232, 17.118]
  [chi_P] computing residue energies for top-50 sv pairs...
  [chi_P] projections done in 50.03s

  [chi_P W=2 d=20] Top 31 singular vectors (* = within k_star=26):
    k       sigma  min_q_cond   dom_q     dom_e  top3 (q,e)
    0     114.160           2      64     0.969  (64,0.97)  (96,0.97)  (32,0.97) *
    1      57.946           6      96     0.481  (96,0.48)  (48,0.48)  (72,0.48) *
    2      57.548           6      96     0.480  (96,0.48)  (48,0.48)  (72,0.48) *
    3      30.789          10      80     0.217  (80,0.22)  (40,0.22)  (60,0.22) *
    4      30.422          10      80     0.324  (80,0.32)  (40,0.32)  (60,0.32) *
    5      30.198          10      80     0.333  (80,0.33)  (40,0.33)  (100,0.33) *
    6      30.112          10      80     0.217  (80,0.22)  (40,0.22)  (60,0.22) *
    7      22.776          14      56     0.108  (56,0.11)  (84,0.11)  (28,0.11) *
    8      22.356          14      56     0.126  (56,0.13)  (84,0.13)  (28,0.13) *
    9      22.250          14      56     0.153  (56,0.15)  (84,0.15)  (28,0.15) *
   10      21.996          14      56     0.201  (56,0.20)  (84,0.20)  (28,0.20) *
   11      21.793          14      56     0.166  (56,0.17)  (84,0.17)  (28,0.17) *
   12      21.702          14      56     0.236  (56,0.24)  (84,0.24)  (28,0.24) *
   13      19.540          30      60     0.054  (60,0.05)  (90,0.05)  (30,0.05) *
   14      19.427          30      60     0.081  (60,0.08)  (90,0.08)  (30,0.08) *
   15      19.159          30      60     0.043  (60,0.04)  (90,0.04)  (30,0.04) *
   16      18.907          30      60     0.036  (60,0.04)  (90,0.04)  (30,0.04) *
   17      18.724          30      60     0.041  (60,0.04)  (90,0.04)  (30,0.04) *
   18      18.652          30      60     0.053  (60,0.05)  (90,0.05)  (30,0.05) *
   19      18.538          30      60     0.062  (60,0.06)  (90,0.06)  (30,0.06) *
   20      18.284          30      60     0.027  (60,0.03)  (90,0.03)  (30,0.03) *
   21      18.062          88      88     0.017  (88,0.02)  (44,0.02)  (66,0.02) *
   22      17.766          42      84     0.003  (84,0.00)  (42,0.00)  (88,0.00) *
   23      17.600          88      88     0.013  (88,0.01)  (44,0.01)  (66,0.01) *
   24      17.500          44      88     0.013  (88,0.01)  (44,0.01)  (66,0.01) *
   25      17.451          88      88     0.007  (88,0.01)  (44,0.01)  (66,0.01) *
   26      17.325          52      52     0.003  (52,0.00)  (78,0.00)  (26,0.00)
   27      17.267          88      88     0.007  (88,0.01)  (44,0.01)  (66,0.01)
   28      17.232          88      88     0.007  (88,0.01)  (44,0.01)  (66,0.01)
   29      17.118          88      88     0.002  (88,0.00)  (44,0.00)  (66,0.00)
   30      17.022          88      88     0.004  (88,0.00)  (44,0.00)  (66,0.00)
  [active_bernoulli] SVD of (1024, 1024)...
  [active_bernoulli] SVD done in 0.67s; top-30 sv = [113.833, 19.576, 19.444, 19.373, 19.32, 19.222, 19.147, 19.027, 18.97, 18.889, 18.813, 18.708, 18.645, 18.618, 18.555, 18.496, 18.444, 18.42, 18.369, 18.329, 18.221, 18.166, 18.092, 18.045, 18.001, 17.981, 17.939, 17.826, 17.799, 17.759]
  [active_bernoulli] computing residue energies for top-50 sv pairs...
  [active_bernoulli] projections done in 46.94s

  [active_bernoulli W=2 d=20] Top 31 singular vectors (* = within k_star=26):
    k       sigma  min_q_cond   dom_q     dom_e  top3 (q,e)
    0     113.833           2      64     0.968  (64,0.97)  (96,0.97)  (32,0.97) *
    1      19.576          80      80     0.000  (80,0.00)  (94,0.00)  (95,0.00) *
    2      19.444          91      91     0.000  (91,0.00)  (98,0.00)  (81,0.00) *
    3      19.373          78      78     0.000  (78,0.00)  (95,0.00)  (98,0.00) *
    4      19.320          81      81     0.000  (81,0.00)  (95,0.00)  (94,0.00) *
    5      19.222         100     100     0.000  (100,0.00)  (88,0.00)  (78,0.00) *
    6      19.147          76      76     0.000  (76,0.00)  (56,0.00)  (82,0.00) *
    7      19.027          52      52     0.000  (52,0.00)  (78,0.00)  (26,0.00) *
    8      18.970          82      82     0.000  (82,0.00)  (100,0.00)  (89,0.00) *
    9      18.889          69      69     0.000  (69,0.00)  (98,0.00)  (92,0.00) *
   10      18.813          74      74     0.000  (74,0.00)  (76,0.00)  (87,0.00) *
   11      18.708          76      76     0.000  (76,0.00)  (84,0.00)  (67,0.00) *
   12      18.645          96      96     0.000  (96,0.00)  (62,0.00)  (93,0.00) *
   13      18.618         100     100     0.000  (100,0.00)  (96,0.00)  (85,0.00) *
   14      18.555          99      99     0.000  (99,0.00)  (74,0.00)  (100,0.00) *
   15      18.496          96      96     0.000  (96,0.00)  (48,0.00)  (90,0.00) *
   16      18.444         100     100     0.000  (100,0.00)  (99,0.00)  (98,0.00) *
   17      18.420          93      93     0.000  (93,0.00)  (52,0.00)  (89,0.00) *
   18      18.369          80      80     0.000  (80,0.00)  (97,0.00)  (85,0.00) *
   19      18.329          66      66     0.000  (66,0.00)  (96,0.00)  (99,0.00) *
   20      18.221          80      80     0.000  (80,0.00)  (86,0.00)  (40,0.00) *
   21      18.166          68      68     0.000  (68,0.00)  (74,0.00)  (97,0.00) *
   22      18.092          69      69     0.000  (69,0.00)  (100,0.00)  (95,0.00) *
   23      18.045          96      96     0.000  (96,0.00)  (78,0.00)  (76,0.00) *
   24      18.001          88      89     0.000  (89,0.00)  (88,0.00)  (86,0.00) *
   25      17.981          74      74     0.000  (74,0.00)  (76,0.00)  (92,0.00) *
   26      17.939          66      99     0.000  (99,0.00)  (66,0.00)  (97,0.00)
   27      17.826          86      88     0.000  (88,0.00)  (92,0.00)  (86,0.00)
   28      17.799          98      98     0.000  (98,0.00)  (89,0.00)  (97,0.00)
   29      17.759          86      86     0.000  (86,0.00)  (93,0.00)  (99,0.00)
   30      17.742          70      70     0.000  (70,0.00)  (91,0.00)  (71,0.00)

Wrote /apps/aplikacijos/prime-research/experiments/constructions/spike_eigenvectors_chi_p/spike_d20_results.json

=== Pre-stated falsifier verdicts ===
  W=2 d=20 j=10: PR1 passes 0/25 (target: >50% per spike); visited q=[56, 60, 80, 84, 88, 96] sum_phi=168 k*=26
    PR2: baseline violations 0/25 (target: 0)
