Computing reference D_emp for K=10000 ...
V_emp (sub-window W_1, n=10): [0.0074286  0.0140182  0.01154254 0.00888642 0.01000262 0.01228551
 0.02110246 0.01798522 0.01252535 0.00970406]
  mean=0.01255  std=0.00400

V_th (actual Riemann zeros, n=50): [0.01409393 0.01809274 0.01652014 0.01386592 0.01304339 0.01461821
 0.02664499 0.02313879 0.0206157  0.01763798]
  r(V_emp, V_th_actual) = 0.9060
  S108 reported r=0.906; S110 reported r=0.9154.

--- Random-phase trials with SAME Riemann gammas (n=200) ---
  r distribution: mean=-0.0444  std=0.3889  min=-0.8518  max=+0.8893
  z(actual r vs random-phase): +2.44
  fraction with r >= 0.7: 2.5%
  fraction with r >= 0.906 (actual): 0.0%

--- Random-phase + random NON-Riemann freqs in [10, 145] ---
  r distribution: mean=-0.0321  std=0.3806  min=-0.7951  max=+0.9019
  z(actual r vs non-Riemann random-phase): +2.46
  fraction with r >= 0.7: 2.5%

--- Pure-noise control ---
  r distribution: mean=-0.0301  std=0.3871

=== VERDICT ===
  Actual-zero r:                +0.9060
  Random-phase Riemann mean r:  -0.0444 +- 0.3889
  Random-phase non-R mean r:    -0.0321 +- 0.3806
  Pure noise mean r:            -0.0301 +- 0.3871
  >>> Mixed/intermediate result: actual r is +2.44σ vs random-phase.

Results saved to verify_S115_subwindow_rand_phases_results.json
