======================================================================
S114 verify-1: independent reproduction of S108 W_1 at K=10000
======================================================================
Computing pi(x), Li(x) on K=10000 anchors in [10^6, 10^7]...
  K_effective = 10000
  mean(D)  = -1.329192
  std(D)   = 0.220207
  kurt(D)  = -0.4101

  W_1 (method A: mid-rank quantile)   = 0.008270  W_1/σ = 0.03756
  W_1 (method B: scipy MC Gaussian)   = 0.008126  W_1/σ = 0.03690
  W_1 (method C: CDF-integral)        = 0.008273  W_1/σ = 0.03757

  S108 reported (results_K10000_fixed.json): W_1 = 0.00829, W_1/σ = 0.03763

  Gaussian-control W_1 mean = 0.002865, std = 0.000982
  z-score (D vs sample-fitted Gaussian fluctuation) = 5.50

======================================================================
S114 verify-2: falsify S113 'kurt fully predicts W_1/σ' via Beta
======================================================================
  Building Beta(5.817, 5.817) -- predicted excess kurt = -0.41

  Beta(α,α) results, K=10000, n_trials=30:
    sample kurt mean = -0.4127 (target = -0.41)
    sample skew mean = -0.0038
    W_1 mean         = 0.052458 ± 0.004093
    W_1/σ            = 0.03279

  S113 predicted W_1/σ at kurt=-0.41: 0.0426
  D_emp observed W_1/σ at kurt=-0.41: 0.0376
  Beta(α,α) observed W_1/σ:          0.03279

  Within ±10% band of D_emp [0.0338, 0.0414]? False
  Within ±10% band of S113 prediction [0.0383, 0.0469]? False

======================================================================
S114 SUMMARY
======================================================================
  W_A (mid-rank quantile)       = 0.008270  /σ = 0.03756
  W_C (CDF integral, indep)     = 0.008273  /σ = 0.03757
  S108 reported                 = 0.008290  /σ = 0.03763
  |W_A − S108|/S108 = 0.24%  ;  |W_C − S108|/S108 = 0.20%
  Beta(α,α) at kurt=-0.41 W_1/σ = 0.03279
  Compared to D_emp = 0.0376 ; S113 prediction = 0.0426
