CALIBRATED seed 0
  ep   10/100  loss=0.3765  acc(soft>0.5)=0.8621
  ep   20/100  loss=0.3136  acc(soft>0.5)=0.8606
  ep   30/100  loss=0.3037  acc(soft>0.5)=0.8621
  ep   40/100  loss=0.2999  acc(soft>0.5)=0.8623
  ep   50/100  loss=0.2986  acc(soft>0.5)=0.8623
  ep   60/100  loss=0.2978  acc(soft>0.5)=0.8623
  ep   70/100  loss=0.2974  acc(soft>0.5)=0.8623
  ep   80/100  loss=0.2967  acc(soft>0.5)=0.8623
  ep   90/100  loss=0.2964  acc(soft>0.5)=0.8623
  ep  100/100  loss=0.2963  acc(soft>0.5)=0.8623
  -> final_loss=0.2963 soft_acc=0.8623 discrete_acc=0.8623 (55.3s)
CALIBRATED seed 1
  ep   10/100  loss=0.3741  acc(soft>0.5)=0.8621
  ep   20/100  loss=0.3121  acc(soft>0.5)=0.8623
  ep   30/100  loss=0.3026  acc(soft>0.5)=0.8623
  ep   40/100  loss=0.2994  acc(soft>0.5)=0.8623
  ep   50/100  loss=0.2978  acc(soft>0.5)=0.8621
  ep   60/100  loss=0.2969  acc(soft>0.5)=0.8621
  ep   70/100  loss=0.2965  acc(soft>0.5)=0.8621
  ep   80/100  loss=0.2960  acc(soft>0.5)=0.8623
  ep   90/100  loss=0.2959  acc(soft>0.5)=0.8623
  ep  100/100  loss=0.2959  acc(soft>0.5)=0.8623
  -> final_loss=0.2959 soft_acc=0.8623 discrete_acc=0.8623 (47.8s)
CALIBRATED seed 2
  ep   10/100  loss=0.3775  acc(soft>0.5)=0.8621
  ep   20/100  loss=0.3149  acc(soft>0.5)=0.8621
  ep   30/100  loss=0.3047  acc(soft>0.5)=0.8621
  ep   40/100  loss=0.3008  acc(soft>0.5)=0.8623
  ep   50/100  loss=0.2990  acc(soft>0.5)=0.8623
  ep   60/100  loss=0.2982  acc(soft>0.5)=0.8623
  ep   70/100  loss=0.2976  acc(soft>0.5)=0.8623
  ep   80/100  loss=0.2974  acc(soft>0.5)=0.8623
  ep   90/100  loss=0.2970  acc(soft>0.5)=0.8623
  ep  100/100  loss=0.2967  acc(soft>0.5)=0.8623
  -> final_loss=0.2967 soft_acc=0.8623 discrete_acc=0.8623 (43.9s)
Calibrated results saved to /apps/aplikacijos/prime-research/experiments/ml/darts_primes/run/calibrated_results.json
