PRIMES seed 0
  ep   10/100  loss=0.3802  acc(soft>0.5)=0.8621
  ep   20/100  loss=0.3160  acc(soft>0.5)=0.8621
  ep   30/100  loss=0.3050  acc(soft>0.5)=0.8623
  ep   40/100  loss=0.3011  acc(soft>0.5)=0.8623
  ep   50/100  loss=0.2995  acc(soft>0.5)=0.8623
  ep   60/100  loss=0.2983  acc(soft>0.5)=0.8623
  ep   70/100  loss=0.2978  acc(soft>0.5)=0.8623
  ep   80/100  loss=0.2973  acc(soft>0.5)=0.8623
  ep   90/100  loss=0.2972  acc(soft>0.5)=0.8623
  ep  100/100  loss=0.2969  acc(soft>0.5)=0.8623
  -> final_loss=0.2969 soft_acc=0.8623 discrete_acc=0.8623 (42.3s)
PRIMES seed 1
  ep   10/100  loss=0.3800  acc(soft>0.5)=0.8621
  ep   20/100  loss=0.3161  acc(soft>0.5)=0.8621
  ep   30/100  loss=0.3051  acc(soft>0.5)=0.8623
  ep   40/100  loss=0.3011  acc(soft>0.5)=0.8623
  ep   50/100  loss=0.2994  acc(soft>0.5)=0.8623
  ep   60/100  loss=0.2983  acc(soft>0.5)=0.8623
  ep   70/100  loss=0.2977  acc(soft>0.5)=0.8623
  ep   80/100  loss=0.2973  acc(soft>0.5)=0.8623
  ep   90/100  loss=0.2970  acc(soft>0.5)=0.8623
  ep  100/100  loss=0.2969  acc(soft>0.5)=0.8623
  -> final_loss=0.2969 soft_acc=0.8623 discrete_acc=0.8623 (41.8s)
PRIMES seed 2
  ep   10/100  loss=0.3808  acc(soft>0.5)=0.8621
  ep   20/100  loss=0.3168  acc(soft>0.5)=0.8618
  ep   30/100  loss=0.3054  acc(soft>0.5)=0.8623
  ep   40/100  loss=0.3014  acc(soft>0.5)=0.8623
  ep   50/100  loss=0.2994  acc(soft>0.5)=0.8623
  ep   60/100  loss=0.2984  acc(soft>0.5)=0.8623
  ep   70/100  loss=0.2978  acc(soft>0.5)=0.8623
  ep   80/100  loss=0.2973  acc(soft>0.5)=0.8623
  ep   90/100  loss=0.2971  acc(soft>0.5)=0.8623
  ep  100/100  loss=0.2969  acc(soft>0.5)=0.8623
  -> final_loss=0.2969 soft_acc=0.8623 discrete_acc=0.8623 (40.6s)
CONTROL seed 0
  ep   10/100  loss=0.3979  acc(soft>0.5)=0.8643
  ep   20/100  loss=0.3966  acc(soft>0.5)=0.8643
  ep   30/100  loss=0.3955  acc(soft>0.5)=0.8643
  ep   40/100  loss=0.3951  acc(soft>0.5)=0.8643
  ep   50/100  loss=0.3950  acc(soft>0.5)=0.8643
  ep   60/100  loss=0.3950  acc(soft>0.5)=0.8643
  ep   70/100  loss=0.3949  acc(soft>0.5)=0.8643
  ep   80/100  loss=0.3946  acc(soft>0.5)=0.8643
  ep   90/100  loss=0.3940  acc(soft>0.5)=0.8643
  ep  100/100  loss=0.3934  acc(soft>0.5)=0.8643
  -> final_loss=0.3934 soft_acc=0.8643 discrete_acc=0.8643 (41.3s)
CONTROL seed 1
  ep   10/100  loss=0.4112  acc(soft>0.5)=0.8567
  ep   20/100  loss=0.4107  acc(soft>0.5)=0.8567
  ep   30/100  loss=0.4105  acc(soft>0.5)=0.8567
  ep   40/100  loss=0.4104  acc(soft>0.5)=0.8567
  ep   50/100  loss=0.4103  acc(soft>0.5)=0.8567
  ep   60/100  loss=0.4101  acc(soft>0.5)=0.8567
  ep   70/100  loss=0.4099  acc(soft>0.5)=0.8567
  ep   80/100  loss=0.4097  acc(soft>0.5)=0.8567
  ep   90/100  loss=0.4094  acc(soft>0.5)=0.8567
  ep  100/100  loss=0.4092  acc(soft>0.5)=0.8567
  -> final_loss=0.4092 soft_acc=0.8567 discrete_acc=0.8567 (42.2s)
CONTROL seed 2
  ep   10/100  loss=0.3899  acc(soft>0.5)=0.8684
  ep   20/100  loss=0.3892  acc(soft>0.5)=0.8684
  ep   30/100  loss=0.3885  acc(soft>0.5)=0.8684
  ep   40/100  loss=0.3881  acc(soft>0.5)=0.8684
  ep   50/100  loss=0.3880  acc(soft>0.5)=0.8684
  ep   60/100  loss=0.3879  acc(soft>0.5)=0.8684
  ep   70/100  loss=0.3878  acc(soft>0.5)=0.8684
  ep   80/100  loss=0.3877  acc(soft>0.5)=0.8684
  ep   90/100  loss=0.3876  acc(soft>0.5)=0.8684
  ep  100/100  loss=0.3873  acc(soft>0.5)=0.8684
  -> final_loss=0.3873 soft_acc=0.8684 discrete_acc=0.8684 (42.1s)
PRIMES best seed extrapolation [2^N, 2^N+1000) accuracy: 0.8840 (target density 0.1160)

Results saved to /apps/aplikacijos/prime-research/experiments/ml/darts_primes/run/results.json
