N=4, K=108
PRIMES:
  Search over K=108 candidates, target weight = 6
  M=  2: unsat (0.0s)
  M=  3: sat (0.0s) gates=3 verified=True

RANDOM seed 1:
  Search over K=108 candidates, target weight = 6
  M=  2: unsat (0.0s)
  M=  3: sat (0.1s) gates=3 verified=True

RANDOM seed 2:
  Search over K=108 candidates, target weight = 6
  M=  2: unsat (0.0s)
  M=  3: unsat (0.0s)
  M=  4: sat (0.0s) gates=4 verified=True

RANDOM seed 3:
  Search over K=108 candidates, target weight = 6
  M=  2: unsat (0.0s)
  M=  3: unsat (0.0s)
  M=  4: sat (0.0s) gates=4 verified=True

RANDOM seed 4:
  Search over K=108 candidates, target weight = 6
  M=  2: unsat (0.0s)
  M=  3: sat (0.0s) gates=3 verified=True

RANDOM seed 5:
  Search over K=108 candidates, target weight = 6
  M=  2: unsat (0.0s)
  M=  3: unsat (0.0s)
  M=  4: sat (0.0s) gates=4 verified=True

RANDOM seed 6:
  Search over K=108 candidates, target weight = 6
  M=  2: unsat (0.0s)
  M=  3: unsat (0.0s)
  M=  4: sat (0.0s) gates=4 verified=True

RANDOM seed 7:
  Search over K=108 candidates, target weight = 6
  M=  2: unsat (0.0s)
  M=  3: sat (0.0s) gates=3 verified=True

RANDOM seed 8:
  Search over K=108 candidates, target weight = 6
  M=  2: unsat (0.0s)
  M=  3: sat (0.1s) gates=3 verified=True

RANDOM seed 9:
  Search over K=108 candidates, target weight = 6
  M=  2: unsat (0.0s)
  M=  3: sat (0.0s) gates=3 verified=True

RANDOM seed 10:
  Search over K=108 candidates, target weight = 6
  M=  2: sat (0.0s) gates=2 verified=True

Summary N=4:
  PRIMES: M = 3
  random seed 1: M = 3
  random seed 2: M = 4
  random seed 3: M = 4
  random seed 4: M = 3
  random seed 5: M = 4
  random seed 6: M = 4
  random seed 7: M = 3
  random seed 8: M = 3
  random seed 9: M = 3
  random seed 10: M = 2
