K = 1458 candidates

== PRIMES ==
  Search over K=1458 candidates, target weight = 18
  M=  5: unsat (6.9s)
  M=  6: sat (4.9s) gates=6 verified=True

== RANDOM seed 1 ==
  Search over K=1458 candidates, target weight = 18
  M=  5: unsat (1.4s)
  M=  6: unsat (13.4s)
  M=  7: sat (32.2s) gates=7 verified=True

== RANDOM seed 2 ==
  Search over K=1458 candidates, target weight = 18
  M=  5: unsat (1.1s)
  M=  6: unsat (4.0s)
  M=  7: unsat (32.0s)
  M=  8: sat (14.6s) gates=8 verified=True

== RANDOM seed 3 ==
  Search over K=1458 candidates, target weight = 18
  M=  5: unsat (1.4s)
  M=  6: unsat (18.1s)
  M=  7: sat (8.3s) gates=7 verified=True

== RANDOM seed 4 ==
  Search over K=1458 candidates, target weight = 18
  M=  5: unsat (1.5s)
  M=  6: unsat (5.9s)
  M=  7: unsat (56.5s)
  M=  8: sat (21.2s) gates=8 verified=True

== RANDOM seed 5 ==
  Search over K=1458 candidates, target weight = 18
  M=  5: unsat (1.8s)
  M=  6: unsat (4.5s)
  M=  7: unsat (27.3s)
  M=  8: sat (18.8s) gates=8 verified=True

== RANDOM seed 6 ==
  Search over K=1458 candidates, target weight = 18
  M=  5: unsat (1.5s)
  M=  6: unsat (7.4s)
  M=  7: unsat (49.3s)
  M=  8: sat (14.4s) gates=8 verified=True

== RANDOM seed 7 ==
  Search over K=1458 candidates, target weight = 18
  M=  5: unsat (1.3s)
  M=  6: unsat (12.0s)
  M=  7: unsat (58.0s)
  M=  8: sat (22.6s) gates=8 verified=True

== RANDOM seed 8 ==
  Search over K=1458 candidates, target weight = 18
  M=  5: unsat (1.3s)
  M=  6: unsat (20.6s)
  M=  7: sat (14.1s) gates=7 verified=True

== RANDOM seed 9 ==
  Search over K=1458 candidates, target weight = 18
  M=  5: unsat (1.6s)
  M=  6: unsat (14.6s)
  M=  7: sat (34.0s) gates=7 verified=True

== RANDOM seed 10 ==
  Search over K=1458 candidates, target weight = 18
  M=  5: unsat (1.4s)
  M=  6: unsat (7.9s)
  M=  7: unsat (72.5s)
  M=  8: sat (22.5s) gates=8 verified=True

Wrote n6_robust.json

=== Summary ===
  PRIMES: min_M = 6
  random seed 1: min_M = 7
  random seed 2: min_M = 8
  random seed 3: min_M = 7
  random seed 4: min_M = 8
  random seed 5: min_M = 8
  random seed 6: min_M = 8
  random seed 7: min_M = 8
  random seed 8: min_M = 7
  random seed 9: min_M = 7
  random seed 10: min_M = 8
