
=== N=4 ===
  PRIMES (weight 6/16): PTF degree = 2  [0.0s]
  pi(x) mod 2 (weight 5/16): PTF degree = 3  [0.0s]
  RANDOM (weight 6, seed 11): PTF degree = 2  [0.0s]
  RANDOM (weight 6, seed 22): PTF degree = 2  [0.0s]
  RANDOM (weight 6, seed 33): PTF degree = 3  [0.0s]
  RANDOM (weight 6, seed 44): PTF degree = 3  [0.0s]
  RANDOM (weight 6, seed 55): PTF degree = 2  [0.0s]

=== N=5 ===
  PRIMES (weight 11/32): PTF degree = 3  [0.0s]
  pi(x) mod 2 (weight 14/32): PTF degree = 3  [0.0s]
  RANDOM (weight 11, seed 11): PTF degree = 3  [0.0s]
  RANDOM (weight 11, seed 22): PTF degree = 2  [0.0s]
  RANDOM (weight 11, seed 33): PTF degree = 3  [0.0s]
  RANDOM (weight 11, seed 44): PTF degree = 2  [0.0s]
  RANDOM (weight 11, seed 55): PTF degree = 3  [0.0s]

=== N=6 ===
  PRIMES (weight 18/64): PTF degree = 3  [0.0s]
  pi(x) mod 2 (weight 29/64): PTF degree = 3  [0.0s]
  RANDOM (weight 18, seed 11): PTF degree = 3  [0.0s]
  RANDOM (weight 18, seed 22): PTF degree = 3  [0.0s]
  RANDOM (weight 18, seed 33): PTF degree = 3  [0.0s]
  RANDOM (weight 18, seed 44): PTF degree = 3  [0.0s]
  RANDOM (weight 18, seed 55): PTF degree = 3  [0.0s]

=== N=7 ===
  PRIMES (weight 31/128): PTF degree = 3  [0.0s]
  pi(x) mod 2 (weight 58/128): PTF degree = 4  [0.1s]
  RANDOM (weight 31, seed 11): PTF degree = 3  [0.0s]
  RANDOM (weight 31, seed 22): PTF degree = 4  [0.1s]
  RANDOM (weight 31, seed 33): PTF degree = 3  [0.0s]
  RANDOM (weight 31, seed 44): PTF degree = 3  [0.0s]
  RANDOM (weight 31, seed 55): PTF degree = 4  [0.1s]

=== N=8 ===
  PRIMES (weight 54/256): PTF degree = 4  [0.1s]
  pi(x) mod 2 (weight 113/256): PTF degree = 4  [0.1s]
  RANDOM (weight 54, seed 11): PTF degree = 4  [0.1s]
  RANDOM (weight 54, seed 22): PTF degree = 3  [0.1s]
  RANDOM (weight 54, seed 33): PTF degree = 4  [0.1s]
  RANDOM (weight 54, seed 44): PTF degree = 3  [0.1s]
  RANDOM (weight 54, seed 55): PTF degree = 4  [0.1s]

Wrote ptf_degree_results.json

Summary:
  N   PRIMES   pi mod 2   random med
  4        2          3            2
  5        3          3            3
  6        3          3            3
  7        3          4            3
  8        4          4            4
