Sieving primes up to 200,000,000...
  Sieved 11,078,937 primes in 1.5s. Last prime = 199,999,991
  Computing Li^{-1}(n)...
  Li^{-1} done in 50.1s

Empirical e_n stats:
  N = 11,078,937, mean = 10780.53, std = 4293.66, median = 11115.00, min = 0, max = 21648
  skew = -0.108, P(e > 0) = 1.0000

=== Per-modulus dip-scaling table (J* = floor(log_m(p_N)/2)) ===
  m φ(m) rad  J*    mu_Y   sig_Y     ag_emp rel_emp  rel_pY  rel_pR rel_pGR  errY%  errR% errGR%
  2    1   2  13   1.816   0.598   0.469697  0.9394  0.8811  0.9396  0.8858   -6.2   +0.0   -5.7
  3    2   3   8   2.143   0.715   0.180960  0.5429  0.4931  0.5426  0.4957   -9.2   -0.1   -8.7
  4    2   2   6   3.132   1.087   0.208802  0.8352  0.7696  0.8356  0.7702   -7.9   +0.1   -7.8
  5    4   5   5   3.950   1.404   0.175919  0.8796  0.8525  0.8795  0.8526   -3.1   -0.0   -3.1
  6    2   6   5   1.886   0.623   0.086790  0.5207  0.4572  0.5206  0.4607  -12.2   -0.0  -11.5
  7    6   7   4   4.990   1.811   0.111371  0.7796  0.6732  0.7796  0.6732  -13.7   -0.0  -13.6
  8    4   2   4   3.132   1.087   0.023954  0.1916  0.1837  0.1916  0.1837   -4.1   -0.0   -4.1
  9    6   3   4   2.143   0.715   0.062130  0.5592  0.4827  0.5590  0.4843  -13.7   -0.0  -13.4
 10    4  10   4   1.578   0.517   0.140904  1.4090  1.3080  1.4089  1.3342   -7.2   -0.0   -5.3
 11   10  11   3   8.600   3.239   0.076765  0.8444  0.9674  0.8440  0.9674  +14.6   -0.0  +14.6
 12    4   6   3   6.739   2.501   0.011538  0.1385  0.2271  0.1384  0.2271  +64.0   -0.1  +64.0
 13   12  13   3   5.407   1.976   0.007017  0.0912  0.1274  0.0909  0.1274  +39.7   -0.3  +39.7
 14    6  14   3   4.429   1.591   0.010934  0.1531  0.1805  0.1528  0.1805  +17.9   -0.2  +17.9
 15    8  15   3   3.694   1.305   0.016294  0.2444  0.2570  0.2442  0.2570   +5.2   -0.1   +5.1
 16    8   2   3   3.132   1.087   0.023954  0.3833  0.3674  0.3833  0.3674   -4.1   -0.0   -4.1
 17   16  17   3   2.694   0.920   0.034418  0.5851  0.5289  0.5851  0.5290   -9.6   -0.0   -9.6
 18    6   6   3   2.349   0.791   0.048619  0.8751  0.7665  0.8745  0.7676  -12.4   -0.1  -12.3
 19   18  19   3   2.072   0.689   0.068035  1.2927  1.1149  1.2921  1.1196  -13.7   -0.0  -13.4
 20    8  10   3   1.848   0.609   0.091672  1.8334  1.6186  1.8325  1.6329  -11.7   -0.1  -10.9
 21   12  21   3   1.664   0.546   0.121328  2.5479  2.3279  2.5472  2.3644   -8.6   -0.0   -7.2
 22   10  22   3   1.512   0.496   0.159166  3.5017  3.2907  3.5012  3.3695   -6.0   -0.0   -3.8
 23   22  23   3   1.386   0.456   0.205576  4.7282  4.5399  4.7278  4.6844   -4.0   -0.0   -0.9
 24    8   6   3   1.280   0.424   0.263507  6.3242  6.0809  6.3247  6.3042   -3.8   +0.0   -0.3
 25   20   5   2  17.749   6.876   0.033372  0.8343  0.8312  0.8345  0.8312   -0.4   +0.0   -0.4
 26   12  26   2  16.448   6.358   0.026039  0.6770  0.5388  0.6769  0.5388  -20.4   -0.0  -20.4
 27   18   3   2  15.288   5.897   0.008109  0.2190  0.2940  0.2189  0.2940  +34.3   -0.0  +34.3
 28   12  14   2  14.251   5.484   0.000901  0.0252  0.1587  0.0253  0.1587 +529.1   +0.1 +529.1
 29   28  29   2  13.319   5.114   0.001011  0.0293  0.1139  0.0293  0.1139 +288.5   -0.0 +288.5
 30    8  30   2  12.478   4.779   0.001157  0.0347  0.1115  0.0346  0.1115 +221.2   -0.4 +221.2

=== Aggregate mean |Δrel| ===
  Gaussian-Y    : 0.0962
  Empirical-R   : 0.0003
  Gaussian-R    : 0.0775

Wrote /apps/aplikacijos/prime-research/experiments/wildcard/bit_J_pn_dip_scaling/bit_J_pn_dip_scaling_results.json
