[setup] sieve to 10,000,000: 664,579 primes in 0.0s

[W=2] phi=1, residues=[1]
  [b=1] q in [1000003, 1013503], PRIMES T0=163.34, T1=21.75, z(B1)=(-6.89,-2.92), z(B2)=(-6.69,-4.59), 31.8s
  [pool] z_B1=(-6.89,-2.92), z_B2=(-6.69,-4.59)

[W=6] phi=2, residues=[1, 5]
  [b=1] q in [1000003, 1027591], PRIMES T0=166.78, T1=38.98, z(B1)=(-4.51,+8.18), z(B2)=(-2.64,+0.45), 36.2s
  [b=5] q in [1000037, 1026899], PRIMES T0=157.91, T1=35.16, z(B1)=(-6.59,+8.85), z(B2)=(-1.26,-1.45), 38.3s
  [pool] z_B1=(-5.55,+8.51), z_B2=(-1.95,-0.50)

[W=30] phi=8, residues=[1, 7, 11]
  [b=1] q in [1000081, 1110931], PRIMES T0=145.84, T1=39.56, z(B1)=(-8.49,+11.51), z(B2)=(-0.96,-0.67), 37.8s
  [b=7] q in [1000117, 1110727], PRIMES T0=145.12, T1=42.10, z(B1)=(-9.20,+12.05), z(B2)=(-1.21,+0.56), 38.2s
  [b=11] q in [1000121, 1110971], PRIMES T0=149.42, T1=37.09, z(B1)=(-6.08,+12.41), z(B2)=(-0.61,-1.50), 37.2s
  [pool] z_B1=(-7.92,+11.99), z_B2=(-0.93,-0.54)

[W=210] phi=48, residues=[1, 11, 13]
  [b=1] q in [1000231, 1670761], PRIMES T0=131.92, T1=33.47, z(B1)=(-9.34,+6.75), z(B2)=(-1.09,-0.89), 47.2s
  [b=11] q in [1001081, 1669301], PRIMES T0=130.72, T1=31.69, z(B1)=(-9.46,+4.29), z(B2)=(-2.41,-1.26), 42.4s
  [b=13] q in [1000033, 1666783], PRIMES T0=135.51, T1=32.92, z(B1)=(-10.63,+4.09), z(B2)=(-2.33,+0.59), 43.0s
  [pool] z_B1=(-9.81,+5.05), z_B2=(-1.95,-0.52)

[W=2310] phi=480, residues=[1, 13, 17]
  [b=1] q in [1000231, 8470771], PRIMES T0=145.16, T1=21.26, z(B1)=(-7.78,-3.30), z(B2)=(-2.93,-2.11), 40.6s
  [b=13] q in [1002553, 8292913], PRIMES T0=131.35, T1=19.26, z(B1)=(-8.89,-3.97), z(B2)=(-5.38,-3.87), 40.2s
  [b=17] q in [1009487, 8373767], PRIMES T0=145.21, T1=21.45, z(B1)=(-9.77,-3.07), z(B2)=(-0.81,-1.37), 41.3s
  [pool] z_B1=(-8.81,-3.44), z_B2=(-3.04,-2.45)

[done] wrote /apps/aplikacijos/prime-research/experiments/topological/persistent_homology_w_scan/w_scan.json

W-scan summary (pooled z across residues):
      W phi(W) n_b    T0 z(B1)  T0 z(B2)    T1 z(B1)  T1 z(B2)
      2      1   1       -6.89     -6.69       -2.92     -4.59
      6      2   2       -5.55     -1.95       +8.51     -0.50
     30      8   3       -7.92     -0.93      +11.99     -0.54
    210     48   3       -9.81     -1.95       +5.05     -0.52
   2310    480   3       -8.81     -3.04       -3.44     -2.45
  S96 unconditioned baseline (W=1):  T0 z(B1)=-5.96, T0 z(B2)=-7.45, T1 z(B1)=-2.58, T1 z(B2)=-4.05
