[setup] sieve to 10,000,000: 664,579 primes in 0.0s

[W=6] phi=2, residues=[1, 5]
  [b=1] q in [1000003, 1013563], PRIMES T0=108.74, T1=16.66, z(B1)=(-4.21,+2.46), z(B2)=(-1.50,-1.37), 7.5s
  [b=5] q in [1000037, 1013471], PRIMES T0=103.20, T1=17.19, z(B1)=(-6.20,+3.35), z(B2)=(-1.54,-1.15), 7.8s
  [pool] z_B1=(-5.20,+2.90), z_B2=(-1.52,-1.26)

[W=30] phi=8, residues=[1, 7, 11]
  [b=1] q in [1000081, 1056271], PRIMES T0=99.41, T1=21.65, z(B1)=(-4.91,+8.66), z(B2)=(-1.19,-0.70), 7.6s
  [b=7] q in [1000117, 1055737], PRIMES T0=99.81, T1=20.87, z(B1)=(-4.53,+4.67), z(B2)=(-1.87,-0.60), 7.6s
  [b=11] q in [1000121, 1055261], PRIMES T0=100.07, T1=22.98, z(B1)=(-4.32,+7.78), z(B2)=(+0.28,+0.61), 7.4s
  [pool] z_B1=(-4.59,+7.04), z_B2=(-0.93,-0.23)

[W=210] phi=48, residues=[1, 11, 13]
  [b=1] q in [1000231, 1337071], PRIMES T0=94.67, T1=20.88, z(B1)=(-5.86,+7.60), z(B2)=(-0.75,+0.58), 8.9s
  [b=11] q in [1001081, 1334561], PRIMES T0=94.70, T1=20.09, z(B1)=(-5.92,+6.20), z(B2)=(-0.74,+0.19), 8.7s
  [b=13] q in [1000033, 1328683], PRIMES T0=84.64, T1=19.43, z(B1)=(-7.07,+5.61), z(B2)=(-1.47,-0.06), 9.0s
  [pool] z_B1=(-6.28,+6.47), z_B2=(-0.99,+0.24)

[done] wrote /apps/aplikacijos/prime-research/experiments/topological/persistent_homology_w_scan/w_scan_M500.json

W-scan summary (pooled z across residues):
      W phi(W) n_b    T0 z(B1)  T0 z(B2)    T1 z(B1)  T1 z(B2)
      6      2   2       -5.20     -1.52       +2.90     -1.26
     30      8   3       -4.59     -0.93       +7.04     -0.23
    210     48   3       -6.28     -0.99       +6.47     +0.24
  S96 unconditioned baseline (W=1):  T0 z(B1)=-5.96, T0 z(B2)=-7.45, T1 z(B1)=-2.58, T1 z(B2)=-4.05
