K milestones (count=27): [250, 500, 750, 1000, 1500]...[16000, 17000, 18000, 19000, 20000]
Sieving pi(n) for n up to 474441...
  sieve done in 0.1s, pi(474441) = 39574
Loading 20000 zeta zeros (dps=18)...
loaded 8000 base zeros + 12000 chunked zeros (idx range 8001 .. 20000)
  loaded 20000 zeros in 0.1s (gamma_K = 18046.4643).

[anchor 10^5.0, sampling 30 from [100000, 150000], K_max=20000]
  [1/30] x=102653 pi=9829 err@K=5000:0.488 err@K_max:0.981  (5s, ETA 152s)
  [5/30] x=109127 pi=10375 err@K=5000:0.242 err@K_max:0.125  (24s, ETA 119s)
  [10/30] x=116968 pi=11041 err@K=5000:0.150 err@K_max:0.064  (49s, ETA 97s)
  [15/30] x=125247 pi=11756 err@K=5000:0.980 err@K_max:0.557  (74s, ETA 74s)
  [20/30] x=133075 pi=12420 err@K=5000:0.525 err@K_max:0.846  (98s, ETA 49s)
  [25/30] x=140525 pi=13052 err@K=5000:0.711 err@K_max:0.149  (122s, ETA 24s)
  [30/30] x=149673 pi=13820 err@K=5000:0.192 err@K_max:0.299  (146s, ETA 0s)

[anchor 10^5.3, sampling 30 from [199526, 299289], K_max=20000]
  [1/30] x=199675 pi=17956 err@K=5000:0.419 err@K_max:0.049  (4s, ETA 128s)
  [5/30] x=212725 pi=19026 err@K=5000:0.962 err@K_max:0.078  (24s, ETA 119s)
  [10/30] x=242805 pi=21455 err@K=5000:0.275 err@K_max:0.443  (49s, ETA 98s)
  [15/30] x=257550 pi=22642 err@K=5000:0.558 err@K_max:0.014  (74s, ETA 74s)
  [20/30] x=271445 pi=23760 err@K=5000:1.124 err@K_max:0.011  (100s, ETA 50s)
  [25/30] x=281480 pi=24554 err@K=5000:0.629 err@K_max:0.093  (126s, ETA 25s)
  [30/30] x=295245 pi=25633 err@K=5000:0.935 err@K_max:0.391  (151s, ETA 0s)

[anchor 10^5.5, sampling 30 from [316227, 474341], K_max=20000]
  [1/30] x=332737 pi=28619 err@K=5000:0.349 err@K_max:0.026  (4s, ETA 128s)
  [5/30] x=344815 pi=29563 err@K=5000:0.166 err@K_max:0.242  (25s, ETA 126s)
  [10/30] x=374345 pi=31851 err@K=5000:0.999 err@K_max:0.748  (50s, ETA 100s)
  [15/30] x=400127 pi=33870 err@K=5000:0.887 err@K_max:0.361  (75s, ETA 75s)
  [20/30] x=433659 pi=36455 err@K=5000:1.298 err@K_max:0.808  (100s, ETA 50s)
  [25/30] x=459680 pi=38442 err@K=5000:1.169 err@K_max:0.430  (126s, ETA 25s)
  [30/30] x=472540 pi=39427 err@K=5000:1.436 err@K_max:1.609  (152s, ETA 0s)

====================================================================================================
K_emp = min K such that WORST-CASE |pi_K - pi(x)| <= eps over N samples
  log10x        x  eps   K_emp  K_typ  K_pred_hG  K_gal(c=1)    c_emp  c_emp_T7 sigma_K_emp
----------------------------------------------------------------------------------------------------
    5.00   100000    1    9000    500      27086       41915   0.2147    0.3942       0.593
    5.00   100000    3     500    250       1563       41915   0.0119    0.0227       1.718
    5.30   199526    1    9000   2000      55007       66525   0.1353    0.5044       0.791
    5.30   199526    3    2000    250       3390       66525   0.0301    0.0311       1.400
    5.50   316228    1   20001   1500      88090       90190      nan    0.5958         nan
    5.50   316228    3    2500    250       5631       90190   0.0277    0.0381       1.564
----------------------------------------------------------------------------------------------------

Wrote 2430 trace rows to /apps/aplikacijos/prime-research/experiments/analytic/galway_constant/slot2_extended_traces.csv
Wrote 6 summary rows to /apps/aplikacijos/prime-research/experiments/analytic/galway_constant/slot2_extended_summary.csv
