K milestones (count=43): [50, 100, 150, 200, 250]...[7000, 7250, 7500, 7750, 8000]
Sieving pi(n) for n up to 119249...
  sieve done in 0.0s, pi(119249) = 11237
Loading 8000 zeta zeros (dps=18)...
  loaded 8000 zeros in 0.1s (gamma_K = 8148.1884).

[anchor 10^4.0, sampling 30 from [10000, 15000], K_max=8000]
  [1/30] x=10331 pi=1267 err@K=1000:0.273 err@K_max:0.415  (2s, ETA 72s)
  [5/30] x=10824 pi=1315 err@K=1000:0.175 err@K_max:0.022  (11s, ETA 57s)
  [10/30] x=12052 pi=1444 err@K=1000:0.486 err@K_max:0.031  (23s, ETA 47s)
  [15/30] x=12704 pi=1517 err@K=1000:0.591 err@K_max:0.132  (34s, ETA 34s)
  [20/30] x=13445 pi=1593 err@K=1000:0.190 err@K_max:0.061  (44s, ETA 22s)
  [25/30] x=14134 pi=1663 err@K=1000:0.139 err@K_max:0.052  (55s, ETA 11s)
  [30/30] x=14930 pi=1748 err@K=1000:0.364 err@K_max:0.263  (65s, ETA 0s)

[anchor 10^4.1, sampling 30 from [12589, 18883], K_max=8000]
  [1/30] x=12598 pi=1504 err@K=1000:0.335 err@K_max:0.036  (2s, ETA 59s)
  [5/30] x=13353 pi=1585 err@K=1000:0.066 err@K_max:0.007  (11s, ETA 53s)
  [10/30] x=14722 pi=1722 err@K=1000:0.036 err@K_max:0.406  (21s, ETA 42s)
  [15/30] x=16215 pi=1883 err@K=1000:0.683 err@K_max:0.023  (31s, ETA 31s)
  [20/30] x=17115 pi=1972 err@K=1000:0.282 err@K_max:0.224  (41s, ETA 20s)
  [25/30] x=17835 pi=2044 err@K=1000:0.913 err@K_max:0.362  (51s, ETA 10s)
  [30/30] x=18571 pi=2125 err@K=1000:0.721 err@K_max:0.060  (62s, ETA 0s)

[anchor 10^4.2, sampling 30 from [15848, 23773], K_max=8000]
  [1/30] x=16507 pi=1912 err@K=1000:0.339 err@K_max:0.134  (2s, ETA 57s)
  [5/30] x=17015 pi=1961 err@K=1000:0.423 err@K_max:0.047  (9s, ETA 47s)
  [10/30] x=18469 pi=2116 err@K=1000:0.552 err@K_max:0.015  (20s, ETA 40s)
  [15/30] x=20274 pi=2291 err@K=1000:0.268 err@K_max:0.018  (31s, ETA 31s)
  [20/30] x=20661 pi=2327 err@K=1000:0.610 err@K_max:0.282  (42s, ETA 21s)
  [25/30] x=22429 pi=2508 err@K=1000:1.055 err@K_max:0.087  (52s, ETA 10s)
  [30/30] x=23743 pi=2640 err@K=1000:0.163 err@K_max:0.765  (63s, ETA 0s)

[anchor 10^4.3, sampling 30 from [19952, 29928], K_max=8000]
  [1/30] x=20492 pi=2313 err@K=1000:0.497 err@K_max:0.048  (2s, ETA 62s)
  [5/30] x=21423 pi=2405 err@K=1000:0.384 err@K_max:0.153  (11s, ETA 55s)
  [10/30] x=23011 pi=2566 err@K=1000:0.003 err@K_max:0.583  (22s, ETA 44s)
  [15/30] x=24212 pi=2694 err@K=1000:0.245 err@K_max:0.034  (33s, ETA 33s)
  [20/30] x=26258 pi=2885 err@K=1000:0.267 err@K_max:0.289  (43s, ETA 21s)
  [25/30] x=28501 pi=3100 err@K=1000:0.251 err@K_max:0.502  (52s, ETA 10s)
  [30/30] x=29721 pi=3222 err@K=1000:0.404 err@K_max:0.151  (62s, ETA 0s)

[anchor 10^4.4, sampling 30 from [25118, 37678], K_max=8000]
  [1/30] x=25383 pi=2799 err@K=1000:0.338 err@K_max:0.078  (2s, ETA 54s)
  [5/30] x=27007 pi=2961 err@K=1000:0.281 err@K_max:0.037  (10s, ETA 52s)
  [10/30] x=29099 pi=3162 err@K=1000:0.691 err@K_max:0.256  (21s, ETA 42s)
  [15/30] x=30611 pi=3302 err@K=1000:0.065 err@K_max:0.036  (32s, ETA 32s)
  [20/30] x=33087 pi=3547 err@K=1000:0.580 err@K_max:0.109  (42s, ETA 21s)
  [25/30] x=35442 pi=3774 err@K=1000:0.359 err@K_max:0.091  (53s, ETA 11s)
  [30/30] x=37102 pi=3933 err@K=1000:0.501 err@K_max:0.169  (63s, ETA 0s)

[anchor 10^4.5, sampling 30 from [31622, 47434], K_max=8000]
  [1/30] x=32059 pi=3439 err@K=1000:0.043 err@K_max:0.788  (2s, ETA 67s)
  [5/30] x=33121 pi=3551 err@K=1000:1.404 err@K_max:0.309  (11s, ETA 56s)
  [10/30] x=34710 pi=3707 err@K=1000:0.156 err@K_max:0.085  (21s, ETA 43s)
  [15/30] x=41024 pi=4294 err@K=1000:0.371 err@K_max:0.624  (32s, ETA 32s)
  [20/30] x=42012 pi=4392 err@K=1000:1.309 err@K_max:0.685  (42s, ETA 21s)
  [25/30] x=45009 pi=4676 err@K=1000:0.968 err@K_max:0.067  (53s, ETA 11s)
  [30/30] x=46965 pi=4849 err@K=1000:0.298 err@K_max:0.312  (63s, ETA 0s)

[anchor 10^4.6, sampling 30 from [39810, 59716], K_max=8000]
  [1/30] x=40518 pi=4247 err@K=1000:0.220 err@K_max:0.277  (2s, ETA 55s)
  [5/30] x=41811 pi=4371 err@K=1000:0.636 err@K_max:0.066  (9s, ETA 47s)
  [10/30] x=43869 pi=4566 err@K=1000:0.078 err@K_max:0.457  (20s, ETA 40s)
  [15/30] x=46710 pi=4827 err@K=1000:0.512 err@K_max:0.221  (30s, ETA 30s)
  [20/30] x=51288 pi=5248 err@K=1000:1.055 err@K_max:0.913  (40s, ETA 20s)
  [25/30] x=55116 pi=5601 err@K=1000:0.141 err@K_max:0.308  (50s, ETA 10s)
  [30/30] x=59355 pi=5998 err@K=1000:1.592 err@K_max:0.312  (61s, ETA 0s)

[anchor 10^4.7, sampling 30 from [50118, 75178], K_max=8000]
  [1/30] x=50550 pi=5185 err@K=1000:1.012 err@K_max:0.126  (2s, ETA 61s)
  [5/30] x=55302 pi=5616 err@K=1000:0.595 err@K_max:0.221  (11s, ETA 54s)
  [10/30] x=58332 pi=5905 err@K=1000:0.366 err@K_max:0.168  (22s, ETA 44s)
  [15/30] x=62853 pi=6305 err@K=1000:0.159 err@K_max:0.378  (32s, ETA 32s)
  [20/30] x=67467 pi=6720 err@K=1000:0.192 err@K_max:0.116  (43s, ETA 21s)
  [25/30] x=71666 pi=7094 err@K=1000:0.510 err@K_max:0.201  (53s, ETA 11s)
  [30/30] x=72980 pi=7217 err@K=1000:1.256 err@K_max:0.756  (64s, ETA 0s)

[anchor 10^4.8, sampling 30 from [63095, 94643], K_max=8000]
  [1/30] x=63502 pi=6365 err@K=1000:0.761 err@K_max:0.725  (2s, ETA 54s)
  [5/30] x=67513 pi=6726 err@K=1000:0.645 err@K_max:0.330  (10s, ETA 52s)
  [10/30] x=74102 pi=7311 err@K=1000:1.107 err@K_max:1.092  (21s, ETA 42s)
  [15/30] x=80931 pi=7921 err@K=1000:0.705 err@K_max:0.438  (32s, ETA 32s)
  [20/30] x=83861 pi=8179 err@K=1000:0.299 err@K_max:0.137  (43s, ETA 21s)
  [25/30] x=87394 pi=8483 err@K=1000:0.177 err@K_max:0.122  (54s, ETA 11s)
  [30/30] x=94327 pi=9097 err@K=1000:0.666 err@K_max:0.474  (65s, ETA 0s)

[anchor 10^4.9, sampling 30 from [79432, 119149], K_max=8000]
  [1/30] x=79436 pi=7786 err@K=1000:2.245 err@K_max:0.338  (2s, ETA 68s)
  [5/30] x=83618 pi=8161 err@K=1000:0.371 err@K_max:0.428  (11s, ETA 53s)
  [10/30] x=92035 pi=8890 err@K=1000:0.731 err@K_max:0.056  (21s, ETA 43s)
  [15/30] x=104247 pi=9957 err@K=1000:0.710 err@K_max:1.176  (33s, ETA 33s)
  [20/30] x=106840 pi=10182 err@K=1000:0.522 err@K_max:0.018  (44s, ETA 22s)
  [25/30] x=114007 pi=10790 err@K=1000:0.935 err@K_max:0.204  (55s, ETA 11s)
  [30/30] x=119014 pi=11214 err@K=1000:1.767 err@K_max:0.131  (65s, ETA 0s)

====================================================================================================
K_emp = min K such that WORST-CASE |pi_K - pi(x)| <= eps over N samples
  log10x        x  eps   K_emp  K_typ  K_pred_hG  K_gal(c=1)    c_emp  c_emp_T7 sigma_K_emp
----------------------------------------------------------------------------------------------------
    4.00    10000    1    1250     50       2483        8483   0.1474    0.1785       0.493
    4.00    10000    3      50     50         93        8483   0.0059    0.0067       1.352
    4.10    12589    1    1250     50       3162       10000   0.1250    0.1929       0.540
    4.10    12589    3      50     50        127       10000   0.0050    0.0077       1.480
    4.20    15849    1    1250     50       4023       11774   0.1062    0.2084       0.591
    4.20    15849    3      50     50        172       11774   0.0042    0.0089       1.621
    4.30    19953    1    1750     50       5116       13847   0.1264    0.2254       0.573
    4.30    19953    3     100     50        231       13847   0.0072    0.0102       1.479
    4.40    25119    1    2250     50       6501       16268   0.1383    0.2438       0.573
    4.40    25119    3     300     50        308       16268   0.0184    0.0115       1.159
    4.50    31623    1    4750    150       8256       19092   0.2488    0.2638       0.474
    4.50    31623    3     150     50        408       19092   0.0079    0.0130       1.580
    4.60    39811    1    3750    100      10480       22384   0.1675    0.2856       0.570
    4.60    39811    3     150     50        537       22384   0.0067    0.0146       1.735
    4.70    50119    1    8001     50      13296       26220      nan    0.3093         nan
    4.70    50119    3     200     50        705       26220   0.0076    0.0164       1.744
    4.80    63096    1    8001    200      16862       30684      nan    0.3352         nan
    4.80    63096    3     250     50        922       30684   0.0081    0.0183       1.786
    4.90    79433    1    8001    600      21375       35878      nan    0.3634         nan
    4.90    79433    3     350     50       1202       35878   0.0098    0.0204       1.760
----------------------------------------------------------------------------------------------------
Galway-shape: c_emp constant across anchors.
Thread-7-shape: c_emp drifts as sqrt(x)/log^2 x; column c_emp_T7 is the prediction.

Wrote 12900 trace rows to /apps/aplikacijos/prime-research/experiments/analytic/galway_constant/slot2_finegrid_traces.csv
Wrote 20 summary rows to /apps/aplikacijos/prime-research/experiments/analytic/galway_constant/slot2_finegrid_summary.csv
