Sieving pi(n) for n up to 150100...
  sieve done in 0.0s, pi(150100) = 13859
Loading 8000 zeta zeros (dps=18)...
  loaded 8000 zeros in 0.0s (gamma_K = 8148.1884).

[anchor 10^4.0, sampling 30 from [10000, 15000], K_max = 8000]
  [1/30] x=10331 pi=1267 err@K=1000:0.27 err@K_max:0.41  (2s, ETA 66s)
  [5/30] x=10824 pi=1315 err@K=1000:0.18 err@K_max:0.02  (11s, ETA 54s)
  [10/30] x=12052 pi=1444 err@K=1000:0.49 err@K_max:0.03  (21s, ETA 41s)
  [15/30] x=12704 pi=1517 err@K=1000:0.59 err@K_max:0.13  (31s, ETA 31s)
  [20/30] x=13445 pi=1593 err@K=1000:0.19 err@K_max:0.06  (41s, ETA 20s)
  [25/30] x=14134 pi=1663 err@K=1000:0.14 err@K_max:0.05  (50s, ETA 10s)
  [30/30] x=14930 pi=1748 err@K=1000:0.36 err@K_max:0.26  (60s, ETA 0s)

[anchor 10^4.5, sampling 30 from [31622, 47434], K_max = 8000]
  [1/30] x=31640 pi=3402 err@K=1000:0.70 err@K_max:0.27  (2s, ETA 66s)
  [5/30] x=34972 pi=3731 err@K=1000:0.67 err@K_max:0.02  (11s, ETA 55s)
  [10/30] x=39437 pi=4150 err@K=1000:0.97 err@K_max:0.29  (22s, ETA 43s)
  [15/30] x=41630 pi=4355 err@K=1000:0.84 err@K_max:0.36  (32s, ETA 32s)
  [20/30] x=43258 pi=4514 err@K=1000:0.86 err@K_max:0.24  (42s, ETA 21s)
  [25/30] x=45188 pi=4690 err@K=1000:0.73 err@K_max:0.13  (52s, ETA 10s)
  [30/30] x=46670 pi=4822 err@K=1000:0.39 err@K_max:0.35  (62s, ETA 0s)

[anchor 10^5.0, sampling 30 from [100000, 150000], K_max = 8000]
  [1/30] x=104127 pi=9946 err@K=1000:0.96 err@K_max:1.10  (2s, ETA 53s)
  [5/30] x=108179 pi=10290 err@K=1000:0.64 err@K_max:0.24  (9s, ETA 46s)
  [10/30] x=115637 pi=10926 err@K=1000:2.16 err@K_max:0.73  (20s, ETA 39s)
  [15/30] x=121312 pi=11414 err@K=1000:1.19 err@K_max:0.11  (29s, ETA 29s)
  [20/30] x=133288 pi=12440 err@K=1000:0.91 err@K_max:1.47  (38s, ETA 19s)
  [25/30] x=136127 pi=12675 err@K=1000:0.52 err@K_max:0.20  (48s, ETA 10s)
  [30/30] x=147859 pi=13667 err@K=1000:2.39 err@K_max:0.51  (58s, ETA 0s)

================================================================================================
K_emp = min K such that WORST-CASE |pi_K(x_i) - pi(x_i)| <= eps over N samples
  log10x   x_anchor    eps    K_emp    K_typ  K_pred(half-G)  K_galway(c=1)    c_emp sigma_K_emp
------------------------------------------------------------------------------------------------
    4.00      10000      1     1500        2            2483           8483   0.1768       0.461
    4.00      10000      3       20        1              93           8483   0.0024       1.637
    4.00      10000     10        1        1               2           8483   0.0001         inf
    4.00      10000     30        1        1               2           8483   0.0001         inf
    4.00      10000    100        1        1               2           8483   0.0001         inf
    4.50      31623      1     4000       10            8256          19092   0.2095       0.507
    4.50      31623      3       50        1             408          19092   0.0026       2.137
    4.50      31623     10        1        1               2          19092   0.0001         inf
    4.50      31623     30        1        1               2          19092   0.0001         inf
    4.50      31623    100        1        1               2          19092   0.0001         inf
    5.00     100000      1     8001     1000           27086          41915      nan         nan
    5.00     100000      3      700        1            1563          41915   0.0167       1.531
    5.00     100000     10        1        1              31          41915   0.0000         inf
    5.00     100000     30        1        1               2          41915   0.0000         inf
    5.00     100000    100        1        1               2          41915   0.0000         inf
------------------------------------------------------------------------------------------------
legend:
  K_emp = smallest milestone K with worst-case err <= eps
  K_typ = smallest milestone K with MEDIAN err <= eps
  K_pred(half-G) = K such that sigma(K) = eps / sqrt(2 log N)  (theoretical worst
                   under Gaussian approx; sigma uses S195 random-phase formula)
  K_galway(c=1) = c * x^{1/2} log^2 x with c=1  (Galway-style explicit bound)
  c_emp = K_emp / (sqrt(x) * log^2 x)  -- empirical Galway-bound prefactor

Wrote 1800 trace rows to /apps/aplikacijos/prime-research/experiments/analytic/galway_constant/slot1_traces.csv
Wrote 15 summary rows to /apps/aplikacijos/prime-research/experiments/analytic/galway_constant/slot1_summary.csv
