==============================================================================
Thread 9 / P4 slot 5 (FINAL): structural decomposition + extension
==============================================================================
  C_2          = 0.660161836123
  C_2^2        = 0.435813649873
  4  C_2^2     = 1.743254599494
  24 C_2^2     = 10.459527596962
  12 C_2^2     = 5.229763798481    (slot 4 structural candidate -A)
  M_TERMS      = 350000 (m up to 2100000)
  PRIME_BOUND  = 2100000
  P_DECOMP_MAX = 200
  K_DECOMP     = 100000
  OTHER_PRODUCT = 4.151182

------------------------------------------------------------------------------
PART A: precompute S_4 for 350000 admissible m's
------------------------------------------------------------------------------
  computed 350000 S_4 values in 6.81s (51396 evals/sec)
    k=   100: <S_4>_cum = 10.222326  rel_err vs 24C2^2 = 2.268e-02
    k=  1000: <S_4>_cum = 10.410168  rel_err vs 24C2^2 = 4.719e-03
    k= 10000: <S_4>_cum = 10.452364  rel_err vs 24C2^2 = 6.849e-04
    k=100000: <S_4>_cum = 10.458687  rel_err vs 24C2^2 = 8.034e-05
    k=200000: <S_4>_cum = 10.459065  rel_err vs 24C2^2 = 4.419e-05
    k=350000: <S_4>_cum = 10.459243  rel_err vs 24C2^2 = 2.722e-05

------------------------------------------------------------------------------
PART A: T(w), Δ(w), Model B fit at extended K range
------------------------------------------------------------------------------
      K     log_w            Delta     Delta/w   -D/(w·logw)  -D/(w·logw·llw)
    100    6.4052      -16117.2407    -26.6401        4.1591           2.2396
   1000    8.7003     -253197.1623    -42.1644        4.8463           2.2402
  10000   11.0022    -3677833.4481    -61.2921        5.5709           2.3231
 100000   13.3047   -50373537.2803    -83.9552        6.3102           2.4381
 200000   13.9978  -109611177.1787    -91.3423        6.5255           2.4728
 250000   14.2210  -140641768.7014    -93.7609        6.5931           2.4836
 300000   14.4033  -172339269.8115    -95.7438        6.6473           2.4920
 350000   14.5575  -204654334.9775    -97.4542        6.6945           2.4997

  extended T/Δ table -> /apps/aplikacijos/prime-research/experiments/analytic/k_tuple_batched/slot5_extended_t.csv

------------------------------------------------------------------------------
PART A: Model B fit Δ/w = A log w log log w + B log w + C
------------------------------------------------------------------------------
  K_min=  1000, n=19: A=-7.252023  B=+15.546637  C=-41.056294  rms=0.0680  |A - (-12C2²)|/|...| = 0.3867
  K_min= 10000, n=13: A=-7.174106  B=+15.268566  C=-40.044597  rms=0.0373  |A - (-12C2²)|/|...| = 0.3718
  K_min= 50000, n= 8: A=-5.526633  B=+9.310159  C=-17.514769  rms=0.0078  |A - (-12C2²)|/|...| = 0.0568
  K_min=100000, n= 6: A=-6.183902  B=+11.697357  C=-26.646483  rms=0.0056  |A - (-12C2²)|/|...| = 0.1824
  K_min=200000, n= 4: A=-8.883643  B=+21.595455  C=-65.483545  rms=0.0045  |A - (-12C2²)|/|...| = 0.6987

------------------------------------------------------------------------------
PART B: Decomposition S(K) = S_1 + S_2 + remainder, K = 100000
        S_1 over ALL primes p ≤ K; S_2 over primes p,q ≤ 200
------------------------------------------------------------------------------
  Empirical S(K) = sum_{k=1}^K (S_4(6k)/24C2² - 1) = -8.034183
  H residual = 24 C2² * S(K) = -84.0338
  S_1 (single-prime, p ≤ K):  -1.867017
  S_1 (single-prime, K<p≤cap): -0.168371
  S_1 total: -2.035388

  Cross-prime decomposition: primes ≤ 200 (44 primes)
  Computing T_{pq}(K) for 44 primes -> 946 pairs ...
  S_2 = sum_{p<q} T_{pq}(K) = -1.303350  (946 pairs, 0.4s)
  S_remainder = S(K) - S_1 - S_2 = -4.695445
  Decomposition fractions:
    S_1 / S(K) = 25.3%
    S_2 / S(K) = 16.2%
    rem / S(K) = 58.4%

  In H_residual scale (24 C2² · S):
    H_resid_empirical = -84.0338
    H_resid_S1        = -21.2892  (25.3%)
    H_resid_S2        = -13.6324  (16.2%)
    H_resid_rem       = -49.1121  (58.4%)

  Decomposition row -> /apps/aplikacijos/prime-research/experiments/analytic/k_tuple_batched/slot5_decomposition.csv

------------------------------------------------------------------------------
PART B (cont): decomposition at multiple K values (primes ≤ 200)
------------------------------------------------------------------------------
      K       S_emp        S_1        S_2        rem    %S_1   %S_2   %rem
  10000     -6.8492    -1.9198    -2.4145    -2.5149   28.0%  35.3%  36.7%
  30000     -6.6579    -1.9269    -1.2752    -3.4559   28.9%  19.2%  51.9%
  50000     -8.0118    -2.1338    -2.0575    -3.8205   26.6%  25.7%  47.7%
  80000     -9.0993    -2.3003    -2.2881    -4.5109   25.3%  25.1%  49.6%
 100000     -8.0342    -2.0354    -1.3034    -4.6954   25.3%  16.2%  58.4%

------------------------------------------------------------------------------
PART C: Goldston-Montgomery zero residual at slot 3/4 cells
------------------------------------------------------------------------------
  Slot 3/4 corrected residual analysis:
  Hypothesis: F_pred - F_emp scales as ~log(w) / log(x).

         x      w    F_emp   F_pred    F_diff  logw/logx   F_diff/(logw/logx)
   1.0e+08   4071   0.9113   0.9080   +0.0033     0.4512              +0.0073
   1.0e+07   3117   0.8774    (n/a)     (n/a)     0.4991                (n/a)
   1.0e+06   2290   0.8215    (n/a)     (n/a)     0.5600                (n/a)

  Note: only the 10^8 wide cell has slot 4 corrected F_pred. F_diff = +0.0033 with log(w)/log(x) = 0.453 -> scale = +0.0073.
  GM-zero contribution prediction would set scale ≈ const,
  testable across all 3 anchors if F_pred at 10^7 / 10^6 wide computed.

  Slot 5 LIMITED: we have only 1 cleanly corrected cell.
  Conclusion: GM zero-residual hypothesis is UNDERTESTED (slot 5 cannot do more without slot 4 re-running F_pred at 10^6 / 10^7).

  GM-residual rows -> /apps/aplikacijos/prime-research/experiments/analytic/k_tuple_batched/slot5_gm_residual.csv

------------------------------------------------------------------------------
PART D: Thread 9 wrap summary
------------------------------------------------------------------------------
  Slot 1 (S429): sieve-shared batched-x evaluator, 5-8x at M=64
  Slot 2 (S430): F_HL_kt = 0.87 ± 0.03 (k=2, 3 decades)
  Slot 3 (S431): pair-correlation, F_pred matches F_emp <0.5% wide
  Slot 4 (S432): refute α=5.72; structural Δ ∼ -12 C2² w log w log log w
  Slot 5 (THIS): EXTENSION + decomposition at K=500K + GM analysis

  Coefficient stability table (Model B fit Δ/w = A·logw·loglogw + ...)
    K_min    A       B       C       (-12 C2² = -5.230)
  (re-summary from PART A above)

  Falsifiers for the conditional theorem Δ(w) ∼ -12 C2²·w·logw·loglogw:
    F1: empirical -A coefficient should converge to -5.230 as K→∞.
        Slot 4: K up to 200K, A_emp = -5.36 (2.4% from -5.23).
        Slot 5: K up to 500K, A_emp = (see fit table).
    F2: single-prime + cross-prime decomposition should account
        for >50% of S(K) at K = 100K. Empirical from PART B.
    F3: GM-zero residual at slot 3/4 cells should match cross-x
        F_pred undershoot pattern. Slot 5: only 1 cell verified.

