==============================================================================
Thread 9 / P4 slot 3: Pair-correlation derivation of F_HL_kt
==============================================================================
C_2 (twin-prime constant) = 0.6601629382
S_2(0,2) = 2 C_2 = 1.3203258764
S_2(0,2)^2 = 1.7432604200
24 C_2^2 (predicted <S_4>_admissible) = 10.4595625197

------------------------------------------------------------------------------
1. Verify <S_4 at p>_uniform_m = S_2^2 at p, for each prime p
------------------------------------------------------------------------------
   At p=2 (m even):       ratio should be 2
   At p=3 (m ≡ 0 mod 3):  ratio should be 3
   At p>=5 (uniform m):   ratio should be 1 exactly

   p=   2  case='m even'  f4=8.000000  f2sq=4.000000  ratio=2.000000  expected=2.0000  dev=0.00e+00
   p=   3  case='m == 0 mod 3'  f4=1.687500  f2sq=0.562500  ratio=3.000000  expected=3.0000  dev=4.44e-16
   p=   5  case='avg over m mod p'  f4=0.878906  f2sq=0.878906  ratio=1.000000  expected=1.0000  dev=2.22e-16
   p=   7  case='avg over m mod p'  f4=0.945216  f2sq=0.945216  ratio=1.000000  expected=1.0000  dev=0.00e+00
   p=  11  case='avg over m mod p'  f4=0.980100  f2sq=0.980100  ratio=1.000000  expected=1.0000  dev=2.22e-16
   p=  13  case='avg over m mod p'  f4=0.986159  f2sq=0.986159  ratio=1.000000  expected=1.0000  dev=2.22e-16
   p=  17  case='avg over m mod p'  f4=0.992203  f2sq=0.992203  ratio=1.000000  expected=1.0000  dev=2.22e-16
   p=  19  case='avg over m mod p'  f4=0.993837  f2sq=0.993837  ratio=1.000000  expected=1.0000  dev=0.00e+00
   ...
   Max deviation from expected for p >= 5: 4.44e-16
   (numerical roundoff only; cancellation identity holds EXACTLY)

   Identity table -> /apps/aplikacijos/prime-research/experiments/analytic/k_tuple_batched/slot3_identity.csv (168 primes)

------------------------------------------------------------------------------
2. Direct evaluation of T(w) = sum_{admissible m=6,12,...,<w} (w-m) S_4(0,2,m,m+2)
------------------------------------------------------------------------------
   Loaded 6 k=2 (twin) cells from slot2_summary.csv

   Unique w values: [190, 259, 339, 2290, 3117, 4071]

   Computing T(w=190) ...
    T(w=190): K=31 admissible m's, T=27690.3843, elapsed=0.01s
   Computing T(w=259) ...
    T(w=259): K=43 admissible m's, T=53073.8520, elapsed=0.01s
   Computing T(w=339) ...
    T(w=339): K=56 admissible m's, T=92720.1530, elapsed=0.01s
   Computing T(w=2290) ...
    T(w=2290): K=381 admissible m's, T=4493367.0420, elapsed=0.11s
   Computing T(w=3117) ...
    T(w=3117): K=519 admissible m's, T=8358018.9221, elapsed=0.15s
   Computing T(w=4071) ...
    T(w=4071): K=678 admissible m's, T=14294891.7116, elapsed=0.17s

------------------------------------------------------------------------------
3. F^2 prediction vs slot 2 empirical (k=2 twin cells)
------------------------------------------------------------------------------
 anc   w_lab     w         T(w)      leading       Delta    Δ/lead   F_pred    F_emp    F_diff
--------------------------------------------------------------------------------------------------------------
   6  narrow   190   27690.3843   31465.8506  -3775.4663   -0.1200   0.9178   0.8592    0.0586
   6    wide  2290 4493367.0420 4570915.9841 -77548.9422   -0.0170   0.8552   0.8215    0.0336
   7  narrow   259   53073.8520   58469.8261  -5395.9741   -0.0923   0.9373   0.8668    0.0705
   7    wide  3117 8358018.9221 8468488.0431 -110469.1210   -0.0130   0.8907   0.8774    0.0133
   8  narrow   339   92720.1530  100168.6154  -7448.4623   -0.0744   0.9497   0.9046    0.0451
   8    wide  4071 14294891.7116 14445563.2068 -150671.4952   -0.0104   0.9137   0.9113    0.0024
==============================================================================================================

  |F_pred - F_emp|: max=0.0705, mean=0.0372
  F_pred > F_emp in 6/6 cells (positive => prediction overshoots empirical reduction)

  Predictions -> /apps/aplikacijos/prime-research/experiments/analytic/k_tuple_batched/slot3_predictions.csv

------------------------------------------------------------------------------
4. Per-m profile of S_4(0,2,m,m+2) for first 30 admissible m's
    (mean of S_4 over ALL admissible m -> 24 C_2^2 = 10.459563)
------------------------------------------------------------------------------
  k     m    S_4(0,2,m,m+2)    cum_avg
  1     6          4.457051   4.457051
  2    12         11.362720   7.909886
  3    18          8.416031   8.078601
  4    24          5.315833   7.387909
  5    30         16.690703   9.248468
  6    36          4.788768   8.505184
  7    42         15.865864   9.556710
  8    48          8.762334   9.457413
  9    54          6.163299   9.091400
 10    60         13.454990   9.527759
 11    66          5.756986   9.184962
 12    72         11.420716   9.371275
 13    78         10.837439   9.484057
 14    84          7.296112   9.327775
 15    90         14.996852   9.705713
 16    96          5.669057   9.453422
 17   102         10.653542   9.524018
 18   108          9.690136   9.533246
 19   114          6.528590   9.375107
 20   120         12.911877   9.551945
 21   126          7.179969   9.438994
 22   132         12.056949   9.557992
 23   138         13.184477   9.715665
 24   144          4.276878   9.489049
 25   150         13.694516   9.657268
 26   156          7.838935   9.587332
 27   162          8.531609   9.548231
 28   168         15.098675   9.746461
 29   174          5.257965   9.591685
 30   180         18.676412   9.894510

  S_4 profile -> /apps/aplikacijos/prime-research/experiments/analytic/k_tuple_batched/slot3_s4_profile.csv (full, w_max=4071)

------------------------------------------------------------------------------
5. Cumulative <S_4> over admissible m: convergence to 24 C_2^2
------------------------------------------------------------------------------
   Target <S_4>_admissible = 24 C_2^2 = 10.459563
   M_max        <S_4>    rel_err
       1     4.457051     0.5739
       5     9.248468     0.1158
      10     9.527759     0.0891
      20     9.551945     0.0868
      50    10.071294     0.0371
     100    10.236610     0.0213
     200    10.284943     0.0167
     500    10.402143     0.0055
     678    10.405280     0.0052

