==============================================================================
Thread 9 / P4 slot 2: cross-x HL residual distribution at fixed H
==============================================================================
Anchors: [6, 7, 8], N_disjoint per cell: 200
H tuples: [(0, 2), (0, 2, 6), (0, 2, 6, 8)]
w regimes: [('narrow', 1), ('wide', 12)]


[anchor x = 10^6]  x_anchor=1,000,000  x_max=1,778,279
  w regimes: {'narrow': 190, 'wide': 2290}
  sieve [1, 1,780,581]
  sieved in 0.01s
  H=(0, 2) (k=2, C_H=1.3203): pair_array built in 0.00s, length=1780579
  H=(0, 2, 6) (k=3, C_H=2.8583): pair_array built in 0.00s, length=1780575
  H=(0, 2, 6, 8) (k=4, C_H=4.1514): pair_array built in 0.00s, length=1780573

[anchor x = 10^7]  x_anchor=10,000,000  x_max=17,782,794
  w regimes: {'narrow': 259, 'wide': 3117}
  sieve [1, 17,785,923]
  sieved in 0.08s
  H=(0, 2) (k=2, C_H=1.3203): pair_array built in 0.01s, length=17785921
  H=(0, 2, 6) (k=3, C_H=2.8583): pair_array built in 0.01s, length=17785917
  H=(0, 2, 6, 8) (k=4, C_H=4.1514): pair_array built in 0.01s, length=17785915

[anchor x = 10^8]  x_anchor=100,000,000  x_max=177,827,941
  w regimes: {'narrow': 339, 'wide': 4071}
  sieve [1, 177,832,024]
  sieved in 1.53s
  H=(0, 2) (k=2, C_H=1.3203): pair_array built in 0.13s, length=177832022
  H=(0, 2, 6) (k=3, C_H=2.8583): pair_array built in 0.31s, length=177832018
  H=(0, 2, 6, 8) (k=4, C_H=4.1514): pair_array built in 0.17s, length=177832016

Total elapsed: 2.4s, raw rows: 3600

Raw -> /apps/aplikacijos/prime-research/experiments/analytic/k_tuple_batched/slot2_data.csv  (3600 rows)
Summary -> /apps/aplikacijos/prime-research/experiments/analytic/k_tuple_batched/slot2_summary.csv  (18 cells)
Pooled -> /apps/aplikacijos/prime-research/experiments/analytic/k_tuple_batched/slot2_pooled.csv  (3 anchor-rows)

==================================================================================================================================
 anc   k   w_lab      w   mean_HL   sig_eff  sig_pois  eff/pois  med/sig_eff  mean/sig_eff   KSp_eff  KSp_pois
----------------------------------------------------------------------------------------------------------------------------------
   6   2  narrow    190     1.257     0.963     1.121    0.8592       0.7418        0.7806    0.0000    0.0000
   6   2    wide   2290    15.148     3.197     3.892    0.8215       0.7054        0.8098    0.6235    0.0070
   6   3  narrow    190     0.193     0.489     0.439    1.1148       0.3995        0.6836    0.0000    0.0000
   6   3    wide   2290     2.322     1.554     1.524    1.0197       0.7741        0.7885    0.0284    0.0240
   6   4  narrow    190     0.020     0.100     0.141    0.7100       0.1973        0.2942    0.0000    0.0000
   6   4    wide   2290     0.239     0.585     0.489    1.1978       0.4163        0.7238    0.0000    0.0000
   7   2  narrow    259     1.267     0.976     1.125    0.8668       0.7571        0.8533    0.0000    0.0001
   7   2    wide   3117    15.244     3.426     3.904    0.8774       0.6798        0.7963    0.9668    0.0856
   7   3  narrow    259     0.167     0.375     0.409    0.9184       0.4462        0.7015    0.0000    0.0000
   7   3    wide   3117     2.009     1.442     1.417    1.0171       0.6901        0.7773    0.0000    0.0000
   7   4  narrow    259     0.015     0.100     0.121    0.8197       0.1476        0.2456    0.0000    0.0000
   7   4    wide   3117     0.178     0.413     0.421    0.9808       0.4331        0.7071    0.0000    0.0000
   8   2  narrow    339     1.275     1.022     1.129    0.9046       0.6958        0.8121    0.0000    0.0000
   8   2    wide   4071    15.315     3.566     3.913    0.9113       0.5732        0.7638    0.0641    0.0020
   8   3  narrow    339     0.147     0.426     0.384    1.1086       0.3476        0.6408    0.0000    0.0000
   8   3    wide   4071     1.770     1.387     1.330    1.0424       0.5707        0.7611    0.0000    0.0001
   8   4  narrow    339     0.011     0.140     0.107    1.3116       0.0813        0.2208    0.0000    0.0000
   8   4    wide   4071     0.137     0.387     0.370    1.0454       0.3554        0.6262    0.0000    0.0000
==================================================================================================================================

Theoretical half-Gaussian moments: median/sigma=0.6745, mean/sigma=0.7979.

Decade-stability of sigma_eff/sigma_pois  (per (k, w) across anchors):
     k2_twin  narrow: anchors=[6, 7, 8], sigma_eff/pois = ['0.859', '0.867', '0.905'], range=0.045
     k2_twin    wide: anchors=[6, 7, 8], sigma_eff/pois = ['0.822', '0.877', '0.911'], range=0.090
   k3_admiss  narrow: anchors=[6, 7, 8], sigma_eff/pois = ['1.115', '0.918', '1.109'], range=0.196
   k3_admiss    wide: anchors=[6, 7, 8], sigma_eff/pois = ['1.020', '1.017', '1.042'], range=0.025
   k4_admiss  narrow: anchors=[6, 7, 8], sigma_eff/pois = ['0.710', '0.820', '1.312'], range=0.602
   k4_admiss    wide: anchors=[6, 7, 8], sigma_eff/pois = ['1.198', '0.981', '1.045'], range=0.217

KS-pass rate (vs half-Gaussian):
  cells with KSp_eff > 0.10:  2 / 18
  cells with KSp_eff > 0.05:  3 / 18
  cells with KSp_pois > 0.10: 0 / 18
  median KSp_eff:  0.0000
  median KSp_pois: 0.0000
