========================================================================
Thread 9 / P4 slot 1: k-tuple narrow-window batched-on-x baseline
========================================================================

[verify] sanity check on small case
  verify OK at x=1000, w=50, H=(0, 2): count = 3

--- x_max = 10^6, w = 190, sqrt-bound primes <= 1001 ---
  H = (0, 2)  (k2_twin)
  uncorrelated         M=  1 naive=   0.09ms batched=   0.09ms  amort_naive= 0.090ms/x amort_batched= 0.085ms/x  ratio=0.946  [OK]
  uncorrelated         M=  4 naive=   0.37ms batched=  36.73ms  amort_naive= 0.093ms/x amort_batched= 9.183ms/x  ratio=99.044  [OK]
  uncorrelated         M= 16 naive=   1.45ms batched=  49.35ms  amort_naive= 0.090ms/x amort_batched= 3.084ms/x  ratio=34.092  [OK]
  uncorrelated         M= 64 naive=   5.71ms batched=  51.98ms  amort_naive= 0.089ms/x amort_batched= 0.812ms/x  ratio=9.105  [OK]
  corr_w=M             M=  1 naive=   0.10ms batched=   0.10ms  amort_naive= 0.100ms/x amort_batched= 0.096ms/x  ratio=0.963  [OK]
  corr_w=M             M=  4 naive=   0.38ms batched=   0.14ms  amort_naive= 0.094ms/x amort_batched= 0.036ms/x  ratio=0.383  [OK]
  corr_w=M             M= 16 naive=   1.53ms batched=   0.34ms  amort_naive= 0.096ms/x amort_batched= 0.021ms/x  ratio=0.221  [OK]
  corr_w=M             M= 64 naive=   6.14ms batched=   1.15ms  amort_naive= 0.096ms/x amort_batched= 0.018ms/x  ratio=0.188  [OK]
  corr_w=polylog       M=  1 naive=   0.10ms batched=   0.10ms  amort_naive= 0.096ms/x amort_batched= 0.097ms/x  ratio=1.003  [OK]
  corr_w=polylog       M=  4 naive=   0.38ms batched=   0.17ms  amort_naive= 0.096ms/x amort_batched= 0.042ms/x  ratio=0.437  [OK]
  corr_w=polylog       M= 16 naive=   1.53ms batched=   0.37ms  amort_naive= 0.095ms/x amort_batched= 0.023ms/x  ratio=0.242  [OK]
  corr_w=polylog       M= 64 naive=   6.16ms batched=   1.31ms  amort_naive= 0.096ms/x amort_batched= 0.020ms/x  ratio=0.213  [OK]
    HL pred = 1.3143, mean emp = 1.1500, err/sigma_pois = -0.143
  H = (0, 2, 6)  (k3_admiss)
  uncorrelated         M=  1 naive=   0.09ms batched=   0.09ms  amort_naive= 0.088ms/x amort_batched= 0.087ms/x  ratio=0.984  [OK]
  uncorrelated         M=  4 naive=   0.34ms batched=  15.64ms  amort_naive= 0.085ms/x amort_batched= 3.910ms/x  ratio=45.754  [OK]
  uncorrelated         M= 16 naive=   1.47ms batched=  51.95ms  amort_naive= 0.092ms/x amort_batched= 3.247ms/x  ratio=35.463  [OK]
  uncorrelated         M= 64 naive=   6.05ms batched=  54.43ms  amort_naive= 0.095ms/x amort_batched= 0.851ms/x  ratio=8.990  [OK]
  corr_w=M             M=  1 naive=   0.10ms batched=   0.10ms  amort_naive= 0.102ms/x amort_batched= 0.099ms/x  ratio=0.965  [OK]
  corr_w=M             M=  4 naive=   0.39ms batched=   0.15ms  amort_naive= 0.097ms/x amort_batched= 0.037ms/x  ratio=0.382  [OK]
  corr_w=M             M= 16 naive=   1.56ms batched=   0.37ms  amort_naive= 0.097ms/x amort_batched= 0.023ms/x  ratio=0.236  [OK]
  corr_w=M             M= 64 naive=   6.25ms batched=   1.17ms  amort_naive= 0.098ms/x amort_batched= 0.018ms/x  ratio=0.188  [OK]
  corr_w=polylog       M=  1 naive=   0.10ms batched=   0.10ms  amort_naive= 0.097ms/x amort_batched= 0.096ms/x  ratio=0.983  [OK]
  corr_w=polylog       M=  4 naive=   0.39ms batched=   0.15ms  amort_naive= 0.098ms/x amort_batched= 0.038ms/x  ratio=0.388  [OK]
  corr_w=polylog       M= 16 naive=   1.57ms batched=   0.38ms  amort_naive= 0.098ms/x amort_batched= 0.024ms/x  ratio=0.243  [OK]
  corr_w=polylog       M= 64 naive=   6.38ms batched=   1.23ms  amort_naive= 0.100ms/x amort_batched= 0.019ms/x  ratio=0.192  [OK]
    HL pred = 0.2060, mean emp = 0.2000, err/sigma_pois = -0.013
  H = (0, 2, 6, 8)  (k4_admiss)
  uncorrelated         M=  1 naive=   0.09ms batched=   0.09ms  amort_naive= 0.088ms/x amort_batched= 0.088ms/x  ratio=0.992  [OK]
  uncorrelated         M=  4 naive=   0.35ms batched=  32.10ms  amort_naive= 0.089ms/x amort_batched= 8.024ms/x  ratio=90.488  [OK]
  uncorrelated         M= 16 naive=   1.43ms batched=  50.79ms  amort_naive= 0.090ms/x amort_batched= 3.174ms/x  ratio=35.439  [OK]
  uncorrelated         M= 64 naive=   5.69ms batched=  55.31ms  amort_naive= 0.089ms/x amort_batched= 0.864ms/x  ratio=9.719  [OK]
  corr_w=M             M=  1 naive=   0.10ms batched=   0.10ms  amort_naive= 0.099ms/x amort_batched= 0.099ms/x  ratio=0.995  [OK]
  corr_w=M             M=  4 naive=   0.39ms batched=   0.15ms  amort_naive= 0.098ms/x amort_batched= 0.037ms/x  ratio=0.376  [OK]
  corr_w=M             M= 16 naive=   1.56ms batched=   0.36ms  amort_naive= 0.098ms/x amort_batched= 0.022ms/x  ratio=0.229  [OK]
  corr_w=M             M= 64 naive=   6.24ms batched=   1.16ms  amort_naive= 0.098ms/x amort_batched= 0.018ms/x  ratio=0.186  [OK]
  corr_w=polylog       M=  1 naive=   0.10ms batched=   0.10ms  amort_naive= 0.099ms/x amort_batched= 0.098ms/x  ratio=0.988  [OK]
  corr_w=polylog       M=  4 naive=   0.38ms batched=   0.17ms  amort_naive= 0.096ms/x amort_batched= 0.041ms/x  ratio=0.431  [OK]
  corr_w=polylog       M= 16 naive=   1.57ms batched=   0.38ms  amort_naive= 0.098ms/x amort_batched= 0.024ms/x  ratio=0.241  [OK]
  corr_w=polylog       M= 64 naive=   6.31ms batched=   1.23ms  amort_naive= 0.099ms/x amort_batched= 0.019ms/x  ratio=0.195  [OK]
    HL pred = 0.0217, mean emp = 0.0000, err/sigma_pois = -0.147

--- x_max = 10^7, w = 259, sqrt-bound primes <= 3163 ---
  H = (0, 2)  (k2_twin)
  uncorrelated         M=  1 naive=   0.21ms batched=   0.21ms  amort_naive= 0.205ms/x amort_batched= 0.207ms/x  ratio=1.010  [OK]
  uncorrelated         M=  4 naive=   0.80ms batched= 373.75ms  amort_naive= 0.201ms/x amort_batched=93.438ms/x  ratio=465.963  [OK]
  uncorrelated         M= 16 naive=   3.05ms batched= 553.43ms  amort_naive= 0.191ms/x amort_batched=34.589ms/x  ratio=181.486  [OK]
  uncorrelated         M= 64 naive=  12.03ms batched= 586.60ms  amort_naive= 0.188ms/x amort_batched= 9.166ms/x  ratio=48.778  [OK]
  corr_w=M             M=  1 naive=   0.20ms batched=   0.21ms  amort_naive= 0.204ms/x amort_batched= 0.210ms/x  ratio=1.030  [OK]
  corr_w=M             M=  4 naive=   0.84ms batched=   0.28ms  amort_naive= 0.209ms/x amort_batched= 0.070ms/x  ratio=0.336  [OK]
  corr_w=M             M= 16 naive=   3.38ms batched=   0.55ms  amort_naive= 0.211ms/x amort_batched= 0.034ms/x  ratio=0.163  [OK]
  corr_w=M             M= 64 naive=  13.35ms batched=   1.68ms  amort_naive= 0.209ms/x amort_batched= 0.026ms/x  ratio=0.126  [OK]
  corr_w=polylog       M=  1 naive=   0.21ms batched=   0.21ms  amort_naive= 0.206ms/x amort_batched= 0.211ms/x  ratio=1.024  [OK]
  corr_w=polylog       M=  4 naive=   0.84ms batched=   0.30ms  amort_naive= 0.210ms/x amort_batched= 0.074ms/x  ratio=0.354  [OK]
  corr_w=polylog       M= 16 naive=   3.34ms batched=   0.61ms  amort_naive= 0.208ms/x amort_batched= 0.038ms/x  ratio=0.182  [OK]
  corr_w=polylog       M= 64 naive=  13.54ms batched=   1.82ms  amort_naive= 0.212ms/x amort_batched= 0.028ms/x  ratio=0.135  [OK]
    HL pred = 1.3163, mean emp = 1.7000, err/sigma_pois = 0.334
  H = (0, 2, 6)  (k3_admiss)
  uncorrelated         M=  1 naive=   0.18ms batched=   0.18ms  amort_naive= 0.180ms/x amort_batched= 0.182ms/x  ratio=1.011  [OK]
  uncorrelated         M=  4 naive=   0.75ms batched= 384.04ms  amort_naive= 0.188ms/x amort_batched=96.009ms/x  ratio=511.529  [OK]
  uncorrelated         M= 16 naive=   3.07ms batched= 621.37ms  amort_naive= 0.192ms/x amort_batched=38.836ms/x  ratio=202.101  [OK]
  uncorrelated         M= 64 naive=  12.10ms batched= 537.78ms  amort_naive= 0.189ms/x amort_batched= 8.403ms/x  ratio=44.447  [OK]
  corr_w=M             M=  1 naive=   0.20ms batched=   0.20ms  amort_naive= 0.199ms/x amort_batched= 0.198ms/x  ratio=0.997  [OK]
  corr_w=M             M=  4 naive=   0.80ms batched=   0.26ms  amort_naive= 0.201ms/x amort_batched= 0.065ms/x  ratio=0.325  [OK]
  corr_w=M             M= 16 naive=   3.16ms batched=   0.51ms  amort_naive= 0.197ms/x amort_batched= 0.032ms/x  ratio=0.162  [OK]
  corr_w=M             M= 64 naive=  12.88ms batched=   1.53ms  amort_naive= 0.201ms/x amort_batched= 0.024ms/x  ratio=0.119  [OK]
  corr_w=polylog       M=  1 naive=   0.20ms batched=   0.19ms  amort_naive= 0.196ms/x amort_batched= 0.192ms/x  ratio=0.984  [OK]
  corr_w=polylog       M=  4 naive=   0.79ms batched=   0.28ms  amort_naive= 0.196ms/x amort_batched= 0.069ms/x  ratio=0.354  [OK]
  corr_w=polylog       M= 16 naive=   3.15ms batched=   0.55ms  amort_naive= 0.197ms/x amort_batched= 0.035ms/x  ratio=0.176  [OK]
  corr_w=polylog       M= 64 naive=  12.30ms batched=   1.64ms  amort_naive= 0.192ms/x amort_batched= 0.026ms/x  ratio=0.133  [OK]
    HL pred = 0.1768, mean emp = 0.2000, err/sigma_pois = 0.055
  H = (0, 2, 6, 8)  (k4_admiss)
  uncorrelated         M=  1 naive=   0.19ms batched=   0.19ms  amort_naive= 0.189ms/x amort_batched= 0.185ms/x  ratio=0.979  [OK]
  uncorrelated         M=  4 naive=   0.71ms batched= 274.81ms  amort_naive= 0.176ms/x amort_batched=68.703ms/x  ratio=389.597  [OK]
  uncorrelated         M= 16 naive=   2.51ms batched= 464.67ms  amort_naive= 0.157ms/x amort_batched=29.042ms/x  ratio=185.219  [OK]
  uncorrelated         M= 64 naive=   9.70ms batched= 451.26ms  amort_naive= 0.152ms/x amort_batched= 7.051ms/x  ratio=46.525  [OK]
  corr_w=M             M=  1 naive=   0.16ms batched=   0.16ms  amort_naive= 0.164ms/x amort_batched= 0.165ms/x  ratio=1.001  [OK]
  corr_w=M             M=  4 naive=   0.67ms batched=   0.22ms  amort_naive= 0.167ms/x amort_batched= 0.054ms/x  ratio=0.323  [OK]
  corr_w=M             M= 16 naive=   2.70ms batched=   0.44ms  amort_naive= 0.169ms/x amort_batched= 0.027ms/x  ratio=0.161  [OK]
  corr_w=M             M= 64 naive=  10.54ms batched=   1.30ms  amort_naive= 0.165ms/x amort_batched= 0.020ms/x  ratio=0.124  [OK]
  corr_w=polylog       M=  1 naive=   0.17ms batched=   0.17ms  amort_naive= 0.170ms/x amort_batched= 0.171ms/x  ratio=1.008  [OK]
  corr_w=polylog       M=  4 naive=   0.66ms batched=   0.25ms  amort_naive= 0.165ms/x amort_batched= 0.063ms/x  ratio=0.384  [OK]
  corr_w=polylog       M= 16 naive=   2.69ms batched=   0.48ms  amort_naive= 0.168ms/x amort_batched= 0.030ms/x  ratio=0.179  [OK]
  corr_w=polylog       M= 64 naive=  10.61ms batched=   1.42ms  amort_naive= 0.166ms/x amort_batched= 0.022ms/x  ratio=0.134  [OK]
    HL pred = 0.0159, mean emp = 0.0000, err/sigma_pois = -0.126

wrote /apps/aplikacijos/prime-research/experiments/analytic/k_tuple_batched/slot1_baseline.csv  (72 rows)
wrote /apps/aplikacijos/prime-research/experiments/analytic/k_tuple_batched/slot1_hl_compare.csv  (6 rows)

========================================================================
SLOT 1 SUMMARY — speedup ratio T_batched / T_naive at M = 64
========================================================================
  x_max=10^6    k2_twin     uncorrelated M=64  ratio = 9.105  (amort batched = 0.812 ms/x)
  x_max=10^6    k2_twin         corr_w=M M=64  ratio = 0.188  (amort batched = 0.018 ms/x)
  x_max=10^6    k2_twin   corr_w=polylog M=64  ratio = 0.213  (amort batched = 0.020 ms/x)
  x_max=10^6  k3_admiss     uncorrelated M=64  ratio = 8.990  (amort batched = 0.851 ms/x)
  x_max=10^6  k3_admiss         corr_w=M M=64  ratio = 0.188  (amort batched = 0.018 ms/x)
  x_max=10^6  k3_admiss   corr_w=polylog M=64  ratio = 0.192  (amort batched = 0.019 ms/x)
  x_max=10^6  k4_admiss     uncorrelated M=64  ratio = 9.719  (amort batched = 0.864 ms/x)
  x_max=10^6  k4_admiss         corr_w=M M=64  ratio = 0.186  (amort batched = 0.018 ms/x)
  x_max=10^6  k4_admiss   corr_w=polylog M=64  ratio = 0.195  (amort batched = 0.019 ms/x)
  x_max=10^7    k2_twin     uncorrelated M=64  ratio = 48.778  (amort batched = 9.166 ms/x)
  x_max=10^7    k2_twin         corr_w=M M=64  ratio = 0.126  (amort batched = 0.026 ms/x)
  x_max=10^7    k2_twin   corr_w=polylog M=64  ratio = 0.135  (amort batched = 0.028 ms/x)
  x_max=10^7  k3_admiss     uncorrelated M=64  ratio = 44.447  (amort batched = 8.403 ms/x)
  x_max=10^7  k3_admiss         corr_w=M M=64  ratio = 0.119  (amort batched = 0.024 ms/x)
  x_max=10^7  k3_admiss   corr_w=polylog M=64  ratio = 0.133  (amort batched = 0.026 ms/x)
  x_max=10^7  k4_admiss     uncorrelated M=64  ratio = 46.525  (amort batched = 7.051 ms/x)
  x_max=10^7  k4_admiss         corr_w=M M=64  ratio = 0.124  (amort batched = 0.020 ms/x)
  x_max=10^7  k4_admiss   corr_w=polylog M=64  ratio = 0.134  (amort batched = 0.022 ms/x)

Hypothesis check:
  H1 (Thread-5-shape FAILS to transpose): expect ratios > ~0.3 at M=64,
      i.e., bounded constant saving (compare vs Thread 5 ratio = 0.030 = 33x).

