==============================================================================
Thread 9 / P4 slot 4: Closed-form alpha derivation for Delta(w)
==============================================================================
  C_2          = 0.660162066821
  C_2^2        = 0.435813954470
  4  C_2^2     = 1.743255817879
  24 C_2^2     = 10.459534907274
  log(6)       = 1.791759469228
  24 C_2^2/log(6) = 5.837577580533
  PRIME_BOUND  = 200000
  M_TERMS      = 200000 (m up to 1200000)
  OTHER_PRODUCT = 4.151190

------------------------------------------------------------------------------
Step 0: validate fast S_4 against slot 3 slow evaluator (30 m's)
------------------------------------------------------------------------------
  max relative error (fast vs slow) over m=6,...,180: 8.241e-13
  time: 0.08s
  Fast and slow agree to 8e-13 (numerical roundoff).

------------------------------------------------------------------------------
Step 1: precompute S_4 for 200000 admissible m's (m up to 1200000)
------------------------------------------------------------------------------
  computed 200000 S_4 values in 3.29s (60813 evals/sec)

  Cumulative <S_4>_admissible -> 24 C_2^2 = 10.459535
    k=     1: <S_4>=4.151190  rel_err=6.031e-01
    k=    10: <S_4>=9.430280  rel_err=9.840e-02
    k=   100: <S_4>=10.222348  rel_err=2.268e-02
    k=  1000: <S_4>=10.410190  rel_err=4.718e-03
    k= 10000: <S_4>=10.452386  rel_err=6.835e-04
    k=200000: <S_4>=10.459087  rel_err=4.279e-05

------------------------------------------------------------------------------
Step 2: H(N) = sum_{admissible m <= N} S_4(m); tabulate residual
------------------------------------------------------------------------------
     K   m_max           H(N)        4C2^2*N    residual    log(N)
    10      60        94.3028       104.5953    -10.2926    4.0943
    50     300       502.3358       522.9767    -20.6410    5.7038
    90     540       913.3274       941.3581    -28.0307    6.2916
   250    1500      2586.7006      2614.8837    -28.1832    7.3132
   450    2700      4668.7609      4706.7907    -38.0298    7.9010
   650    3900      6757.0581      6798.6977    -41.6396    8.2687
   850    5100      8854.4389      8890.6047    -36.1658    8.5370
  1500    9000     15641.2430     15689.3024    -48.0594    9.1050
  3500   21000     36559.0602     36608.3722    -49.3120    9.9523
  5500   33000     57477.5069     57527.4420    -49.9351   10.4043
  7500   45000     78389.4952     78446.5118    -57.0166   10.7144
  9500   57000     99305.2885     99365.5816    -60.2931   10.9508
 17500  105000    182977.5087    183041.8609    -64.3522   11.5617
 27500  165000    287564.5895    287637.2100    -72.6205   12.0137
 37500  225000    392158.6638    392232.5590    -73.8952   12.3239
 47500  285000    496753.2136    496827.9081    -74.6945   12.5602
 80000  480000    836668.7877    836762.7926    -94.0049   13.0815
120000  720000   1255051.6675   1255144.1889    -92.5213   13.4870
160000  960000   1673435.8470   1673525.5852    -89.7382   13.7747
200000 1200000   2091817.4665   2091906.9815    -89.5149   13.9978
  ... total 77 sampled K's

  H residual table -> /apps/aplikacijos/prime-research/experiments/analytic/k_tuple_batched/slot4_h_residual.csv

------------------------------------------------------------------------------
Step 3: linear fit H_residual = a * log(N) + b, on tail (K >= 1000)
------------------------------------------------------------------------------
  Fit: H_resid(N) ~ a * log(N) + b
     a = -9.407868    (=> alpha = -a = 9.407868)
     b = 40.740796
  fit data: K = 1000..200000, n=50
  max|residual - fit| over tail = 11.6763

------------------------------------------------------------------------------
Step 4: T(w) = sum_{admissible m <= w-1} (w-m) S_4(m); Delta = T - 2 C_2^2 w^2
------------------------------------------------------------------------------
       w       K                 T(w)           2C_2^2*w^2          Delta    log(w)  alpha_emp
     305      50           74293.9602           81083.1862     -6789.2260    5.7203     3.8914
     605     100          302920.7769          319037.6054    -16116.8285    6.4052     4.1590
    1205     200         1228163.0905         1265625.5145    -37462.4240    7.0942     4.3823
    1805     300         2778607.8768         2839785.5180    -61177.6412    7.4983     4.5201
    3005     500         7759224.3541         7870821.8084   -111597.4543    8.0080     4.6375
    4205     700        15245501.4865        15412146.4766   -166644.9901    8.3440     4.7495
    6005    1000        31177770.4294        31430924.1871   -253153.7577    8.7003     4.8455
    9005    1500        70271801.6152        70680328.9266   -408527.3114    9.1055     4.9823
   12005    2000       125045479.5398       125619036.0271   -573556.4873    9.3931     5.0863
   18005    3000       281647620.8995       282564357.3107   -916736.4112    9.7984     5.1963
   30005    5000       783071197.3361       784726628.2089  -1655430.8728   10.3091     5.3518
   45005    7500      1762802796.2713      1765438769.9522  -2635973.6808   10.7145     5.4665
   60005   10000      3134710016.5271      3138383470.7182  -3673454.1911   11.0022     5.5643
   90005   15000      7055118222.6016      7060970549.3185  -5852326.7168   11.4076     5.6999
  120005   20000     12544358050.8042     12552487864.0099  -8129813.2057   11.6953     5.7926
  180005   30000     28229448090.2026     28242313201.6658 -12865111.4631   12.1007     5.9063
  240005   40000     50190038893.9228     50207859483.6859 -17820589.7631   12.3884     5.9936
  300005   50000     78426210280.0077     78449126710.0702 -22916430.0625   12.6116     6.0569
  420005   70000    153725338911.2375    153758823995.9315 -33485084.6940   12.9480     6.1573
  600005  100000    313741341995.6020    313791277007.4551 -49935011.8531   13.3047     6.2553
  900005  150000    705948021893.6022    706026450913.9456 -78429020.3434   13.7102     6.3561
 1200005  200000   1255046791532.2029   1255154648429.5413 -107856897.3384   13.9978     6.4210

------------------------------------------------------------------------------
Step 4b: recompute T(w) at slot 3 w values with corrected S_4
------------------------------------------------------------------------------
  (slot 3 had off-by-one bug in singular-series tail; corrected here)
       w    K     T(w) [corrected]           2C_2^2*w^2     Delta_corr
     190   31           27510.1659           31465.7675     -3955.6016
     259   43           52812.9176           58469.6718     -5656.7542
     339   56           92361.1839          100168.3509     -7807.1670
    2290  381         4489376.0361         4570903.9173    -81527.8811
    3117  519         8351788.7948         8468465.6870   -116676.8922
    4071  678        14285565.3256        14445525.0716   -159959.7460

  slot3-comparison table -> /apps/aplikacijos/prime-research/experiments/analytic/k_tuple_batched/slot4_slot3_comparison.csv

  T/Delta table -> /apps/aplikacijos/prime-research/experiments/analytic/k_tuple_batched/slot4_t_delta.csv

------------------------------------------------------------------------------
Step 5: linear fit Delta(w)/w = -alpha * log(w) + beta, on tail (K >= 5000)
------------------------------------------------------------------------------
  Fit: Delta/w ~ -alpha * log(w) + beta
     alpha = 9.481078   (slot 3 fit was 5.7165)
     beta  = 43.019098    (slot 3 fit was 10.4958; 24 C_2^2 = 10.4595)
  fit data: K = 5000..200000, n=12
  max|Delta/w - fit| over tail = 4.4937e-01

------------------------------------------------------------------------------
Step 5b: 3-parameter fit Delta(w) = w (A log^2 w + B log w + C)
------------------------------------------------------------------------------
  K_min=   100, n=21: A=-0.281108  B=-2.661744  C=+2.051779  max_res=4.0661e-01
  K_min=  1000, n=16: A=-0.232924  B=-3.777308  C=+8.390491  max_res=2.5078e-01
  K_min=  5000, n=12: A=-0.143472  B=-5.989681  C=+21.964839  max_res=1.4044e-01
  K_min= 20000, n=8: A=-0.080860  B=-7.590130  C=+32.149145  max_res=7.5661e-02
  K_min= 50000, n=5: A=+0.188279  B=-14.745460  C=+79.631595  max_res=2.3604e-03

------------------------------------------------------------------------------
Step 6: test structural candidates for log^2 coefficient A
------------------------------------------------------------------------------
  Best A estimate (3-param fit, K>=1000): A = -0.232924

  Candidate (for A)                          value     rel_diff
  -C_2^2 / 2                             -0.217907        6.45%
  -C_2^2                                 -0.435814       87.11%
  -2 C_2^2                               -0.871628      274.21%
  -C_2 / 3                               -0.220054        5.53%
  -C_2 / 2                               -0.330081       41.71%
  -C_2 / pi                              -0.210136        9.78%
  -1/4                                   -0.250000        7.33%
  -1/(2 log 6)                           -0.279055       19.81%
  -log(6) C_2^2 / pi                     -0.248560        6.71%
  -1/pi                                  -0.318310       36.66%


------------------------------------------------------------------------------
Step 7: rolling alpha estimate alpha(K_lo, K_hi) using band fits
------------------------------------------------------------------------------
  K range                n      alpha       beta
  50..200                3     6.4264    14.5088
  200..500               3     6.6077    15.7397
  500..1000              3     7.2493    20.8959
  1000..5000             5     8.0777    28.1478
  5000..20000            5     9.1114    38.9140
  20000..50000           4     9.4388    42.6804
  50000..200000          5     9.7341    46.3325

  alpha-band fits -> /apps/aplikacijos/prime-research/experiments/analytic/k_tuple_batched/slot4_alpha_fits.csv

==============================================================================
Slot 4 summary
==============================================================================
  H residual fit (clean):  alpha = 9.4079, beta_H = 40.7408
  Delta fit (large w):     alpha = 9.4811, beta_Delta = 43.0191
  Slot 3 fit (small w):    alpha = 5.7165, beta_Delta = 10.4958
  Candidate 24 C_2^2/log(6) = 5.8376

