
=== m = 3 ===
  computing pi(3^k) for k=1..22
    k= 1: pi(3^1) = pi(3) = 2  [0.00s]
    k= 2: pi(3^2) = pi(9) = 4  [0.00s]
    k= 3: pi(3^3) = pi(27) = 9  [0.00s]
    k= 4: pi(3^4) = pi(81) = 22  [0.00s]
    k= 5: pi(3^5) = pi(243) = 53  [0.00s]
    k= 6: pi(3^6) = pi(729) = 129  [0.00s]
    k= 7: pi(3^7) = pi(2187) = 327  [0.00s]
    k= 8: pi(3^8) = pi(6561) = 847  [0.00s]
    k= 9: pi(3^9) = pi(19683) = 2227  [0.00s]
    k=10: pi(3^10) = pi(59049) = 5968  [0.00s]
    k=11: pi(3^11) = pi(177147) = 16097  [0.00s]
    k=12: pi(3^12) = pi(531441) = 43934  [0.00s]
    k=13: pi(3^13) = pi(1594323) = 120739  [0.00s]
    k=14: pi(3^14) = pi(4782969) = 334349  [0.00s]
    k=15: pi(3^15) = pi(14348907) = 931260  [0.01s]
    k=16: pi(3^16) = pi(43046721) = 2607165  [0.02s]
    k=17: pi(3^17) = pi(129140163) = 7332159  [0.04s]
    k=18: pi(3^18) = pi(387420489) = 20700806  [0.09s]
    k=19: pi(3^19) = pi(1162261467) = 58648288  [0.19s]
    k=20: pi(3^20) = pi(3486784401) = 166677978  [0.41s]
    k=21: pi(3^21) = pi(10460353203) = 475023803  [0.84s]
    k=22: pi(3^22) = pi(31381059609) = 1357200840  [1.53s]
  n=22, sign split: pos=7 neg=15
  BM linear complexity = 11
  autocorr_R lag 1..7: [0.168, -0.303, -0.319, -0.081, 0.084, 0.193, 0.114]
  MC baselines (length n=22, pos=7)...
    BM null: mean=11.20 std=0.98 [p05=10, p95=13]
    ac null: p95=0.390 p99=0.528 p999=0.616
  F1 BM <= p05=10: FAILS (bm=11)
  F2 max|ac| >= p999=0.616: FAILS (max=0.319 at lag 3)

=== m = 5 ===
  computing pi(5^k) for k=1..15
    k= 1: pi(5^1) = pi(5) = 3  [0.00s]
    k= 2: pi(5^2) = pi(25) = 9  [0.00s]
    k= 3: pi(5^3) = pi(125) = 30  [0.00s]
    k= 4: pi(5^4) = pi(625) = 114  [0.00s]
    k= 5: pi(5^5) = pi(3125) = 445  [0.00s]
    k= 6: pi(5^6) = pi(15625) = 1821  [0.00s]
    k= 7: pi(5^7) = pi(78125) = 7671  [0.00s]
    k= 8: pi(5^8) = pi(390625) = 33118  [0.00s]
    k= 9: pi(5^9) = pi(1953125) = 145713  [0.00s]
    k=10: pi(5^10) = pi(9765625) = 650133  [0.01s]
    k=11: pi(5^11) = pi(48828125) = 2934858  [0.02s]
    k=12: pi(5^12) = pi(244140625) = 13375865  [0.05s]
    k=13: pi(5^13) = pi(1220703125) = 61444585  [0.15s]
    k=14: pi(5^14) = pi(6103515625) = 284140656  [0.46s]
    k=15: pi(5^15) = pi(30517578125) = 1321453490  [1.77s]
  n=15, sign split: pos=6 neg=9
  BM linear complexity = 9
  autocorr_R lag 1..5: [-0.039, -0.343, 0.071, 0.004, 0.157]
  MC baselines (length n=15, pos=6)...
    BM null: mean=7.76 std=0.96 [p05=6, p95=9]
    ac null: p95=0.457 p99=0.596 p999=0.717
  F1 BM <= p05=6: FAILS (bm=9)
  F2 max|ac| >= p999=0.717: FAILS (max=0.343 at lag 2)

=== m = 6 ===
  computing pi(6^k) for k=1..14
    k= 1: pi(6^1) = pi(6) = 3  [0.00s]
    k= 2: pi(6^2) = pi(36) = 11  [0.00s]
    k= 3: pi(6^3) = pi(216) = 47  [0.00s]
    k= 4: pi(6^4) = pi(1296) = 210  [0.00s]
    k= 5: pi(6^5) = pi(7776) = 985  [0.00s]
    k= 6: pi(6^6) = pi(46656) = 4821  [0.00s]
    k= 7: pi(6^7) = pi(279936) = 24427  [0.00s]
    k= 8: pi(6^8) = pi(1679616) = 126726  [0.00s]
    k= 9: pi(6^9) = pi(10077696) = 669432  [0.01s]
    k=10: pi(6^10) = pi(60466176) = 3588148  [0.02s]
    k=11: pi(6^11) = pi(362797056) = 19453038  [0.08s]
    k=12: pi(6^12) = pi(2176782336) = 106460872  [0.30s]
    k=13: pi(6^13) = pi(13060694016) = 587176205  [1.07s]
    k=14: pi(6^14) = pi(78364164096) = 3259873268  [3.94s]
  n=14, sign split: pos=5 neg=9
  BM linear complexity = 8
  autocorr_R lag 1..4: [0.529, -0.049, -0.195, -0.065]
  MC baselines (length n=14, pos=5)...
    BM null: mean=7.23 std=0.92 [p05=6, p95=9]
    ac null: p95=0.470 p99=0.607 p999=0.687
  F1 BM <= p05=6: FAILS (bm=8)
  F2 max|ac| >= p999=0.687: FAILS (max=0.529 at lag 1)

=== m = 10 ===
  computing pi(10^k) for k=1..28
  n=28, sign split: pos=18 neg=10
  BM linear complexity = 14
  autocorr_R lag 1..9: [0.342, -0.021, -0.16, -0.046, 0.172, 0.145, 0.03, -0.055, -0.115]
  MC baselines (length n=28, pos=18)...
    BM null: mean=14.21 std=1.04 [p05=13, p95=16]
    ac null: p95=0.356 p99=0.466 p999=0.574
  F1 BM <= p05=13: FAILS (bm=14)
  F2 max|ac| >= p999=0.574: FAILS (max=0.342 at lag 1)

=== m = 30 ===
  computing pi(30^k) for k=1..8
    k= 1: pi(30^1) = pi(30) = 10  [0.00s]
    k= 2: pi(30^2) = pi(900) = 154  [0.00s]
    k= 3: pi(30^3) = pi(27000) = 2961  [0.00s]
    k= 4: pi(30^4) = pi(810000) = 64683  [0.00s]
    k= 5: pi(30^5) = pi(24300000) = 1524831  [0.01s]
    k= 6: pi(30^6) = pi(729000000) = 37675354  [0.13s]
    k= 7: pi(30^7) = pi(21870000000) = 960898932  [1.56s]
    k= 8: pi(30^8) = pi(656100000000) = 25072614748  [16.70s]
  n=8, sign split: pos=5 neg=3
  BM linear complexity = 5
  autocorr_R lag 1..2: [0.078, -0.336]
  MC baselines (length n=8, pos=5)...
    BM null: mean=4.11 std=0.87 [p05=3, p95=5]
    ac null: p95=0.594 p99=0.722 p999=0.832
  F1 BM <= p05=3: FAILS (bm=5)
  F2 max|ac| >= p999=0.832: FAILS (max=0.336 at lag 2)

  total wall time: 30.6s

  wrote /apps/aplikacijos/prime-research/experiments/wildcard/cross_modulus_pi_structure/raw_data.json
  wrote /apps/aplikacijos/prime-research/experiments/wildcard/cross_modulus_pi_structure/summary.json

VERDICT: B_NEGATIVE_universal_cross_modulus
  any F1 holds: False
  any F2 holds: False
