Sieving primes up to 200,000,000...
  Sieved 11,078,937 primes in 1.5s. Last prime = 199,999,991
  Last prime needs 28 bits. Using J_max = 28.

Measuring bit_J(p(n)) statistics and predictor agreement...
  N = 11078937 primes; max prime = 199999991
  Computing Li^{-1}(n) for all n...
  Li^-1 done in 50.6s
    J= 0  bias=+0.5000  peak/sqrtN=1664.25  lag1=+1.0000  ag(const)=1.000  ag(PNT)=0.500  ag(Li^-1)=0.500  ###############
    J= 1  bias=+0.0001  peak/sqrtN=  0.21  lag1=-0.1096  ag(const)=0.500  ag(PNT)=0.500  ag(Li^-1)=0.500  ##############
    J= 2  bias=+0.0000  peak/sqrtN=  0.18  lag1=-0.0838  ag(const)=0.500  ag(PNT)=0.500  ag(Li^-1)=0.500  ###############
    J= 3  bias=+0.0000  peak/sqrtN=  0.18  lag1=-0.0716  ag(const)=0.500  ag(PNT)=0.500  ag(Li^-1)=0.500  ##############
    J= 4  bias=+0.0001  peak/sqrtN=  0.23  lag1=-0.0298  ag(const)=0.500  ag(PNT)=0.500  ag(Li^-1)=0.500  ##############
    J= 5  bias=+0.0000  peak/sqrtN=  0.22  lag1=+0.1276  ag(const)=0.500  ag(PNT)=0.500  ag(Li^-1)=0.500  ##############
    J= 6  bias=-0.0000  peak/sqrtN=  0.24  lag1=+0.4522  ag(const)=0.500  ag(PNT)=0.500  ag(Li^-1)=0.500  ###############
    J= 7  bias=+0.0000  peak/sqrtN=  0.24  lag1=+0.7180  ag(const)=0.500  ag(PNT)=0.500  ag(Li^-1)=0.500  ###############
    J= 8  bias=-0.0001  peak/sqrtN=  0.37  lag1=+0.8590  ag(const)=0.500  ag(PNT)=0.501  ag(Li^-1)=0.502  ###############
    J= 9  bias=+0.0001  peak/sqrtN=  0.33  lag1=+0.9295  ag(const)=0.500  ag(PNT)=0.500  ag(Li^-1)=0.495  ##############
    J=10  bias=+0.0001  peak/sqrtN=  0.34  lag1=+0.9647  ag(const)=0.500  ag(PNT)=0.500  ag(Li^-1)=0.502  ###############
    J=11  bias=-0.0000  peak/sqrtN=  0.29  lag1=+0.9824  ag(const)=0.500  ag(PNT)=0.499  ag(Li^-1)=0.515  ###############
    J=12  bias=-0.0000  peak/sqrtN=  0.26  lag1=+0.9912  ag(const)=0.500  ag(PNT)=0.499  ag(Li^-1)=0.478  ##############
    J=13  bias=+0.0000  peak/sqrtN=  0.37  lag1=+0.9956  ag(const)=0.500  ag(PNT)=0.500  ag(Li^-1)=0.470  ##############
    J=14  bias=-0.0000  peak/sqrtN=  0.29  lag1=+0.9978  ag(const)=0.500  ag(PNT)=0.500  ag(Li^-1)=0.361  ##########
    J=15  bias=-0.0001  peak/sqrtN=  0.70  lag1=+0.9989  ag(const)=0.500  ag(PNT)=0.499  ag(Li^-1)=0.671  ####################
    J=16  bias=-0.0003  peak/sqrtN=  1.52  lag1=+0.9994  ag(const)=0.500  ag(PNT)=0.500  ag(Li^-1)=0.836  #########################
    J=17  bias=-0.0001  peak/sqrtN=  1.84  lag1=+0.9997  ag(const)=0.500  ag(PNT)=0.500  ag(Li^-1)=0.918  ###########################
    J=18  bias=-0.0008  peak/sqrtN=  3.46  lag1=+0.9999  ag(const)=0.501  ag(PNT)=0.499  ag(Li^-1)=0.959  ############################
    J=19  bias=-0.0011  peak/sqrtN=  6.52  lag1=+0.9999  ag(const)=0.501  ag(PNT)=0.503  ag(Li^-1)=0.979  #############################
    J=20  bias=-0.0026  peak/sqrtN= 12.32  lag1=+1.0000  ag(const)=0.503  ag(PNT)=0.495  ag(Li^-1)=0.990  #############################
    J=21  bias=-0.0044  peak/sqrtN= 23.38  lag1=+1.0000  ag(const)=0.504  ag(PNT)=0.491  ag(Li^-1)=0.995  #############################
    J=22  bias=-0.0054  peak/sqrtN= 44.46  lag1=+1.0000  ag(const)=0.505  ag(PNT)=0.515  ag(Li^-1)=0.997  #############################
    J=23  bias=-0.0069  peak/sqrtN= 84.75  lag1=+1.0000  ag(const)=0.507  ag(PNT)=0.555  ag(Li^-1)=0.999  #############################
    J=24  bias=-0.0094  peak/sqrtN=161.92  lag1=+1.0000  ag(const)=0.509  ag(PNT)=0.437  ag(Li^-1)=0.999  #############################
    J=25  bias=-0.0131  peak/sqrtN=310.00  lag1=+1.0000  ag(const)=0.513  ag(PNT)=0.721  ag(Li^-1)=1.000  #############################
    J=26  bias=-0.1709  peak/sqrtN=594.53  lag1=+1.0000  ag(const)=0.671  ag(PNT)=0.888  ag(Li^-1)=1.000  #############################
    J=27  bias=-0.1863  peak/sqrtN=1142.19  lag1=+1.0000  ag(const)=0.686  ag(PNT)=0.927  ag(Li^-1)=1.000  #############################

Wrote bit_J_pn_results.json
