S184 — adversarial robustness probe of S183's `a = 0.2117` asymptote claim
================================================================================

=== (A) 5pt S183 trajectory, model = a + b/d ===
  params: ['0.206810', '0.243645']
  asymptote a = 0.2068
  residuals: ['-0.00061', '+0.00085', '+0.00081', '-0.00009', '-0.00096']
  max |resid|: 0.00096

=== (B) 6pt INCLUDE d=16, model = a + b/d ===
  params: ['0.211612', '0.128374']
  asymptote a = 0.2116
  residuals: ['+0.00282', '-0.00644', '+0.00246', '+0.00177', '+0.00035', '-0.00096']
  max |resid|: 0.00644

=== (C) 5pt, quadratic-in-1/d, model = a + b/d + c/d^2 ===
  params: ['0.181377', '1.170024', '-8.108123']
  asymptote a = 0.1814
  residuals: ['+0.00002', '-0.00015', '+0.00019', '-0.00001', '-0.00005']
  max |resid|: 0.00019

=== (D) 6pt, quadratic-in-1/d, model = a + b/d + c/d^2 ===
  params: ['0.231657', '-0.606022', '6.500321']
  asymptote a = 0.2317
  residuals: ['+0.00207', '-0.00597', '+0.00315', '+0.00219', '+0.00026', '-0.00169']
  max |resid|: 0.00597

=== (E) 5pt, 1/log(d), model = a + b/log(d) ===
  params: ['0.180985', '0.114018']
  asymptote a = 0.1810
  residuals: ['-0.00059', '+0.00077', '+0.00075', '-0.00007', '-0.00086']
  max |resid|: 0.00086

=== (F) 6pt, 1/log(d), model = a + b/log(d) ===
  params: ['0.198332', '0.059103']
  asymptote a = 0.1983
  residuals: ['+0.00287', '-0.00645', '+0.00242', '+0.00174', '+0.00035', '-0.00093']
  max |resid|: 0.00645

=== (G) 5pt, 1/sqrt(d), model = a + b/sqrt(d) ===
  params: ['0.192984', '0.116690']
  asymptote a = 0.1930
  residuals: ['-0.00057', '+0.00071', '+0.00072', '-0.00006', '-0.00080']
  max |resid|: 0.00080

=== (H) 5pt LOO with model a + b/d ===
  omit d=14: asymptote = 0.2006
  omit d=18: asymptote = 0.2069
  omit d=20: asymptote = 0.2063
  omit d=22: asymptote = 0.2069
  omit d=24: asymptote = 0.2090

=== (I) 6pt LOO with model a + b/d ===
  omit d=14: asymptote = 0.2218
  omit d=16: asymptote = 0.2068
  omit d=18: asymptote = 0.2114
  omit d=20: asymptote = 0.2104
  omit d=22: asymptote = 0.2111
  omit d=24: asymptote = 0.2138
  range: [0.2068, 0.2218]

================================================================================
SUMMARY: asymptote `a` under different model / data choices
================================================================================
(A) 5pt, a+b/d (S183 hdline)                  a = 0.2068
(B) 6pt, a+b/d                                a = 0.2116
(C) 5pt, a+b/d+c/d²                           a = 0.1814
(D) 6pt, a+b/d+c/d²                           a = 0.2317
(E) 5pt, a+b/log(d)                           a = 0.1810
(F) 6pt, a+b/log(d)                           a = 0.1983
(G) 5pt, a+b/sqrt(d)                          a = 0.1930

Range across model+data choices: [0.1810, 0.2317]
Spread: 0.0507
Theory target: 0.2100
S183 headline: a = 0.2117 (within 1% of 0.21)

ADVERSARIAL VERDICT: model-choice spread > 0.05 — '1% of 0.21' overstated.
