[closed-form coefficients a_n via Gauss-Kuzmin Rayleigh quotient]
  n_max = 400
  Σ a_n (n=1..400) = 0.9965467174  (target: 1.000…)
  a_1 = 0.424636
  a_2 = 0.169899
  a_3 = 0.092129
  a_5 = 0.039814
  a_10 = 0.011626
  a_100 = 1.360589e-04

[χ_P prediction]
  Σ_p prime ≤ 400 a_p = 0.3618717
  vs measured |λ_0|^{χ_P} = 0.3596100  (M_grid=120, n_max=400)
  agreement: 1.00629× (+0.2262% absolute)

[λ prediction]
  Σ_n λ(n) a_n = 0.1749062
  vs measured λ_0^λ = +0.0902353
  agreement: 1.93833×

[Λ prediction]
  Σ_n Λ(n) a_n = 0.5205955
  vs measured |λ_0|^{Λ} = 0.4968265
  agreement: 1.04784×

[Cramér expectation]
  E[χ_P_Cramer |λ_0|] = Σ_n (1/log n) a_n = 0.4806323
  vs χ_P measured 0.3596100
  Cramér-χ_P agreement: 0.75291×

[saved] /apps/aplikacijos/prime-research/experiments/dynamical/pollicott_ruelle_chi_p/closed_form_prediction.json
