
=== unweighted ===
     M30_n100: |λ| = [0.98575, 0.29795, 0.09899, 0.03484, 0.02559]   (0.0s)
     M60_n100: |λ| = [0.98575, 0.29795, 0.09899, 0.03484, 0.01615]   (0.1s)
     M90_n100: |λ| = [0.98575, 0.29795, 0.09899, 0.03484, 0.01261]   (0.1s)
    M120_n100: |λ| = [0.98575, 0.29795, 0.09899, 0.03484, 0.01261]   (0.1s)
    M160_n100: |λ| = [0.98575, 0.29795, 0.09899, 0.03484, 0.01261]   (0.2s)
     M30_n200: |λ| = [0.99283, 0.30076, 0.09991, 0.03516, 0.02559]   (0.1s)
     M60_n200: |λ| = [0.99283, 0.30076, 0.09991, 0.03516, 0.01615]   (0.1s)
     M90_n200: |λ| = [0.99283, 0.30076, 0.09991, 0.03516, 0.01272]   (0.2s)
    M120_n200: |λ| = [0.99283, 0.30076, 0.09991, 0.03516, 0.01272]   (0.3s)
    M160_n200: |λ| = [0.99283, 0.30076, 0.09991, 0.03516, 0.01272]   (0.4s)
     M30_n400: |λ| = [0.99640, 0.30220, 0.10039, 0.03532, 0.02559]   (0.1s)
     M60_n400: |λ| = [0.99640, 0.30220, 0.10039, 0.03532, 0.01615]   (0.2s)
     M90_n400: |λ| = [0.99640, 0.30220, 0.10039, 0.03532, 0.01278]   (0.4s)
    M120_n400: |λ| = [0.99640, 0.30220, 0.10039, 0.03532, 0.01278]   (0.5s)
    M160_n400: |λ| = [0.99640, 0.30220, 0.10039, 0.03532, 0.01278]   (0.7s)
     M30_n800: |λ| = [0.99820, 0.30293, 0.10064, 0.03541, 0.02559]   (0.3s)
     M60_n800: |λ| = [0.99820, 0.30293, 0.10064, 0.03541, 0.01615]   (0.5s)
     M90_n800: |λ| = [0.99820, 0.30293, 0.10064, 0.03541, 0.01281]   (0.8s)
    M120_n800: |λ| = [0.99820, 0.30293, 0.10064, 0.03541, 0.01281]   (0.9s)
    M160_n800: |λ| = [0.99820, 0.30293, 0.10064, 0.03541, 0.01281]   (1.1s)

=== chi_P ===
     M30_n100: |λ| = [0.35784, 0.05067, 0.00786, 0.00127, 0.00021]   (0.0s)
     M60_n100: |λ| = [0.35784, 0.05067, 0.00786, 0.00127, 0.00021]   (0.0s)
     M90_n100: |λ| = [0.35784, 0.05067, 0.00786, 0.00127, 0.00021]   (0.0s)
    M120_n100: |λ| = [0.35784, 0.05067, 0.00786, 0.00127, 0.00021]   (0.0s)
    M160_n100: |λ| = [0.35784, 0.05067, 0.00786, 0.00127, 0.00021]   (0.0s)
     M30_n200: |λ| = [0.35914, 0.05093, 0.00791, 0.00128, 0.00021]   (0.0s)
     M60_n200: |λ| = [0.35914, 0.05093, 0.00791, 0.00128, 0.00021]   (0.0s)
     M90_n200: |λ| = [0.35914, 0.05093, 0.00791, 0.00128, 0.00021]   (0.1s)
    M120_n200: |λ| = [0.35914, 0.05093, 0.00791, 0.00128, 0.00021]   (0.1s)
    M160_n200: |λ| = [0.35914, 0.05093, 0.00791, 0.00128, 0.00021]   (0.1s)
     M30_n400: |λ| = [0.35961, 0.05103, 0.00792, 0.00128, 0.00021]   (0.0s)
     M60_n400: |λ| = [0.35961, 0.05103, 0.00792, 0.00128, 0.00021]   (0.0s)
     M90_n400: |λ| = [0.35961, 0.05103, 0.00792, 0.00128, 0.00021]   (0.1s)
    M120_n400: |λ| = [0.35961, 0.05103, 0.00792, 0.00128, 0.00021]   (0.1s)
    M160_n400: |λ| = [0.35961, 0.05103, 0.00792, 0.00128, 0.00021]   (0.1s)
     M30_n800: |λ| = [0.35985, 0.05108, 0.00793, 0.00128, 0.00021]   (0.0s)
     M60_n800: |λ| = [0.35985, 0.05108, 0.00793, 0.00128, 0.00021]   (0.1s)
     M90_n800: |λ| = [0.35985, 0.05108, 0.00793, 0.00128, 0.00021]   (0.1s)
    M120_n800: |λ| = [0.35985, 0.05108, 0.00793, 0.00128, 0.00021]   (0.2s)
    M160_n800: |λ| = [0.35985, 0.05108, 0.00793, 0.00128, 0.00021]   (0.2s)

=== lambda ===
     M30_n100: |λ| = [0.09080, 0.07081, 0.07081, 0.02559, 0.02513]   (0.0s)
     M60_n100: |λ| = [0.09080, 0.07081, 0.07081, 0.02513, 0.01615]   (0.1s)
     M90_n100: |λ| = [0.09080, 0.07081, 0.07081, 0.02513, 0.01234]   (0.1s)
    M120_n100: |λ| = [0.09080, 0.07081, 0.07081, 0.02513, 0.01019]   (0.1s)
    M160_n100: |λ| = [0.09080, 0.07081, 0.07081, 0.02513, 0.00842]   (0.2s)
     M30_n200: |λ| = [0.09005, 0.07355, 0.07355, 0.02559, 0.02498]   (0.1s)
     M60_n200: |λ| = [0.09005, 0.07355, 0.07355, 0.02498, 0.01615]   (0.1s)
     M90_n200: |λ| = [0.09005, 0.07355, 0.07355, 0.02498, 0.01234]   (0.2s)
    M120_n200: |λ| = [0.09005, 0.07355, 0.07355, 0.02498, 0.01019]   (0.2s)
    M160_n200: |λ| = [0.09005, 0.07355, 0.07355, 0.02498, 0.00842]   (0.3s)
     M30_n400: |λ| = [0.09024, 0.07286, 0.07286, 0.02559, 0.02501]   (0.1s)
     M60_n400: |λ| = [0.09024, 0.07286, 0.07286, 0.02501, 0.01615]   (0.2s)
     M90_n400: |λ| = [0.09024, 0.07286, 0.07286, 0.02501, 0.01234]   (0.3s)
    M120_n400: |λ| = [0.09024, 0.07286, 0.07286, 0.02501, 0.01019]   (0.4s)
    M160_n400: |λ| = [0.09024, 0.07286, 0.07286, 0.02501, 0.00842]   (0.6s)
     M30_n800: |λ| = [0.09016, 0.07313, 0.07313, 0.02559, 0.02500]   (0.2s)
     M60_n800: |λ| = [0.09016, 0.07313, 0.07313, 0.02500, 0.01615]   (0.4s)
     M90_n800: |λ| = [0.09016, 0.07313, 0.07313, 0.02500, 0.01234]   (0.6s)
    M120_n800: |λ| = [0.09016, 0.07313, 0.07313, 0.02500, 0.01019]   (0.8s)
    M160_n800: |λ| = [0.09016, 0.07313, 0.07313, 0.02500, 0.00842]   (1.1s)

=== Lambda ===
     M30_n100: |λ| = [0.48794, 0.05448, 0.00765, 0.00117, 0.00019]   (0.0s)
     M60_n100: |λ| = [0.48794, 0.05448, 0.00765, 0.00117, 0.00019]   (0.0s)
     M90_n100: |λ| = [0.48794, 0.05448, 0.00765, 0.00117, 0.00019]   (0.0s)
    M120_n100: |λ| = [0.48794, 0.05448, 0.00765, 0.00117, 0.00019]   (0.0s)
    M160_n100: |λ| = [0.48794, 0.05448, 0.00765, 0.00117, 0.00019]   (0.1s)
     M30_n200: |λ| = [0.49425, 0.05525, 0.00775, 0.00118, 0.00019]   (0.0s)
     M60_n200: |λ| = [0.49425, 0.05525, 0.00775, 0.00118, 0.00019]   (0.0s)
     M90_n200: |λ| = [0.49425, 0.05525, 0.00775, 0.00118, 0.00019]   (0.1s)
    M120_n200: |λ| = [0.49425, 0.05525, 0.00775, 0.00118, 0.00019]   (0.1s)
    M160_n200: |λ| = [0.49425, 0.05525, 0.00775, 0.00118, 0.00019]   (0.1s)
     M30_n400: |λ| = [0.49683, 0.05557, 0.00780, 0.00119, 0.00019]   (0.0s)
     M60_n400: |λ| = [0.49683, 0.05557, 0.00780, 0.00119, 0.00019]   (0.1s)
     M90_n400: |λ| = [0.49683, 0.05557, 0.00780, 0.00119, 0.00019]   (0.1s)
    M120_n400: |λ| = [0.49683, 0.05557, 0.00780, 0.00119, 0.00019]   (0.1s)
    M160_n400: |λ| = [0.49683, 0.05557, 0.00780, 0.00119, 0.00019]   (0.2s)
     M30_n800: |λ| = [0.49822, 0.05574, 0.00782, 0.00120, 0.00019]   (0.1s)
     M60_n800: |λ| = [0.49822, 0.05574, 0.00782, 0.00120, 0.00019]   (0.1s)
     M90_n800: |λ| = [0.49822, 0.05574, 0.00782, 0.00120, 0.00019]   (0.2s)
    M120_n800: |λ| = [0.49822, 0.05574, 0.00782, 0.00120, 0.00019]   (0.3s)
    M160_n800: |λ| = [0.49822, 0.05574, 0.00782, 0.00120, 0.00019]   (0.3s)

=== Stability across (M_grid, n_max) ===
  unweighted |λ_0|: mean = 0.993295, std = 0.004767, CV = 0.0048
  unweighted |λ_1|: mean = 0.300960, std = 0.001904, CV = 0.0063
  unweighted |λ_2|: mean = 0.099984, std = 0.000629, CV = 0.0063
  unweighted |λ_3|: mean = 0.035182, std = 0.000218, CV = 0.0062
  unweighted |λ_4|: mean = 0.015986, std = 0.004980, CV = 0.3115
  chi_P |λ_0|: mean = 0.359110, std = 0.000774, CV = 0.0022
  chi_P |λ_1|: mean = 0.050926, std = 0.000158, CV = 0.0031
  chi_P |λ_2|: mean = 0.007906, std = 0.000028, CV = 0.0036
  chi_P |λ_3|: mean = 0.001278, std = 0.000005, CV = 0.0039
  chi_P |λ_4|: mean = 0.000211, std = 0.000001, CV = 0.0040
  lambda |λ_0|: mean = 0.090313, std = 0.000289, CV = 0.0032
  lambda |λ_1|: mean = 0.072586, std = 0.001057, CV = 0.0146
  lambda |λ_2|: mean = 0.072586, std = 0.001057, CV = 0.0146
  lambda |λ_3|: mean = 0.025141, std = 0.000229, CV = 0.0091
  lambda |λ_4|: mean = 0.014424, std = 0.005896, CV = 0.4088
  Lambda |λ_0|: mean = 0.494312, std = 0.003944, CV = 0.0080
  Lambda |λ_1|: mean = 0.055260, std = 0.000483, CV = 0.0087
  Lambda |λ_2|: mean = 0.007754, std = 0.000067, CV = 0.0087
  Lambda |λ_3|: mean = 0.001185, std = 0.000010, CV = 0.0085
  Lambda |λ_4|: mean = 0.000188, std = 0.000002, CV = 0.0083

=== Refinement convergence (M=120,n=400 → M=160,n=800) ===
  unweighted λ_0: coarse 0.9964042 → fine 0.9981994 (rel diff 1.7984e-03)
  unweighted λ_1: coarse 0.3021995 → fine 0.3029282 (rel diff 2.4055e-03)
  unweighted λ_2: coarse 0.1003928 → fine 0.1006370 (rel diff 2.4267e-03)
  unweighted λ_3: coarse 0.0353232 → fine 0.0354089 (rel diff 2.4204e-03)
  unweighted λ_4: coarse 0.0127811 → fine 0.0128121 (rel diff 2.4174e-03)
  chi_P λ_0: coarse 0.3596100 → fine 0.3598468 (rel diff 6.5805e-04)
  chi_P λ_1: coarse 0.0510277 → fine 0.0510774 (rel diff 9.7340e-04)
  chi_P λ_2: coarse 0.0079243 → fine 0.0079335 (rel diff 1.1489e-03)
  chi_P λ_3: coarse 0.0012814 → fine 0.0012830 (rel diff 1.2686e-03)
  chi_P λ_4: coarse 0.0002112 → fine 0.0002115 (rel diff 1.3575e-03)
  lambda λ_0: coarse 0.0902353 → fine 0.0901644 (rel diff 7.8589e-04)
  lambda λ_1: coarse 0.0728566 → fine 0.0731293 (rel diff 3.7293e-03)
  lambda λ_2: coarse 0.0728566 → fine 0.0731293 (rel diff 3.7293e-03)
  lambda λ_3: coarse 0.0250124 → fine 0.0249987 (rel diff 5.4694e-04)
  lambda λ_4: coarse 0.0101899 → fine 0.0084163 (rel diff 2.1073e-01)
  Lambda λ_0: coarse 0.4968265 → fine 0.4982250 (rel diff 2.8069e-03)
  Lambda λ_1: coarse 0.0555671 → fine 0.0557423 (rel diff 3.1414e-03)
  Lambda λ_2: coarse 0.0077968 → fine 0.0078217 (rel diff 3.1846e-03)
  Lambda λ_3: coarse 0.0011917 → fine 0.0011955 (rel diff 3.1808e-03)
  Lambda λ_4: coarse 0.0001895 → fine 0.0001901 (rel diff 3.1659e-03)

[saved] /apps/aplikacijos/prime-research/experiments/dynamical/pollicott_ruelle_chi_p/refinement_scan.json
